#
# There is insufficient memory for the Java Runtime Environment to continue.
# Native memory allocation (malloc) failed to allocate 272272 bytes. Error detail: Chunk::new
# Possible reasons:
#   The system is out of physical RAM or swap space
#   This process is running with CompressedOops enabled, and the Java Heap may be blocking the growth of the native heap
# Possible solutions:
#   Reduce memory load on the system
#   Increase physical memory or swap space
#   Check if swap backing store is full
#   Decrease Java heap size (-Xmx/-Xms)
#   Decrease number of Java threads
#   Decrease Java thread stack sizes (-Xss)
#   Set larger code cache with -XX:ReservedCodeCacheSize=
#   JVM is running with Unscaled Compressed Oops mode in which the Java heap is
#     placed in the first 4GB address space. The Java Heap base address is the
#     maximum limit for the native heap growth. Please use -XX:HeapBaseMinAddress
#     to set the Java Heap base and to place the Java Heap above 4GB virtual address.
# This output file may be truncated or incomplete.
#
#  Out of Memory Error (arena.cpp:191), pid=205124, tid=204848
#
# JRE version: OpenJDK Runtime Environment Temurin-17.0.14+7 (17.0.14+7) (build 17.0.14+7)
# Java VM: OpenJDK 64-Bit Server VM Temurin-17.0.14+7 (17.0.14+7, mixed mode, tiered, compressed oops, compressed class ptrs, g1 gc, windows-amd64)
# Core dump will be written. Default location: E:\Death_Claim_Automation\hs_err_pid205124.mdmp
#

---------------  S U M M A R Y ------------

Command Line: -Dgroovy.home=C:\Users\qk user2/.groovy -Djava.system.class.loader=groovy.lang.GroovyClassLoader -Xmx2048m -Dfile.encoding=UTF-8 -Dstdout.encoding=UTF-8 -Dstderr.encoding=UTF-8 -XX:+ShowCodeDetailsInExceptionMessages org.codehaus.groovy.tools.GroovyStarter --classpath E:\Death_Claim_Automation\bin\keyword;E:\Death_Claim_Automation\Keywords;E:\Death_Claim_Automation\bin\listener;E:\Death_Claim_Automation\Test Listeners;E:\Death_Claim_Automation\bin\lib;E:\Death_Claim_Automation\Libs;E:\Death_Claim_Automation\bin\groovy;E:\Death_Claim_Automation\Include\scripts\groovy;C:\Users\qk user2\.katalon\packages\KSE-10.4.2\plugins\com.kms.katalon.core_1.0.0.202511190132.jar;C:\Users\qk user2\.katalon\packages\KSE-10.4.2\configuration\resources\lib\aalto-xml-1.0.0.jar;C:\Users\qk user2\.katalon\packages\KSE-10.4.2\configuration\resources\lib\aws-2.20.3-fat.jar;C:\Users\qk user2\.katalon\packages\KSE-10.4.2\configuration\resources\lib\browsermob-core-2.1.5.jar;C:\Users\qk user2\.katalon\packages\KSE-10.4.2\configuration\resources\lib\byte-buddy-1.14.3.jar;C:\Users\qk user2\.katalon\packages\KSE-10.4.2\configuration\resources\lib\byte-buddy-agent-1.14.3.jar;C:\Users\qk user2\.katalon\packages\KSE-10.4.2\configuration\resources\lib\commons-codec-1.10.jar;C:\Users\qk user2\.katalon\packages\KSE-10.4.2\configuration\resources\lib\commons-collections4-4.1.jar;C:\Users\qk user2\.katalon\packages\KSE-10.4.2\configuration\resources\lib\commons-javaflow-20060411.jar;C:\Users\qk user2\.katalon\packages\KSE-10.4.2\configuration\resources\lib\commons-logging-1.3.4.jar;C:\Users\qk user2\.katalon\packages\KSE-10.4.2\configuration\resources\lib\curvesapi-1.04.jar;C:\Users\qk user2\.katalon\packages\KSE-10.4.2\configuration\resources\lib\dnsjava-3.6.2.jar;C:\Users\qk user2\.katalon\packages\KSE-10.4.2\configuration\resources\lib\ecj-3.21.0.jar;C:\Users\qk user2\.katalon\packages\KSE-10.4.2\configuration\resources\lib\fontbox-3.0.4.jar;C:\Users\qk user2\.katalon\packages\KSE-10.4.2\configuration\resources\lib\groovy-3.0.17.jar;C:\Users\qk user2\.katalon\packages\KSE-10.4.2\configuration\resources\lib\jackson-coreutils-2.0.jar;C:\Users\qk user2\.katalon\packages\KSE-10.4.2\configuration\resources\lib\jackson-coreutils-equivalence-1.0.jar;C:\Users\qk user2\.katalon\packages\KSE-10.4.2\configuration\resources\lib\jasperreports-6.20.5.jar;C:\Users\qk user2\.katalon\packages\KSE-10.4.2\configuration\resources\lib\jasperreports-fonts-6.20.5.jar;C:\Users\qk user2\.katalon\packages\KSE-10.4.2\configuration\resources\lib\javax.servlet-api_3.1.0.jar;C:\Users\qk user2\.katalon\packages\KSE-10.4.2\configuration\resources\lib\jna-5.12.1.jar;C:\Users\qk user2\.katalon\packages\KSE-10.4.2\configuration\resources\lib\jna-platform-5.12.1.jar;C:\Users\qk user2\.katalon\packages\KSE-10.4.2\configuration\resources\lib\json-schema-core-1.2.14.jar;C:\Users\qk user2\.katalon\packages\KSE-10.4.2\configuration\resources\lib\json-schema-validator-2.2.14.jar;C:\Users\qk user2\.katalon\packages\KSE-10.4.2\configuration\resources\lib\jzlib-1.1.3.jar;C:\Users\qk user2\.katalon\packages\KSE-10.4.2\configuration\resources\lib\kat-server.jar;C:\Users\qk user2\.katalon\packages\KSE-10.4.2\configuration\resources\lib\littleproxy-1.1.0-beta-bmp-17.jar;C:\Users\qk user2\.katalon\packages\KSE-10.4.2\configuration\resources\lib\log4j-1.2-api-2.17.1.jar;C:\Users\qk user2\.katalon\packages\KSE-10.4.2\configuration\resources\lib\log4j-api-2.17.1.jar;C:\Users\qk user2\.katalon\packages\KSE-10.4.2\configuration\resources\lib\log4j-core-2.17.1.jar;C:\Users\qk user2\.katalon\packages\KSE-10.4.2\configuration\resources\lib\mitm-2.1.5.jar;C:\Users\qk user2\.katalon\packages\KSE-10.4.2\configuration\resources\lib\mockito-core-5.2.0.jar;C:\Users\qk user2\.katalon\packages\KSE-10.4.2\configuration\resources\lib\mockito-inline-5.2.0.jar;C:\Users\qk user2\.katalon\packages\KSE-10.4.2\configuration\resources\lib\objenesis-3.3.jar;C:\Users\qk user2\.katalon\packages\KSE-10.4.2\configuration\resources\lib\openpdf-1.3.30.jaspersoft.2.jar;C:\Users\qk user2\.katalon\packages\KSE-10.4.2\configuration\resources\lib\pdfbox-3.0.4.jar;C:\Users\qk user2\.katalon\packages\KSE-10.4.2\configuration\resources\lib\pdfbox-io-3.0.4.jar;C:\Users\qk user2\.katalon\packages\KSE-10.4.2\configuration\resources\lib\poi-3.17.jar;C:\Users\qk user2\.katalon\packages\KSE-10.4.2\configuration\resources\lib\poi-ooxml-3.17.jar;C:\Users\qk user2\.katalon\packages\KSE-10.4.2\configuration\resources\lib\poi-ooxml-schemas-3.17.jar;C:\Users\qk user2\.katalon\packages\KSE-10.4.2\configuration\resources\lib\repackaged-sikuli-api-1.0.2-standalone.jar;C:\Users\qk user2\.katalon\packages\KSE-10.4.2\configuration\resources\lib\selenium-shutterbug-1.1.jar;C:\Users\qk user2\.katalon\packages\KSE-10.4.2\configuration\resources\lib\soap-builder-1.0.0.jar;C:\Users\qk user2\.katalon\packages\KSE-10.4.2\configuration\resources\lib\soap-common-1.0.0.jar;C:\Users\qk user2\.katalon\packages\KSE-10.4.2\configuration\resources\lib\soap-legacy-1.0.0.jar;C:\Users\qk user2\.katalon\packages\KSE-10.4.2\configuration\resources\lib\stax2-api-4.0.0.jar;C:\Users\qk user2\.katalon\packages\KSE-10.4.2\configuration\resources\lib\su.jar;C:\Users\qk user2\.katalon\packages\KSE-10.4.2\configuration\resources\lib\swagger-parser-1.0.67-fat.jar;C:\Users\qk user2\.katalon\packages\KSE-10.4.2\configuration\resources\lib\uri-template-0.1.jar;C:\Users\qk user2\.katalon\packages\KSE-10.4.2\configuration\resources\lib\wadl.jar;C:\Users\qk user2\.katalon\packages\KSE-10.4.2\configuration\resources\lib\xmlbeans-3.1.0.jar;C:\Users\qk user2\.katalon\packages\KSE-10.4.2\plugins\net.sf.supercsv.super-csv_2.4.0.jar;C:\Users\qk user2\.katalon\packages\KSE-10.4.2\plugins\org.apache.commons.commons-io_2.17.0.jar;C:\Users\qk user2\.katalon\packages\KSE-10.4.2\plugins\org.apache.commons.lang_2.6.0.jar;C:\Users\qk user2\.katalon\packages\KSE-10.4.2\plugins\com.google.gson_2.11.0.jar;C:\Users\qk user2\.katalon\packages\KSE-10.4.2\plugins\org.jsoup_1.21.1.jar;C:\Users\qk user2\.katalon\packages\KSE-10.4.2\plugins\org.apache.commons.dbutils_1.6.0.jar;C:\Users\qk user2\.katalon\packages\KSE-10.4.2\plugins\com.oracle.database.jdbc.ojdbc11_21.18.0.0.jar;C:\Users\qk user2\.katalon\packages\KSE-10.4.2\plugins\org.postgresql.jdbc_42.7.7.jar;c:\Users\qk user2\.katalon\packages\KSE-10.4.2\plugins\org.eclipse.osgi_3.22.0.v20241030-2121.jar;C:\Users\qk user2\.katalon\packages\KSE-10.4.2\plugins\com.kms.katalon.constant_1.0.0.202511190132.jar;C:\Users\qk user2\.katalon\packages\KSE-10.4.2\plugins\org.eclipse.persistence.eclipselink_2.7.11.jar;C:\Users\qk user2\.katalon\packages\KSE-10.4.2\plugins\com.kms.katalon.selenium-standalone_1.0.0.202511190132.jar;C:\Users\qk user2\.katalon\packages\KSE-10.4.2\plugins\atu.testrecorder.screen-recorder_2.1.0.jar;C:\Users\qk user2\.katalon\packages\KSE-10.4.2\plugins\com.google.guava_33.4.8.jre.jar;C:\Users\qk user2\.katalon\packages\KSE-10.4.2\plugins\com.kms.katalon.util_1.0.0.202511190132.jar;C:\Users\qk user2\.katalon\packages\KSE-10.4.2\plugins\org.apache.httpcomponents.httpclient_4.5.14.jar;C:\Users\qk user2\.katalon\packages\KSE-10.4.2\plugins\org.apache.httpcomponents.httpcore_4.4.16.jar;C:\Users\qk user2\.katalon\packages\KSE-10.4.2\plugins\org.apache.httpcomponents.httpmime_4.5.13.jar;C:\Users\qk user2\.katalon\packages\KSE-10.4.2\plugins\org.apache.commons.lang3_3.18.0.jar;C:\Users\qk user2\.katalon\packages\KSE-10.4.2\plugins\org.greenrobot.eventbus_3.1.1.jar;C:\Users\qk user2\.katalon\packages\KSE-10.4.2\plugins\net.bytebuddy.byte-buddy_1.17.6.jar;C:\Users\qk user2\.katalon\packages\KSE-10.4.2\plugins\org.junit_4.13.2.v20230809-1000.jar;C:\Users\qk user2\.katalon\packages\KSE-10.4.2\plugins\com.fasterxml.jackson.core.jackson-databind_2.18.4.jar;C:\Users\qk user2\.katalon\packages\KSE-10.4.2\plugins\com.fasterxml.jackson.core.jackson-core_2.18.4.jar;C:\Users\qk user2\.katalon\packages\KSE-10.4.2\plugins\com.fasterxml.jackson.core.jackson-annotations_2.18.4.jar;C:\Users\qk user2\.katalon\packages\KSE-10.4.2\plugins\slf4j.api_2.0.17.jar;C:\Users\qk user2\.katalon\packages\KSE-10.4.2\plugins\org.fusesource.jansi_1.17.1.jar;C:\Users\qk user2\.katalon\packages\KSE-10.4.2\plugins\com.kms.katalon.netlightbody_1.0.0.202511190132.jar;C:\Users\qk user2\.katalon\packages\KSE-10.4.2\plugins\com.kms.katalon.poi_1.0.0.202511190132.jar;C:\Users\qk user2\.katalon\packages\KSE-10.4.2\plugins\org.apache.commons.commons-text_1.10.0.jar;C:\Users\qk user2\.katalon\packages\KSE-10.4.2\plugins\com.microsoft.sqlserver.mssql-jdbc_12.6.5.jar;C:\Users\qk user2\.katalon\packages\KSE-10.4.2\plugins\com.github.kklisura.cdt.java-client_2.1.0.jar;C:\Users\qk user2\.katalon\packages\KSE-10.4.2\plugins\javax.websocket-api_1.1.0.jar;C:\Users\qk user2\.katalon\packages\KSE-10.4.2\plugins\org.glassfish.tyrus.container-grizzly-client_1.13.1.jar;C:\Users\qk user2\.katalon\packages\KSE-10.4.2\plugins\org.glassfish.grizzly.http-server_2.3.25.jar;C:\Users\qk user2\.katalon\packages\KSE-10.4.2\plugins\org.glassfish.grizzly.framework_2.3.25.jar;C:\Users\qk user2\.katalon\packages\KSE-10.4.2\plugins\org.glassfish.grizzly.http_2.3.25.jar;C:\Users\qk user2\.katalon\packages\KSE-10.4.2\plugins\org.glassfish.tyrus.client_1.13.1.jar;C:\Users\qk user2\.katalon\packages\KSE-10.4.2\plugins\org.glassfish.tyrus.core_1.13.1.jar;C:\Users\qk user2\.katalon\packages\KSE-10.4.2\plugins\org.glassfish.tyrus.spi_1.13.1.jar;C:\Users\qk user2\.katalon\packages\KSE-10.4.2\plugins\javassist_3.28.0.GA.jar;C:\Users\qk user2\.katalon\packages\KSE-10.4.2\plugins\graphql-java_22.3.0.jar;C:\Users\qk user2\.katalon\packages\KSE-10.4.2\plugins\org.glassfish.jaxb.runtime_2.3.6.jar;C:\Users\qk user2\.katalon\packages\KSE-10.4.2\plugins\org.glassfish.jaxb.txw2_2.3.6.jar;C:\Users\qk user2\.katalon\packages\KSE-10.4.2\plugins\org.dom4j_2.1.4.jar;C:\Users\qk user2\.katalon\packages\KSE-10.4.2\plugins\com.kms.katalon.groovy-extended_1.0.0.202511190132.jar;C:\Users\qk user2\.katalon\packages\KSE-10.4.2\plugins\com.sun.activation.javax.activation_1.2.0.jar;C:\Users\qk user2\.katalon\packages\KSE-10.4.2\plugins\jakarta.xml.bind-api_4.0.2.jar;C:\Users\qk user2\.katalon\packages\KSE-10.4.2\plugins\org.eclipse.jface_3.35.100.v20241003-1431.jar;C:\Users\qk user2\.katalon\packages\KSE-10.4.2\plugins\com.kms.katalon.logging_1.0.0.202511190132.jar;C:\Users\qk user2\.katalon\packages\KSE-10.4.2\plugins\json_20240303.0.0.jar;C:\Users\qk user2\.katalon\packages\KSE-10.4.2\plugins\assertj-core_3.25.3.jar;C:\Users\qk user2\.katalon\packages\KSE-10.4.2\plugins\com.networknt.json-schema-validator_1.5.7.jar;C:\Users\qk user2\.katalon\packages\KSE-10.4.2\plugins\com.kms.katalon.network.apache_1.0.0.202511190132.jar;C:\Users\qk user2\.katalon\packages\KSE-10.4.2\plugins\com.kms.katalon.network.core_1.0.0.202511190132.jar;C:\Users\qk user2\.katalon\packages\KSE-10.4.2\plugins\java-dataloader_3.3.0.jar;C:\Users\qk user2\.katalon\packages\KSE-10.4.2\plugins\org.apache.commons.collections_3.2.2.v201511171945.jar;C:\Users\qk user2\.katalon\packages\KSE-10.4.2\plugins\org.apache.commons.commons-collections4_4.4.0.jar;C:\Users\qk user2\.katalon\packages\KSE-10.4.2\plugins\org.apache.commons.digester_2.1.0.jar;C:\Users\qk user2\.katalon\packages\KSE-10.4.2\plugins\stax2-api_4.2.2.jar;C:\Users\qk user2\.katalon\packages\KSE-10.4.2\plugins\com.fasterxml.woodstox.woodstox-core_6.6.2.jar;C:\Users\qk user2\.katalon\packages\KSE-10.4.2\plugins\org.apache.commons.logging_1.2.0.v20180409-1502.jar;C:\Users\qk user2\.katalon\packages\KSE-10.4.2\plugins\org.apache.commons.commons-beanutils_1.11.0.jar;C:\Users\qk user2\.katalon\packages\KSE-10.4.2\plugins\com.kms.katalon.report.core_1.0.0.202511190132.jar;C:\Users\qk user2\.katalon\packages\KSE-10.4.2\plugins\org.seleniumhq.selenium.selenium-api_4.34.0.jar;C:\Users\qk user2\.katalon\packages\KSE-10.4.2\plugins\org.seleniumhq.selenium.selenium-remote-driver_4.34.0.jar;C:\Users\qk user2\.katalon\packages\KSE-10.4.2\plugins\org.seleniumhq.selenium.selenium-http_4.34.0.jar;C:\Users\qk user2\.katalon\packages\KSE-10.4.2\plugins\ch.qos.logback.classic_1.5.19.jar;C:\Users\qk user2\.katalon\packages\KSE-10.4.2\plugins\ch.qos.logback.core_1.5.19.jar;C:\Users\qk user2\.katalon\packages\KSE-10.4.2\plugins\log4j.over.slf4j_1.7.36.jar;C:\Users\qk user2\.katalon\packages\KSE-10.4.2\plugins\org.eclipse.e4.core.contexts_1.13.0.v20241014-2013.jar;C:\Users\qk user2\.katalon\packages\KSE-10.4.2\plugins\com.github.oshi.oshi-core_6.9.1.jar;C:\Users\qk user2\.katalon\packages\KSE-10.4.2\plugins\com.sun.jna_5.18.1.jar;C:\Users\qk user2\.katalon\packages\KSE-10.4.2\plugins\com.sun.jna.platform_5.18.1.jar;C:\Users\qk user2\.katalon\packages\KSE-10.4.2\plugins\org.bidib.com.github.markusbernhardt.proxy-vole_1.1.7.jar;C:\Users\qk user2\.katalon\packages\KSE-10.4.2\plugins\org.hamcrest.core_1.3.0.jar;C:\Users\qk user2\.katalon\packages\KSE-10.4.2\plugins\org.beanshell.bsh_2.0.0.0b4.jar;C:\Users\qk user2\.katalon\packages\KSE-10.4.2\plugins\org.apache.ant.launcher_1.9.6.jar;C:\Users\qk user2\.katalon\packages\KSE-10.4.2\plugins\org.seleniumhq.selenium.selenium-chrome-driver_4.34.0.jar;C:\Users\qk user2\.katalon\packages\KSE-10.4.2\plugins\org.seleniumhq.selenium.selenium-chromium-driver_4.34.0.jar;C:\Users\qk user2\.katalon\packages\KSE-10.4.2\plugins\org.seleniumhq.selenium.selenium-edge-driver_4.34.0.jar;C:\Users\qk user2\.katalon\packages\KSE-10.4.2\plugins\org.seleniumhq.selenium.selenium-firefox-driver_4.34.0.jar;C:\Users\qk user2\.katalon\packages\KSE-10.4.2\plugins\org.seleniumhq.selenium.selenium-safari-driver_4.34.0.jar;C:\Users\qk user2\.katalon\packages\KSE-10.4.2\plugins\org.seleniumhq.selenium.selenium-ie-driver_4.34.0.jar;C:\Users\qk user2\.katalon\packages\KSE-10.4.2\plugins\org.seleniumhq.selenium.selenium-manager_4.34.0.jar;C:\Users\qk user2\.katalon\packages\KSE-10.4.2\plugins\org.seleniumhq.selenium.selenium-json_4.34.0.jar;C:\Users\qk user2\.katalon\packages\KSE-10.4.2\plugins\com.kms.katalon.core.appium_1.0.0.202511190132.jar;C:\Users\qk user2\.katalon\packages\KSE-10.4.2\plugins\org.seleniumhq.selenium.selenium-os_4.34.0.jar;C:\Users\qk user2\.katalon\packages\KSE-10.4.2\plugins\io.appium.java-client_9.5.0.jar;C:\Users\qk user2\.katalon\packages\KSE-10.4.2\plugins\org.eclipse.e4.core.services_2.5.0.v20241015-2219.jar;C:\Users\qk user2\.katalon\packages\KSE-10.4.2\plugins\org.eclipse.osgi.services_3.12.100.v20240327-0645.jar;C:\Users\qk user2\.katalon\packages\KSE-10.4.2\plugins\org.eclipse.equinox.common_3.19.200.v20241004-0654.jar;C:\Users\qk user2\.katalon\packages\KSE-10.4.2\plugins\com.kms.katalon.platform.core_1.0.0.202511190132.jar;C:\Users\qk user2\.katalon\packages\KSE-10.4.2\plugins\com.kms.katalon.common_1.0.0.202511190132.jar;C:\Users\qk user2\.katalon\packages\KSE-10.4.2\plugins\com.kms.katalon.session.core_1.0.0.202511190132.jar;C:\Users\qk user2\.katalon\packages\KSE-10.4.2\plugins\org.eclipse.e4.core.di_1.9.500.v20240606-1236.jar;C:\Users\qk user2\.katalon\packages\KSE-10.4.2\plugins\com.kms.katalon.execution.core_1.0.0.202511190132.jar;C:\Users\qk user2\.katalon\packages\KSE-10.4.2\plugins\org.eclipse.equinox.registry_3.12.200.v20241004-0654.jar;C:\Users\qk user2\.katalon\packages\KSE-10.4.2\plugins\oauth2-oidc-sdk_11.29.1.jar;C:\Users\qk user2\.katalon\packages\KSE-10.4.2\plugins\dev.failsafe_3.3.2.jar;C:\Users\qk user2\.katalon\packages\KSE-10.4.2\plugins\com.fasterxml.jackson.datatype.jackson-datatype-jsr310_2.17.2.jar;C:\Users\qk user2\.katalon\packages\KSE-10.4.2\plugins\org.eclipse.e4.core.di.annotations_1.8.400.v20240413-1529.jar;C:\Users\qk user2\.katalon\packages\KSE-10.4.2\plugins\net.minidev.json-smart_2.5.2.jar;C:\Users\qk user2\.katalon\packages\KSE-10.4.2\plugins\com.kms.katalon.core.webui_1.0.0.202511190132.jar;C:\Users\qk user2\.katalon\packages\KSE-10.4.2\plugins\org.seleniumhq.selenium.selenium-support_4.34.0.jar;C:\Users\qk user2\.katalon\packages\KSE-10.4.2\plugins\org.seleniumhq.selenium.selenium-devtools-v138_4.34.0.jar;C:\Users\qk user2\.katalon\packages\KSE-10.4.2\plugins\com.kms.katalon.core.mobile_1.0.0.202511190132.jar;C:\Users\qk user2\.katalon\packages\KSE-10.4.2\plugins\org.apache.commons.commons-validator_1.7.0.jar;C:\Users\qk user2\.katalon\packages\KSE-10.4.2\plugins\org.xmlunit.xmlunit-core_2.10.3.jar;C:\Users\qk user2\.katalon\packages\KSE-10.4.2\plugins\com.kms.katalon.core.cucumber_1.0.0.202511190132.jar;C:\Users\qk user2\.katalon\packages\KSE-10.4.2\plugins\io.cucumber.core_3.0.3.jar;C:\Users\qk user2\.katalon\packages\KSE-10.4.2\plugins\io.cucumber.datatable_1.1.16.jar;C:\Users\qk user2\.katalon\packages\KSE-10.4.2\plugins\io.cucumber.datatable-dependencies_1.1.16.jar;C:\Users\qk user2\.katalon\packages\KSE-10.4.2\plugins\io.cucumber.expressions_5.0.19.jar;C:\Users\qk user2\.katalon\packages\KSE-10.4.2\plugins\io.cucumber.gherkin_5.0.0.jar;C:\Users\qk user2\.katalon\packages\KSE-10.4.2\plugins\io.cucumber.html_0.2.7.jar;C:\Users\qk user2\.katalon\packages\KSE-10.4.2\plugins\io.cucumber.java_3.0.3.jar;C:\Users\qk user2\.katalon\packages\KSE-10.4.2\plugins\io.cucumber.tag-expressions_1.1.1.jar;C:\Users\qk user2\.katalon\packages\KSE-10.4.2\plugins\io.cucumber.junit_3.0.3.jar;C:\Users\qk user2\.katalon\packages\KSE-10.4.2\plugins\com.kms.katalon.core.webservice_1.0.0.202511190132.jar;C:\Users\qk user2\.katalon\packages\KSE-10.4.2\plugins\wsdl4j_1.6.2.jar;C:\Users\qk user2\.katalon\packages\KSE-10.4.2\plugins\com.google.oauth-client.google-oauth-client_1.22.0.jar;C:\Users\qk user2\.katalon\packages\KSE-10.4.2\plugins\com.google.http-client.google-http-client_1.22.0.jar;C:\Users\qk user2\.katalon\packages\KSE-10.4.2\plugins\com.kms.katalon.preferences_1.0.0.202511190132.jar;C:\Users\qk user2\.katalon\packages\KSE-10.4.2\plugins\org.apache.xmlbeans_3.1.0.jar;C:\Users\qk user2\.katalon\packages\KSE-10.4.2\plugins\com.kms.katalon.entity_1.0.0.202511190132.jar;C:\Users\qk user2\.katalon\packages\KSE-10.4.2\plugins\jakarta.xml.ws-api_2.3.3.jar;C:\Users\qk user2\.katalon\packages\KSE-10.4.2\plugins\javax.xml.soap-api_1.4.0.jar;C:\Users\qk user2\.katalon\packages\KSE-10.4.2\plugins\com.atlassian.oai.swagger-request-validator-core_2.38.0.jar;C:\Users\qk user2\.katalon\packages\KSE-10.4.2\plugins\io.swagger.compat-spec-parser_1.0.67.jar;C:\Users\qk user2\.katalon\packages\KSE-10.4.2\plugins\io.swagger.core.v3.swagger-annotations_2.2.14.jar;C:\Users\qk user2\.katalon\packages\KSE-10.4.2\plugins\io.swagger.core.v3.swagger-core_2.2.14.jar;C:\Users\qk user2\.katalon\packages\KSE-10.4.2\plugins\io.swagger.core.v3.swagger-models_2.2.14.jar;C:\Users\qk user2\.katalon\packages\KSE-10.4.2\plugins\io.swagger.parser.v3.swagger-parser-core_2.1.16.jar;C:\Users\qk user2\.katalon\packages\KSE-10.4.2\plugins\io.swagger.parser.v3.swagger-parser-v2-converter_2.1.16.jar;C:\Users\qk user2\.katalon\packages\KSE-10.4.2\plugins\com.github.java-json-tools.btf_1.3.0.jar;C:\Users\qk user2\.katalon\packages\KSE-10.4.2\plugins\com.fasterxml.jackson.dataformat.jackson-dataformat-yaml_2.18.3.jar;C:\Users\qk user2\.katalon\packages\KSE-10.4.2\plugins\org.yaml.snakeyaml_2.3.0.jar;C:\Users\qk user2\.katalon\packages\KSE-10.4.2\plugins\com.github.java-json-tools.msg-simple_1.2.0.jar;C:\Users\qk user2\.katalon\packages\KSE-10.4.2\plugins\jackson-core-asl_1.9.13.jar;C:\Users\qk user2\.katalon\packages\KSE-10.4.2\plugins\joda-time_2.10.5.jar;C:\Users\qk user2\.katalon\packages\KSE-10.4.2\plugins\javax.mail-api_1.6.2.jar;C:\Users\qk user2\.katalon\packages\KSE-10.4.2\plugins\com.googlecode.libphonenumber_8.11.1.jar;C:\Users\qk user2\.katalon\packages\KSE-10.4.2\plugins\com.google.guava.failureaccess_1.0.3.jar;C:\Users\qk user2\.katalon\packages\KSE-10.4.2\plugins\io.swagger.parser.v3.swagger-parser_2.1.16.jar;C:\Users\qk user2\.katalon\packages\KSE-10.4.2\plugins\io.swagger.parser.v3.swagger-parser-v3_2.1.16.jar;C:\Users\qk user2\.katalon\packages\KSE-10.4.2\plugins\io.swagger.parser_1.0.67.jar;C:\Users\qk user2\.katalon\packages\KSE-10.4.2\plugins\com.narupley.not-going-to-be-commons-ssl_0.3.20.jar;C:\Users\qk user2\.katalon\packages\KSE-10.4.2\plugins\com.kms.katalon.core.windows_1.0.0.202511190132.jar;C:\Users\qk user2\.katalon\packages\KSE-10.4.2\plugins\net.lingala.zip4j_2.11.5.jar;C:\Users\qk user2\.katalon\packages\KSE-10.4.2\plugins\com.kms.katalon.core.testng_1.0.0.202511190132.jar;C:\Users\qk user2\.katalon\packages\KSE-10.4.2\plugins\org.testng_7.8.0.jar;C:\Users\qk user2\.katalon\packages\KSE-10.4.2\plugins\com.beust.jcommander_1.82.0.jar;C:\Users\qk user2\.katalon\packages\KSE-10.4.2\plugins\org.codehaus.groovy_3.0.23.v202501010125-e2412\lib\groovy-3.0.23-indy.jar;C:\Users\qk user2\.katalon\packages\KSE-10.4.2\plugins\org.codehaus.groovy_3.0.23.v202501010125-e2412\lib\ivy-2.5.2.jar --main groovy.ui.GroovyMain --encoding UTF-8 --indy E:\Death_Claim_Automation\Libs\TempTestCaseBinding1777458652075.groovy

Host: Intel(R) Xeon(R) Gold 6132 CPU @ 2.60GHz, 4 cores, 15G,  Windows Server 2022 , 64 bit Build 20348 (10.0.20348.3692)
Time: Wed Apr 29 16:01:09 2026 India Standard Time elapsed time: 15.999711 seconds (0d 0h 0m 15s)

---------------  T H R E A D  ---------------

Current thread (0x0000013b751b5010):  JavaThread "C2 CompilerThread0" daemon [_thread_in_native, id=204848, stack(0x0000000ac8100000,0x0000000ac8200000)]


Current CompileTask:
C2:  15999 9086       4       sun.reflect.generics.parser.SignatureParser::parseClassTypeSignature (118 bytes)

Stack: [0x0000000ac8100000,0x0000000ac8200000]
Native frames: (J=compiled Java code, j=interpreted, Vv=VM code, C=native code)
V  [jvm.dll+0x682eb9]
V  [jvm.dll+0x8399c8]
V  [jvm.dll+0x83b473]
V  [jvm.dll+0x83bae3]
V  [jvm.dll+0x24715f]
V  [jvm.dll+0xace44]
V  [jvm.dll+0xad4dc]
V  [jvm.dll+0x11de04]
V  [jvm.dll+0x60f502]
V  [jvm.dll+0x613477]
V  [jvm.dll+0x217fce]
V  [jvm.dll+0x21758f]
V  [jvm.dll+0x1a3150]
V  [jvm.dll+0x22799c]
V  [jvm.dll+0x225afb]
V  [jvm.dll+0x7ef128]
V  [jvm.dll+0x7e948c]
V  [jvm.dll+0x681d97]
C  [ucrtbase.dll+0x26b4c]
C  [KERNEL32.DLL+0x14cb0]
C  [ntdll.dll+0x7edcb]


---------------  P R O C E S S  ---------------

Threads class SMR info:
_java_thread_list=0x0000013b7bc47fd0, length=29, elements={
0x0000013b5875e8e0, 0x0000013b751514e0, 0x0000013b75152500, 0x0000013b7518a320,
0x0000013b7518aa00, 0x0000013b7519e100, 0x0000013b751a5c80, 0x0000013b751b5010,
0x0000013b751b5620, 0x0000013b751b6040, 0x0000013b75452b60, 0x0000013b754553e0,
0x0000013b754558f0, 0x0000013b75452650, 0x0000013b75453580, 0x0000013b75453fa0,
0x0000013b754549c0, 0x0000013b7a0c7590, 0x0000013b7a0c7080, 0x0000013b7a0c0b40,
0x0000013b7a0c29a0, 0x0000013b7a0c1a70, 0x0000013b7a0c6b70, 0x0000013b7a0c4800,
0x0000013b7a0c4d10, 0x0000013b7a0c1050, 0x0000013b7a0c2490, 0x0000013b7a0c7aa0,
0x0000013b7b69c400
}

Java Threads: ( => current thread )
  0x0000013b5875e8e0 JavaThread "Forwarding clickElement on session 7893f757c39e2cc61629f51dde781bfe to remote" [_thread_blocked, id=120768, stack(0x0000000ac7400000,0x0000000ac7500000)]
  0x0000013b751514e0 JavaThread "Reference Handler" daemon [_thread_blocked, id=206276, stack(0x0000000ac7b00000,0x0000000ac7c00000)]
  0x0000013b75152500 JavaThread "Finalizer" daemon [_thread_blocked, id=199104, stack(0x0000000ac7c00000,0x0000000ac7d00000)]
  0x0000013b7518a320 JavaThread "Signal Dispatcher" daemon [_thread_blocked, id=186004, stack(0x0000000ac7d00000,0x0000000ac7e00000)]
  0x0000013b7518aa00 JavaThread "Attach Listener" daemon [_thread_blocked, id=199196, stack(0x0000000ac7e00000,0x0000000ac7f00000)]
  0x0000013b7519e100 JavaThread "Service Thread" daemon [_thread_blocked, id=205924, stack(0x0000000ac7f00000,0x0000000ac8000000)]
  0x0000013b751a5c80 JavaThread "Monitor Deflation Thread" daemon [_thread_blocked, id=208736, stack(0x0000000ac8000000,0x0000000ac8100000)]
=>0x0000013b751b5010 JavaThread "C2 CompilerThread0" daemon [_thread_in_native, id=204848, stack(0x0000000ac8100000,0x0000000ac8200000)]
  0x0000013b751b5620 JavaThread "C1 CompilerThread0" daemon [_thread_blocked, id=202280, stack(0x0000000ac8200000,0x0000000ac8300000)]
  0x0000013b751b6040 JavaThread "Sweeper thread" daemon [_thread_blocked, id=205468, stack(0x0000000ac8300000,0x0000000ac8400000)]
  0x0000013b75452b60 JavaThread "Common-Cleaner" daemon [_thread_blocked, id=209688, stack(0x0000000ac8400000,0x0000000ac8500000)]
  0x0000013b754553e0 JavaThread "Notification Thread" daemon [_thread_blocked, id=190856, stack(0x0000000ac8800000,0x0000000ac8900000)]
  0x0000013b754558f0 JavaThread "ForkJoinPool.commonPool-worker-1" daemon [_thread_blocked, id=193636, stack(0x0000000ac8c00000,0x0000000ac8d00000)]
  0x0000013b75452650 JavaThread "HttpClient-1-SelectorManager" daemon [_thread_in_native, id=203784, stack(0x0000000ac8d00000,0x0000000ac8e00000)]
  0x0000013b75453580 JavaThread "External Process Output Forwarder - C:\Users\qk user2\.cache\selenium\chromedriver\win64\147.0.7727.117\chromedriver.exe" daemon [_thread_in_native, id=169928, stack(0x0000000ac8e00000,0x0000000ac8f00000)]
  0x0000013b75453fa0 JavaThread "Driver Service Executor" daemon [_thread_blocked, id=209436, stack(0x0000000ac8f00000,0x0000000ac9000000)]
  0x0000013b754549c0 JavaThread "Driver Service Executor" daemon [_thread_in_native, id=198012, stack(0x0000000ac9000000,0x0000000ac9100000)]
  0x0000013b7a0c7590 JavaThread "UrlChecker-2" daemon [_thread_blocked, id=197916, stack(0x0000000ac9100000,0x0000000ac9200000)]
  0x0000013b7a0c7080 JavaThread "Keep-Alive-Timer" daemon [_thread_blocked, id=209496, stack(0x0000000ac8a00000,0x0000000ac8b00000)]
  0x0000013b7a0c0b40 JavaThread "JdkHttpClient-0-0" daemon [_thread_blocked, id=206628, stack(0x0000000ac9400000,0x0000000ac9500000)]
  0x0000013b7a0c29a0 JavaThread "CompletableFutureDelayScheduler" daemon [_thread_blocked, id=206152, stack(0x0000000ac9500000,0x0000000ac9600000)]
  0x0000013b7a0c1a70 JavaThread "JdkHttpClient-0-1" daemon [_thread_blocked, id=209664, stack(0x0000000ac9600000,0x0000000ac9700000)]
  0x0000013b7a0c6b70 JavaThread "JdkHttpClient-0-2" daemon [_thread_blocked, id=186316, stack(0x0000000ac9700000,0x0000000ac9800000)]
  0x0000013b7a0c4800 JavaThread "JdkHttpClient-0-3" daemon [_thread_blocked, id=203352, stack(0x0000000ac9800000,0x0000000ac9900000)]
  0x0000013b7a0c4d10 JavaThread "HttpClient-2-SelectorManager" daemon [_thread_in_native, id=206192, stack(0x0000000ac9300000,0x0000000ac9400000)]
  0x0000013b7a0c1050 JavaThread "JdkHttpClient-1-0" daemon [_thread_blocked, id=206228, stack(0x0000000ac9900000,0x0000000ac9a00000)]
  0x0000013b7a0c2490 JavaThread "JdkHttpClient-1-1" daemon [_thread_blocked, id=125032, stack(0x0000000ac9a00000,0x0000000ac9b00000)]
  0x0000013b7a0c7aa0 JavaThread "JdkHttpClient-1-2" daemon [_thread_blocked, id=208912, stack(0x0000000ac9b00000,0x0000000ac9c00000)]
  0x0000013b7b69c400 JavaThread "C2 CompilerThread1" daemon [_thread_blocked, id=202676, stack(0x0000000ac9c00000,0x0000000ac9d00000)]

Other Threads:
  0x0000013b70d3ea90 VMThread "VM Thread" [stack: 0x0000000ac7a00000,0x0000000ac7b00000] [id=209112]
  0x0000013b7a1713c0 WatcherThread [stack: 0x0000000ac8900000,0x0000000ac8a00000] [id=208500]
  0x0000013b5ba5e8d0 GCTaskThread "GC Thread#0" [stack: 0x0000000ac7500000,0x0000000ac7600000] [id=203640]
  0x0000013b75668da0 GCTaskThread "GC Thread#1" [stack: 0x0000000ac8500000,0x0000000ac8600000] [id=209768]
  0x0000013b75669060 GCTaskThread "GC Thread#2" [stack: 0x0000000ac8600000,0x0000000ac8700000] [id=208292]
  0x0000013b75669320 GCTaskThread "GC Thread#3" [stack: 0x0000000ac8700000,0x0000000ac8800000] [id=6716]
  0x0000013b70b80b50 ConcurrentGCThread "G1 Main Marker" [stack: 0x0000000ac7600000,0x0000000ac7700000] [id=205272]
  0x0000013b70b81ff0 ConcurrentGCThread "G1 Conc#0" [stack: 0x0000000ac7700000,0x0000000ac7800000] [id=206180]
  0x0000013b70c79a00 ConcurrentGCThread "G1 Refine#0" [stack: 0x0000000ac7800000,0x0000000ac7900000] [id=209652]
  0x0000013b70c7a7e0 ConcurrentGCThread "G1 Service" [stack: 0x0000000ac7900000,0x0000000ac7a00000] [id=207880]

Threads with active compile tasks:
C2 CompilerThread0    16075 9086       4       sun.reflect.generics.parser.SignatureParser::parseClassTypeSignature (118 bytes)

VM state: not at safepoint (normal execution)

VM Mutex/Monitor currently owned by a thread: None

Heap address: 0x0000000080000000, size: 2048 MB, Compressed Oops mode: 32-bit

CDS archive(s) not mapped
Compressed class space mapped at: 0x0000000100000000-0x0000000140000000, reserved size: 1073741824
Narrow klass base: 0x0000000000000000, Narrow klass shift: 3, Narrow klass range: 0x140000000

GC Precious Log:
 CPUs: 4 total, 4 available
 Memory: 16383M
 Large Page Support: Disabled
 NUMA Support: Disabled
 Compressed Oops: Enabled (32-bit)
 Heap Region Size: 1M
 Heap Min Capacity: 8M
 Heap Initial Capacity: 256M
 Heap Max Capacity: 2G
 Pre-touch: Disabled
 Parallel Workers: 4
 Concurrent Workers: 1
 Concurrent Refinement Workers: 4
 Periodic GC: Disabled

Heap:
 garbage-first heap   total 146432K, used 55119K [0x0000000080000000, 0x0000000100000000)
  region size 1024K, 15 young (15360K), 7 survivors (7168K)
 Metaspace       used 59724K, committed 60608K, reserved 1114112K
  class space    used 6677K, committed 7104K, reserved 1048576K

Heap Regions: E=young(eden), S=young(survivor), O=old, HS=humongous(starts), HC=humongous(continues), CS=collection set, F=free, OA=open archive, CA=closed archive, TAMS=top-at-mark-start (previous, next)
|   0|0x0000000080000000, 0x0000000080100000, 0x0000000080100000|100%|HS|  |TAMS 0x0000000080100000, 0x0000000080000000| Complete 
|   1|0x0000000080100000, 0x0000000080200000, 0x0000000080200000|100%|HS|  |TAMS 0x0000000080200000, 0x0000000080100000| Complete 
|   2|0x0000000080200000, 0x0000000080300000, 0x0000000080300000|100%| O|  |TAMS 0x0000000080300000, 0x0000000080200000| Untracked 
|   3|0x0000000080300000, 0x0000000080400000, 0x0000000080400000|100%| O|  |TAMS 0x0000000080400000, 0x0000000080300000| Untracked 
|   4|0x0000000080400000, 0x0000000080500000, 0x0000000080500000|100%| O|  |TAMS 0x0000000080500000, 0x0000000080400000| Untracked 
|   5|0x0000000080500000, 0x0000000080600000, 0x0000000080600000|100%| O|  |TAMS 0x0000000080600000, 0x0000000080500000| Untracked 
|   6|0x0000000080600000, 0x0000000080700000, 0x0000000080700000|100%| O|  |TAMS 0x0000000080700000, 0x0000000080600000| Untracked 
|   7|0x0000000080700000, 0x0000000080800000, 0x0000000080800000|100%| O|  |TAMS 0x0000000080800000, 0x0000000080700000| Untracked 
|   8|0x0000000080800000, 0x0000000080900000, 0x0000000080900000|100%| O|  |TAMS 0x0000000080900000, 0x0000000080800000| Untracked 
|   9|0x0000000080900000, 0x0000000080a00000, 0x0000000080a00000|100%| O|  |TAMS 0x0000000080a00000, 0x0000000080900000| Untracked 
|  10|0x0000000080a00000, 0x0000000080b00000, 0x0000000080b00000|100%| O|  |TAMS 0x0000000080b00000, 0x0000000080a00000| Untracked 
|  11|0x0000000080b00000, 0x0000000080c00000, 0x0000000080c00000|100%| O|  |TAMS 0x0000000080c00000, 0x0000000080b00000| Untracked 
|  12|0x0000000080c00000, 0x0000000080d00000, 0x0000000080d00000|100%| O|  |TAMS 0x0000000080d00000, 0x0000000080c00000| Untracked 
|  13|0x0000000080d00000, 0x0000000080de4800, 0x0000000080e00000| 89%| O|  |TAMS 0x0000000080de4800, 0x0000000080d00000| Untracked 
|  14|0x0000000080e00000, 0x0000000080f00000, 0x0000000080f00000|100%| O|  |TAMS 0x0000000080f00000, 0x0000000080e00000| Untracked 
|  15|0x0000000080f00000, 0x0000000081000000, 0x0000000081000000|100%| O|  |TAMS 0x0000000081000000, 0x0000000080f00000| Untracked 
|  16|0x0000000081000000, 0x0000000081100000, 0x0000000081100000|100%| O|  |TAMS 0x0000000081100000, 0x0000000081000000| Untracked 
|  17|0x0000000081100000, 0x0000000081200000, 0x0000000081200000|100%| O|  |TAMS 0x0000000081200000, 0x0000000081100000| Untracked 
|  18|0x0000000081200000, 0x0000000081300000, 0x0000000081300000|100%| O|  |TAMS 0x0000000081300000, 0x0000000081200000| Untracked 
|  19|0x0000000081300000, 0x0000000081400000, 0x0000000081400000|100%| O|  |TAMS 0x0000000081400000, 0x0000000081300000| Untracked 
|  20|0x0000000081400000, 0x0000000081500000, 0x0000000081500000|100%| O|  |TAMS 0x0000000081500000, 0x0000000081400000| Untracked 
|  21|0x0000000081500000, 0x0000000081600000, 0x0000000081600000|100%| O|  |TAMS 0x0000000081600000, 0x0000000081500000| Untracked 
|  22|0x0000000081600000, 0x0000000081700000, 0x0000000081700000|100%| O|  |TAMS 0x0000000081700000, 0x0000000081600000| Untracked 
|  23|0x0000000081700000, 0x0000000081800000, 0x0000000081800000|100%| O|  |TAMS 0x0000000081800000, 0x0000000081700000| Untracked 
|  24|0x0000000081800000, 0x0000000081900000, 0x0000000081900000|100%| O|  |TAMS 0x0000000081900000, 0x0000000081800000| Untracked 
|  25|0x0000000081900000, 0x0000000081a00000, 0x0000000081a00000|100%| O|  |TAMS 0x0000000081a00000, 0x0000000081900000| Untracked 
|  26|0x0000000081a00000, 0x0000000081b00000, 0x0000000081b00000|100%| O|  |TAMS 0x0000000081b00000, 0x0000000081a00000| Untracked 
|  27|0x0000000081b00000, 0x0000000081c00000, 0x0000000081c00000|100%| O|  |TAMS 0x0000000081c00000, 0x0000000081b00000| Untracked 
|  28|0x0000000081c00000, 0x0000000081d00000, 0x0000000081d00000|100%| O|  |TAMS 0x0000000081d00000, 0x0000000081c00000| Untracked 
|  29|0x0000000081d00000, 0x0000000081e00000, 0x0000000081e00000|100%| O|  |TAMS 0x0000000081e00000, 0x0000000081d00000| Untracked 
|  30|0x0000000081e00000, 0x0000000081f00000, 0x0000000081f00000|100%| O|  |TAMS 0x0000000081f00000, 0x0000000081e00000| Untracked 
|  31|0x0000000081f00000, 0x0000000082000000, 0x0000000082000000|100%| O|  |TAMS 0x0000000082000000, 0x0000000081f00000| Untracked 
|  32|0x0000000082000000, 0x0000000082100000, 0x0000000082100000|100%| O|  |TAMS 0x0000000082100000, 0x0000000082000000| Untracked 
|  33|0x0000000082100000, 0x0000000082200000, 0x0000000082200000|100%| O|  |TAMS 0x0000000082200000, 0x0000000082100000| Untracked 
|  34|0x0000000082200000, 0x0000000082300000, 0x0000000082300000|100%| O|  |TAMS 0x0000000082300000, 0x0000000082200000| Untracked 
|  35|0x0000000082300000, 0x0000000082400000, 0x0000000082400000|100%| O|  |TAMS 0x0000000082400000, 0x0000000082300000| Untracked 
|  36|0x0000000082400000, 0x0000000082500000, 0x0000000082500000|100%| O|  |TAMS 0x0000000082500000, 0x0000000082400000| Untracked 
|  37|0x0000000082500000, 0x0000000082600000, 0x0000000082600000|100%| O|  |TAMS 0x0000000082600000, 0x0000000082500000| Untracked 
|  38|0x0000000082600000, 0x0000000082700000, 0x0000000082700000|100%| O|  |TAMS 0x0000000082700000, 0x0000000082600000| Untracked 
|  39|0x0000000082700000, 0x0000000082800000, 0x0000000082800000|100%| O|  |TAMS 0x0000000082800000, 0x0000000082700000| Untracked 
|  40|0x0000000082800000, 0x0000000082900000, 0x0000000082900000|100%| O|  |TAMS 0x0000000082900000, 0x0000000082800000| Untracked 
|  41|0x0000000082900000, 0x0000000082900000, 0x0000000082a00000|  0%| F|  |TAMS 0x0000000082900000, 0x0000000082900000| Untracked 
|  42|0x0000000082a00000, 0x0000000082a00000, 0x0000000082b00000|  0%| F|  |TAMS 0x0000000082a00000, 0x0000000082a00000| Untracked 
|  43|0x0000000082b00000, 0x0000000082b00000, 0x0000000082c00000|  0%| F|  |TAMS 0x0000000082b00000, 0x0000000082b00000| Untracked 
|  44|0x0000000082c00000, 0x0000000082c00000, 0x0000000082d00000|  0%| F|  |TAMS 0x0000000082c00000, 0x0000000082c00000| Untracked 
|  45|0x0000000082d00000, 0x0000000082d00000, 0x0000000082e00000|  0%| F|  |TAMS 0x0000000082d00000, 0x0000000082d00000| Untracked 
|  46|0x0000000082e00000, 0x0000000082e00000, 0x0000000082f00000|  0%| F|  |TAMS 0x0000000082e00000, 0x0000000082e00000| Untracked 
|  47|0x0000000082f00000, 0x0000000082f00000, 0x0000000083000000|  0%| F|  |TAMS 0x0000000082f00000, 0x0000000082f00000| Untracked 
|  48|0x0000000083000000, 0x0000000083000000, 0x0000000083100000|  0%| F|  |TAMS 0x0000000083000000, 0x0000000083000000| Untracked 
|  49|0x0000000083100000, 0x0000000083100000, 0x0000000083200000|  0%| F|  |TAMS 0x0000000083100000, 0x0000000083100000| Untracked 
|  50|0x0000000083200000, 0x0000000083200000, 0x0000000083300000|  0%| F|  |TAMS 0x0000000083200000, 0x0000000083200000| Untracked 
|  51|0x0000000083300000, 0x0000000083300000, 0x0000000083400000|  0%| F|  |TAMS 0x0000000083300000, 0x0000000083300000| Untracked 
|  52|0x0000000083400000, 0x0000000083400000, 0x0000000083500000|  0%| F|  |TAMS 0x0000000083400000, 0x0000000083400000| Untracked 
|  53|0x0000000083500000, 0x0000000083500000, 0x0000000083600000|  0%| F|  |TAMS 0x0000000083500000, 0x0000000083500000| Untracked 
|  54|0x0000000083600000, 0x0000000083600000, 0x0000000083700000|  0%| F|  |TAMS 0x0000000083600000, 0x0000000083600000| Untracked 
|  55|0x0000000083700000, 0x0000000083700000, 0x0000000083800000|  0%| F|  |TAMS 0x0000000083700000, 0x0000000083700000| Untracked 
|  56|0x0000000083800000, 0x0000000083800000, 0x0000000083900000|  0%| F|  |TAMS 0x0000000083800000, 0x0000000083800000| Untracked 
|  57|0x0000000083900000, 0x0000000083900000, 0x0000000083a00000|  0%| F|  |TAMS 0x0000000083900000, 0x0000000083900000| Untracked 
|  58|0x0000000083a00000, 0x0000000083a00000, 0x0000000083b00000|  0%| F|  |TAMS 0x0000000083a00000, 0x0000000083a00000| Untracked 
|  59|0x0000000083b00000, 0x0000000083b00000, 0x0000000083c00000|  0%| F|  |TAMS 0x0000000083b00000, 0x0000000083b00000| Untracked 
|  60|0x0000000083c00000, 0x0000000083c00000, 0x0000000083d00000|  0%| F|  |TAMS 0x0000000083c00000, 0x0000000083c00000| Untracked 
|  61|0x0000000083d00000, 0x0000000083d00000, 0x0000000083e00000|  0%| F|  |TAMS 0x0000000083d00000, 0x0000000083d00000| Untracked 
|  62|0x0000000083e00000, 0x0000000083e00000, 0x0000000083f00000|  0%| F|  |TAMS 0x0000000083e00000, 0x0000000083e00000| Untracked 
|  63|0x0000000083f00000, 0x0000000083f00000, 0x0000000084000000|  0%| F|  |TAMS 0x0000000083f00000, 0x0000000083f00000| Untracked 
|  64|0x0000000084000000, 0x0000000084000000, 0x0000000084100000|  0%| F|  |TAMS 0x0000000084000000, 0x0000000084000000| Untracked 
|  65|0x0000000084100000, 0x0000000084100000, 0x0000000084200000|  0%| F|  |TAMS 0x0000000084100000, 0x0000000084100000| Untracked 
|  66|0x0000000084200000, 0x0000000084200000, 0x0000000084300000|  0%| F|  |TAMS 0x0000000084200000, 0x0000000084200000| Untracked 
|  67|0x0000000084300000, 0x0000000084300000, 0x0000000084400000|  0%| F|  |TAMS 0x0000000084300000, 0x0000000084300000| Untracked 
|  68|0x0000000084400000, 0x0000000084400000, 0x0000000084500000|  0%| F|  |TAMS 0x0000000084400000, 0x0000000084400000| Untracked 
|  69|0x0000000084500000, 0x0000000084500000, 0x0000000084600000|  0%| F|  |TAMS 0x0000000084500000, 0x0000000084500000| Untracked 
|  70|0x0000000084600000, 0x0000000084600000, 0x0000000084700000|  0%| F|  |TAMS 0x0000000084600000, 0x0000000084600000| Untracked 
|  71|0x0000000084700000, 0x0000000084700000, 0x0000000084800000|  0%| F|  |TAMS 0x0000000084700000, 0x0000000084700000| Untracked 
|  72|0x0000000084800000, 0x0000000084800000, 0x0000000084900000|  0%| F|  |TAMS 0x0000000084800000, 0x0000000084800000| Untracked 
|  73|0x0000000084900000, 0x0000000084900000, 0x0000000084a00000|  0%| F|  |TAMS 0x0000000084900000, 0x0000000084900000| Untracked 
|  74|0x0000000084a00000, 0x0000000084a00000, 0x0000000084b00000|  0%| F|  |TAMS 0x0000000084a00000, 0x0000000084a00000| Untracked 
|  75|0x0000000084b00000, 0x0000000084b00000, 0x0000000084c00000|  0%| F|  |TAMS 0x0000000084b00000, 0x0000000084b00000| Untracked 
|  76|0x0000000084c00000, 0x0000000084c00000, 0x0000000084d00000|  0%| F|  |TAMS 0x0000000084c00000, 0x0000000084c00000| Untracked 
|  77|0x0000000084d00000, 0x0000000084d00000, 0x0000000084e00000|  0%| F|  |TAMS 0x0000000084d00000, 0x0000000084d00000| Untracked 
|  78|0x0000000084e00000, 0x0000000084eef418, 0x0000000084f00000| 93%| S|CS|TAMS 0x0000000084e00000, 0x0000000084e00000| Complete 
|  79|0x0000000084f00000, 0x0000000085000000, 0x0000000085000000|100%| S|CS|TAMS 0x0000000084f00000, 0x0000000084f00000| Complete 
|  80|0x0000000085000000, 0x0000000085100000, 0x0000000085100000|100%| S|CS|TAMS 0x0000000085000000, 0x0000000085000000| Complete 
|  81|0x0000000085100000, 0x0000000085200000, 0x0000000085200000|100%| S|CS|TAMS 0x0000000085100000, 0x0000000085100000| Complete 
|  82|0x0000000085200000, 0x0000000085300000, 0x0000000085300000|100%| S|CS|TAMS 0x0000000085200000, 0x0000000085200000| Complete 
|  83|0x0000000085300000, 0x0000000085400000, 0x0000000085400000|100%| S|CS|TAMS 0x0000000085300000, 0x0000000085300000| Complete 
|  84|0x0000000085400000, 0x0000000085500000, 0x0000000085500000|100%| S|CS|TAMS 0x0000000085400000, 0x0000000085400000| Complete 
|  85|0x0000000085500000, 0x0000000085500000, 0x0000000085600000|  0%| F|  |TAMS 0x0000000085500000, 0x0000000085500000| Untracked 
|  86|0x0000000085600000, 0x0000000085600000, 0x0000000085700000|  0%| F|  |TAMS 0x0000000085600000, 0x0000000085600000| Untracked 
|  87|0x0000000085700000, 0x0000000085700000, 0x0000000085800000|  0%| F|  |TAMS 0x0000000085700000, 0x0000000085700000| Untracked 
|  88|0x0000000085800000, 0x0000000085800000, 0x0000000085900000|  0%| F|  |TAMS 0x0000000085800000, 0x0000000085800000| Untracked 
|  89|0x0000000085900000, 0x0000000085900000, 0x0000000085a00000|  0%| F|  |TAMS 0x0000000085900000, 0x0000000085900000| Untracked 
|  90|0x0000000085a00000, 0x0000000085a00000, 0x0000000085b00000|  0%| F|  |TAMS 0x0000000085a00000, 0x0000000085a00000| Untracked 
|  91|0x0000000085b00000, 0x0000000085b00000, 0x0000000085c00000|  0%| F|  |TAMS 0x0000000085b00000, 0x0000000085b00000| Untracked 
|  92|0x0000000085c00000, 0x0000000085c00000, 0x0000000085d00000|  0%| F|  |TAMS 0x0000000085c00000, 0x0000000085c00000| Untracked 
|  93|0x0000000085d00000, 0x0000000085d00000, 0x0000000085e00000|  0%| F|  |TAMS 0x0000000085d00000, 0x0000000085d00000| Untracked 
|  94|0x0000000085e00000, 0x0000000085e00000, 0x0000000085f00000|  0%| F|  |TAMS 0x0000000085e00000, 0x0000000085e00000| Untracked 
|  95|0x0000000085f00000, 0x0000000085f00000, 0x0000000086000000|  0%| F|  |TAMS 0x0000000085f00000, 0x0000000085f00000| Untracked 
|  96|0x0000000086000000, 0x0000000086000000, 0x0000000086100000|  0%| F|  |TAMS 0x0000000086000000, 0x0000000086000000| Untracked 
|  97|0x0000000086100000, 0x0000000086100000, 0x0000000086200000|  0%| F|  |TAMS 0x0000000086100000, 0x0000000086100000| Untracked 
|  98|0x0000000086200000, 0x0000000086200000, 0x0000000086300000|  0%| F|  |TAMS 0x0000000086200000, 0x0000000086200000| Untracked 
|  99|0x0000000086300000, 0x0000000086300000, 0x0000000086400000|  0%| F|  |TAMS 0x0000000086300000, 0x0000000086300000| Untracked 
| 100|0x0000000086400000, 0x0000000086400000, 0x0000000086500000|  0%| F|  |TAMS 0x0000000086400000, 0x0000000086400000| Untracked 
| 101|0x0000000086500000, 0x0000000086500000, 0x0000000086600000|  0%| F|  |TAMS 0x0000000086500000, 0x0000000086500000| Untracked 
| 102|0x0000000086600000, 0x0000000086600000, 0x0000000086700000|  0%| F|  |TAMS 0x0000000086600000, 0x0000000086600000| Untracked 
| 103|0x0000000086700000, 0x0000000086700000, 0x0000000086800000|  0%| F|  |TAMS 0x0000000086700000, 0x0000000086700000| Untracked 
| 104|0x0000000086800000, 0x0000000086800000, 0x0000000086900000|  0%| F|  |TAMS 0x0000000086800000, 0x0000000086800000| Untracked 
| 105|0x0000000086900000, 0x0000000086900000, 0x0000000086a00000|  0%| F|  |TAMS 0x0000000086900000, 0x0000000086900000| Untracked 
| 106|0x0000000086a00000, 0x0000000086a00000, 0x0000000086b00000|  0%| F|  |TAMS 0x0000000086a00000, 0x0000000086a00000| Untracked 
| 107|0x0000000086b00000, 0x0000000086b00000, 0x0000000086c00000|  0%| F|  |TAMS 0x0000000086b00000, 0x0000000086b00000| Untracked 
| 108|0x0000000086c00000, 0x0000000086c00000, 0x0000000086d00000|  0%| F|  |TAMS 0x0000000086c00000, 0x0000000086c00000| Untracked 
| 109|0x0000000086d00000, 0x0000000086d00000, 0x0000000086e00000|  0%| F|  |TAMS 0x0000000086d00000, 0x0000000086d00000| Untracked 
| 110|0x0000000086e00000, 0x0000000086e00000, 0x0000000086f00000|  0%| F|  |TAMS 0x0000000086e00000, 0x0000000086e00000| Untracked 
| 111|0x0000000086f00000, 0x0000000086f00000, 0x0000000087000000|  0%| F|  |TAMS 0x0000000086f00000, 0x0000000086f00000| Untracked 
| 112|0x0000000087000000, 0x0000000087000000, 0x0000000087100000|  0%| F|  |TAMS 0x0000000087000000, 0x0000000087000000| Untracked 
| 113|0x0000000087100000, 0x0000000087100000, 0x0000000087200000|  0%| F|  |TAMS 0x0000000087100000, 0x0000000087100000| Untracked 
| 114|0x0000000087200000, 0x0000000087200000, 0x0000000087300000|  0%| F|  |TAMS 0x0000000087200000, 0x0000000087200000| Untracked 
| 115|0x0000000087300000, 0x0000000087300000, 0x0000000087400000|  0%| F|  |TAMS 0x0000000087300000, 0x0000000087300000| Untracked 
| 116|0x0000000087400000, 0x0000000087400000, 0x0000000087500000|  0%| F|  |TAMS 0x0000000087400000, 0x0000000087400000| Untracked 
| 117|0x0000000087500000, 0x0000000087500000, 0x0000000087600000|  0%| F|  |TAMS 0x0000000087500000, 0x0000000087500000| Untracked 
| 118|0x0000000087600000, 0x0000000087600000, 0x0000000087700000|  0%| F|  |TAMS 0x0000000087600000, 0x0000000087600000| Untracked 
| 119|0x0000000087700000, 0x0000000087700000, 0x0000000087800000|  0%| F|  |TAMS 0x0000000087700000, 0x0000000087700000| Untracked 
| 120|0x0000000087800000, 0x0000000087800000, 0x0000000087900000|  0%| F|  |TAMS 0x0000000087800000, 0x0000000087800000| Untracked 
| 121|0x0000000087900000, 0x0000000087900000, 0x0000000087a00000|  0%| F|  |TAMS 0x0000000087900000, 0x0000000087900000| Untracked 
| 122|0x0000000087a00000, 0x0000000087a00000, 0x0000000087b00000|  0%| F|  |TAMS 0x0000000087a00000, 0x0000000087a00000| Untracked 
| 123|0x0000000087b00000, 0x0000000087b00000, 0x0000000087c00000|  0%| F|  |TAMS 0x0000000087b00000, 0x0000000087b00000| Untracked 
| 124|0x0000000087c00000, 0x0000000087c00000, 0x0000000087d00000|  0%| F|  |TAMS 0x0000000087c00000, 0x0000000087c00000| Untracked 
| 125|0x0000000087d00000, 0x0000000087d00000, 0x0000000087e00000|  0%| F|  |TAMS 0x0000000087d00000, 0x0000000087d00000| Untracked 
| 126|0x0000000087e00000, 0x0000000087e00000, 0x0000000087f00000|  0%| F|  |TAMS 0x0000000087e00000, 0x0000000087e00000| Untracked 
| 127|0x0000000087f00000, 0x0000000087f00000, 0x0000000088000000|  0%| F|  |TAMS 0x0000000087f00000, 0x0000000087f00000| Untracked 
| 128|0x0000000088000000, 0x0000000088000000, 0x0000000088100000|  0%| F|  |TAMS 0x0000000088000000, 0x0000000088000000| Untracked 
| 129|0x0000000088100000, 0x0000000088100000, 0x0000000088200000|  0%| F|  |TAMS 0x0000000088100000, 0x0000000088100000| Untracked 
| 130|0x0000000088200000, 0x0000000088200000, 0x0000000088300000|  0%| F|  |TAMS 0x0000000088200000, 0x0000000088200000| Untracked 
| 131|0x0000000088300000, 0x0000000088300000, 0x0000000088400000|  0%| F|  |TAMS 0x0000000088300000, 0x0000000088300000| Untracked 
| 132|0x0000000088400000, 0x0000000088400000, 0x0000000088500000|  0%| F|  |TAMS 0x0000000088400000, 0x0000000088400000| Untracked 
| 133|0x0000000088500000, 0x0000000088500000, 0x0000000088600000|  0%| F|  |TAMS 0x0000000088500000, 0x0000000088500000| Untracked 
| 134|0x0000000088600000, 0x0000000088600000, 0x0000000088700000|  0%| F|  |TAMS 0x0000000088600000, 0x0000000088600000| Untracked 
| 238|0x000000008ee00000, 0x000000008eeb6c90, 0x000000008ef00000| 71%| E|  |TAMS 0x000000008ee00000, 0x000000008ee00000| Complete 
| 239|0x000000008ef00000, 0x000000008f000000, 0x000000008f000000|100%| E|CS|TAMS 0x000000008ef00000, 0x000000008ef00000| Complete 
| 240|0x000000008f000000, 0x000000008f100000, 0x000000008f100000|100%| E|CS|TAMS 0x000000008f000000, 0x000000008f000000| Complete 
| 241|0x000000008f100000, 0x000000008f200000, 0x000000008f200000|100%| E|CS|TAMS 0x000000008f100000, 0x000000008f100000| Complete 
| 242|0x000000008f200000, 0x000000008f300000, 0x000000008f300000|100%| E|  |TAMS 0x000000008f200000, 0x000000008f200000| Complete 
| 243|0x000000008f300000, 0x000000008f400000, 0x000000008f400000|100%| E|CS|TAMS 0x000000008f300000, 0x000000008f300000| Complete 
| 244|0x000000008f400000, 0x000000008f500000, 0x000000008f500000|100%| E|CS|TAMS 0x000000008f400000, 0x000000008f400000| Complete 
| 255|0x000000008ff00000, 0x0000000090000000, 0x0000000090000000|100%| E|CS|TAMS 0x000000008ff00000, 0x000000008ff00000| Complete 

Card table byte_map: [0x0000013b6e340000,0x0000013b6e740000] _byte_map_base: 0x0000013b6df40000

Marking Bits (Prev, Next): (CMBitMap*) 0x0000013b70b6fac0, (CMBitMap*) 0x0000013b70b6fa80
 Prev Bits: [0x0000013b70d40000, 0x0000013b72d40000)
 Next Bits: [0x0000013b6eb40000, 0x0000013b70b40000)

Polling page: 0x0000013b5ab10000

Metaspace:

Usage:
  Non-class:     51.80 MB used.
      Class:      6.52 MB used.
       Both:     58.32 MB used.

Virtual space:
  Non-class space:       64.00 MB reserved,      52.25 MB ( 82%) committed,  1 nodes.
      Class space:        1.00 GB reserved,       6.94 MB ( <1%) committed,  1 nodes.
             Both:        1.06 GB reserved,      59.19 MB (  5%) committed. 

Chunk freelists:
   Non-Class:  11.58 MB
       Class:  9.00 MB
        Both:  20.58 MB

MaxMetaspaceSize: unlimited
CompressedClassSpaceSize: 1.00 GB
Initial GC threshold: 21.00 MB
Current GC threshold: 98.56 MB
CDS: off
MetaspaceReclaimPolicy: balanced
 - commit_granule_bytes: 65536.
 - commit_granule_words: 8192.
 - virtual_space_node_default_size: 8388608.
 - enlarge_chunks_in_place: 1.
 - new_chunks_are_fully_committed: 0.
 - uncommit_free_chunks: 1.
 - use_allocation_guard: 0.
 - handle_deallocations: 1.


Internal statistics:

num_allocs_failed_limit: 9.
num_arena_births: 1094.
num_arena_deaths: 0.
num_vsnodes_births: 2.
num_vsnodes_deaths: 0.
num_space_committed: 947.
num_space_uncommitted: 0.
num_chunks_returned_to_freelist: 9.
num_chunks_taken_from_freelist: 2842.
num_chunk_merges: 6.
num_chunk_splits: 1867.
num_chunks_enlarged: 1204.
num_inconsistent_stats: 0.

CodeHeap 'non-profiled nmethods': size=120000Kb used=4374Kb max_used=4374Kb free=115626Kb
 bounds [0x0000013b66a10000, 0x0000013b66e60000, 0x0000013b6df40000]
CodeHeap 'profiled nmethods': size=120000Kb used=14050Kb max_used=14110Kb free=105949Kb
 bounds [0x0000013b5ef40000, 0x0000013b5fd10000, 0x0000013b66470000]
CodeHeap 'non-nmethods': size=5760Kb used=2351Kb max_used=2445Kb free=3408Kb
 bounds [0x0000013b66470000, 0x0000013b666f0000, 0x0000013b66a10000]
 total_blobs=8247 nmethods=7375 adapters=784
 compilation: enabled
              stopped_count=0, restarted_count=0
 full_count=0

Compilation events (20 events):
Event: 15.921 Thread 0x0000013b751b5620 9091       3       com.google.gson.stream.JsonReader::nextString (167 bytes)
Event: 15.921 Thread 0x0000013b751b5620 nmethod 9091 0x0000013b5f5e5c10 code [0x0000013b5f5e5e20, 0x0000013b5f5e6448]
Event: 15.921 Thread 0x0000013b751b5620 9092       3       com.google.gson.stream.JsonWriter::push (47 bytes)
Event: 15.921 Thread 0x0000013b751b5620 nmethod 9092 0x0000013b5f5e5710 code [0x0000013b5f5e58c0, 0x0000013b5f5e5ae8]
Event: 15.921 Thread 0x0000013b751b5620 9089       3       com.google.gson.internal.$Gson$Types::requiresOwnerType (37 bytes)
Event: 15.921 Thread 0x0000013b751b5620 nmethod 9089 0x0000013b5f5e4f90 code [0x0000013b5f5e5160, 0x0000013b5f5e5628]
Event: 15.921 Thread 0x0000013b751b5620 9090       3       java.lang.reflect.Field::setAccessible (21 bytes)
Event: 15.922 Thread 0x0000013b751b5620 nmethod 9090 0x0000013b5f5e4510 code [0x0000013b5f5e4720, 0x0000013b5f5e4d28]
Event: 15.922 Thread 0x0000013b751b5620 9093       3       java.util.Collections$SingletonList::get (41 bytes)
Event: 15.922 Thread 0x0000013b7b69c400 9095       4       java.lang.StringConcatHelper::simpleConcat (94 bytes)
Event: 15.922 Thread 0x0000013b751b5620 nmethod 9093 0x0000013b5f5e3910 code [0x0000013b5f5e3b60, 0x0000013b5f5e4268]
Event: 15.922 Thread 0x0000013b751b5620 9094       3       java.io.StringWriter::close (1 bytes)
Event: 15.922 Thread 0x0000013b751b5620 nmethod 9094 0x0000013b5f5e3590 code [0x0000013b5f5e3720, 0x0000013b5f5e3838]
Event: 15.923 Thread 0x0000013b751b5620 9096       3       java.util.concurrent.ConcurrentLinkedDeque::unlinkLast (135 bytes)
Event: 15.924 Thread 0x0000013b751b5620 nmethod 9096 0x0000013b5fc11c90 code [0x0000013b5fc12180, 0x0000013b5fc147b8]
Event: 15.928 Thread 0x0000013b7b69c400 nmethod 9095 0x0000013b66e54610 code [0x0000013b66e547c0, 0x0000013b66e54e18]
Event: 15.930 Thread 0x0000013b7b69c400 9097       4       java.io.ByteArrayOutputStream::<init> (7 bytes)
Event: 15.932 Thread 0x0000013b751b5620 9098       3       java.time.Instant::isAfter (14 bytes)
Event: 15.932 Thread 0x0000013b751b5620 nmethod 9098 0x0000013b5f5e3190 code [0x0000013b5f5e3340, 0x0000013b5f5e34c8]
Event: 15.932 Thread 0x0000013b7b69c400 nmethod 9097 0x0000013b66e55390 code [0x0000013b66e55520, 0x0000013b66e556f8]

GC Heap History (20 events):
Event: 3.658 GC heap before
{Heap before GC invocations=10 (full 0):
 garbage-first heap   total 93184K, used 69133K [0x0000000080000000, 0x0000000100000000)
  region size 1024K, 42 young (43008K), 1 survivors (1024K)
 Metaspace       used 33287K, committed 33664K, reserved 1114112K
  class space    used 3612K, committed 3776K, reserved 1048576K
}
Event: 3.661 GC heap after
{Heap after GC invocations=11 (full 0):
 garbage-first heap   total 93184K, used 27543K [0x0000000080000000, 0x0000000100000000)
  region size 1024K, 2 young (2048K), 2 survivors (2048K)
 Metaspace       used 33287K, committed 33664K, reserved 1114112K
  class space    used 3612K, committed 3776K, reserved 1048576K
}
Event: 3.977 GC heap before
{Heap before GC invocations=11 (full 0):
 garbage-first heap   total 93184K, used 70551K [0x0000000080000000, 0x0000000100000000)
  region size 1024K, 44 young (45056K), 2 survivors (2048K)
 Metaspace       used 33646K, committed 34048K, reserved 1114112K
  class space    used 3649K, committed 3840K, reserved 1048576K
}
Event: 3.982 GC heap after
{Heap after GC invocations=12 (full 0):
 garbage-first heap   total 93184K, used 28878K [0x0000000080000000, 0x0000000100000000)
  region size 1024K, 3 young (3072K), 3 survivors (3072K)
 Metaspace       used 33646K, committed 34048K, reserved 1114112K
  class space    used 3649K, committed 3840K, reserved 1048576K
}
Event: 4.269 GC heap before
{Heap before GC invocations=12 (full 0):
 garbage-first heap   total 93184K, used 69838K [0x0000000080000000, 0x0000000100000000)
  region size 1024K, 44 young (45056K), 3 survivors (3072K)
 Metaspace       used 35565K, committed 35968K, reserved 1114112K
  class space    used 3833K, committed 4032K, reserved 1048576K
}
Event: 4.277 GC heap after
{Heap after GC invocations=13 (full 0):
 garbage-first heap   total 93184K, used 31790K [0x0000000080000000, 0x0000000100000000)
  region size 1024K, 6 young (6144K), 6 survivors (6144K)
 Metaspace       used 35565K, committed 35968K, reserved 1114112K
  class space    used 3833K, committed 4032K, reserved 1048576K
}
Event: 4.755 GC heap before
{Heap before GC invocations=14 (full 0):
 garbage-first heap   total 93184K, used 72750K [0x0000000080000000, 0x0000000100000000)
  region size 1024K, 46 young (47104K), 6 survivors (6144K)
 Metaspace       used 40580K, committed 41024K, reserved 1114112K
  class space    used 4369K, committed 4544K, reserved 1048576K
}
Event: 4.765 GC heap after
{Heap after GC invocations=15 (full 0):
 garbage-first heap   total 93184K, used 33806K [0x0000000080000000, 0x0000000100000000)
  region size 1024K, 5 young (5120K), 5 survivors (5120K)
 Metaspace       used 40580K, committed 41024K, reserved 1114112K
  class space    used 4369K, committed 4544K, reserved 1048576K
}
Event: 5.460 GC heap before
{Heap before GC invocations=15 (full 0):
 garbage-first heap   total 93184K, used 72718K [0x0000000080000000, 0x0000000100000000)
  region size 1024K, 43 young (44032K), 5 survivors (5120K)
 Metaspace       used 41572K, committed 42048K, reserved 1114112K
  class space    used 4429K, committed 4672K, reserved 1048576K
}
Event: 5.469 GC heap after
{Heap after GC invocations=16 (full 0):
 garbage-first heap   total 121856K, used 35644K [0x0000000080000000, 0x0000000100000000)
  region size 1024K, 4 young (4096K), 4 survivors (4096K)
 Metaspace       used 41572K, committed 42048K, reserved 1114112K
  class space    used 4429K, committed 4672K, reserved 1048576K
}
Event: 6.505 GC heap before
{Heap before GC invocations=16 (full 0):
 garbage-first heap   total 121856K, used 96060K [0x0000000080000000, 0x0000000100000000)
  region size 1024K, 63 young (64512K), 4 survivors (4096K)
 Metaspace       used 48004K, committed 48640K, reserved 1114112K
  class space    used 5192K, committed 5504K, reserved 1048576K
}
Event: 6.516 GC heap after
{Heap after GC invocations=17 (full 0):
 garbage-first heap   total 121856K, used 38802K [0x0000000080000000, 0x0000000100000000)
  region size 1024K, 7 young (7168K), 7 survivors (7168K)
 Metaspace       used 48004K, committed 48640K, reserved 1114112K
  class space    used 5192K, committed 5504K, reserved 1048576K
}
Event: 6.958 GC heap before
{Heap before GC invocations=17 (full 0):
 garbage-first heap   total 121856K, used 96146K [0x0000000080000000, 0x0000000100000000)
  region size 1024K, 63 young (64512K), 7 survivors (7168K)
 Metaspace       used 48783K, committed 49408K, reserved 1114112K
  class space    used 5266K, committed 5568K, reserved 1048576K
}
Event: 6.973 GC heap after
{Heap after GC invocations=18 (full 0):
 garbage-first heap   total 121856K, used 42200K [0x0000000080000000, 0x0000000100000000)
  region size 1024K, 7 young (7168K), 7 survivors (7168K)
 Metaspace       used 48783K, committed 49408K, reserved 1114112K
  class space    used 5266K, committed 5568K, reserved 1048576K
}
Event: 7.279 GC heap before
{Heap before GC invocations=18 (full 0):
 garbage-first heap   total 121856K, used 97496K [0x0000000080000000, 0x0000000100000000)
  region size 1024K, 61 young (62464K), 7 survivors (7168K)
 Metaspace       used 49286K, committed 49920K, reserved 1114112K
  class space    used 5274K, committed 5568K, reserved 1048576K
}
Event: 7.291 GC heap after
{Heap after GC invocations=19 (full 0):
 garbage-first heap   total 121856K, used 45458K [0x0000000080000000, 0x0000000100000000)
  region size 1024K, 7 young (7168K), 7 survivors (7168K)
 Metaspace       used 49286K, committed 49920K, reserved 1114112K
  class space    used 5274K, committed 5568K, reserved 1048576K
}
Event: 10.013 GC heap before
{Heap before GC invocations=19 (full 0):
 garbage-first heap   total 121856K, used 97682K [0x0000000080000000, 0x0000000100000000)
  region size 1024K, 58 young (59392K), 7 survivors (7168K)
 Metaspace       used 56386K, committed 57152K, reserved 1114112K
  class space    used 6258K, committed 6656K, reserved 1048576K
}
Event: 10.025 GC heap after
{Heap after GC invocations=20 (full 0):
 garbage-first heap   total 146432K, used 46482K [0x0000000080000000, 0x0000000100000000)
  region size 1024K, 5 young (5120K), 5 survivors (5120K)
 Metaspace       used 56386K, committed 57152K, reserved 1114112K
  class space    used 6258K, committed 6656K, reserved 1048576K
}
Event: 15.577 GC heap before
{Heap before GC invocations=20 (full 0):
 garbage-first heap   total 146432K, used 104850K [0x0000000080000000, 0x0000000100000000)
  region size 1024K, 63 young (64512K), 5 survivors (5120K)
 Metaspace       used 59635K, committed 60480K, reserved 1114112K
  class space    used 6677K, committed 7104K, reserved 1048576K
}
Event: 15.585 GC heap after
{Heap after GC invocations=21 (full 0):
 garbage-first heap   total 146432K, used 48975K [0x0000000080000000, 0x0000000100000000)
  region size 1024K, 7 young (7168K), 7 survivors (7168K)
 Metaspace       used 59635K, committed 60480K, reserved 1114112K
  class space    used 6677K, committed 7104K, reserved 1048576K
}

Dll operation events (10 events):
Event: 0.020 Loaded shared library C:\Users\qk user2\.katalon\packages\KSE-10.4.2\jre\bin\java.dll
Event: 0.232 Loaded shared library C:\Users\qk user2\.katalon\packages\KSE-10.4.2\jre\bin\net.dll
Event: 0.237 Loaded shared library C:\Users\qk user2\.katalon\packages\KSE-10.4.2\jre\bin\nio.dll
Event: 0.247 Loaded shared library C:\Users\qk user2\.katalon\packages\KSE-10.4.2\jre\bin\zip.dll
Event: 0.941 Loaded shared library C:\Users\qk user2\.katalon\packages\KSE-10.4.2\jre\bin\verify.dll
Event: 1.122 Loaded shared library C:\Users\qk user2\.katalon\packages\KSE-10.4.2\jre\bin\jimage.dll
Event: 4.143 Loaded shared library C:\Users\qk user2\.katalon\packages\KSE-10.4.2\jre\bin\extnet.dll
Event: 7.658 Loaded shared library C:\Users\qk user2\.katalon\packages\KSE-10.4.2\jre\bin\management.dll
Event: 7.662 Loaded shared library C:\Users\qk user2\.katalon\packages\KSE-10.4.2\jre\bin\management_ext.dll
Event: 8.261 Loaded shared library C:\Users\qk user2\.katalon\packages\KSE-10.4.2\jre\bin\sunmscapi.dll

Deoptimization events (20 events):
Event: 13.002 Thread 0x0000013b5875e8e0 Uncommon trap: trap_request=0xffffffbe fr.pc=0x0000013b66c6ceac relative=0x00000000000002ec
Event: 13.002 Thread 0x0000013b5875e8e0 Uncommon trap: reason=profile_predicate action=maybe_recompile pc=0x0000013b66c6ceac method=java.util.regex.Pattern$BnM.optimize(Ljava/util/regex/Pattern$Node;)Ljava/util/regex/Pattern$Node; @ 67 c2
Event: 13.002 Thread 0x0000013b5875e8e0 DEOPT PACKING pc=0x0000013b66c6ceac sp=0x0000000ac74fa870
Event: 13.002 Thread 0x0000013b5875e8e0 DEOPT UNPACKING pc=0x0000013b664c69a3 sp=0x0000000ac74fa818 mode 2
Event: 13.002 Thread 0x0000013b5875e8e0 Uncommon trap: trap_request=0xffffffbe fr.pc=0x0000013b66c6ceac relative=0x00000000000002ec
Event: 13.002 Thread 0x0000013b5875e8e0 Uncommon trap: reason=profile_predicate action=maybe_recompile pc=0x0000013b66c6ceac method=java.util.regex.Pattern$BnM.optimize(Ljava/util/regex/Pattern$Node;)Ljava/util/regex/Pattern$Node; @ 67 c2
Event: 13.002 Thread 0x0000013b5875e8e0 DEOPT PACKING pc=0x0000013b66c6ceac sp=0x0000000ac74fa870
Event: 13.002 Thread 0x0000013b5875e8e0 DEOPT UNPACKING pc=0x0000013b664c69a3 sp=0x0000000ac74fa818 mode 2
Event: 14.290 Thread 0x0000013b5875e8e0 Uncommon trap: trap_request=0xffffff45 fr.pc=0x0000013b66dc56a8 relative=0x0000000000000388
Event: 14.290 Thread 0x0000013b5875e8e0 Uncommon trap: reason=unstable_if action=reinterpret pc=0x0000013b66dc56a8 method=java.util.HashMap$HashIterator.<init>(Ljava/util/HashMap;)V @ 45 c2
Event: 14.290 Thread 0x0000013b5875e8e0 DEOPT PACKING pc=0x0000013b66dc56a8 sp=0x0000000ac74f9ad0
Event: 14.290 Thread 0x0000013b5875e8e0 DEOPT UNPACKING pc=0x0000013b664c69a3 sp=0x0000000ac74f9a88 mode 2
Event: 14.458 Thread 0x0000013b5875e8e0 DEOPT PACKING pc=0x0000013b5fbc1ce8 sp=0x0000000ac74f9310
Event: 14.458 Thread 0x0000013b5875e8e0 DEOPT UNPACKING pc=0x0000013b664c7143 sp=0x0000000ac74f8828 mode 0
Event: 15.259 Thread 0x0000013b5875e8e0 DEOPT PACKING pc=0x0000013b5f7894d3 sp=0x0000000ac74fa4c0
Event: 15.259 Thread 0x0000013b5875e8e0 DEOPT UNPACKING pc=0x0000013b664c7143 sp=0x0000000ac74f9960 mode 0
Event: 15.273 Thread 0x0000013b5875e8e0 Uncommon trap: trap_request=0xffffffde fr.pc=0x0000013b66d38e88 relative=0x00000000000081e8
Event: 15.273 Thread 0x0000013b5875e8e0 Uncommon trap: reason=class_check action=maybe_recompile pc=0x0000013b66d38e88 method=com.sun.beans.TypeResolver.resolve(Ljava/lang/reflect/Type;Ljava/lang/reflect/Type;)Ljava/lang/reflect/Type; @ 215 c2
Event: 15.273 Thread 0x0000013b5875e8e0 DEOPT PACKING pc=0x0000013b66d38e88 sp=0x0000000ac74fa000
Event: 15.273 Thread 0x0000013b5875e8e0 DEOPT UNPACKING pc=0x0000013b664c69a3 sp=0x0000000ac74f9f08 mode 2

Classes loaded (20 events):
Event: 14.165 Loading class jdk/internal/access/foreign/MemorySegmentProxy
Event: 14.165 Loading class jdk/internal/access/foreign/MemorySegmentProxy done
Event: 14.196 Loading class java/time/DurationBeanInfo
Event: 14.196 Loading class java/time/DurationBeanInfo done
Event: 14.197 Loading class java/time/DurationBeanInfo
Event: 14.197 Loading class java/time/DurationBeanInfo done
Event: 14.197 Loading class java/time/DurationCustomizer
Event: 14.197 Loading class java/time/DurationCustomizer done
Event: 14.197 Loading class java/time/DurationCustomizer
Event: 14.197 Loading class java/time/DurationCustomizer done
Event: 14.288 Loading class java/util/UUID$Holder
Event: 14.289 Loading class java/util/UUID$Holder done
Event: 15.269 Loading class java/util/concurrent/TimeUnitBeanInfo
Event: 15.269 Loading class java/util/concurrent/TimeUnitBeanInfo done
Event: 15.269 Loading class java/util/concurrent/TimeUnitBeanInfo
Event: 15.269 Loading class java/util/concurrent/TimeUnitBeanInfo done
Event: 15.270 Loading class java/util/concurrent/TimeUnitCustomizer
Event: 15.270 Loading class java/util/concurrent/TimeUnitCustomizer done
Event: 15.273 Loading class java/util/concurrent/TimeUnitCustomizer
Event: 15.273 Loading class java/util/concurrent/TimeUnitCustomizer done

Classes unloaded (0 events):
No events

Classes redefined (0 events):
No events

Internal exceptions (20 events):
Event: 13.048 Thread 0x0000013b5875e8e0 Exception <a 'java/lang/ClassNotFoundException'{0x000000008665f858}: java/text/FormatCustomizer> (0x000000008665f858) 
thrown [s\src\hotspot\share\classfile\systemDictionary.cpp, line 256]
Event: 13.049 Thread 0x0000013b5875e8e0 Exception <a 'java/lang/ClassNotFoundException'{0x0000000086672aa8}: java/text/MessageFormatCustomizer> (0x0000000086672aa8) 
thrown [s\src\hotspot\share\classfile\systemDictionary.cpp, line 256]
Event: 13.056 Thread 0x0000013b5875e8e0 Exception <a 'java/lang/ClassNotFoundException'{0x00000000866bc4a8}: com/kms/katalon/core/webui/keyword/internal/WebUIKeywordMainBeanInfo> (0x00000000866bc4a8) 
thrown [s\src\hotspot\share\classfile\systemDictionary.cpp, line 256]
Event: 13.058 Thread 0x0000013b5875e8e0 Exception <a 'java/lang/ClassNotFoundException'{0x00000000866d9da0}: com/kms/katalon/core/webui/keyword/internal/WebUIKeywordMainCustomizer> (0x00000000866d9da0) 
thrown [s\src\hotspot\share\classfile\systemDictionary.cpp, line 256]
Event: 14.197 Thread 0x0000013b5875e8e0 Exception <a 'java/lang/ClassNotFoundException'{0x0000000086454bb8}: java/time/DurationBeanInfo> (0x0000000086454bb8) 
thrown [s\src\hotspot\share\classfile\systemDictionary.cpp, line 256]
Event: 14.197 Thread 0x0000013b5875e8e0 Exception <a 'java/lang/ClassNotFoundException'{0x0000000086464290}: java/time/DurationCustomizer> (0x0000000086464290) 
thrown [s\src\hotspot\share\classfile\systemDictionary.cpp, line 256]
Event: 14.201 Thread 0x0000013b5875e8e0 Exception <a 'java/lang/ClassNotFoundException'{0x00000000864b5680}: org/openqa/selenium/support/ui/WebDriverWaitBeanInfo> (0x00000000864b5680) 
thrown [s\src\hotspot\share\classfile\systemDictionary.cpp, line 256]
Event: 14.202 Thread 0x0000013b5875e8e0 Exception <a 'java/lang/ClassNotFoundException'{0x00000000864d18c0}: org/openqa/selenium/support/ui/FluentWaitBeanInfo> (0x00000000864d18c0) 
thrown [s\src\hotspot\share\classfile\systemDictionary.cpp, line 256]
Event: 14.203 Thread 0x0000013b5875e8e0 Exception <a 'java/lang/ClassNotFoundException'{0x00000000864ede28}: org/openqa/selenium/support/ui/FluentWaitCustomizer> (0x00000000864ede28) 
thrown [s\src\hotspot\share\classfile\systemDictionary.cpp, line 256]
Event: 14.205 Thread 0x0000013b5875e8e0 Exception <a 'java/lang/ClassNotFoundException'{0x00000000863188c8}: org/openqa/selenium/support/ui/WebDriverWaitCustomizer> (0x00000000863188c8) 
thrown [s\src\hotspot\share\classfile\systemDictionary.cpp, line 256]
Event: 14.211 Thread 0x0000013b5875e8e0 Exception <a 'java/lang/ClassNotFoundException'{0x0000000086371b30}: org/openqa/selenium/support/ui/ExpectedConditionsBeanInfo> (0x0000000086371b30) 
thrown [s\src\hotspot\share\classfile\systemDictionary.cpp, line 256]
Event: 14.212 Thread 0x0000013b5875e8e0 Exception <a 'java/lang/ClassNotFoundException'{0x000000008638f2e8}: org/openqa/selenium/support/ui/ExpectedConditionsCustomizer> (0x000000008638f2e8) 
thrown [s\src\hotspot\share\classfile\systemDictionary.cpp, line 256]
Event: 14.243 Thread 0x0000013b5875e8e0 Exception <a 'java/lang/ClassNotFoundException'{0x0000000086028f00}: com/kms/katalon/core/webui/keyword/builtin/MouseOverKeywordBeanInfo> (0x0000000086028f00) 
thrown [s\src\hotspot\share\classfile\systemDictionary.cpp, line 256]
Event: 14.244 Thread 0x0000013b5875e8e0 Exception <a 'java/lang/ClassNotFoundException'{0x0000000086046498}: com/kms/katalon/core/webui/keyword/builtin/MouseOverKeywordCustomizer> (0x0000000086046498) 
thrown [s\src\hotspot\share\classfile\systemDictionary.cpp, line 256]
Event: 14.452 Thread 0x0000013b5875e8e0 Exception <a 'java/lang/ClassNotFoundException'{0x0000000085d295e0}: com/kms/katalon/core/webui/keyword/builtin/EnhancedClickKeywordBeanInfo> (0x0000000085d295e0) 
thrown [s\src\hotspot\share\classfile\systemDictionary.cpp, line 256]
Event: 14.453 Thread 0x0000013b5875e8e0 Exception <a 'java/lang/ClassNotFoundException'{0x0000000085d474f0}: com/kms/katalon/core/webui/keyword/builtin/EnhancedClickKeywordCustomizer> (0x0000000085d474f0) 
thrown [s\src\hotspot\share\classfile\systemDictionary.cpp, line 256]
Event: 15.266 Thread 0x0000013b5875e8e0 Exception <a 'java/lang/ClassNotFoundException'{0x0000000085931c00}: com/kms/katalon/core/webui/keyword/builtin/WaitForElementClickableKeywordBeanInfo> (0x0000000085931c00) 
thrown [s\src\hotspot\share\classfile\systemDictionary.cpp, line 256]
Event: 15.267 Thread 0x0000013b5875e8e0 Exception <a 'java/lang/ClassNotFoundException'{0x0000000085950dd8}: com/kms/katalon/core/webui/keyword/builtin/WaitForElementClickableKeywordCustomizer> (0x0000000085950dd8) 
thrown [s\src\hotspot\share\classfile\systemDictionary.cpp, line 256]
Event: 15.269 Thread 0x0000013b5875e8e0 Exception <a 'java/lang/ClassNotFoundException'{0x00000000859798c0}: java/util/concurrent/TimeUnitBeanInfo> (0x00000000859798c0) 
thrown [s\src\hotspot\share\classfile\systemDictionary.cpp, line 256]
Event: 15.273 Thread 0x0000013b5875e8e0 Exception <a 'java/lang/ClassNotFoundException'{0x0000000085989350}: java/util/concurrent/TimeUnitCustomizer> (0x0000000085989350) 
thrown [s\src\hotspot\share\classfile\systemDictionary.cpp, line 256]

VM Operations (20 events):
Event: 12.184 Executing VM operation: HandshakeAllThreads
Event: 12.184 Executing VM operation: HandshakeAllThreads done
Event: 12.243 Executing VM operation: HandshakeAllThreads
Event: 12.243 Executing VM operation: HandshakeAllThreads done
Event: 12.540 Executing VM operation: HandshakeAllThreads
Event: 12.540 Executing VM operation: HandshakeAllThreads done
Event: 12.540 Executing VM operation: Cleanup
Event: 12.540 Executing VM operation: Cleanup done
Event: 13.540 Executing VM operation: Cleanup
Event: 13.540 Executing VM operation: Cleanup done
Event: 14.540 Executing VM operation: Cleanup
Event: 14.541 Executing VM operation: Cleanup done
Event: 15.541 Executing VM operation: Cleanup
Event: 15.541 Executing VM operation: Cleanup done
Event: 15.576 Executing VM operation: CollectForMetadataAllocation
Event: 15.585 Executing VM operation: CollectForMetadataAllocation done
Event: 15.646 Executing VM operation: G1PauseRemark
Event: 15.651 Executing VM operation: G1PauseRemark done
Event: 15.677 Executing VM operation: G1PauseCleanup
Event: 15.677 Executing VM operation: G1PauseCleanup done

Memory protections (0 events):
No events

Nmethod flushes (20 events):
Event: 12.162 Thread 0x0000013b751b6040 flushing  nmethod 0x0000013b5f954f90
Event: 12.162 Thread 0x0000013b751b6040 flushing  nmethod 0x0000013b5f97d690
Event: 12.162 Thread 0x0000013b751b6040 flushing  nmethod 0x0000013b5f97f110
Event: 12.162 Thread 0x0000013b751b6040 flushing  nmethod 0x0000013b5f983a10
Event: 12.162 Thread 0x0000013b751b6040 flushing  nmethod 0x0000013b5f984590
Event: 12.162 Thread 0x0000013b751b6040 flushing  nmethod 0x0000013b5f999d90
Event: 12.163 Thread 0x0000013b751b6040 flushing  nmethod 0x0000013b5f9ef590
Event: 12.163 Thread 0x0000013b751b6040 flushing  nmethod 0x0000013b5fa47210
Event: 12.163 Thread 0x0000013b751b6040 flushing  nmethod 0x0000013b5fa6dd90
Event: 12.163 Thread 0x0000013b751b6040 flushing  nmethod 0x0000013b5fa72510
Event: 12.163 Thread 0x0000013b751b6040 flushing  nmethod 0x0000013b5fa75c90
Event: 12.163 Thread 0x0000013b751b6040 flushing  nmethod 0x0000013b5fb33610
Event: 12.164 Thread 0x0000013b751b6040 flushing  nmethod 0x0000013b5fb7a910
Event: 12.164 Thread 0x0000013b751b6040 flushing  nmethod 0x0000013b5fbc3b90
Event: 12.164 Thread 0x0000013b751b6040 flushing  nmethod 0x0000013b5fbcbb90
Event: 12.164 Thread 0x0000013b751b6040 flushing  nmethod 0x0000013b5fbcc810
Event: 12.164 Thread 0x0000013b751b6040 flushing  nmethod 0x0000013b5fbd5910
Event: 12.164 Thread 0x0000013b751b6040 flushing  nmethod 0x0000013b5fc06090
Event: 12.164 Thread 0x0000013b751b6040 flushing  nmethod 0x0000013b5fc1b990
Event: 12.164 Thread 0x0000013b751b6040 flushing  nmethod 0x0000013b5fc75890

Events (20 events):
Event: 8.406 Thread 0x0000013b5875e8e0 Thread added: 0x0000013b754549c0
Event: 8.408 Thread 0x0000013b75453fa0 Thread added: 0x0000013b7a0c7590
Event: 8.580 Thread 0x0000013b7a08bc90 Thread exited: 0x0000013b7a08bc90
Event: 8.586 Thread 0x0000013b7a0c7590 Thread added: 0x0000013b7a0c7080
Event: 8.607 Thread 0x0000013b751b5620 Thread added: 0x0000013b7a08bac0
Event: 8.619 Thread 0x0000013b5875e8e0 Thread added: 0x0000013b7a0c0b40
Event: 8.621 Thread 0x0000013b5875e8e0 Thread added: 0x0000013b7a0c29a0
Event: 8.684 Thread 0x0000013b75452650 Thread added: 0x0000013b7a0c1a70
Event: 8.685 Thread 0x0000013b75452650 Thread added: 0x0000013b7a0c6b70
Event: 8.686 Thread 0x0000013b75452650 Thread added: 0x0000013b7a0c4800
Event: 9.906 Thread 0x0000013b7a08bac0 Thread exited: 0x0000013b7a08bac0
Event: 9.961 Thread 0x0000013b5875e8e0 Thread added: 0x0000013b7a0c4d10
Event: 9.962 Thread 0x0000013b5875e8e0 Thread added: 0x0000013b7a0c1050
Event: 9.964 Thread 0x0000013b7a0c4d10 Thread added: 0x0000013b7a0c2490
Event: 9.964 Thread 0x0000013b7a0c4d10 Thread added: 0x0000013b7a0c7aa0
Event: 9.979 Thread 0x0000013b751b5620 Thread added: 0x0000013b7dae8af0
Event: 12.148 Thread 0x0000013b7dae8af0 Thread exited: 0x0000013b7dae8af0
Event: 12.190 Thread 0x0000013b751b5620 Thread added: 0x0000013b7b69c400
Event: 14.143 Thread 0x0000013b7b69c400 Thread exited: 0x0000013b7b69c400
Event: 15.586 Thread 0x0000013b751b5620 Thread added: 0x0000013b7b69c400


Dynamic libraries:
0x00007ff6c5f30000 - 0x00007ff6c5f3e000 	C:\Users\qk user2\.katalon\packages\KSE-10.4.2\jre\bin\javaw.exe
0x00007ffb56180000 - 0x00007ffb56384000 	C:\Windows\SYSTEM32\ntdll.dll
0x00007ffb540b0000 - 0x00007ffb5416c000 	C:\Windows\System32\KERNEL32.DLL
0x00007ffb53770000 - 0x00007ffb53ae0000 	C:\Windows\System32\KERNELBASE.dll
0x00007ffb53db0000 - 0x00007ffb53ec0000 	C:\Windows\System32\ucrtbase.dll
0x00007ffb43ad0000 - 0x00007ffb43ae7000 	C:\Users\qk user2\.katalon\packages\KSE-10.4.2\jre\bin\jli.dll
0x00007ffb55940000 - 0x00007ffb55ae6000 	C:\Windows\System32\USER32.dll
0x00007ffb53d00000 - 0x00007ffb53d26000 	C:\Windows\System32\win32u.dll
0x00007ffb40b40000 - 0x00007ffb40b5e000 	C:\Users\qk user2\.katalon\packages\KSE-10.4.2\jre\bin\VCRUNTIME140.dll
0x00007ffb54430000 - 0x00007ffb5445c000 	C:\Windows\System32\GDI32.dll
0x00007ffb529d0000 - 0x00007ffb52c75000 	C:\Windows\WinSxS\amd64_microsoft.windows.common-controls_6595b64144ccf1df_6.0.20348.4294_none_947bfbafeeecc1d8\COMCTL32.dll
0x00007ffb53f90000 - 0x00007ffb540ac000 	C:\Windows\System32\gdi32full.dll
0x00007ffb54460000 - 0x00007ffb54503000 	C:\Windows\System32\msvcrt.dll
0x00007ffb53ef0000 - 0x00007ffb53f90000 	C:\Windows\System32\msvcp_win.dll
0x00007ffb551a0000 - 0x00007ffb551d1000 	C:\Windows\System32\IMM32.DLL
0x00007ffb42000000 - 0x00007ffb4215d000 	C:\Windows\system32\tmumh\20019\AddOn\8.55.0.1389\TmUmEvt64.dll
0x00007ffb543e0000 - 0x00007ffb543e8000 	C:\Windows\System32\PSAPI.DLL
0x00007ffb55f90000 - 0x00007ffb56041000 	C:\Windows\System32\ADVAPI32.dll
0x00007ffb54170000 - 0x00007ffb54212000 	C:\Windows\System32\sechost.dll
0x00007ffb53ec0000 - 0x00007ffb53ee7000 	C:\Windows\System32\bcrypt.dll
0x00007ffb54b20000 - 0x00007ffb54c40000 	C:\Windows\System32\RPCRT4.dll
0x00000000741c0000 - 0x00000000742e5000 	C:\Windows\system32\tmumh\20019\TmMon\2.9.0.1228\tmmon64.dll
0x00007ffb21160000 - 0x00007ffb2149a000 	C:\Windows\System32\TmLWE\TmUmSnsr64\1.0.0.1158\TmUmSnsr64.dll
0x00007ffb51920000 - 0x00007ffb51937000 	C:\Windows\SYSTEM32\kernel.appcore.dll
0x00007ffb49850000 - 0x00007ffb4985c000 	C:\Users\qk user2\.katalon\packages\KSE-10.4.2\jre\bin\vcruntime140_1.dll
0x00007ffb35970000 - 0x00007ffb359fd000 	C:\Users\qk user2\.katalon\packages\KSE-10.4.2\jre\bin\msvcp140.dll
0x00007ffb20260000 - 0x00007ffb20ecb000 	C:\Users\qk user2\.katalon\packages\KSE-10.4.2\jre\bin\server\jvm.dll
0x00007ffb55dc0000 - 0x00007ffb55e31000 	C:\Windows\System32\WS2_32.dll
0x00007ffb535c0000 - 0x00007ffb5360d000 	C:\Windows\SYSTEM32\POWRPROF.dll
0x00007ffb435c0000 - 0x00007ffb435e7000 	C:\Windows\SYSTEM32\WINMM.dll
0x00007ffb47050000 - 0x00007ffb4705a000 	C:\Windows\SYSTEM32\VERSION.dll
0x00007ffb535a0000 - 0x00007ffb535b3000 	C:\Windows\SYSTEM32\UMPDC.dll
0x00007ffb4a150000 - 0x00007ffb4a15a000 	C:\Users\qk user2\.katalon\packages\KSE-10.4.2\jre\bin\jimage.dll
0x00007ffb52f80000 - 0x00007ffb531a0000 	C:\Windows\SYSTEM32\DBGHELP.DLL
0x00007ffb52ed0000 - 0x00007ffb52f00000 	C:\Windows\SYSTEM32\dbgcore.DLL
0x00007ffb536f0000 - 0x00007ffb5376f000 	C:\Windows\System32\bcryptPrimitives.dll
0x00007ffb358a0000 - 0x00007ffb358c5000 	C:\Users\qk user2\.katalon\packages\KSE-10.4.2\jre\bin\java.dll
0x00007ffb40b20000 - 0x00007ffb40b38000 	C:\Users\qk user2\.katalon\packages\KSE-10.4.2\jre\bin\zip.dll
0x00007ffb551e0000 - 0x00007ffb5593a000 	C:\Windows\System32\SHELL32.dll
0x00007ffb4ce40000 - 0x00007ffb4d684000 	C:\Windows\SYSTEM32\windows.storage.dll
0x00007ffb54740000 - 0x00007ffb54ab0000 	C:\Windows\System32\combase.dll
0x00007ffb550b0000 - 0x00007ffb5519a000 	C:\Windows\System32\SHCORE.dll
0x00007ffb56050000 - 0x00007ffb560af000 	C:\Windows\System32\shlwapi.dll
0x00007ffb53620000 - 0x00007ffb53641000 	C:\Windows\SYSTEM32\profapi.dll
0x00007ffb40a20000 - 0x00007ffb40a39000 	C:\Users\qk user2\.katalon\packages\KSE-10.4.2\jre\bin\net.dll
0x00007ffb4b370000 - 0x00007ffb4b478000 	C:\Windows\SYSTEM32\WINHTTP.dll
0x00007ffb52540000 - 0x00007ffb525a8000 	C:\Windows\system32\mswsock.dll
0x00007ffb38160000 - 0x00007ffb38176000 	C:\Users\qk user2\.katalon\packages\KSE-10.4.2\jre\bin\nio.dll
0x00007ffb40210000 - 0x00007ffb40220000 	C:\Users\qk user2\.katalon\packages\KSE-10.4.2\jre\bin\verify.dll
0x00007ffb3e8c0000 - 0x00007ffb3e8c9000 	C:\Users\qk user2\.katalon\packages\KSE-10.4.2\jre\bin\extnet.dll
0x00007ffb52260000 - 0x00007ffb5233e000 	C:\Windows\SYSTEM32\DNSAPI.dll
0x00007ffb52230000 - 0x00007ffb5225d000 	C:\Windows\SYSTEM32\IPHLPAPI.DLL
0x00007ffb54730000 - 0x00007ffb54739000 	C:\Windows\System32\NSI.dll
0x00007ffb47ae0000 - 0x00007ffb47aea000 	C:\Windows\System32\rasadhlp.dll
0x00007ffb4b890000 - 0x00007ffb4b912000 	C:\Windows\System32\fwpuclnt.dll
0x00007ffb3d8e0000 - 0x00007ffb3d8ea000 	C:\Users\qk user2\.katalon\packages\KSE-10.4.2\jre\bin\management.dll
0x00007ffb3c460000 - 0x00007ffb3c46b000 	C:\Users\qk user2\.katalon\packages\KSE-10.4.2\jre\bin\management_ext.dll
0x00007ffb532c0000 - 0x00007ffb532db000 	C:\Windows\SYSTEM32\CRYPTSP.dll
0x00007ffb52050000 - 0x00007ffb52088000 	C:\Windows\system32\rsaenh.dll
0x00007ffb527e0000 - 0x00007ffb5280e000 	C:\Windows\SYSTEM32\USERENV.dll
0x00007ffb52810000 - 0x00007ffb5281c000 	C:\Windows\SYSTEM32\CRYPTBASE.dll
0x00007ffb4b860000 - 0x00007ffb4b879000 	C:\Windows\SYSTEM32\dhcpcsvc6.DLL
0x00007ffb4b7d0000 - 0x00007ffb4b7ed000 	C:\Windows\SYSTEM32\dhcpcsvc.DLL
0x00007ffb3fbb0000 - 0x00007ffb3fbbe000 	C:\Users\qk user2\.katalon\packages\KSE-10.4.2\jre\bin\sunmscapi.dll
0x00007ffb53ae0000 - 0x00007ffb53c40000 	C:\Windows\System32\CRYPT32.dll
0x00007ffb52760000 - 0x00007ffb5278f000 	C:\Windows\SYSTEM32\ncrypt.dll
0x00007ffb52720000 - 0x00007ffb52757000 	C:\Windows\SYSTEM32\NTASN1.dll
0x00007ffb3e860000 - 0x00007ffb3e868000 	C:\Windows\system32\wshunix.dll

dbghelp: loaded successfully - version: 4.0.5 - missing functions: none
symbol engine: initialized successfully - sym options: 0x614 - pdb path: .;C:\Users\qk user2\.katalon\packages\KSE-10.4.2\jre\bin;C:\Windows\SYSTEM32;C:\Windows\WinSxS\amd64_microsoft.windows.common-controls_6595b64144ccf1df_6.0.20348.4294_none_947bfbafeeecc1d8;C:\Windows\system32\tmumh\20019\AddOn\8.55.0.1389;C:\Windows\system32\tmumh\20019\TmMon\2.9.0.1228;C:\Windows\System32\TmLWE\TmUmSnsr64\1.0.0.1158;C:\Users\qk user2\.katalon\packages\KSE-10.4.2\jre\bin\server

VM Arguments:
jvm_args: -Dgroovy.home=C:\Users\qk user2/.groovy -Djava.system.class.loader=groovy.lang.GroovyClassLoader -Xmx2048m -Dfile.encoding=UTF-8 -Dstdout.encoding=UTF-8 -Dstderr.encoding=UTF-8 -XX:+ShowCodeDetailsInExceptionMessages 
java_command: org.codehaus.groovy.tools.GroovyStarter --classpath E:\Death_Claim_Automation\bin\keyword;E:\Death_Claim_Automation\Keywords;E:\Death_Claim_Automation\bin\listener;E:\Death_Claim_Automation\Test Listeners;E:\Death_Claim_Automation\bin\lib;E:\Death_Claim_Automation\Libs;E:\Death_Claim_Automation\bin\groovy;E:\Death_Claim_Automation\Include\scripts\groovy;C:\Users\qk user2\.katalon\packages\KSE-10.4.2\plugins\com.kms.katalon.core_1.0.0.202511190132.jar;C:\Users\qk user2\.katalon\packages\KSE-10.4.2\configuration\resources\lib\aalto-xml-1.0.0.jar;C:\Users\qk user2\.katalon\packages\KSE-10.4.2\configuration\resources\lib\aws-2.20.3-fat.jar;C:\Users\qk user2\.katalon\packages\KSE-10.4.2\configuration\resources\lib\browsermob-core-2.1.5.jar;C:\Users\qk user2\.katalon\packages\KSE-10.4.2\configuration\resources\lib\byte-buddy-1.14.3.jar;C:\Users\qk user2\.katalon\packages\KSE-10.4.2\configuration\resources\lib\byte-buddy-agent-1.14.3.jar;C:\Users\qk user2\.katalon\packages\KSE-10.4.2\configuration\resources\lib\commons-codec-1.10.jar;C:\Users\qk user2\.katalon\packages\KSE-10.4.2\configuration\resources\lib\commons-collections4-4.1.jar;C:\Users\qk user2\.katalon\packages\KSE-10.4.2\configuration\resources\lib\commons-javaflow-20060411.jar;C:\Users\qk user2\.katalon\packages\KSE-10.4.2\configuration\resources\lib\commons-logging-1.3.4.jar;C:\Users\qk user2\.katalon\packages\KSE-10.4.2\configuration\resources\lib\curvesapi-1.04.jar;C:\Users\qk user2\.katalon\packages\KSE-10.4.2\configuration\resources\lib\dnsjava-3.6.2.jar;C:\Users\qk user2\.katalon\packages\KSE-10.4.2\configuration\resources\lib\ecj-3.21.0.jar;C:\Users\qk user2\.katalon\packages\KSE-10.4.2\configuration\resources\lib\fontbox-3.0.4.jar;C:\Users\qk user2\.katalon\packages\KSE-10.4.2\configuration\resources\lib\groovy-3.0.17.jar;C:\Users\qk user2\.katalon\packages\KSE-10.4.2\configuration\resources\lib\jackson-coreutils-2.0.jar;C:\Users\qk user2\.katalon\packages\KSE-10.4.2\configuration\resour
java_class_path (initial): E:\Death_Claim_Automation\bin\keyword;E:\Death_Claim_Automation\bin\listener;E:\Death_Claim_Automation\bin\lib;E:\Death_Claim_Automation\bin\groovy;E:\Death_Claim_Automation\bin;C:\Users\qk user2\.katalon\packages\KSE-10.4.2\plugins\com.kms.katalon.core_1.0.0.202511190132.jar;C:\Users\qk user2\.katalon\packages\KSE-10.4.2\configuration\resources\lib\aalto-xml-1.0.0.jar;C:\Users\qk user2\.katalon\packages\KSE-10.4.2\configuration\resources\lib\aws-2.20.3-fat.jar;C:\Users\qk user2\.katalon\packages\KSE-10.4.2\configuration\resources\lib\browsermob-core-2.1.5.jar;C:\Users\qk user2\.katalon\packages\KSE-10.4.2\configuration\resources\lib\byte-buddy-1.14.3.jar;C:\Users\qk user2\.katalon\packages\KSE-10.4.2\configuration\resources\lib\byte-buddy-agent-1.14.3.jar;C:\Users\qk user2\.katalon\packages\KSE-10.4.2\configuration\resources\lib\commons-codec-1.10.jar;C:\Users\qk user2\.katalon\packages\KSE-10.4.2\configuration\resources\lib\commons-collections4-4.1.jar;C:\Users\qk user2\.katalon\packages\KSE-10.4.2\configuration\resources\lib\commons-javaflow-20060411.jar;C:\Users\qk user2\.katalon\packages\KSE-10.4.2\configuration\resources\lib\commons-logging-1.3.4.jar;C:\Users\qk user2\.katalon\packages\KSE-10.4.2\configuration\resources\lib\curvesapi-1.04.jar;C:\Users\qk user2\.katalon\packages\KSE-10.4.2\configuration\resources\lib\dnsjava-3.6.2.jar;C:\Users\qk user2\.katalon\packages\KSE-10.4.2\configuration\resources\lib\ecj-3.21.0.jar;C:\Users\qk user2\.katalon\packages\KSE-10.4.2\configuration\resources\lib\fontbox-3.0.4.jar;C:\Users\qk user2\.katalon\packages\KSE-10.4.2\configuration\resources\lib\groovy-3.0.17.jar;C:\Users\qk user2\.katalon\packages\KSE-10.4.2\configuration\resources\lib\jackson-coreutils-2.0.jar;C:\Users\qk user2\.katalon\packages\KSE-10.4.2\configuration\resources\lib\jackson-coreutils-equivalence-1.0.jar;C:\Users\qk user2\.katalon\packages\KSE-10.4.2\configuration\resources\lib\jasperreports-6.20.5.jar;C:\Users\qk user2\.
Launcher Type: SUN_STANDARD

[Global flags]
     intx CICompilerCount                          = 3                                         {product} {ergonomic}
     uint ConcGCThreads                            = 1                                         {product} {ergonomic}
     uint G1ConcRefinementThreads                  = 4                                         {product} {ergonomic}
   size_t G1HeapRegionSize                         = 1048576                                   {product} {ergonomic}
    uintx GCDrainStackTargetSize                   = 64                                        {product} {ergonomic}
   size_t InitialHeapSize                          = 268435456                                 {product} {ergonomic}
   size_t MarkStackSize                            = 4194304                                   {product} {ergonomic}
   size_t MaxHeapSize                              = 2147483648                                {product} {command line}
   size_t MaxNewSize                               = 1287651328                                {product} {ergonomic}
   size_t MinHeapDeltaBytes                        = 1048576                                   {product} {ergonomic}
   size_t MinHeapSize                              = 8388608                                   {product} {ergonomic}
    uintx NonNMethodCodeHeapSize                   = 5832780                                {pd product} {ergonomic}
    uintx NonProfiledCodeHeapSize                  = 122912730                              {pd product} {ergonomic}
    uintx ProfiledCodeHeapSize                     = 122912730                              {pd product} {ergonomic}
    uintx ReservedCodeCacheSize                    = 251658240                              {pd product} {ergonomic}
     bool SegmentedCodeCache                       = true                                      {product} {ergonomic}
     bool ShowCodeDetailsInExceptionMessages       = true                                   {manageable} {command line}
   size_t SoftMaxHeapSize                          = 2147483648                             {manageable} {ergonomic}
     bool UseCompressedClassPointers               = true                           {product lp64_product} {ergonomic}
     bool UseCompressedOops                        = true                           {product lp64_product} {ergonomic}
     bool UseG1GC                                  = true                                      {product} {ergonomic}
     bool UseLargePagesIndividualAllocation        = false                                  {pd product} {ergonomic}

Logging:
Log output configuration:
 #0: stdout all=warning uptime,level,tags
 #1: stderr all=off uptime,level,tags

Environment Variables:
PATH=C:/Users/qk user2/.katalon/packages/KSE-10.4.2/jre/bin/server;C:/Users/qk user2/.katalon/packages/KSE-10.4.2/jre/bin;C:\Program Files\Common Files\Oracle\Java\javapath;C:\Program Files (x86)\Common Files\Oracle\Java\java8path;C:\Program Files (x86)\Common Files\Oracle\Java\javapath;C:\Windows\system32;C:\Windows;C:\Windows\System32\Wbem;C:\Windows\System32\WindowsPowerShell\v1.0\;C:\Windows\System32\OpenSSH\;C:\Program Files\Java\jdk-17\bin;C:\Users\qk user2\AppData\Local\Microsoft\WindowsApps;;C:\Users\qk user2\.katalon\packages\KSE-10.4.2;
USERNAME=QK user2
OS=Windows_NT
PROCESSOR_IDENTIFIER=Intel64 Family 6 Model 85 Stepping 4, GenuineIntel
TMP=C:\Users\QKUSER~1\AppData\Local\Temp\5
TEMP=C:\Users\QKUSER~1\AppData\Local\Temp\5



Periodic native trim disabled


---------------  S Y S T E M  ---------------

OS:
 Windows Server 2022 , 64 bit Build 20348 (10.0.20348.3692)
OS uptime: 23 days 0:29 hours
VMWare virtualization detected

CPU: total 4 (initial active 4) (2 cores per cpu, 1 threads per core) family 6 model 85 stepping 4 microcode 0x2007006, cx8, cmov, fxsr, mmx, 3dnowpref, sse, sse2, sse3, ssse3, sse4.1, sse4.2, popcnt, lzcnt, tsc, tscinvbit, avx, avx2, aes, erms, clmul, bmi1, bmi2, adx, fma, vzeroupper, clflush, clflushopt, clwb, hv
Processor Information for all 4 processors :
  Max Mhz: 2594, Current Mhz: 2594, Mhz Limit: 2594

Memory: 4k page, system-wide physical 16383M (1397M free)
TotalPageFile size 29096M (AvailPageFile size 5M)
current process WorkingSet (physical memory assigned to process): 331M, peak: 335M
current process commit charge ("private bytes"): 355M, peak: 391M

vm_info: OpenJDK 64-Bit Server VM (17.0.14+7) for windows-amd64 JRE (17.0.14+7), built on Jan 21 2025 23:40:15 by "admin" with MS VC++ 17.7 (VS2022)

END.
