#
# There is insufficient memory for the Java Runtime Environment to continue.
# Native memory allocation (malloc) failed to allocate 190976 bytes. Error detail: Chunk::new
# Possible reasons:
#   The system is out of physical RAM or swap space
#   This process is running with CompressedOops enabled, and the Java Heap may be blocking the growth of the native heap
# Possible solutions:
#   Reduce memory load on the system
#   Increase physical memory or swap space
#   Check if swap backing store is full
#   Decrease Java heap size (-Xmx/-Xms)
#   Decrease number of Java threads
#   Decrease Java thread stack sizes (-Xss)
#   Set larger code cache with -XX:ReservedCodeCacheSize=
#   JVM is running with Unscaled Compressed Oops mode in which the Java heap is
#     placed in the first 4GB address space. The Java Heap base address is the
#     maximum limit for the native heap growth. Please use -XX:HeapBaseMinAddress
#     to set the Java Heap base and to place the Java Heap above 4GB virtual address.
# This output file may be truncated or incomplete.
#
#  Out of Memory Error (arena.cpp:191), pid=215784, tid=213912
#
# JRE version: OpenJDK Runtime Environment Temurin-17.0.14+7 (17.0.14+7) (build 17.0.14+7)
# Java VM: OpenJDK 64-Bit Server VM Temurin-17.0.14+7 (17.0.14+7, mixed mode, tiered, compressed oops, compressed class ptrs, g1 gc, windows-amd64)
# Core dump will be written. Default location: E:\Death_Claim_Automation\hs_err_pid215784.mdmp
#

---------------  S U M M A R Y ------------

Command Line: -Dgroovy.home=C:\Users\qk user2/.groovy -Djava.system.class.loader=groovy.lang.GroovyClassLoader -Xmx2048m -Dfile.encoding=UTF-8 -Dstdout.encoding=UTF-8 -Dstderr.encoding=UTF-8 -XX:+ShowCodeDetailsInExceptionMessages org.codehaus.groovy.tools.GroovyStarter --classpath E:\Death_Claim_Automation\bin\keyword;E:\Death_Claim_Automation\Keywords;E:\Death_Claim_Automation\bin\listener;E:\Death_Claim_Automation\Test Listeners;E:\Death_Claim_Automation\bin\lib;E:\Death_Claim_Automation\Libs;E:\Death_Claim_Automation\bin\groovy;E:\Death_Claim_Automation\Include\scripts\groovy;C:\Users\qk user2\.katalon\packages\KSE-10.4.2\plugins\com.kms.katalon.core_1.0.0.202511190132.jar;C:\Users\qk user2\.katalon\packages\KSE-10.4.2\configuration\resources\lib\aalto-xml-1.0.0.jar;C:\Users\qk user2\.katalon\packages\KSE-10.4.2\configuration\resources\lib\aws-2.20.3-fat.jar;C:\Users\qk user2\.katalon\packages\KSE-10.4.2\configuration\resources\lib\browsermob-core-2.1.5.jar;C:\Users\qk user2\.katalon\packages\KSE-10.4.2\configuration\resources\lib\byte-buddy-1.14.3.jar;C:\Users\qk user2\.katalon\packages\KSE-10.4.2\configuration\resources\lib\byte-buddy-agent-1.14.3.jar;C:\Users\qk user2\.katalon\packages\KSE-10.4.2\configuration\resources\lib\commons-codec-1.10.jar;C:\Users\qk user2\.katalon\packages\KSE-10.4.2\configuration\resources\lib\commons-collections4-4.1.jar;C:\Users\qk user2\.katalon\packages\KSE-10.4.2\configuration\resources\lib\commons-javaflow-20060411.jar;C:\Users\qk user2\.katalon\packages\KSE-10.4.2\configuration\resources\lib\commons-logging-1.3.4.jar;C:\Users\qk user2\.katalon\packages\KSE-10.4.2\configuration\resources\lib\curvesapi-1.04.jar;C:\Users\qk user2\.katalon\packages\KSE-10.4.2\configuration\resources\lib\dnsjava-3.6.2.jar;C:\Users\qk user2\.katalon\packages\KSE-10.4.2\configuration\resources\lib\ecj-3.21.0.jar;C:\Users\qk user2\.katalon\packages\KSE-10.4.2\configuration\resources\lib\fontbox-3.0.4.jar;C:\Users\qk user2\.katalon\packages\KSE-10.4.2\configuration\resources\lib\groovy-3.0.17.jar;C:\Users\qk user2\.katalon\packages\KSE-10.4.2\configuration\resources\lib\jackson-coreutils-2.0.jar;C:\Users\qk user2\.katalon\packages\KSE-10.4.2\configuration\resources\lib\jackson-coreutils-equivalence-1.0.jar;C:\Users\qk user2\.katalon\packages\KSE-10.4.2\configuration\resources\lib\jasperreports-6.20.5.jar;C:\Users\qk user2\.katalon\packages\KSE-10.4.2\configuration\resources\lib\jasperreports-fonts-6.20.5.jar;C:\Users\qk user2\.katalon\packages\KSE-10.4.2\configuration\resources\lib\javax.servlet-api_3.1.0.jar;C:\Users\qk user2\.katalon\packages\KSE-10.4.2\configuration\resources\lib\jna-5.12.1.jar;C:\Users\qk user2\.katalon\packages\KSE-10.4.2\configuration\resources\lib\jna-platform-5.12.1.jar;C:\Users\qk user2\.katalon\packages\KSE-10.4.2\configuration\resources\lib\json-schema-core-1.2.14.jar;C:\Users\qk user2\.katalon\packages\KSE-10.4.2\configuration\resources\lib\json-schema-validator-2.2.14.jar;C:\Users\qk user2\.katalon\packages\KSE-10.4.2\configuration\resources\lib\jzlib-1.1.3.jar;C:\Users\qk user2\.katalon\packages\KSE-10.4.2\configuration\resources\lib\kat-server.jar;C:\Users\qk user2\.katalon\packages\KSE-10.4.2\configuration\resources\lib\littleproxy-1.1.0-beta-bmp-17.jar;C:\Users\qk user2\.katalon\packages\KSE-10.4.2\configuration\resources\lib\log4j-1.2-api-2.17.1.jar;C:\Users\qk user2\.katalon\packages\KSE-10.4.2\configuration\resources\lib\log4j-api-2.17.1.jar;C:\Users\qk user2\.katalon\packages\KSE-10.4.2\configuration\resources\lib\log4j-core-2.17.1.jar;C:\Users\qk user2\.katalon\packages\KSE-10.4.2\configuration\resources\lib\mitm-2.1.5.jar;C:\Users\qk user2\.katalon\packages\KSE-10.4.2\configuration\resources\lib\mockito-core-5.2.0.jar;C:\Users\qk user2\.katalon\packages\KSE-10.4.2\configuration\resources\lib\mockito-inline-5.2.0.jar;C:\Users\qk user2\.katalon\packages\KSE-10.4.2\configuration\resources\lib\objenesis-3.3.jar;C:\Users\qk user2\.katalon\packages\KSE-10.4.2\configuration\resources\lib\openpdf-1.3.30.jaspersoft.2.jar;C:\Users\qk user2\.katalon\packages\KSE-10.4.2\configuration\resources\lib\pdfbox-3.0.4.jar;C:\Users\qk user2\.katalon\packages\KSE-10.4.2\configuration\resources\lib\pdfbox-io-3.0.4.jar;C:\Users\qk user2\.katalon\packages\KSE-10.4.2\configuration\resources\lib\poi-3.17.jar;C:\Users\qk user2\.katalon\packages\KSE-10.4.2\configuration\resources\lib\poi-ooxml-3.17.jar;C:\Users\qk user2\.katalon\packages\KSE-10.4.2\configuration\resources\lib\poi-ooxml-schemas-3.17.jar;C:\Users\qk user2\.katalon\packages\KSE-10.4.2\configuration\resources\lib\repackaged-sikuli-api-1.0.2-standalone.jar;C:\Users\qk user2\.katalon\packages\KSE-10.4.2\configuration\resources\lib\selenium-shutterbug-1.1.jar;C:\Users\qk user2\.katalon\packages\KSE-10.4.2\configuration\resources\lib\soap-builder-1.0.0.jar;C:\Users\qk user2\.katalon\packages\KSE-10.4.2\configuration\resources\lib\soap-common-1.0.0.jar;C:\Users\qk user2\.katalon\packages\KSE-10.4.2\configuration\resources\lib\soap-legacy-1.0.0.jar;C:\Users\qk user2\.katalon\packages\KSE-10.4.2\configuration\resources\lib\stax2-api-4.0.0.jar;C:\Users\qk user2\.katalon\packages\KSE-10.4.2\configuration\resources\lib\su.jar;C:\Users\qk user2\.katalon\packages\KSE-10.4.2\configuration\resources\lib\swagger-parser-1.0.67-fat.jar;C:\Users\qk user2\.katalon\packages\KSE-10.4.2\configuration\resources\lib\uri-template-0.1.jar;C:\Users\qk user2\.katalon\packages\KSE-10.4.2\configuration\resources\lib\wadl.jar;C:\Users\qk user2\.katalon\packages\KSE-10.4.2\configuration\resources\lib\xmlbeans-3.1.0.jar;C:\Users\qk user2\.katalon\packages\KSE-10.4.2\plugins\net.sf.supercsv.super-csv_2.4.0.jar;C:\Users\qk user2\.katalon\packages\KSE-10.4.2\plugins\org.apache.commons.commons-io_2.17.0.jar;C:\Users\qk user2\.katalon\packages\KSE-10.4.2\plugins\org.apache.commons.lang_2.6.0.jar;C:\Users\qk user2\.katalon\packages\KSE-10.4.2\plugins\com.google.gson_2.11.0.jar;C:\Users\qk user2\.katalon\packages\KSE-10.4.2\plugins\org.jsoup_1.21.1.jar;C:\Users\qk user2\.katalon\packages\KSE-10.4.2\plugins\org.apache.commons.dbutils_1.6.0.jar;C:\Users\qk user2\.katalon\packages\KSE-10.4.2\plugins\com.oracle.database.jdbc.ojdbc11_21.18.0.0.jar;C:\Users\qk user2\.katalon\packages\KSE-10.4.2\plugins\org.postgresql.jdbc_42.7.7.jar;c:\Users\qk user2\.katalon\packages\KSE-10.4.2\plugins\org.eclipse.osgi_3.22.0.v20241030-2121.jar;C:\Users\qk user2\.katalon\packages\KSE-10.4.2\plugins\com.kms.katalon.constant_1.0.0.202511190132.jar;C:\Users\qk user2\.katalon\packages\KSE-10.4.2\plugins\org.eclipse.persistence.eclipselink_2.7.11.jar;C:\Users\qk user2\.katalon\packages\KSE-10.4.2\plugins\com.kms.katalon.selenium-standalone_1.0.0.202511190132.jar;C:\Users\qk user2\.katalon\packages\KSE-10.4.2\plugins\atu.testrecorder.screen-recorder_2.1.0.jar;C:\Users\qk user2\.katalon\packages\KSE-10.4.2\plugins\com.google.guava_33.4.8.jre.jar;C:\Users\qk user2\.katalon\packages\KSE-10.4.2\plugins\com.kms.katalon.util_1.0.0.202511190132.jar;C:\Users\qk user2\.katalon\packages\KSE-10.4.2\plugins\org.apache.httpcomponents.httpclient_4.5.14.jar;C:\Users\qk user2\.katalon\packages\KSE-10.4.2\plugins\org.apache.httpcomponents.httpcore_4.4.16.jar;C:\Users\qk user2\.katalon\packages\KSE-10.4.2\plugins\org.apache.httpcomponents.httpmime_4.5.13.jar;C:\Users\qk user2\.katalon\packages\KSE-10.4.2\plugins\org.apache.commons.lang3_3.18.0.jar;C:\Users\qk user2\.katalon\packages\KSE-10.4.2\plugins\org.greenrobot.eventbus_3.1.1.jar;C:\Users\qk user2\.katalon\packages\KSE-10.4.2\plugins\net.bytebuddy.byte-buddy_1.17.6.jar;C:\Users\qk user2\.katalon\packages\KSE-10.4.2\plugins\org.junit_4.13.2.v20230809-1000.jar;C:\Users\qk user2\.katalon\packages\KSE-10.4.2\plugins\com.fasterxml.jackson.core.jackson-databind_2.18.4.jar;C:\Users\qk user2\.katalon\packages\KSE-10.4.2\plugins\com.fasterxml.jackson.core.jackson-core_2.18.4.jar;C:\Users\qk user2\.katalon\packages\KSE-10.4.2\plugins\com.fasterxml.jackson.core.jackson-annotations_2.18.4.jar;C:\Users\qk user2\.katalon\packages\KSE-10.4.2\plugins\slf4j.api_2.0.17.jar;C:\Users\qk user2\.katalon\packages\KSE-10.4.2\plugins\org.fusesource.jansi_1.17.1.jar;C:\Users\qk user2\.katalon\packages\KSE-10.4.2\plugins\com.kms.katalon.netlightbody_1.0.0.202511190132.jar;C:\Users\qk user2\.katalon\packages\KSE-10.4.2\plugins\com.kms.katalon.poi_1.0.0.202511190132.jar;C:\Users\qk user2\.katalon\packages\KSE-10.4.2\plugins\org.apache.commons.commons-text_1.10.0.jar;C:\Users\qk user2\.katalon\packages\KSE-10.4.2\plugins\com.microsoft.sqlserver.mssql-jdbc_12.6.5.jar;C:\Users\qk user2\.katalon\packages\KSE-10.4.2\plugins\com.github.kklisura.cdt.java-client_2.1.0.jar;C:\Users\qk user2\.katalon\packages\KSE-10.4.2\plugins\javax.websocket-api_1.1.0.jar;C:\Users\qk user2\.katalon\packages\KSE-10.4.2\plugins\org.glassfish.tyrus.container-grizzly-client_1.13.1.jar;C:\Users\qk user2\.katalon\packages\KSE-10.4.2\plugins\org.glassfish.grizzly.http-server_2.3.25.jar;C:\Users\qk user2\.katalon\packages\KSE-10.4.2\plugins\org.glassfish.grizzly.framework_2.3.25.jar;C:\Users\qk user2\.katalon\packages\KSE-10.4.2\plugins\org.glassfish.grizzly.http_2.3.25.jar;C:\Users\qk user2\.katalon\packages\KSE-10.4.2\plugins\org.glassfish.tyrus.client_1.13.1.jar;C:\Users\qk user2\.katalon\packages\KSE-10.4.2\plugins\org.glassfish.tyrus.core_1.13.1.jar;C:\Users\qk user2\.katalon\packages\KSE-10.4.2\plugins\org.glassfish.tyrus.spi_1.13.1.jar;C:\Users\qk user2\.katalon\packages\KSE-10.4.2\plugins\javassist_3.28.0.GA.jar;C:\Users\qk user2\.katalon\packages\KSE-10.4.2\plugins\graphql-java_22.3.0.jar;C:\Users\qk user2\.katalon\packages\KSE-10.4.2\plugins\org.glassfish.jaxb.runtime_2.3.6.jar;C:\Users\qk user2\.katalon\packages\KSE-10.4.2\plugins\org.glassfish.jaxb.txw2_2.3.6.jar;C:\Users\qk user2\.katalon\packages\KSE-10.4.2\plugins\org.dom4j_2.1.4.jar;C:\Users\qk user2\.katalon\packages\KSE-10.4.2\plugins\com.kms.katalon.groovy-extended_1.0.0.202511190132.jar;C:\Users\qk user2\.katalon\packages\KSE-10.4.2\plugins\com.sun.activation.javax.activation_1.2.0.jar;C:\Users\qk user2\.katalon\packages\KSE-10.4.2\plugins\jakarta.xml.bind-api_4.0.2.jar;C:\Users\qk user2\.katalon\packages\KSE-10.4.2\plugins\org.eclipse.jface_3.35.100.v20241003-1431.jar;C:\Users\qk user2\.katalon\packages\KSE-10.4.2\plugins\com.kms.katalon.logging_1.0.0.202511190132.jar;C:\Users\qk user2\.katalon\packages\KSE-10.4.2\plugins\json_20240303.0.0.jar;C:\Users\qk user2\.katalon\packages\KSE-10.4.2\plugins\assertj-core_3.25.3.jar;C:\Users\qk user2\.katalon\packages\KSE-10.4.2\plugins\com.networknt.json-schema-validator_1.5.7.jar;C:\Users\qk user2\.katalon\packages\KSE-10.4.2\plugins\com.kms.katalon.network.apache_1.0.0.202511190132.jar;C:\Users\qk user2\.katalon\packages\KSE-10.4.2\plugins\com.kms.katalon.network.core_1.0.0.202511190132.jar;C:\Users\qk user2\.katalon\packages\KSE-10.4.2\plugins\java-dataloader_3.3.0.jar;C:\Users\qk user2\.katalon\packages\KSE-10.4.2\plugins\org.apache.commons.collections_3.2.2.v201511171945.jar;C:\Users\qk user2\.katalon\packages\KSE-10.4.2\plugins\org.apache.commons.commons-collections4_4.4.0.jar;C:\Users\qk user2\.katalon\packages\KSE-10.4.2\plugins\org.apache.commons.digester_2.1.0.jar;C:\Users\qk user2\.katalon\packages\KSE-10.4.2\plugins\stax2-api_4.2.2.jar;C:\Users\qk user2\.katalon\packages\KSE-10.4.2\plugins\com.fasterxml.woodstox.woodstox-core_6.6.2.jar;C:\Users\qk user2\.katalon\packages\KSE-10.4.2\plugins\org.apache.commons.logging_1.2.0.v20180409-1502.jar;C:\Users\qk user2\.katalon\packages\KSE-10.4.2\plugins\org.apache.commons.commons-beanutils_1.11.0.jar;C:\Users\qk user2\.katalon\packages\KSE-10.4.2\plugins\com.kms.katalon.report.core_1.0.0.202511190132.jar;C:\Users\qk user2\.katalon\packages\KSE-10.4.2\plugins\org.seleniumhq.selenium.selenium-api_4.34.0.jar;C:\Users\qk user2\.katalon\packages\KSE-10.4.2\plugins\org.seleniumhq.selenium.selenium-remote-driver_4.34.0.jar;C:\Users\qk user2\.katalon\packages\KSE-10.4.2\plugins\org.seleniumhq.selenium.selenium-http_4.34.0.jar;C:\Users\qk user2\.katalon\packages\KSE-10.4.2\plugins\ch.qos.logback.classic_1.5.19.jar;C:\Users\qk user2\.katalon\packages\KSE-10.4.2\plugins\ch.qos.logback.core_1.5.19.jar;C:\Users\qk user2\.katalon\packages\KSE-10.4.2\plugins\log4j.over.slf4j_1.7.36.jar;C:\Users\qk user2\.katalon\packages\KSE-10.4.2\plugins\org.eclipse.e4.core.contexts_1.13.0.v20241014-2013.jar;C:\Users\qk user2\.katalon\packages\KSE-10.4.2\plugins\com.github.oshi.oshi-core_6.9.1.jar;C:\Users\qk user2\.katalon\packages\KSE-10.4.2\plugins\com.sun.jna_5.18.1.jar;C:\Users\qk user2\.katalon\packages\KSE-10.4.2\plugins\com.sun.jna.platform_5.18.1.jar;C:\Users\qk user2\.katalon\packages\KSE-10.4.2\plugins\org.bidib.com.github.markusbernhardt.proxy-vole_1.1.7.jar;C:\Users\qk user2\.katalon\packages\KSE-10.4.2\plugins\org.hamcrest.core_1.3.0.jar;C:\Users\qk user2\.katalon\packages\KSE-10.4.2\plugins\org.beanshell.bsh_2.0.0.0b4.jar;C:\Users\qk user2\.katalon\packages\KSE-10.4.2\plugins\org.apache.ant.launcher_1.9.6.jar;C:\Users\qk user2\.katalon\packages\KSE-10.4.2\plugins\org.seleniumhq.selenium.selenium-chrome-driver_4.34.0.jar;C:\Users\qk user2\.katalon\packages\KSE-10.4.2\plugins\org.seleniumhq.selenium.selenium-chromium-driver_4.34.0.jar;C:\Users\qk user2\.katalon\packages\KSE-10.4.2\plugins\org.seleniumhq.selenium.selenium-edge-driver_4.34.0.jar;C:\Users\qk user2\.katalon\packages\KSE-10.4.2\plugins\org.seleniumhq.selenium.selenium-firefox-driver_4.34.0.jar;C:\Users\qk user2\.katalon\packages\KSE-10.4.2\plugins\org.seleniumhq.selenium.selenium-safari-driver_4.34.0.jar;C:\Users\qk user2\.katalon\packages\KSE-10.4.2\plugins\org.seleniumhq.selenium.selenium-ie-driver_4.34.0.jar;C:\Users\qk user2\.katalon\packages\KSE-10.4.2\plugins\org.seleniumhq.selenium.selenium-manager_4.34.0.jar;C:\Users\qk user2\.katalon\packages\KSE-10.4.2\plugins\org.seleniumhq.selenium.selenium-json_4.34.0.jar;C:\Users\qk user2\.katalon\packages\KSE-10.4.2\plugins\com.kms.katalon.core.appium_1.0.0.202511190132.jar;C:\Users\qk user2\.katalon\packages\KSE-10.4.2\plugins\org.seleniumhq.selenium.selenium-os_4.34.0.jar;C:\Users\qk user2\.katalon\packages\KSE-10.4.2\plugins\io.appium.java-client_9.5.0.jar;C:\Users\qk user2\.katalon\packages\KSE-10.4.2\plugins\org.eclipse.e4.core.services_2.5.0.v20241015-2219.jar;C:\Users\qk user2\.katalon\packages\KSE-10.4.2\plugins\org.eclipse.osgi.services_3.12.100.v20240327-0645.jar;C:\Users\qk user2\.katalon\packages\KSE-10.4.2\plugins\org.eclipse.equinox.common_3.19.200.v20241004-0654.jar;C:\Users\qk user2\.katalon\packages\KSE-10.4.2\plugins\com.kms.katalon.platform.core_1.0.0.202511190132.jar;C:\Users\qk user2\.katalon\packages\KSE-10.4.2\plugins\com.kms.katalon.common_1.0.0.202511190132.jar;C:\Users\qk user2\.katalon\packages\KSE-10.4.2\plugins\com.kms.katalon.session.core_1.0.0.202511190132.jar;C:\Users\qk user2\.katalon\packages\KSE-10.4.2\plugins\org.eclipse.e4.core.di_1.9.500.v20240606-1236.jar;C:\Users\qk user2\.katalon\packages\KSE-10.4.2\plugins\com.kms.katalon.execution.core_1.0.0.202511190132.jar;C:\Users\qk user2\.katalon\packages\KSE-10.4.2\plugins\org.eclipse.equinox.registry_3.12.200.v20241004-0654.jar;C:\Users\qk user2\.katalon\packages\KSE-10.4.2\plugins\oauth2-oidc-sdk_11.29.1.jar;C:\Users\qk user2\.katalon\packages\KSE-10.4.2\plugins\dev.failsafe_3.3.2.jar;C:\Users\qk user2\.katalon\packages\KSE-10.4.2\plugins\com.fasterxml.jackson.datatype.jackson-datatype-jsr310_2.17.2.jar;C:\Users\qk user2\.katalon\packages\KSE-10.4.2\plugins\org.eclipse.e4.core.di.annotations_1.8.400.v20240413-1529.jar;C:\Users\qk user2\.katalon\packages\KSE-10.4.2\plugins\net.minidev.json-smart_2.5.2.jar;C:\Users\qk user2\.katalon\packages\KSE-10.4.2\plugins\com.kms.katalon.core.webui_1.0.0.202511190132.jar;C:\Users\qk user2\.katalon\packages\KSE-10.4.2\plugins\org.seleniumhq.selenium.selenium-support_4.34.0.jar;C:\Users\qk user2\.katalon\packages\KSE-10.4.2\plugins\org.seleniumhq.selenium.selenium-devtools-v138_4.34.0.jar;C:\Users\qk user2\.katalon\packages\KSE-10.4.2\plugins\com.kms.katalon.core.mobile_1.0.0.202511190132.jar;C:\Users\qk user2\.katalon\packages\KSE-10.4.2\plugins\org.apache.commons.commons-validator_1.7.0.jar;C:\Users\qk user2\.katalon\packages\KSE-10.4.2\plugins\org.xmlunit.xmlunit-core_2.10.3.jar;C:\Users\qk user2\.katalon\packages\KSE-10.4.2\plugins\com.kms.katalon.core.cucumber_1.0.0.202511190132.jar;C:\Users\qk user2\.katalon\packages\KSE-10.4.2\plugins\io.cucumber.core_3.0.3.jar;C:\Users\qk user2\.katalon\packages\KSE-10.4.2\plugins\io.cucumber.datatable_1.1.16.jar;C:\Users\qk user2\.katalon\packages\KSE-10.4.2\plugins\io.cucumber.datatable-dependencies_1.1.16.jar;C:\Users\qk user2\.katalon\packages\KSE-10.4.2\plugins\io.cucumber.expressions_5.0.19.jar;C:\Users\qk user2\.katalon\packages\KSE-10.4.2\plugins\io.cucumber.gherkin_5.0.0.jar;C:\Users\qk user2\.katalon\packages\KSE-10.4.2\plugins\io.cucumber.html_0.2.7.jar;C:\Users\qk user2\.katalon\packages\KSE-10.4.2\plugins\io.cucumber.java_3.0.3.jar;C:\Users\qk user2\.katalon\packages\KSE-10.4.2\plugins\io.cucumber.tag-expressions_1.1.1.jar;C:\Users\qk user2\.katalon\packages\KSE-10.4.2\plugins\io.cucumber.junit_3.0.3.jar;C:\Users\qk user2\.katalon\packages\KSE-10.4.2\plugins\com.kms.katalon.core.webservice_1.0.0.202511190132.jar;C:\Users\qk user2\.katalon\packages\KSE-10.4.2\plugins\wsdl4j_1.6.2.jar;C:\Users\qk user2\.katalon\packages\KSE-10.4.2\plugins\com.google.oauth-client.google-oauth-client_1.22.0.jar;C:\Users\qk user2\.katalon\packages\KSE-10.4.2\plugins\com.google.http-client.google-http-client_1.22.0.jar;C:\Users\qk user2\.katalon\packages\KSE-10.4.2\plugins\com.kms.katalon.preferences_1.0.0.202511190132.jar;C:\Users\qk user2\.katalon\packages\KSE-10.4.2\plugins\org.apache.xmlbeans_3.1.0.jar;C:\Users\qk user2\.katalon\packages\KSE-10.4.2\plugins\com.kms.katalon.entity_1.0.0.202511190132.jar;C:\Users\qk user2\.katalon\packages\KSE-10.4.2\plugins\jakarta.xml.ws-api_2.3.3.jar;C:\Users\qk user2\.katalon\packages\KSE-10.4.2\plugins\javax.xml.soap-api_1.4.0.jar;C:\Users\qk user2\.katalon\packages\KSE-10.4.2\plugins\com.atlassian.oai.swagger-request-validator-core_2.38.0.jar;C:\Users\qk user2\.katalon\packages\KSE-10.4.2\plugins\io.swagger.compat-spec-parser_1.0.67.jar;C:\Users\qk user2\.katalon\packages\KSE-10.4.2\plugins\io.swagger.core.v3.swagger-annotations_2.2.14.jar;C:\Users\qk user2\.katalon\packages\KSE-10.4.2\plugins\io.swagger.core.v3.swagger-core_2.2.14.jar;C:\Users\qk user2\.katalon\packages\KSE-10.4.2\plugins\io.swagger.core.v3.swagger-models_2.2.14.jar;C:\Users\qk user2\.katalon\packages\KSE-10.4.2\plugins\io.swagger.parser.v3.swagger-parser-core_2.1.16.jar;C:\Users\qk user2\.katalon\packages\KSE-10.4.2\plugins\io.swagger.parser.v3.swagger-parser-v2-converter_2.1.16.jar;C:\Users\qk user2\.katalon\packages\KSE-10.4.2\plugins\com.github.java-json-tools.btf_1.3.0.jar;C:\Users\qk user2\.katalon\packages\KSE-10.4.2\plugins\com.fasterxml.jackson.dataformat.jackson-dataformat-yaml_2.18.3.jar;C:\Users\qk user2\.katalon\packages\KSE-10.4.2\plugins\org.yaml.snakeyaml_2.3.0.jar;C:\Users\qk user2\.katalon\packages\KSE-10.4.2\plugins\com.github.java-json-tools.msg-simple_1.2.0.jar;C:\Users\qk user2\.katalon\packages\KSE-10.4.2\plugins\jackson-core-asl_1.9.13.jar;C:\Users\qk user2\.katalon\packages\KSE-10.4.2\plugins\joda-time_2.10.5.jar;C:\Users\qk user2\.katalon\packages\KSE-10.4.2\plugins\javax.mail-api_1.6.2.jar;C:\Users\qk user2\.katalon\packages\KSE-10.4.2\plugins\com.googlecode.libphonenumber_8.11.1.jar;C:\Users\qk user2\.katalon\packages\KSE-10.4.2\plugins\com.google.guava.failureaccess_1.0.3.jar;C:\Users\qk user2\.katalon\packages\KSE-10.4.2\plugins\io.swagger.parser.v3.swagger-parser_2.1.16.jar;C:\Users\qk user2\.katalon\packages\KSE-10.4.2\plugins\io.swagger.parser.v3.swagger-parser-v3_2.1.16.jar;C:\Users\qk user2\.katalon\packages\KSE-10.4.2\plugins\io.swagger.parser_1.0.67.jar;C:\Users\qk user2\.katalon\packages\KSE-10.4.2\plugins\com.narupley.not-going-to-be-commons-ssl_0.3.20.jar;C:\Users\qk user2\.katalon\packages\KSE-10.4.2\plugins\com.kms.katalon.core.windows_1.0.0.202511190132.jar;C:\Users\qk user2\.katalon\packages\KSE-10.4.2\plugins\net.lingala.zip4j_2.11.5.jar;C:\Users\qk user2\.katalon\packages\KSE-10.4.2\plugins\com.kms.katalon.core.testng_1.0.0.202511190132.jar;C:\Users\qk user2\.katalon\packages\KSE-10.4.2\plugins\org.testng_7.8.0.jar;C:\Users\qk user2\.katalon\packages\KSE-10.4.2\plugins\com.beust.jcommander_1.82.0.jar;C:\Users\qk user2\.katalon\packages\KSE-10.4.2\plugins\org.codehaus.groovy_3.0.23.v202501010125-e2412\lib\groovy-3.0.23-indy.jar;C:\Users\qk user2\.katalon\packages\KSE-10.4.2\plugins\org.codehaus.groovy_3.0.23.v202501010125-e2412\lib\ivy-2.5.2.jar --main groovy.ui.GroovyMain --encoding UTF-8 --indy E:\Death_Claim_Automation\Libs\TempTestCaseBinding1777540512692.groovy

Host: Intel(R) Xeon(R) Gold 6132 CPU @ 2.60GHz, 4 cores, 15G,  Windows Server 2022 , 64 bit Build 20348 (10.0.20348.3692)
Time: Thu Apr 30 14:45:37 2026 India Standard Time elapsed time: 23.344909 seconds (0d 0h 0m 23s)

---------------  T H R E A D  ---------------

Current thread (0x000001263b4def80):  JavaThread "C2 CompilerThread0" daemon [_thread_in_native, id=213912, stack(0x0000001a13e00000,0x0000001a13f00000)]


Current CompileTask:
C2:  23344 9729       4       sun.nio.ch.WEPollSelectorImpl::processEvents (152 bytes)

Stack: [0x0000001a13e00000,0x0000001a13f00000]
Native frames: (J=compiled Java code, j=interpreted, Vv=VM code, C=native code)
V  [jvm.dll+0x682eb9]
V  [jvm.dll+0x8399c8]
V  [jvm.dll+0x83b473]
V  [jvm.dll+0x83bae3]
V  [jvm.dll+0x24715f]
V  [jvm.dll+0xace44]
V  [jvm.dll+0xad4dc]
V  [jvm.dll+0x365b5e]
V  [jvm.dll+0x1baa69]
V  [jvm.dll+0x2182a7]
V  [jvm.dll+0x21758f]
V  [jvm.dll+0x1a3150]
V  [jvm.dll+0x22799c]
V  [jvm.dll+0x225afb]
V  [jvm.dll+0x7ef128]
V  [jvm.dll+0x7e948c]
V  [jvm.dll+0x681d97]
C  [ucrtbase.dll+0x26b4c]
C  [KERNEL32.DLL+0x14cb0]
C  [ntdll.dll+0x7edcb]


---------------  P R O C E S S  ---------------

Threads class SMR info:
_java_thread_list=0x00000126412238d0, length=28, elements={
0x0000012621d88960, 0x000001263b48a950, 0x000001263b48b880, 0x000001263b4d7d70,
0x000001263b4d9650, 0x000001263b4dc6d0, 0x000001263b4dd8e0, 0x000001263b4def80,
0x000001263b4e36d0, 0x000001263b4e7940, 0x000001263b7b77a0, 0x000001264091d9e0,
0x000001263b6b9a90, 0x000001263b6ba9c0, 0x000001263b6ba4b0, 0x000001263b6baed0,
0x000001263b6bb3e0, 0x000001263b6bbe00, 0x000001263b6bb8f0, 0x000001263b6bc310,
0x000001263b6bc820, 0x000001263b6b9580, 0x000001263b6b9fa0, 0x0000012641e90a10,
0x0000012641e92870, 0x0000012641e91e50, 0x0000012641e950f0, 0x0000012641e92d80
}

Java Threads: ( => current thread )
  0x0000012621d88960 JavaThread "Forwarding findElements on session 040336bafa36c57416bb4316639303e1 to remote" [_thread_blocked, id=215912, stack(0x0000001a13100000,0x0000001a13200000)]
  0x000001263b48a950 JavaThread "Reference Handler" daemon [_thread_blocked, id=213224, stack(0x0000001a13800000,0x0000001a13900000)]
  0x000001263b48b880 JavaThread "Finalizer" daemon [_thread_blocked, id=215076, stack(0x0000001a13900000,0x0000001a13a00000)]
  0x000001263b4d7d70 JavaThread "Signal Dispatcher" daemon [_thread_blocked, id=220984, stack(0x0000001a13a00000,0x0000001a13b00000)]
  0x000001263b4d9650 JavaThread "Attach Listener" daemon [_thread_blocked, id=220156, stack(0x0000001a13b00000,0x0000001a13c00000)]
  0x000001263b4dc6d0 JavaThread "Service Thread" daemon [_thread_blocked, id=220236, stack(0x0000001a13c00000,0x0000001a13d00000)]
  0x000001263b4dd8e0 JavaThread "Monitor Deflation Thread" daemon [_thread_blocked, id=221824, stack(0x0000001a13d00000,0x0000001a13e00000)]
=>0x000001263b4def80 JavaThread "C2 CompilerThread0" daemon [_thread_in_native, id=213912, stack(0x0000001a13e00000,0x0000001a13f00000)]
  0x000001263b4e36d0 JavaThread "C1 CompilerThread0" daemon [_thread_blocked, id=221740, stack(0x0000001a13f00000,0x0000001a14000000)]
  0x000001263b4e7940 JavaThread "Sweeper thread" daemon [_thread_blocked, id=214700, stack(0x0000001a14000000,0x0000001a14100000)]
  0x000001263b7b77a0 JavaThread "Common-Cleaner" daemon [_thread_blocked, id=209944, stack(0x0000001a14100000,0x0000001a14200000)]
  0x000001264091d9e0 JavaThread "Notification Thread" daemon [_thread_blocked, id=213740, stack(0x0000001a14500000,0x0000001a14600000)]
  0x000001263b6b9a90 JavaThread "ForkJoinPool.commonPool-worker-1" daemon [_thread_blocked, id=195980, stack(0x0000001a14900000,0x0000001a14a00000)]
  0x000001263b6ba9c0 JavaThread "HttpClient-1-SelectorManager" daemon [_thread_in_native, id=220576, stack(0x0000001a14a00000,0x0000001a14b00000)]
  0x000001263b6ba4b0 JavaThread "External Process Output Forwarder - C:\Users\qk user2\.cache\selenium\chromedriver\win64\147.0.7727.117\chromedriver.exe" daemon [_thread_in_native, id=184856, stack(0x0000001a14b00000,0x0000001a14c00000)]
  0x000001263b6baed0 JavaThread "Driver Service Executor" daemon [_thread_blocked, id=220820, stack(0x0000001a14c00000,0x0000001a14d00000)]
  0x000001263b6bb3e0 JavaThread "Driver Service Executor" daemon [_thread_in_native, id=217820, stack(0x0000001a14d00000,0x0000001a14e00000)]
  0x000001263b6bbe00 JavaThread "UrlChecker-2" daemon [_thread_blocked, id=218468, stack(0x0000001a14e00000,0x0000001a14f00000)]
  0x000001263b6bb8f0 JavaThread "JdkHttpClient-0-0" daemon [_thread_blocked, id=222104, stack(0x0000001a14700000,0x0000001a14800000)]
  0x000001263b6bc310 JavaThread "CompletableFutureDelayScheduler" daemon [_thread_blocked, id=221996, stack(0x0000001a15100000,0x0000001a15200000)]
  0x000001263b6bc820 JavaThread "JdkHttpClient-0-1" daemon [_thread_blocked, id=220860, stack(0x0000001a15200000,0x0000001a15300000)]
  0x000001263b6b9580 JavaThread "JdkHttpClient-0-2" daemon [_thread_blocked, id=216860, stack(0x0000001a15300000,0x0000001a15400000)]
  0x000001263b6b9fa0 JavaThread "JdkHttpClient-0-3" daemon [_thread_blocked, id=219184, stack(0x0000001a15400000,0x0000001a15500000)]
  0x0000012641e90a10 JavaThread "HttpClient-2-SelectorManager" daemon [_thread_in_native, id=211308, stack(0x0000001a15600000,0x0000001a15700000)]
  0x0000012641e92870 JavaThread "JdkHttpClient-1-0" daemon [_thread_blocked, id=222532, stack(0x0000001a15700000,0x0000001a15800000)]
  0x0000012641e91e50 JavaThread "JdkHttpClient-1-1" daemon [_thread_blocked, id=217700, stack(0x0000001a15800000,0x0000001a15900000)]
  0x0000012641e950f0 JavaThread "JdkHttpClient-1-2" daemon [_thread_blocked, id=222368, stack(0x0000001a15900000,0x0000001a15a00000)]
  0x0000012641e92d80 JavaThread "JdkHttpClient-1-3" daemon [_thread_blocked, id=222404, stack(0x0000001a15a00000,0x0000001a15b00000)]

Other Threads:
  0x000001263b484860 VMThread "VM Thread" [stack: 0x0000001a13700000,0x0000001a13800000] [id=188196]
  0x0000012640b22d00 WatcherThread [stack: 0x0000001a14600000,0x0000001a14700000] [id=197480]
  0x0000012621dbe8c0 GCTaskThread "GC Thread#0" [stack: 0x0000001a13200000,0x0000001a13300000] [id=213284]
  0x0000012640308880 GCTaskThread "GC Thread#1" [stack: 0x0000001a14200000,0x0000001a14300000] [id=215744]
  0x0000012640308b40 GCTaskThread "GC Thread#2" [stack: 0x0000001a14300000,0x0000001a14400000] [id=222776]
  0x00000126402a1720 GCTaskThread "GC Thread#3" [stack: 0x0000001a14400000,0x0000001a14500000] [id=218300]
  0x0000012636edfb20 ConcurrentGCThread "G1 Main Marker" [stack: 0x0000001a13300000,0x0000001a13400000] [id=213600]
  0x0000012636ee0fc0 ConcurrentGCThread "G1 Conc#0" [stack: 0x0000001a13400000,0x0000001a13500000] [id=193956]
  0x0000012636f9bd00 ConcurrentGCThread "G1 Refine#0" [stack: 0x0000001a13500000,0x0000001a13600000] [id=220304]
  0x0000012636f9f2c0 ConcurrentGCThread "G1 Service" [stack: 0x0000001a13600000,0x0000001a13700000] [id=218320]

Threads with active compile tasks:
C2 CompilerThread0    23416 9729       4       sun.nio.ch.WEPollSelectorImpl::processEvents (152 bytes)

VM state: not at safepoint (normal execution)

VM Mutex/Monitor currently owned by a thread: None

Heap address: 0x0000000080000000, size: 2048 MB, Compressed Oops mode: 32-bit

CDS archive(s) not mapped
Compressed class space mapped at: 0x0000000100000000-0x0000000140000000, reserved size: 1073741824
Narrow klass base: 0x0000000000000000, Narrow klass shift: 3, Narrow klass range: 0x140000000

GC Precious Log:
 CPUs: 4 total, 4 available
 Memory: 16383M
 Large Page Support: Disabled
 NUMA Support: Disabled
 Compressed Oops: Enabled (32-bit)
 Heap Region Size: 1M
 Heap Min Capacity: 8M
 Heap Initial Capacity: 256M
 Heap Max Capacity: 2G
 Pre-touch: Disabled
 Parallel Workers: 4
 Concurrent Workers: 1
 Concurrent Refinement Workers: 4
 Periodic GC: Disabled

Heap:
 garbage-first heap   total 119808K, used 47752K [0x0000000080000000, 0x0000000100000000)
  region size 1024K, 5 young (5120K), 3 survivors (3072K)
 Metaspace       used 60073K, committed 60864K, reserved 1114112K
  class space    used 6665K, committed 7040K, reserved 1048576K

Heap Regions: E=young(eden), S=young(survivor), O=old, HS=humongous(starts), HC=humongous(continues), CS=collection set, F=free, OA=open archive, CA=closed archive, TAMS=top-at-mark-start (previous, next)
|   0|0x0000000080000000, 0x0000000080100000, 0x0000000080100000|100%|HS|  |TAMS 0x0000000080100000, 0x0000000080000000| Complete 
|   1|0x0000000080100000, 0x0000000080200000, 0x0000000080200000|100%|HS|  |TAMS 0x0000000080200000, 0x0000000080100000| Complete 
|   2|0x0000000080200000, 0x0000000080300000, 0x0000000080300000|100%| O|  |TAMS 0x0000000080300000, 0x0000000080200000| Untracked 
|   3|0x0000000080300000, 0x0000000080400000, 0x0000000080400000|100%| O|  |TAMS 0x0000000080400000, 0x0000000080300000| Untracked 
|   4|0x0000000080400000, 0x0000000080500000, 0x0000000080500000|100%| O|  |TAMS 0x0000000080500000, 0x0000000080400000| Untracked 
|   5|0x0000000080500000, 0x0000000080600000, 0x0000000080600000|100%| O|  |TAMS 0x0000000080600000, 0x0000000080500000| Untracked 
|   6|0x0000000080600000, 0x0000000080700000, 0x0000000080700000|100%| O|  |TAMS 0x0000000080700000, 0x0000000080600000| Untracked 
|   7|0x0000000080700000, 0x0000000080800000, 0x0000000080800000|100%| O|  |TAMS 0x0000000080800000, 0x0000000080700000| Untracked 
|   8|0x0000000080800000, 0x0000000080900000, 0x0000000080900000|100%| O|  |TAMS 0x0000000080900000, 0x0000000080800000| Untracked 
|   9|0x0000000080900000, 0x0000000080a00000, 0x0000000080a00000|100%| O|  |TAMS 0x0000000080a00000, 0x0000000080900000| Untracked 
|  10|0x0000000080a00000, 0x0000000080b00000, 0x0000000080b00000|100%| O|  |TAMS 0x0000000080b00000, 0x0000000080a00000| Untracked 
|  11|0x0000000080b00000, 0x0000000080c00000, 0x0000000080c00000|100%| O|  |TAMS 0x0000000080c00000, 0x0000000080b00000| Untracked 
|  12|0x0000000080c00000, 0x0000000080d00000, 0x0000000080d00000|100%| O|  |TAMS 0x0000000080d00000, 0x0000000080c00000| Untracked 
|  13|0x0000000080d00000, 0x0000000080e00000, 0x0000000080e00000|100%| O|  |TAMS 0x0000000080e00000, 0x0000000080d00000| Untracked 
|  14|0x0000000080e00000, 0x0000000080f00000, 0x0000000080f00000|100%| O|  |TAMS 0x0000000080f00000, 0x0000000080e00000| Untracked 
|  15|0x0000000080f00000, 0x0000000080f16600, 0x0000000081000000|  8%| O|  |TAMS 0x0000000080f16600, 0x0000000080f00000| Untracked 
|  16|0x0000000081000000, 0x0000000081100000, 0x0000000081100000|100%| O|  |TAMS 0x0000000081100000, 0x0000000081000000| Untracked 
|  17|0x0000000081100000, 0x0000000081200000, 0x0000000081200000|100%| O|  |TAMS 0x0000000081200000, 0x0000000081100000| Untracked 
|  18|0x0000000081200000, 0x0000000081300000, 0x0000000081300000|100%| O|  |TAMS 0x0000000081300000, 0x0000000081200000| Untracked 
|  19|0x0000000081300000, 0x0000000081400000, 0x0000000081400000|100%| O|  |TAMS 0x0000000081400000, 0x0000000081300000| Untracked 
|  20|0x0000000081400000, 0x0000000081500000, 0x0000000081500000|100%| O|  |TAMS 0x0000000081500000, 0x0000000081400000| Untracked 
|  21|0x0000000081500000, 0x0000000081600000, 0x0000000081600000|100%| O|  |TAMS 0x0000000081600000, 0x0000000081500000| Untracked 
|  22|0x0000000081600000, 0x0000000081700000, 0x0000000081700000|100%| O|  |TAMS 0x0000000081700000, 0x0000000081600000| Untracked 
|  23|0x0000000081700000, 0x0000000081800000, 0x0000000081800000|100%| O|  |TAMS 0x0000000081800000, 0x0000000081700000| Untracked 
|  24|0x0000000081800000, 0x0000000081900000, 0x0000000081900000|100%| O|  |TAMS 0x0000000081900000, 0x0000000081800000| Untracked 
|  25|0x0000000081900000, 0x0000000081a00000, 0x0000000081a00000|100%| O|  |TAMS 0x0000000081a00000, 0x0000000081900000| Untracked 
|  26|0x0000000081a00000, 0x0000000081b00000, 0x0000000081b00000|100%| O|  |TAMS 0x0000000081b00000, 0x0000000081a00000| Untracked 
|  27|0x0000000081b00000, 0x0000000081c00000, 0x0000000081c00000|100%| O|  |TAMS 0x0000000081c00000, 0x0000000081b00000| Untracked 
|  28|0x0000000081c00000, 0x0000000081d00000, 0x0000000081d00000|100%| O|  |TAMS 0x0000000081d00000, 0x0000000081c00000| Untracked 
|  29|0x0000000081d00000, 0x0000000081e00000, 0x0000000081e00000|100%| O|  |TAMS 0x0000000081e00000, 0x0000000081d00000| Untracked 
|  30|0x0000000081e00000, 0x0000000081f00000, 0x0000000081f00000|100%| O|  |TAMS 0x0000000081f00000, 0x0000000081e00000| Untracked 
|  31|0x0000000081f00000, 0x0000000082000000, 0x0000000082000000|100%| O|  |TAMS 0x0000000082000000, 0x0000000081f00000| Untracked 
|  32|0x0000000082000000, 0x0000000082100000, 0x0000000082100000|100%| O|  |TAMS 0x0000000082100000, 0x0000000082000000| Untracked 
|  33|0x0000000082100000, 0x0000000082200000, 0x0000000082200000|100%| O|  |TAMS 0x0000000082200000, 0x0000000082100000| Untracked 
|  34|0x0000000082200000, 0x0000000082300000, 0x0000000082300000|100%| O|  |TAMS 0x0000000082300000, 0x0000000082200000| Untracked 
|  35|0x0000000082300000, 0x0000000082400000, 0x0000000082400000|100%| O|  |TAMS 0x0000000082400000, 0x0000000082300000| Untracked 
|  36|0x0000000082400000, 0x0000000082500000, 0x0000000082500000|100%| O|  |TAMS 0x0000000082500000, 0x0000000082400000| Untracked 
|  37|0x0000000082500000, 0x0000000082600000, 0x0000000082600000|100%| O|  |TAMS 0x0000000082600000, 0x0000000082500000| Untracked 
|  38|0x0000000082600000, 0x0000000082700000, 0x0000000082700000|100%| O|  |TAMS 0x0000000082700000, 0x0000000082600000| Untracked 
|  39|0x0000000082700000, 0x0000000082800000, 0x0000000082800000|100%| O|  |TAMS 0x0000000082800000, 0x0000000082700000| Untracked 
|  40|0x0000000082800000, 0x0000000082900000, 0x0000000082900000|100%| O|  |TAMS 0x0000000082900000, 0x0000000082800000| Untracked 
|  41|0x0000000082900000, 0x0000000082a00000, 0x0000000082a00000|100%| O|  |TAMS 0x0000000082a00000, 0x0000000082900000| Untracked 
|  42|0x0000000082a00000, 0x0000000082b00000, 0x0000000082b00000|100%| O|  |TAMS 0x0000000082b00000, 0x0000000082a00000| Untracked 
|  43|0x0000000082b00000, 0x0000000082c00000, 0x0000000082c00000|100%| O|  |TAMS 0x0000000082c00000, 0x0000000082b00000| Untracked 
|  44|0x0000000082c00000, 0x0000000082c53200, 0x0000000082d00000| 32%| O|  |TAMS 0x0000000082c53200, 0x0000000082c00000| Untracked 
|  45|0x0000000082d00000, 0x0000000082d00000, 0x0000000082e00000|  0%| F|  |TAMS 0x0000000082d00000, 0x0000000082d00000| Untracked 
|  46|0x0000000082e00000, 0x0000000082e00000, 0x0000000082f00000|  0%| F|  |TAMS 0x0000000082e00000, 0x0000000082e00000| Untracked 
|  47|0x0000000082f00000, 0x0000000082f00000, 0x0000000083000000|  0%| F|  |TAMS 0x0000000082f00000, 0x0000000082f00000| Untracked 
|  48|0x0000000083000000, 0x0000000083000000, 0x0000000083100000|  0%| F|  |TAMS 0x0000000083000000, 0x0000000083000000| Untracked 
|  49|0x0000000083100000, 0x0000000083100000, 0x0000000083200000|  0%| F|  |TAMS 0x0000000083100000, 0x0000000083100000| Untracked 
|  50|0x0000000083200000, 0x0000000083200000, 0x0000000083300000|  0%| F|  |TAMS 0x0000000083200000, 0x0000000083200000| Untracked 
|  51|0x0000000083300000, 0x0000000083300000, 0x0000000083400000|  0%| F|  |TAMS 0x0000000083300000, 0x0000000083300000| Untracked 
|  52|0x0000000083400000, 0x0000000083400000, 0x0000000083500000|  0%| F|  |TAMS 0x0000000083400000, 0x0000000083400000| Untracked 
|  53|0x0000000083500000, 0x0000000083500000, 0x0000000083600000|  0%| F|  |TAMS 0x0000000083500000, 0x0000000083500000| Untracked 
|  54|0x0000000083600000, 0x0000000083600000, 0x0000000083700000|  0%| F|  |TAMS 0x0000000083600000, 0x0000000083600000| Untracked 
|  55|0x0000000083700000, 0x0000000083700000, 0x0000000083800000|  0%| F|  |TAMS 0x0000000083700000, 0x0000000083700000| Untracked 
|  56|0x0000000083800000, 0x0000000083800000, 0x0000000083900000|  0%| F|  |TAMS 0x0000000083800000, 0x0000000083800000| Untracked 
|  57|0x0000000083900000, 0x0000000083900000, 0x0000000083a00000|  0%| F|  |TAMS 0x0000000083900000, 0x0000000083900000| Untracked 
|  58|0x0000000083a00000, 0x0000000083a00000, 0x0000000083b00000|  0%| F|  |TAMS 0x0000000083a00000, 0x0000000083a00000| Untracked 
|  59|0x0000000083b00000, 0x0000000083b00000, 0x0000000083c00000|  0%| F|  |TAMS 0x0000000083b00000, 0x0000000083b00000| Untracked 
|  60|0x0000000083c00000, 0x0000000083c00000, 0x0000000083d00000|  0%| F|  |TAMS 0x0000000083c00000, 0x0000000083c00000| Untracked 
|  61|0x0000000083d00000, 0x0000000083d00000, 0x0000000083e00000|  0%| F|  |TAMS 0x0000000083d00000, 0x0000000083d00000| Untracked 
|  62|0x0000000083e00000, 0x0000000083e38870, 0x0000000083f00000| 22%| S|CS|TAMS 0x0000000083e00000, 0x0000000083e00000| Complete 
|  63|0x0000000083f00000, 0x0000000084000000, 0x0000000084000000|100%| S|CS|TAMS 0x0000000083f00000, 0x0000000083f00000| Complete 
|  64|0x0000000084000000, 0x0000000084100000, 0x0000000084100000|100%| S|CS|TAMS 0x0000000084000000, 0x0000000084000000| Complete 
|  65|0x0000000084100000, 0x0000000084100000, 0x0000000084200000|  0%| F|  |TAMS 0x0000000084100000, 0x0000000084100000| Untracked 
|  66|0x0000000084200000, 0x0000000084200000, 0x0000000084300000|  0%| F|  |TAMS 0x0000000084200000, 0x0000000084200000| Untracked 
|  67|0x0000000084300000, 0x0000000084300000, 0x0000000084400000|  0%| F|  |TAMS 0x0000000084300000, 0x0000000084300000| Untracked 
|  68|0x0000000084400000, 0x0000000084400000, 0x0000000084500000|  0%| F|  |TAMS 0x0000000084400000, 0x0000000084400000| Untracked 
|  69|0x0000000084500000, 0x0000000084500000, 0x0000000084600000|  0%| F|  |TAMS 0x0000000084500000, 0x0000000084500000| Untracked 
|  70|0x0000000084600000, 0x0000000084600000, 0x0000000084700000|  0%| F|  |TAMS 0x0000000084600000, 0x0000000084600000| Untracked 
|  71|0x0000000084700000, 0x0000000084700000, 0x0000000084800000|  0%| F|  |TAMS 0x0000000084700000, 0x0000000084700000| Untracked 
|  72|0x0000000084800000, 0x0000000084800000, 0x0000000084900000|  0%| F|  |TAMS 0x0000000084800000, 0x0000000084800000| Untracked 
|  73|0x0000000084900000, 0x0000000084900000, 0x0000000084a00000|  0%| F|  |TAMS 0x0000000084900000, 0x0000000084900000| Untracked 
|  74|0x0000000084a00000, 0x0000000084a00000, 0x0000000084b00000|  0%| F|  |TAMS 0x0000000084a00000, 0x0000000084a00000| Untracked 
|  75|0x0000000084b00000, 0x0000000084b00000, 0x0000000084c00000|  0%| F|  |TAMS 0x0000000084b00000, 0x0000000084b00000| Untracked 
|  76|0x0000000084c00000, 0x0000000084c00000, 0x0000000084d00000|  0%| F|  |TAMS 0x0000000084c00000, 0x0000000084c00000| Untracked 
|  77|0x0000000084d00000, 0x0000000084d00000, 0x0000000084e00000|  0%| F|  |TAMS 0x0000000084d00000, 0x0000000084d00000| Untracked 
|  78|0x0000000084e00000, 0x0000000084e00000, 0x0000000084f00000|  0%| F|  |TAMS 0x0000000084e00000, 0x0000000084e00000| Untracked 
|  79|0x0000000084f00000, 0x0000000084f00000, 0x0000000085000000|  0%| F|  |TAMS 0x0000000084f00000, 0x0000000084f00000| Untracked 
|  80|0x0000000085000000, 0x0000000085000000, 0x0000000085100000|  0%| F|  |TAMS 0x0000000085000000, 0x0000000085000000| Untracked 
|  81|0x0000000085100000, 0x0000000085100000, 0x0000000085200000|  0%| F|  |TAMS 0x0000000085100000, 0x0000000085100000| Untracked 
|  82|0x0000000085200000, 0x0000000085200000, 0x0000000085300000|  0%| F|  |TAMS 0x0000000085200000, 0x0000000085200000| Untracked 
|  83|0x0000000085300000, 0x0000000085300000, 0x0000000085400000|  0%| F|  |TAMS 0x0000000085300000, 0x0000000085300000| Untracked 
|  84|0x0000000085400000, 0x0000000085400000, 0x0000000085500000|  0%| F|  |TAMS 0x0000000085400000, 0x0000000085400000| Untracked 
|  85|0x0000000085500000, 0x0000000085500000, 0x0000000085600000|  0%| F|  |TAMS 0x0000000085500000, 0x0000000085500000| Untracked 
|  86|0x0000000085600000, 0x0000000085600000, 0x0000000085700000|  0%| F|  |TAMS 0x0000000085600000, 0x0000000085600000| Untracked 
|  87|0x0000000085700000, 0x0000000085700000, 0x0000000085800000|  0%| F|  |TAMS 0x0000000085700000, 0x0000000085700000| Untracked 
|  88|0x0000000085800000, 0x0000000085800000, 0x0000000085900000|  0%| F|  |TAMS 0x0000000085800000, 0x0000000085800000| Untracked 
|  89|0x0000000085900000, 0x0000000085900000, 0x0000000085a00000|  0%| F|  |TAMS 0x0000000085900000, 0x0000000085900000| Untracked 
|  90|0x0000000085a00000, 0x0000000085a00000, 0x0000000085b00000|  0%| F|  |TAMS 0x0000000085a00000, 0x0000000085a00000| Untracked 
|  91|0x0000000085b00000, 0x0000000085b00000, 0x0000000085c00000|  0%| F|  |TAMS 0x0000000085b00000, 0x0000000085b00000| Untracked 
|  92|0x0000000085c00000, 0x0000000085c00000, 0x0000000085d00000|  0%| F|  |TAMS 0x0000000085c00000, 0x0000000085c00000| Untracked 
|  93|0x0000000085d00000, 0x0000000085d00000, 0x0000000085e00000|  0%| F|  |TAMS 0x0000000085d00000, 0x0000000085d00000| Untracked 
|  94|0x0000000085e00000, 0x0000000085e00000, 0x0000000085f00000|  0%| F|  |TAMS 0x0000000085e00000, 0x0000000085e00000| Untracked 
|  95|0x0000000085f00000, 0x0000000085f00000, 0x0000000086000000|  0%| F|  |TAMS 0x0000000085f00000, 0x0000000085f00000| Untracked 
|  96|0x0000000086000000, 0x0000000086000000, 0x0000000086100000|  0%| F|  |TAMS 0x0000000086000000, 0x0000000086000000| Untracked 
|  97|0x0000000086100000, 0x0000000086100000, 0x0000000086200000|  0%| F|  |TAMS 0x0000000086100000, 0x0000000086100000| Untracked 
|  98|0x0000000086200000, 0x0000000086200000, 0x0000000086300000|  0%| F|  |TAMS 0x0000000086200000, 0x0000000086200000| Untracked 
|  99|0x0000000086300000, 0x0000000086300000, 0x0000000086400000|  0%| F|  |TAMS 0x0000000086300000, 0x0000000086300000| Untracked 
| 100|0x0000000086400000, 0x0000000086400000, 0x0000000086500000|  0%| F|  |TAMS 0x0000000086400000, 0x0000000086400000| Untracked 
| 101|0x0000000086500000, 0x0000000086500000, 0x0000000086600000|  0%| F|  |TAMS 0x0000000086500000, 0x0000000086500000| Untracked 
| 102|0x0000000086600000, 0x0000000086600000, 0x0000000086700000|  0%| F|  |TAMS 0x0000000086600000, 0x0000000086600000| Untracked 
| 103|0x0000000086700000, 0x0000000086700000, 0x0000000086800000|  0%| F|  |TAMS 0x0000000086700000, 0x0000000086700000| Untracked 
| 104|0x0000000086800000, 0x0000000086800000, 0x0000000086900000|  0%| F|  |TAMS 0x0000000086800000, 0x0000000086800000| Untracked 
| 105|0x0000000086900000, 0x0000000086900000, 0x0000000086a00000|  0%| F|  |TAMS 0x0000000086900000, 0x0000000086900000| Untracked 
| 106|0x0000000086a00000, 0x0000000086a00000, 0x0000000086b00000|  0%| F|  |TAMS 0x0000000086a00000, 0x0000000086a00000| Untracked 
| 107|0x0000000086b00000, 0x0000000086b00000, 0x0000000086c00000|  0%| F|  |TAMS 0x0000000086b00000, 0x0000000086b00000| Untracked 
| 108|0x0000000086c00000, 0x0000000086c00000, 0x0000000086d00000|  0%| F|  |TAMS 0x0000000086c00000, 0x0000000086c00000| Untracked 
| 109|0x0000000086d00000, 0x0000000086d00000, 0x0000000086e00000|  0%| F|  |TAMS 0x0000000086d00000, 0x0000000086d00000| Untracked 
| 110|0x0000000086e00000, 0x0000000086e00000, 0x0000000086f00000|  0%| F|  |TAMS 0x0000000086e00000, 0x0000000086e00000| Untracked 
| 240|0x000000008f000000, 0x000000008f000000, 0x000000008f100000|  0%| F|  |TAMS 0x000000008f000000, 0x000000008f000000| Untracked 
| 241|0x000000008f100000, 0x000000008f100000, 0x000000008f200000|  0%| F|  |TAMS 0x000000008f100000, 0x000000008f100000| Untracked 
| 242|0x000000008f200000, 0x000000008f200000, 0x000000008f300000|  0%| F|  |TAMS 0x000000008f200000, 0x000000008f200000| Untracked 
| 243|0x000000008f300000, 0x000000008f300000, 0x000000008f400000|  0%| F|  |TAMS 0x000000008f300000, 0x000000008f300000| Untracked 
| 244|0x000000008f400000, 0x000000008f4258c8, 0x000000008f500000| 14%| E|  |TAMS 0x000000008f400000, 0x000000008f400000| Complete 
| 255|0x000000008ff00000, 0x0000000090000000, 0x0000000090000000|100%| E|CS|TAMS 0x000000008ff00000, 0x000000008ff00000| Complete 

Card table byte_map: [0x00000126346a0000,0x0000012634aa0000] _byte_map_base: 0x00000126342a0000

Marking Bits (Prev, Next): (CMBitMap*) 0x0000012636ecf230, (CMBitMap*) 0x0000012636ecf1f0
 Prev Bits: [0x00000126370a0000, 0x00000126390a0000)
 Next Bits: [0x0000012634ea0000, 0x0000012636ea0000)

Polling page: 0x0000012620490000

Metaspace:

Usage:
  Non-class:     52.16 MB used.
      Class:      6.51 MB used.
       Both:     58.67 MB used.

Virtual space:
  Non-class space:       64.00 MB reserved,      52.56 MB ( 82%) committed,  1 nodes.
      Class space:        1.00 GB reserved,       6.88 MB ( <1%) committed,  1 nodes.
             Both:        1.06 GB reserved,      59.44 MB (  5%) committed. 

Chunk freelists:
   Non-Class:  11.19 MB
       Class:  9.00 MB
        Both:  20.19 MB

MaxMetaspaceSize: unlimited
CompressedClassSpaceSize: 1.00 GB
Initial GC threshold: 21.00 MB
Current GC threshold: 98.75 MB
CDS: off
MetaspaceReclaimPolicy: balanced
 - commit_granule_bytes: 65536.
 - commit_granule_words: 8192.
 - virtual_space_node_default_size: 8388608.
 - enlarge_chunks_in_place: 1.
 - new_chunks_are_fully_committed: 0.
 - uncommit_free_chunks: 1.
 - use_allocation_guard: 0.
 - handle_deallocations: 1.


Internal statistics:

num_allocs_failed_limit: 9.
num_arena_births: 1136.
num_arena_deaths: 0.
num_vsnodes_births: 2.
num_vsnodes_deaths: 0.
num_space_committed: 951.
num_space_uncommitted: 0.
num_chunks_returned_to_freelist: 9.
num_chunks_taken_from_freelist: 2910.
num_chunk_merges: 6.
num_chunk_splits: 1923.
num_chunks_enlarged: 1238.
num_inconsistent_stats: 0.

CodeHeap 'non-profiled nmethods': size=120000Kb used=4846Kb max_used=4846Kb free=115153Kb
 bounds [0x000001262cd70000, 0x000001262d230000, 0x00000126342a0000]
CodeHeap 'profiled nmethods': size=120000Kb used=15519Kb max_used=15519Kb free=104481Kb
 bounds [0x00000126252a0000, 0x00000126261d0000, 0x000001262c7d0000]
CodeHeap 'non-nmethods': size=5760Kb used=2350Kb max_used=2433Kb free=3409Kb
 bounds [0x000001262c7d0000, 0x000001262ca50000, 0x000001262cd70000]
 total_blobs=8864 nmethods=7992 adapters=784
 compilation: enabled
              stopped_count=0, restarted_count=0
 full_count=0

Compilation events (20 events):
Event: 22.794 Thread 0x000001263b4e36d0 nmethod 9719 0x00000126261c9110 code [0x00000126261c93a0, 0x00000126261ca208]
Event: 22.803 Thread 0x000001263b4def80 9720   !   4       jdk.internal.net.http.common.Utils::encode (176 bytes)
Event: 22.805 Thread 0x000001263b4def80 nmethod 9720 0x000001262d225e10 code [0x000001262d225fc0, 0x000001262d226238]
Event: 22.811 Thread 0x000001263b4def80 9721       4       java.util.function.BiPredicate$$Lambda$849/0x000000010064c020::test (16 bytes)
Event: 22.830 Thread 0x000001263b4def80 nmethod 9721 0x000001262d226590 code [0x000001262d2267c0, 0x000001262d2278d8]
Event: 22.830 Thread 0x000001263b4def80 9722       4       java.util.TreeSet::contains (11 bytes)
Event: 22.838 Thread 0x000001263b4def80 nmethod 9722 0x000001262d228490 code [0x000001262d228660, 0x000001262d228fb8]
Event: 22.864 Thread 0x000001263b4def80 9723       4       jdk.internal.net.http.common.SequentialScheduler::runOrSchedule (100 bytes)
Event: 22.869 Thread 0x000001263b4def80 nmethod 9723 0x000001262d229710 code [0x000001262d2298e0, 0x000001262d229d48]
Event: 23.102 Thread 0x000001263b4def80 9724       4       java.util.HashMap$HashMapSpliterator::estimateSize (11 bytes)
Event: 23.103 Thread 0x000001263b4def80 nmethod 9724 0x000001262d22a290 code [0x000001262d22a400, 0x000001262d22a4d8]
Event: 23.178 Thread 0x000001263b4def80 9725       4       jdk.internal.net.http.HttpClientImpl$$Lambda$678/0x00000001005d4dc8::getAsBoolean (8 bytes)
Event: 23.179 Thread 0x000001263b4def80 nmethod 9725 0x000001262d22a610 code [0x000001262d22a780, 0x000001262d22a838]
Event: 23.184 Thread 0x000001263b4def80 9726       4       sun.nio.ch.Util$BufferCache::get (164 bytes)
Event: 23.189 Thread 0x000001263b4def80 nmethod 9726 0x000001262d22a910 code [0x000001262d22aaa0, 0x000001262d22aef8]
Event: 23.198 Thread 0x000001263b4def80 9727       4       java.util.concurrent.locks.ReentrantLock$NonfairSync::initialTryLock (58 bytes)
Event: 23.199 Thread 0x000001263b4def80 nmethod 9727 0x000001262d22b210 code [0x000001262d22b380, 0x000001262d22b518]
Event: 23.320 Thread 0x000001263b4def80 9728       4       java.util.HashSet::clear (8 bytes)
Event: 23.324 Thread 0x000001263b4def80 nmethod 9728 0x000001262d22b590 code [0x000001262d22b720, 0x000001262d22ba38]
Event: 23.324 Thread 0x000001263b4def80 9729       4       sun.nio.ch.WEPollSelectorImpl::processEvents (152 bytes)

GC Heap History (20 events):
Event: 4.130 GC heap before
{Heap before GC invocations=11 (full 0):
 garbage-first heap   total 91136K, used 69960K [0x0000000080000000, 0x0000000100000000)
  region size 1024K, 44 young (45056K), 2 survivors (2048K)
 Metaspace       used 33664K, committed 34112K, reserved 1114112K
  class space    used 3647K, committed 3840K, reserved 1048576K
}
Event: 4.135 GC heap after
{Heap after GC invocations=12 (full 0):
 garbage-first heap   total 91136K, used 28164K [0x0000000080000000, 0x0000000100000000)
  region size 1024K, 3 young (3072K), 3 survivors (3072K)
 Metaspace       used 33664K, committed 34112K, reserved 1114112K
  class space    used 3647K, committed 3840K, reserved 1048576K
}
Event: 4.541 GC heap before
{Heap before GC invocations=12 (full 0):
 garbage-first heap   total 91136K, used 69124K [0x0000000080000000, 0x0000000100000000)
  region size 1024K, 44 young (45056K), 3 survivors (3072K)
 Metaspace       used 35585K, committed 35968K, reserved 1114112K
  class space    used 3831K, committed 4032K, reserved 1048576K
}
Event: 4.549 GC heap after
{Heap after GC invocations=13 (full 0):
 garbage-first heap   total 91136K, used 31203K [0x0000000080000000, 0x0000000100000000)
  region size 1024K, 6 young (6144K), 6 survivors (6144K)
 Metaspace       used 35585K, committed 35968K, reserved 1114112K
  class space    used 3831K, committed 4032K, reserved 1048576K
}
Event: 4.990 GC heap before
{Heap before GC invocations=14 (full 0):
 garbage-first heap   total 91136K, used 71139K [0x0000000080000000, 0x0000000100000000)
  region size 1024K, 45 young (46080K), 6 survivors (6144K)
 Metaspace       used 40617K, committed 41024K, reserved 1114112K
  class space    used 4371K, committed 4544K, reserved 1048576K
}
Event: 5.000 GC heap after
{Heap after GC invocations=15 (full 0):
 garbage-first heap   total 91136K, used 33678K [0x0000000080000000, 0x0000000100000000)
  region size 1024K, 6 young (6144K), 6 survivors (6144K)
 Metaspace       used 40617K, committed 41024K, reserved 1114112K
  class space    used 4371K, committed 4544K, reserved 1048576K
}
Event: 5.564 GC heap before
{Heap before GC invocations=15 (full 0):
 garbage-first heap   total 91136K, used 70542K [0x0000000080000000, 0x0000000100000000)
  region size 1024K, 42 young (43008K), 6 survivors (6144K)
 Metaspace       used 41607K, committed 42112K, reserved 1114112K
  class space    used 4438K, committed 4672K, reserved 1048576K
}
Event: 5.574 GC heap after
{Heap after GC invocations=16 (full 0):
 garbage-first heap   total 119808K, used 34733K [0x0000000080000000, 0x0000000100000000)
  region size 1024K, 4 young (4096K), 4 survivors (4096K)
 Metaspace       used 41607K, committed 42112K, reserved 1114112K
  class space    used 4438K, committed 4672K, reserved 1048576K
}
Event: 6.361 GC heap before
{Heap before GC invocations=16 (full 0):
 garbage-first heap   total 119808K, used 93101K [0x0000000080000000, 0x0000000100000000)
  region size 1024K, 61 young (62464K), 4 survivors (4096K)
 Metaspace       used 47912K, committed 48512K, reserved 1114112K
  class space    used 5205K, committed 5504K, reserved 1048576K
}
Event: 6.372 GC heap after
{Heap after GC invocations=17 (full 0):
 garbage-first heap   total 119808K, used 38342K [0x0000000080000000, 0x0000000100000000)
  region size 1024K, 7 young (7168K), 7 survivors (7168K)
 Metaspace       used 47912K, committed 48512K, reserved 1114112K
  class space    used 5205K, committed 5504K, reserved 1048576K
}
Event: 7.049 GC heap before
{Heap before GC invocations=17 (full 0):
 garbage-first heap   total 119808K, used 92614K [0x0000000080000000, 0x0000000100000000)
  region size 1024K, 60 young (61440K), 7 survivors (7168K)
 Metaspace       used 49004K, committed 49664K, reserved 1114112K
  class space    used 5281K, committed 5632K, reserved 1048576K
}
Event: 7.060 GC heap after
{Heap after GC invocations=18 (full 0):
 garbage-first heap   total 119808K, used 40613K [0x0000000080000000, 0x0000000100000000)
  region size 1024K, 6 young (6144K), 6 survivors (6144K)
 Metaspace       used 49004K, committed 49664K, reserved 1114112K
  class space    used 5281K, committed 5632K, reserved 1048576K
}
Event: 9.701 GC heap before
{Heap before GC invocations=18 (full 0):
 garbage-first heap   total 119808K, used 94885K [0x0000000080000000, 0x0000000100000000)
  region size 1024K, 59 young (60416K), 6 survivors (6144K)
 Metaspace       used 57057K, committed 57856K, reserved 1114112K
  class space    used 6403K, committed 6784K, reserved 1048576K
}
Event: 9.715 GC heap after
{Heap after GC invocations=19 (full 0):
 garbage-first heap   total 119808K, used 44894K [0x0000000080000000, 0x0000000100000000)
  region size 1024K, 7 young (7168K), 7 survivors (7168K)
 Metaspace       used 57057K, committed 57856K, reserved 1114112K
  class space    used 6403K, committed 6784K, reserved 1048576K
}
Event: 14.683 GC heap before
{Heap before GC invocations=19 (full 0):
 garbage-first heap   total 119808K, used 95070K [0x0000000080000000, 0x0000000100000000)
  region size 1024K, 56 young (57344K), 7 survivors (7168K)
 Metaspace       used 59153K, committed 60032K, reserved 1114112K
  class space    used 6656K, committed 7040K, reserved 1048576K
}
Event: 14.694 GC heap after
{Heap after GC invocations=20 (full 0):
 garbage-first heap   total 119808K, used 46502K [0x0000000080000000, 0x0000000100000000)
  region size 1024K, 2 young (2048K), 2 survivors (2048K)
 Metaspace       used 59153K, committed 60032K, reserved 1114112K
  class space    used 6656K, committed 7040K, reserved 1048576K
}
Event: 19.355 GC heap before
{Heap before GC invocations=20 (full 0):
 garbage-first heap   total 119808K, used 85414K [0x0000000080000000, 0x0000000100000000)
  region size 1024K, 42 young (43008K), 2 survivors (2048K)
 Metaspace       used 59713K, committed 60480K, reserved 1114112K
  class space    used 6665K, committed 7040K, reserved 1048576K
}
Event: 19.362 GC heap after
{Heap after GC invocations=21 (full 0):
 garbage-first heap   total 119808K, used 46502K [0x0000000080000000, 0x0000000100000000)
  region size 1024K, 2 young (2048K), 2 survivors (2048K)
 Metaspace       used 59713K, committed 60480K, reserved 1114112K
  class space    used 6665K, committed 7040K, reserved 1048576K
}
Event: 23.281 GC heap before
{Heap before GC invocations=22 (full 0):
 garbage-first heap   total 119808K, used 96678K [0x0000000080000000, 0x0000000100000000)
  region size 1024K, 52 young (53248K), 2 survivors (2048K)
 Metaspace       used 60073K, committed 60864K, reserved 1114112K
  class space    used 6665K, committed 7040K, reserved 1048576K
}
Event: 23.286 GC heap after
{Heap after GC invocations=23 (full 0):
 garbage-first heap   total 119808K, used 46728K [0x0000000080000000, 0x0000000100000000)
  region size 1024K, 3 young (3072K), 3 survivors (3072K)
 Metaspace       used 60073K, committed 60864K, reserved 1114112K
  class space    used 6665K, committed 7040K, reserved 1048576K
}

Dll operation events (10 events):
Event: 0.042 Loaded shared library C:\Users\qk user2\.katalon\packages\KSE-10.4.2\jre\bin\java.dll
Event: 0.317 Loaded shared library C:\Users\qk user2\.katalon\packages\KSE-10.4.2\jre\bin\net.dll
Event: 0.322 Loaded shared library C:\Users\qk user2\.katalon\packages\KSE-10.4.2\jre\bin\nio.dll
Event: 0.332 Loaded shared library C:\Users\qk user2\.katalon\packages\KSE-10.4.2\jre\bin\zip.dll
Event: 1.016 Loaded shared library C:\Users\qk user2\.katalon\packages\KSE-10.4.2\jre\bin\verify.dll
Event: 1.197 Loaded shared library C:\Users\qk user2\.katalon\packages\KSE-10.4.2\jre\bin\jimage.dll
Event: 4.292 Loaded shared library C:\Users\qk user2\.katalon\packages\KSE-10.4.2\jre\bin\extnet.dll
Event: 4.583 Loaded shared library C:\Users\qk user2\.katalon\packages\KSE-10.4.2\jre\bin\sunmscapi.dll
Event: 7.328 Loaded shared library C:\Users\qk user2\.katalon\packages\KSE-10.4.2\jre\bin\management.dll
Event: 7.332 Loaded shared library C:\Users\qk user2\.katalon\packages\KSE-10.4.2\jre\bin\management_ext.dll

Deoptimization events (20 events):
Event: 16.057 Thread 0x0000012621d88960 Uncommon trap: trap_request=0xffffffc6 fr.pc=0x000001262d157078 relative=0x0000000000000258
Event: 16.058 Thread 0x0000012621d88960 Uncommon trap: reason=bimorphic_or_optimized_type_check action=maybe_recompile pc=0x000001262d157078 method=java.util.stream.StreamOpFlag.fromCharacteristics(Ljava/util/Spliterator;)I @ 14 c2
Event: 16.058 Thread 0x0000012621d88960 DEOPT PACKING pc=0x000001262d157078 sp=0x0000001a131f8380
Event: 16.058 Thread 0x0000012621d88960 DEOPT UNPACKING pc=0x000001262c8269a3 sp=0x0000001a131f82d0 mode 2
Event: 17.650 Thread 0x000001263b6b9fa0 DEOPT PACKING pc=0x0000012625d0b9f4 sp=0x0000001a154fdc00
Event: 17.650 Thread 0x000001263b6b9fa0 DEOPT UNPACKING pc=0x000001262c827143 sp=0x0000001a154fd080 mode 0
Event: 17.729 Thread 0x0000012621d88960 DEOPT PACKING pc=0x0000012625fbfa6a sp=0x0000001a131f7de0
Event: 17.729 Thread 0x0000012621d88960 DEOPT UNPACKING pc=0x000001262c827143 sp=0x0000001a131f72f0 mode 0
Event: 19.041 Thread 0x000001263b6bc820 Uncommon trap: trap_request=0xffffff45 fr.pc=0x000001262d1d8c88 relative=0x0000000000000288
Event: 19.041 Thread 0x000001263b6bc820 Uncommon trap: reason=unstable_if action=reinterpret pc=0x000001262d1d8c88 method=java.util.concurrent.CompletableFuture.unipush(Ljava/util/concurrent/CompletableFuture$Completion;)V @ 34 c2
Event: 19.041 Thread 0x000001263b6bc820 DEOPT PACKING pc=0x000001262d1d8c88 sp=0x0000001a152fda80
Event: 19.041 Thread 0x000001263b6bc820 DEOPT UNPACKING pc=0x000001262c8269a3 sp=0x0000001a152fda30 mode 2
Event: 19.041 Thread 0x000001263b6bc820 Uncommon trap: trap_request=0xffffff45 fr.pc=0x000001262d1d672c relative=0x000000000000018c
Event: 19.041 Thread 0x000001263b6bc820 Uncommon trap: reason=unstable_if action=reinterpret pc=0x000001262d1d672c method=java.util.concurrent.CompletableFuture.postFire(Ljava/util/concurrent/CompletableFuture;I)Ljava/util/concurrent/CompletableFuture; @ 25 c2
Event: 19.041 Thread 0x000001263b6bc820 DEOPT PACKING pc=0x000001262d1d672c sp=0x0000001a152fd990
Event: 19.041 Thread 0x000001263b6bc820 DEOPT UNPACKING pc=0x000001262c8269a3 sp=0x0000001a152fd940 mode 2
Event: 20.086 Thread 0x000001263b6bb8f0 Uncommon trap: trap_request=0xffffff45 fr.pc=0x000001262d1e5824 relative=0x00000000000000c4
Event: 20.086 Thread 0x000001263b6bb8f0 Uncommon trap: reason=unstable_if action=reinterpret pc=0x000001262d1e5824 method=jdk.internal.net.http.common.SequentialScheduler.runOrSchedule(Ljdk/internal/net/http/common/SequentialScheduler$SchedulableTask;Ljava/util/concurrent/Executor;)V @ 49 c2
Event: 20.086 Thread 0x000001263b6bb8f0 DEOPT PACKING pc=0x000001262d1e5824 sp=0x0000001a147fda40
Event: 20.086 Thread 0x000001263b6bb8f0 DEOPT UNPACKING pc=0x000001262c8269a3 sp=0x0000001a147fd9d0 mode 2

Classes loaded (20 events):
Event: 14.189 Loading class java/text/MessageFormatBeanInfo
Event: 14.189 Loading class java/text/MessageFormatBeanInfo done
Event: 14.189 Loading class java/text/FormatBeanInfo
Event: 14.189 Loading class java/text/FormatBeanInfo done
Event: 14.190 Loading class java/text/FormatBeanInfo
Event: 14.190 Loading class java/text/FormatBeanInfo done
Event: 14.190 Loading class java/text/FormatCustomizer
Event: 14.190 Loading class java/text/FormatCustomizer done
Event: 14.190 Loading class java/text/FormatCustomizer
Event: 14.190 Loading class java/text/FormatCustomizer done
Event: 14.191 Loading class java/text/MessageFormatCustomizer
Event: 14.191 Loading class java/text/MessageFormatCustomizer done
Event: 14.192 Loading class java/text/MessageFormatCustomizer
Event: 14.192 Loading class java/text/MessageFormatCustomizer done
Event: 14.607 Loading class jdk/internal/access/foreign/MemorySegmentProxy
Event: 14.607 Loading class jdk/internal/access/foreign/MemorySegmentProxy done
Event: 16.057 Loading class java/util/TreeMap$EntrySpliterator
Event: 16.057 Loading class java/util/TreeMap$EntrySpliterator done
Event: 16.058 Loading class java/util/stream/SortedOps$SizedRefSortingSink
Event: 16.058 Loading class java/util/stream/SortedOps$SizedRefSortingSink done

Classes unloaded (0 events):
No events

Classes redefined (0 events):
No events

Internal exceptions (20 events):
Event: 14.138 Thread 0x0000012621d88960 Exception <a 'java/lang/ClassNotFoundException'{0x0000000084d0b948}: com/kms/katalon/core/helper/KeywordHelperCustomizer> (0x0000000084d0b948) 
thrown [s\src\hotspot\share\classfile\systemDictionary.cpp, line 256]
Event: 14.143 Thread 0x0000012621d88960 Exception <a 'java/lang/ClassNotFoundException'{0x0000000084d2c550}: com/kms/katalon/core/webui/common/WebUiCommonHelperCustomizer> (0x0000000084d2c550) 
thrown [s\src\hotspot\share\classfile\systemDictionary.cpp, line 256]
Event: 14.154 Thread 0x0000012621d88960 Exception <a 'java/lang/ClassNotFoundException'{0x0000000084d80370}: java/util/concurrent/TimeUnitBeanInfo> (0x0000000084d80370) 
thrown [s\src\hotspot\share\classfile\systemDictionary.cpp, line 256]
Event: 14.155 Thread 0x0000012621d88960 Exception <a 'java/lang/ClassNotFoundException'{0x0000000084d8e7f0}: java/lang/EnumBeanInfo> (0x0000000084d8e7f0) 
thrown [s\src\hotspot\share\classfile\systemDictionary.cpp, line 256]
Event: 14.156 Thread 0x0000012621d88960 Exception <a 'java/lang/ClassNotFoundException'{0x0000000084d9cdf8}: java/lang/EnumCustomizer> (0x0000000084d9cdf8) 
thrown [s\src\hotspot\share\classfile\systemDictionary.cpp, line 256]
Event: 14.157 Thread 0x0000012621d88960 Exception <a 'java/lang/ClassNotFoundException'{0x0000000084db4848}: java/util/concurrent/TimeUnitCustomizer> (0x0000000084db4848) 
thrown [s\src\hotspot\share\classfile\systemDictionary.cpp, line 256]
Event: 14.166 Thread 0x0000012621d88960 Exception <a 'java/lang/ClassNotFoundException'{0x0000000084c0bfe8}: com/kms/katalon/core/webui/constants/StringConstantsBeanInfo> (0x0000000084c0bfe8) 
thrown [s\src\hotspot\share\classfile\systemDictionary.cpp, line 256]
Event: 14.167 Thread 0x0000012621d88960 Exception <a 'java/lang/ClassNotFoundException'{0x0000000084c27670}: com/kms/katalon/core/constants/StringConstantsBeanInfo> (0x0000000084c27670) 
thrown [s\src\hotspot\share\classfile\systemDictionary.cpp, line 256]
Event: 14.169 Thread 0x0000012621d88960 Exception <a 'java/lang/ClassNotFoundException'{0x0000000084c43188}: com/kms/katalon/core/constants/StringConstantsCustomizer> (0x0000000084c43188) 
thrown [s\src\hotspot\share\classfile\systemDictionary.cpp, line 256]
Event: 14.176 Thread 0x0000012621d88960 Exception <a 'java/lang/ClassNotFoundException'{0x0000000084c610d8}: com/kms/katalon/core/webui/constants/StringConstantsCustomizer> (0x0000000084c610d8) 
thrown [s\src\hotspot\share\classfile\systemDictionary.cpp, line 256]
Event: 14.184 Thread 0x0000012621d88960 Exception <a 'java/lang/ClassNotFoundException'{0x0000000084cdcf20}: com/kms/katalon/core/testobject/TestObjectBeanInfo> (0x0000000084cdcf20) 
thrown [s\src\hotspot\share\classfile\systemDictionary.cpp, line 256]
Event: 14.185 Thread 0x0000012621d88960 Exception <a 'java/lang/ClassNotFoundException'{0x0000000084cf80a8}: com/kms/katalon/core/testobject/TestObjectCustomizer> (0x0000000084cf80a8) 
thrown [s\src\hotspot\share\classfile\systemDictionary.cpp, line 256]
Event: 14.189 Thread 0x0000012621d88960 Exception <a 'java/lang/ClassNotFoundException'{0x0000000084b41c38}: java/text/MessageFormatBeanInfo> (0x0000000084b41c38) 
thrown [s\src\hotspot\share\classfile\systemDictionary.cpp, line 256]
Event: 14.190 Thread 0x0000012621d88960 Exception <a 'java/lang/ClassNotFoundException'{0x0000000084b50278}: java/text/FormatBeanInfo> (0x0000000084b50278) 
thrown [s\src\hotspot\share\classfile\systemDictionary.cpp, line 256]
Event: 14.190 Thread 0x0000012621d88960 Exception <a 'java/lang/ClassNotFoundException'{0x0000000084b5ea30}: java/text/FormatCustomizer> (0x0000000084b5ea30) 
thrown [s\src\hotspot\share\classfile\systemDictionary.cpp, line 256]
Event: 14.192 Thread 0x0000012621d88960 Exception <a 'java/lang/ClassNotFoundException'{0x0000000084b71c80}: java/text/MessageFormatCustomizer> (0x0000000084b71c80) 
thrown [s\src\hotspot\share\classfile\systemDictionary.cpp, line 256]
Event: 14.195 Thread 0x0000012621d88960 Exception <a 'java/lang/ClassNotFoundException'{0x0000000084bbb620}: com/kms/katalon/core/webui/keyword/internal/WebUIKeywordMainBeanInfo> (0x0000000084bbb620) 
thrown [s\src\hotspot\share\classfile\systemDictionary.cpp, line 256]
Event: 14.196 Thread 0x0000012621d88960 Exception <a 'java/lang/ClassNotFoundException'{0x0000000084bd8f18}: com/kms/katalon/core/webui/keyword/internal/WebUIKeywordMainCustomizer> (0x0000000084bd8f18) 
thrown [s\src\hotspot\share\classfile\systemDictionary.cpp, line 256]
Event: 16.060 Thread 0x0000012621d88960 Exception <a 'java/lang/reflect/InvocationTargetException'{0x000000008f1f3568}> (0x000000008f1f3568) 
thrown [s\src\hotspot\share\runtime\reflection.cpp, line 1128]
Event: 16.060 Thread 0x0000012621d88960 Exception <a 'java/lang/reflect/InvocationTargetException'{0x000000008f1f3d88}> (0x000000008f1f3d88) 
thrown [s\src\hotspot\share\runtime\reflection.cpp, line 1128]

VM Operations (20 events):
Event: 15.695 Executing VM operation: Cleanup
Event: 15.695 Executing VM operation: Cleanup done
Event: 17.695 Executing VM operation: Cleanup
Event: 17.695 Executing VM operation: Cleanup done
Event: 18.695 Executing VM operation: Cleanup
Event: 18.695 Executing VM operation: Cleanup done
Event: 19.355 Executing VM operation: CollectForMetadataAllocation
Event: 19.362 Executing VM operation: CollectForMetadataAllocation done
Event: 19.422 Executing VM operation: G1PauseRemark
Event: 19.428 Executing VM operation: G1PauseRemark done
Event: 19.456 Executing VM operation: G1PauseCleanup
Event: 19.457 Executing VM operation: G1PauseCleanup done
Event: 20.457 Executing VM operation: Cleanup
Event: 20.457 Executing VM operation: Cleanup done
Event: 21.457 Executing VM operation: Cleanup
Event: 21.457 Executing VM operation: Cleanup done
Event: 22.458 Executing VM operation: Cleanup
Event: 22.458 Executing VM operation: Cleanup done
Event: 23.281 Executing VM operation: G1CollectForAllocation
Event: 23.286 Executing VM operation: G1CollectForAllocation done

Memory protections (0 events):
No events

Nmethod flushes (20 events):
Event: 13.982 Thread 0x000001263b4e7940 flushing  nmethod 0x0000012625cd4a90
Event: 13.982 Thread 0x000001263b4e7940 flushing  nmethod 0x0000012625cd5410
Event: 13.982 Thread 0x000001263b4e7940 flushing  nmethod 0x0000012625ce4010
Event: 13.982 Thread 0x000001263b4e7940 flushing  nmethod 0x0000012625ce5990
Event: 13.982 Thread 0x000001263b4e7940 flushing  nmethod 0x0000012625cea010
Event: 13.982 Thread 0x000001263b4e7940 flushing  nmethod 0x0000012625cecf90
Event: 13.982 Thread 0x000001263b4e7940 flushing  nmethod 0x0000012625ceff10
Event: 13.982 Thread 0x000001263b4e7940 flushing  nmethod 0x0000012625cf0390
Event: 13.982 Thread 0x000001263b4e7940 flushing  nmethod 0x0000012625d09f10
Event: 13.982 Thread 0x000001263b4e7940 flushing  nmethod 0x0000012625d0ac10
Event: 13.982 Thread 0x000001263b4e7940 flushing  nmethod 0x0000012625d45710
Event: 13.982 Thread 0x000001263b4e7940 flushing  nmethod 0x0000012625d4e590
Event: 13.982 Thread 0x000001263b4e7940 flushing  nmethod 0x0000012625de3790
Event: 13.982 Thread 0x000001263b4e7940 flushing  nmethod 0x0000012625df4c90
Event: 13.982 Thread 0x000001263b4e7940 flushing  nmethod 0x0000012625e0e310
Event: 13.983 Thread 0x000001263b4e7940 flushing  nmethod 0x0000012625e50710
Event: 13.983 Thread 0x000001263b4e7940 flushing  nmethod 0x0000012625e64b10
Event: 13.983 Thread 0x000001263b4e7940 flushing  nmethod 0x0000012625e7c810
Event: 13.983 Thread 0x000001263b4e7940 flushing  nmethod 0x0000012625f55e10
Event: 13.984 Thread 0x000001263b4e7940 flushing  nmethod 0x0000012625fb9210

Events (20 events):
Event: 8.266 Thread 0x0000012640cf0c30 Thread exited: 0x0000012640cf0c30
Event: 8.288 Thread 0x0000012621d88960 Thread added: 0x000001263b6bb8f0
Event: 8.290 Thread 0x0000012621d88960 Thread added: 0x000001263b6bc310
Event: 8.342 Thread 0x000001263b6ba9c0 Thread added: 0x000001263b6bc820
Event: 8.343 Thread 0x000001263b6ba9c0 Thread added: 0x000001263b6b9580
Event: 8.344 Thread 0x000001263b6ba9c0 Thread added: 0x000001263b6b9fa0
Event: 9.478 Thread 0x000001263b4e36d0 Thread added: 0x00000126426d0850
Event: 9.510 Thread 0x0000012621d88960 Thread added: 0x0000012641e90a10
Event: 9.510 Thread 0x0000012621d88960 Thread added: 0x0000012641e92870
Event: 9.516 Thread 0x0000012641e90a10 Thread added: 0x0000012641e91e50
Event: 9.517 Thread 0x0000012641e90a10 Thread added: 0x0000012641e950f0
Event: 9.517 Thread 0x0000012641e90a10 Thread added: 0x0000012641e92d80
Event: 11.391 Thread 0x00000126426d0850 Thread exited: 0x00000126426d0850
Event: 11.397 Thread 0x000001263b4e36d0 Thread added: 0x00000126426d22e0
Event: 12.919 Thread 0x00000126426d22e0 Thread exited: 0x00000126426d22e0
Event: 13.001 Thread 0x000001263b4e36d0 Thread added: 0x00000126426cfdb0
Event: 13.153 Thread 0x00000126426cfdb0 Thread exited: 0x00000126426cfdb0
Event: 13.284 Thread 0x000001263b6b9070 Thread exited: 0x000001263b6b9070
Event: 13.613 Thread 0x000001263b4e36d0 Thread added: 0x00000126426d1d90
Event: 14.713 Thread 0x00000126426d1d90 Thread exited: 0x00000126426d1d90


Dynamic libraries:
0x00007ff607300000 - 0x00007ff60730e000 	C:\Users\qk user2\.katalon\packages\KSE-10.4.2\jre\bin\javaw.exe
0x00007ffb56180000 - 0x00007ffb56384000 	C:\Windows\SYSTEM32\ntdll.dll
0x00007ffb540b0000 - 0x00007ffb5416c000 	C:\Windows\System32\KERNEL32.DLL
0x00007ffb53770000 - 0x00007ffb53ae0000 	C:\Windows\System32\KERNELBASE.dll
0x00007ffb53db0000 - 0x00007ffb53ec0000 	C:\Windows\System32\ucrtbase.dll
0x00007ffb32e70000 - 0x00007ffb32e87000 	C:\Users\qk user2\.katalon\packages\KSE-10.4.2\jre\bin\jli.dll
0x00007ffb55940000 - 0x00007ffb55ae6000 	C:\Windows\System32\USER32.dll
0x00007ffb53d00000 - 0x00007ffb53d26000 	C:\Windows\System32\win32u.dll
0x00007ffb54430000 - 0x00007ffb5445c000 	C:\Windows\System32\GDI32.dll
0x00007ffb53f90000 - 0x00007ffb540ac000 	C:\Windows\System32\gdi32full.dll
0x00007ffb53ef0000 - 0x00007ffb53f90000 	C:\Windows\System32\msvcp_win.dll
0x00007ffb32e50000 - 0x00007ffb32e6e000 	C:\Users\qk user2\.katalon\packages\KSE-10.4.2\jre\bin\VCRUNTIME140.dll
0x00007ffb529d0000 - 0x00007ffb52c75000 	C:\Windows\WinSxS\amd64_microsoft.windows.common-controls_6595b64144ccf1df_6.0.20348.4294_none_947bfbafeeecc1d8\COMCTL32.dll
0x00007ffb54460000 - 0x00007ffb54503000 	C:\Windows\System32\msvcrt.dll
0x00007ffb551a0000 - 0x00007ffb551d1000 	C:\Windows\System32\IMM32.DLL
0x00007ffb42000000 - 0x00007ffb4215d000 	C:\Windows\system32\tmumh\20019\AddOn\8.55.0.1389\TmUmEvt64.dll
0x00007ffb543e0000 - 0x00007ffb543e8000 	C:\Windows\System32\PSAPI.DLL
0x00007ffb55f90000 - 0x00007ffb56041000 	C:\Windows\System32\ADVAPI32.dll
0x00007ffb54170000 - 0x00007ffb54212000 	C:\Windows\System32\sechost.dll
0x00007ffb53ec0000 - 0x00007ffb53ee7000 	C:\Windows\System32\bcrypt.dll
0x00007ffb54b20000 - 0x00007ffb54c40000 	C:\Windows\System32\RPCRT4.dll
0x00000000741c0000 - 0x00000000742e5000 	C:\Windows\system32\tmumh\20019\TmMon\2.9.0.1228\tmmon64.dll
0x00007ffb21160000 - 0x00007ffb2149a000 	C:\Windows\System32\TmLWE\TmUmSnsr64\1.0.0.1158\TmUmSnsr64.dll
0x00007ffb405f0000 - 0x00007ffb405fc000 	C:\Users\qk user2\.katalon\packages\KSE-10.4.2\jre\bin\vcruntime140_1.dll
0x00007ffb25370000 - 0x00007ffb253fd000 	C:\Users\qk user2\.katalon\packages\KSE-10.4.2\jre\bin\msvcp140.dll
0x00007ffb179f0000 - 0x00007ffb1865b000 	C:\Users\qk user2\.katalon\packages\KSE-10.4.2\jre\bin\server\jvm.dll
0x00007ffb55dc0000 - 0x00007ffb55e31000 	C:\Windows\System32\WS2_32.dll
0x00007ffb535c0000 - 0x00007ffb5360d000 	C:\Windows\SYSTEM32\POWRPROF.dll
0x00007ffb435c0000 - 0x00007ffb435e7000 	C:\Windows\SYSTEM32\WINMM.dll
0x00007ffb47050000 - 0x00007ffb4705a000 	C:\Windows\SYSTEM32\VERSION.dll
0x00007ffb535a0000 - 0x00007ffb535b3000 	C:\Windows\SYSTEM32\UMPDC.dll
0x00007ffb51920000 - 0x00007ffb51937000 	C:\Windows\SYSTEM32\kernel.appcore.dll
0x00007ffb52f20000 - 0x00007ffb52f2a000 	C:\Users\qk user2\.katalon\packages\KSE-10.4.2\jre\bin\jimage.dll
0x00007ffb52f80000 - 0x00007ffb531a0000 	C:\Windows\SYSTEM32\DBGHELP.DLL
0x00007ffb52ed0000 - 0x00007ffb52f00000 	C:\Windows\SYSTEM32\dbgcore.DLL
0x00007ffb536f0000 - 0x00007ffb5376f000 	C:\Windows\System32\bcryptPrimitives.dll
0x00007ffb45be0000 - 0x00007ffb45c05000 	C:\Users\qk user2\.katalon\packages\KSE-10.4.2\jre\bin\java.dll
0x00007ffb4a140000 - 0x00007ffb4a158000 	C:\Users\qk user2\.katalon\packages\KSE-10.4.2\jre\bin\zip.dll
0x00007ffb551e0000 - 0x00007ffb5593a000 	C:\Windows\System32\SHELL32.dll
0x00007ffb4ce40000 - 0x00007ffb4d684000 	C:\Windows\SYSTEM32\windows.storage.dll
0x00007ffb54740000 - 0x00007ffb54ab0000 	C:\Windows\System32\combase.dll
0x00007ffb550b0000 - 0x00007ffb5519a000 	C:\Windows\System32\SHCORE.dll
0x00007ffb56050000 - 0x00007ffb560af000 	C:\Windows\System32\shlwapi.dll
0x00007ffb53620000 - 0x00007ffb53641000 	C:\Windows\SYSTEM32\profapi.dll
0x00007ffb404c0000 - 0x00007ffb404d9000 	C:\Users\qk user2\.katalon\packages\KSE-10.4.2\jre\bin\net.dll
0x00007ffb4b370000 - 0x00007ffb4b478000 	C:\Windows\SYSTEM32\WINHTTP.dll
0x00007ffb52540000 - 0x00007ffb525a8000 	C:\Windows\system32\mswsock.dll
0x00007ffb40170000 - 0x00007ffb40186000 	C:\Users\qk user2\.katalon\packages\KSE-10.4.2\jre\bin\nio.dll
0x00007ffb49860000 - 0x00007ffb49870000 	C:\Users\qk user2\.katalon\packages\KSE-10.4.2\jre\bin\verify.dll
0x00007ffb45870000 - 0x00007ffb45879000 	C:\Users\qk user2\.katalon\packages\KSE-10.4.2\jre\bin\extnet.dll
0x00007ffb45db0000 - 0x00007ffb45dbe000 	C:\Users\qk user2\.katalon\packages\KSE-10.4.2\jre\bin\sunmscapi.dll
0x00007ffb53ae0000 - 0x00007ffb53c40000 	C:\Windows\System32\CRYPT32.dll
0x00007ffb52760000 - 0x00007ffb5278f000 	C:\Windows\SYSTEM32\ncrypt.dll
0x00007ffb52720000 - 0x00007ffb52757000 	C:\Windows\SYSTEM32\NTASN1.dll
0x00007ffb52260000 - 0x00007ffb5233e000 	C:\Windows\SYSTEM32\DNSAPI.dll
0x00007ffb52230000 - 0x00007ffb5225d000 	C:\Windows\SYSTEM32\IPHLPAPI.DLL
0x00007ffb54730000 - 0x00007ffb54739000 	C:\Windows\System32\NSI.dll
0x00007ffb47ae0000 - 0x00007ffb47aea000 	C:\Windows\System32\rasadhlp.dll
0x00007ffb4b890000 - 0x00007ffb4b912000 	C:\Windows\System32\fwpuclnt.dll
0x00007ffb40760000 - 0x00007ffb4076a000 	C:\Users\qk user2\.katalon\packages\KSE-10.4.2\jre\bin\management.dll
0x00007ffb40660000 - 0x00007ffb4066b000 	C:\Users\qk user2\.katalon\packages\KSE-10.4.2\jre\bin\management_ext.dll
0x00007ffb532c0000 - 0x00007ffb532db000 	C:\Windows\SYSTEM32\CRYPTSP.dll
0x00007ffb52050000 - 0x00007ffb52088000 	C:\Windows\system32\rsaenh.dll
0x00007ffb527e0000 - 0x00007ffb5280e000 	C:\Windows\SYSTEM32\USERENV.dll
0x00007ffb52810000 - 0x00007ffb5281c000 	C:\Windows\SYSTEM32\CRYPTBASE.dll
0x00007ffb4b860000 - 0x00007ffb4b879000 	C:\Windows\SYSTEM32\dhcpcsvc6.DLL
0x00007ffb4b7d0000 - 0x00007ffb4b7ed000 	C:\Windows\SYSTEM32\dhcpcsvc.DLL
0x00007ffb45000000 - 0x00007ffb45008000 	C:\Windows\system32\wshunix.dll

dbghelp: loaded successfully - version: 4.0.5 - missing functions: none
symbol engine: initialized successfully - sym options: 0x614 - pdb path: .;C:\Users\qk user2\.katalon\packages\KSE-10.4.2\jre\bin;C:\Windows\SYSTEM32;C:\Windows\WinSxS\amd64_microsoft.windows.common-controls_6595b64144ccf1df_6.0.20348.4294_none_947bfbafeeecc1d8;C:\Windows\system32\tmumh\20019\AddOn\8.55.0.1389;C:\Windows\system32\tmumh\20019\TmMon\2.9.0.1228;C:\Windows\System32\TmLWE\TmUmSnsr64\1.0.0.1158;C:\Users\qk user2\.katalon\packages\KSE-10.4.2\jre\bin\server

VM Arguments:
jvm_args: -Dgroovy.home=C:\Users\qk user2/.groovy -Djava.system.class.loader=groovy.lang.GroovyClassLoader -Xmx2048m -Dfile.encoding=UTF-8 -Dstdout.encoding=UTF-8 -Dstderr.encoding=UTF-8 -XX:+ShowCodeDetailsInExceptionMessages 
java_command: org.codehaus.groovy.tools.GroovyStarter --classpath E:\Death_Claim_Automation\bin\keyword;E:\Death_Claim_Automation\Keywords;E:\Death_Claim_Automation\bin\listener;E:\Death_Claim_Automation\Test Listeners;E:\Death_Claim_Automation\bin\lib;E:\Death_Claim_Automation\Libs;E:\Death_Claim_Automation\bin\groovy;E:\Death_Claim_Automation\Include\scripts\groovy;C:\Users\qk user2\.katalon\packages\KSE-10.4.2\plugins\com.kms.katalon.core_1.0.0.202511190132.jar;C:\Users\qk user2\.katalon\packages\KSE-10.4.2\configuration\resources\lib\aalto-xml-1.0.0.jar;C:\Users\qk user2\.katalon\packages\KSE-10.4.2\configuration\resources\lib\aws-2.20.3-fat.jar;C:\Users\qk user2\.katalon\packages\KSE-10.4.2\configuration\resources\lib\browsermob-core-2.1.5.jar;C:\Users\qk user2\.katalon\packages\KSE-10.4.2\configuration\resources\lib\byte-buddy-1.14.3.jar;C:\Users\qk user2\.katalon\packages\KSE-10.4.2\configuration\resources\lib\byte-buddy-agent-1.14.3.jar;C:\Users\qk user2\.katalon\packages\KSE-10.4.2\configuration\resources\lib\commons-codec-1.10.jar;C:\Users\qk user2\.katalon\packages\KSE-10.4.2\configuration\resources\lib\commons-collections4-4.1.jar;C:\Users\qk user2\.katalon\packages\KSE-10.4.2\configuration\resources\lib\commons-javaflow-20060411.jar;C:\Users\qk user2\.katalon\packages\KSE-10.4.2\configuration\resources\lib\commons-logging-1.3.4.jar;C:\Users\qk user2\.katalon\packages\KSE-10.4.2\configuration\resources\lib\curvesapi-1.04.jar;C:\Users\qk user2\.katalon\packages\KSE-10.4.2\configuration\resources\lib\dnsjava-3.6.2.jar;C:\Users\qk user2\.katalon\packages\KSE-10.4.2\configuration\resources\lib\ecj-3.21.0.jar;C:\Users\qk user2\.katalon\packages\KSE-10.4.2\configuration\resources\lib\fontbox-3.0.4.jar;C:\Users\qk user2\.katalon\packages\KSE-10.4.2\configuration\resources\lib\groovy-3.0.17.jar;C:\Users\qk user2\.katalon\packages\KSE-10.4.2\configuration\resources\lib\jackson-coreutils-2.0.jar;C:\Users\qk user2\.katalon\packages\KSE-10.4.2\configuration\resour
java_class_path (initial): E:\Death_Claim_Automation\bin\keyword;E:\Death_Claim_Automation\bin\listener;E:\Death_Claim_Automation\bin\lib;E:\Death_Claim_Automation\bin\groovy;E:\Death_Claim_Automation\bin;C:\Users\qk user2\.katalon\packages\KSE-10.4.2\plugins\com.kms.katalon.core_1.0.0.202511190132.jar;C:\Users\qk user2\.katalon\packages\KSE-10.4.2\configuration\resources\lib\aalto-xml-1.0.0.jar;C:\Users\qk user2\.katalon\packages\KSE-10.4.2\configuration\resources\lib\aws-2.20.3-fat.jar;C:\Users\qk user2\.katalon\packages\KSE-10.4.2\configuration\resources\lib\browsermob-core-2.1.5.jar;C:\Users\qk user2\.katalon\packages\KSE-10.4.2\configuration\resources\lib\byte-buddy-1.14.3.jar;C:\Users\qk user2\.katalon\packages\KSE-10.4.2\configuration\resources\lib\byte-buddy-agent-1.14.3.jar;C:\Users\qk user2\.katalon\packages\KSE-10.4.2\configuration\resources\lib\commons-codec-1.10.jar;C:\Users\qk user2\.katalon\packages\KSE-10.4.2\configuration\resources\lib\commons-collections4-4.1.jar;C:\Users\qk user2\.katalon\packages\KSE-10.4.2\configuration\resources\lib\commons-javaflow-20060411.jar;C:\Users\qk user2\.katalon\packages\KSE-10.4.2\configuration\resources\lib\commons-logging-1.3.4.jar;C:\Users\qk user2\.katalon\packages\KSE-10.4.2\configuration\resources\lib\curvesapi-1.04.jar;C:\Users\qk user2\.katalon\packages\KSE-10.4.2\configuration\resources\lib\dnsjava-3.6.2.jar;C:\Users\qk user2\.katalon\packages\KSE-10.4.2\configuration\resources\lib\ecj-3.21.0.jar;C:\Users\qk user2\.katalon\packages\KSE-10.4.2\configuration\resources\lib\fontbox-3.0.4.jar;C:\Users\qk user2\.katalon\packages\KSE-10.4.2\configuration\resources\lib\groovy-3.0.17.jar;C:\Users\qk user2\.katalon\packages\KSE-10.4.2\configuration\resources\lib\jackson-coreutils-2.0.jar;C:\Users\qk user2\.katalon\packages\KSE-10.4.2\configuration\resources\lib\jackson-coreutils-equivalence-1.0.jar;C:\Users\qk user2\.katalon\packages\KSE-10.4.2\configuration\resources\lib\jasperreports-6.20.5.jar;C:\Users\qk user2\.
Launcher Type: SUN_STANDARD

[Global flags]
     intx CICompilerCount                          = 3                                         {product} {ergonomic}
     uint ConcGCThreads                            = 1                                         {product} {ergonomic}
     uint G1ConcRefinementThreads                  = 4                                         {product} {ergonomic}
   size_t G1HeapRegionSize                         = 1048576                                   {product} {ergonomic}
    uintx GCDrainStackTargetSize                   = 64                                        {product} {ergonomic}
   size_t InitialHeapSize                          = 268435456                                 {product} {ergonomic}
   size_t MarkStackSize                            = 4194304                                   {product} {ergonomic}
   size_t MaxHeapSize                              = 2147483648                                {product} {command line}
   size_t MaxNewSize                               = 1287651328                                {product} {ergonomic}
   size_t MinHeapDeltaBytes                        = 1048576                                   {product} {ergonomic}
   size_t MinHeapSize                              = 8388608                                   {product} {ergonomic}
    uintx NonNMethodCodeHeapSize                   = 5832780                                {pd product} {ergonomic}
    uintx NonProfiledCodeHeapSize                  = 122912730                              {pd product} {ergonomic}
    uintx ProfiledCodeHeapSize                     = 122912730                              {pd product} {ergonomic}
    uintx ReservedCodeCacheSize                    = 251658240                              {pd product} {ergonomic}
     bool SegmentedCodeCache                       = true                                      {product} {ergonomic}
     bool ShowCodeDetailsInExceptionMessages       = true                                   {manageable} {command line}
   size_t SoftMaxHeapSize                          = 2147483648                             {manageable} {ergonomic}
     bool UseCompressedClassPointers               = true                           {product lp64_product} {ergonomic}
     bool UseCompressedOops                        = true                           {product lp64_product} {ergonomic}
     bool UseG1GC                                  = true                                      {product} {ergonomic}
     bool UseLargePagesIndividualAllocation        = false                                  {pd product} {ergonomic}

Logging:
Log output configuration:
 #0: stdout all=warning uptime,level,tags
 #1: stderr all=off uptime,level,tags

Environment Variables:
PATH=C:/Users/qk user2/.katalon/packages/KSE-10.4.2/jre/bin/server;C:/Users/qk user2/.katalon/packages/KSE-10.4.2/jre/bin;C:\Program Files\Common Files\Oracle\Java\javapath;C:\Program Files (x86)\Common Files\Oracle\Java\java8path;C:\Program Files (x86)\Common Files\Oracle\Java\javapath;C:\Windows\system32;C:\Windows;C:\Windows\System32\Wbem;C:\Windows\System32\WindowsPowerShell\v1.0\;C:\Windows\System32\OpenSSH\;C:\Program Files\Java\jdk-17\bin;C:\Users\qk user2\AppData\Local\Microsoft\WindowsApps;;C:\Users\qk user2\.katalon\packages\KSE-10.4.2;
USERNAME=QK user2
OS=Windows_NT
PROCESSOR_IDENTIFIER=Intel64 Family 6 Model 85 Stepping 4, GenuineIntel
TMP=C:\Users\QKUSER~1\AppData\Local\Temp\6
TEMP=C:\Users\QKUSER~1\AppData\Local\Temp\6



Periodic native trim disabled


---------------  S Y S T E M  ---------------

OS:
 Windows Server 2022 , 64 bit Build 20348 (10.0.20348.3692)
OS uptime: 23 days 23:13 hours
VMWare virtualization detected

CPU: total 4 (initial active 4) (2 cores per cpu, 1 threads per core) family 6 model 85 stepping 4 microcode 0x2007006, cx8, cmov, fxsr, mmx, 3dnowpref, sse, sse2, sse3, ssse3, sse4.1, sse4.2, popcnt, lzcnt, tsc, tscinvbit, avx, avx2, aes, erms, clmul, bmi1, bmi2, adx, fma, vzeroupper, clflush, clflushopt, clwb, hv
Processor Information for all 4 processors :
  Max Mhz: 2594, Current Mhz: 2594, Mhz Limit: 2594

Memory: 4k page, system-wide physical 16383M (1416M free)
TotalPageFile size 29096M (AvailPageFile size 24M)
current process WorkingSet (physical memory assigned to process): 290M, peak: 310M
current process commit charge ("private bytes"): 313M, peak: 390M

vm_info: OpenJDK 64-Bit Server VM (17.0.14+7) for windows-amd64 JRE (17.0.14+7), built on Jan 21 2025 23:40:15 by "admin" with MS VC++ 17.7 (VS2022)

END.
