#
# There is insufficient memory for the Java Runtime Environment to continue.
# Native memory allocation (mmap) failed to map 24117248 bytes. Error detail: G1 virtual space
# Possible reasons:
#   The system is out of physical RAM or swap space
#   This process is running with CompressedOops enabled, and the Java Heap may be blocking the growth of the native heap
# Possible solutions:
#   Reduce memory load on the system
#   Increase physical memory or swap space
#   Check if swap backing store is full
#   Decrease Java heap size (-Xmx/-Xms)
#   Decrease number of Java threads
#   Decrease Java thread stack sizes (-Xss)
#   Set larger code cache with -XX:ReservedCodeCacheSize=
#   JVM is running with Unscaled Compressed Oops mode in which the Java heap is
#     placed in the first 4GB address space. The Java Heap base address is the
#     maximum limit for the native heap growth. Please use -XX:HeapBaseMinAddress
#     to set the Java Heap base and to place the Java Heap above 4GB virtual address.
# This output file may be truncated or incomplete.
#
#  Out of Memory Error (os_windows.cpp:3618), pid=218804, tid=210748
#
# JRE version: OpenJDK Runtime Environment Temurin-17.0.14+7 (17.0.14+7) (build 17.0.14+7)
# Java VM: OpenJDK 64-Bit Server VM Temurin-17.0.14+7 (17.0.14+7, mixed mode, tiered, compressed oops, compressed class ptrs, g1 gc, windows-amd64)
# Core dump will be written. Default location: E:\Death_Claim_Automation\hs_err_pid218804.mdmp
#

---------------  S U M M A R Y ------------

Command Line: -Dgroovy.home=C:\Users\qk user2/.groovy -Djava.system.class.loader=groovy.lang.GroovyClassLoader -Xmx2048m -Dfile.encoding=UTF-8 -Dstdout.encoding=UTF-8 -Dstderr.encoding=UTF-8 -XX:+ShowCodeDetailsInExceptionMessages org.codehaus.groovy.tools.GroovyStarter --classpath E:\Death_Claim_Automation\bin\keyword;E:\Death_Claim_Automation\Keywords;E:\Death_Claim_Automation\bin\listener;E:\Death_Claim_Automation\Test Listeners;E:\Death_Claim_Automation\bin\lib;E:\Death_Claim_Automation\Libs;E:\Death_Claim_Automation\bin\groovy;E:\Death_Claim_Automation\Include\scripts\groovy;C:\Users\qk user2\.katalon\packages\KSE-10.4.2\plugins\com.kms.katalon.core_1.0.0.202511190132.jar;C:\Users\qk user2\.katalon\packages\KSE-10.4.2\configuration\resources\lib\aalto-xml-1.0.0.jar;C:\Users\qk user2\.katalon\packages\KSE-10.4.2\configuration\resources\lib\aws-2.20.3-fat.jar;C:\Users\qk user2\.katalon\packages\KSE-10.4.2\configuration\resources\lib\browsermob-core-2.1.5.jar;C:\Users\qk user2\.katalon\packages\KSE-10.4.2\configuration\resources\lib\byte-buddy-1.14.3.jar;C:\Users\qk user2\.katalon\packages\KSE-10.4.2\configuration\resources\lib\byte-buddy-agent-1.14.3.jar;C:\Users\qk user2\.katalon\packages\KSE-10.4.2\configuration\resources\lib\commons-codec-1.10.jar;C:\Users\qk user2\.katalon\packages\KSE-10.4.2\configuration\resources\lib\commons-collections4-4.1.jar;C:\Users\qk user2\.katalon\packages\KSE-10.4.2\configuration\resources\lib\commons-javaflow-20060411.jar;C:\Users\qk user2\.katalon\packages\KSE-10.4.2\configuration\resources\lib\commons-logging-1.3.4.jar;C:\Users\qk user2\.katalon\packages\KSE-10.4.2\configuration\resources\lib\curvesapi-1.04.jar;C:\Users\qk user2\.katalon\packages\KSE-10.4.2\configuration\resources\lib\dnsjava-3.6.2.jar;C:\Users\qk user2\.katalon\packages\KSE-10.4.2\configuration\resources\lib\ecj-3.21.0.jar;C:\Users\qk user2\.katalon\packages\KSE-10.4.2\configuration\resources\lib\fontbox-3.0.4.jar;C:\Users\qk user2\.katalon\packages\KSE-10.4.2\configuration\resources\lib\groovy-3.0.17.jar;C:\Users\qk user2\.katalon\packages\KSE-10.4.2\configuration\resources\lib\jackson-coreutils-2.0.jar;C:\Users\qk user2\.katalon\packages\KSE-10.4.2\configuration\resources\lib\jackson-coreutils-equivalence-1.0.jar;C:\Users\qk user2\.katalon\packages\KSE-10.4.2\configuration\resources\lib\jasperreports-6.20.5.jar;C:\Users\qk user2\.katalon\packages\KSE-10.4.2\configuration\resources\lib\jasperreports-fonts-6.20.5.jar;C:\Users\qk user2\.katalon\packages\KSE-10.4.2\configuration\resources\lib\javax.servlet-api_3.1.0.jar;C:\Users\qk user2\.katalon\packages\KSE-10.4.2\configuration\resources\lib\jna-5.12.1.jar;C:\Users\qk user2\.katalon\packages\KSE-10.4.2\configuration\resources\lib\jna-platform-5.12.1.jar;C:\Users\qk user2\.katalon\packages\KSE-10.4.2\configuration\resources\lib\json-schema-core-1.2.14.jar;C:\Users\qk user2\.katalon\packages\KSE-10.4.2\configuration\resources\lib\json-schema-validator-2.2.14.jar;C:\Users\qk user2\.katalon\packages\KSE-10.4.2\configuration\resources\lib\jzlib-1.1.3.jar;C:\Users\qk user2\.katalon\packages\KSE-10.4.2\configuration\resources\lib\kat-server.jar;C:\Users\qk user2\.katalon\packages\KSE-10.4.2\configuration\resources\lib\littleproxy-1.1.0-beta-bmp-17.jar;C:\Users\qk user2\.katalon\packages\KSE-10.4.2\configuration\resources\lib\log4j-1.2-api-2.17.1.jar;C:\Users\qk user2\.katalon\packages\KSE-10.4.2\configuration\resources\lib\log4j-api-2.17.1.jar;C:\Users\qk user2\.katalon\packages\KSE-10.4.2\configuration\resources\lib\log4j-core-2.17.1.jar;C:\Users\qk user2\.katalon\packages\KSE-10.4.2\configuration\resources\lib\mitm-2.1.5.jar;C:\Users\qk user2\.katalon\packages\KSE-10.4.2\configuration\resources\lib\mockito-core-5.2.0.jar;C:\Users\qk user2\.katalon\packages\KSE-10.4.2\configuration\resources\lib\mockito-inline-5.2.0.jar;C:\Users\qk user2\.katalon\packages\KSE-10.4.2\configuration\resources\lib\objenesis-3.3.jar;C:\Users\qk user2\.katalon\packages\KSE-10.4.2\configuration\resources\lib\openpdf-1.3.30.jaspersoft.2.jar;C:\Users\qk user2\.katalon\packages\KSE-10.4.2\configuration\resources\lib\pdfbox-3.0.4.jar;C:\Users\qk user2\.katalon\packages\KSE-10.4.2\configuration\resources\lib\pdfbox-io-3.0.4.jar;C:\Users\qk user2\.katalon\packages\KSE-10.4.2\configuration\resources\lib\poi-3.17.jar;C:\Users\qk user2\.katalon\packages\KSE-10.4.2\configuration\resources\lib\poi-ooxml-3.17.jar;C:\Users\qk user2\.katalon\packages\KSE-10.4.2\configuration\resources\lib\poi-ooxml-schemas-3.17.jar;C:\Users\qk user2\.katalon\packages\KSE-10.4.2\configuration\resources\lib\repackaged-sikuli-api-1.0.2-standalone.jar;C:\Users\qk user2\.katalon\packages\KSE-10.4.2\configuration\resources\lib\selenium-shutterbug-1.1.jar;C:\Users\qk user2\.katalon\packages\KSE-10.4.2\configuration\resources\lib\soap-builder-1.0.0.jar;C:\Users\qk user2\.katalon\packages\KSE-10.4.2\configuration\resources\lib\soap-common-1.0.0.jar;C:\Users\qk user2\.katalon\packages\KSE-10.4.2\configuration\resources\lib\soap-legacy-1.0.0.jar;C:\Users\qk user2\.katalon\packages\KSE-10.4.2\configuration\resources\lib\stax2-api-4.0.0.jar;C:\Users\qk user2\.katalon\packages\KSE-10.4.2\configuration\resources\lib\su.jar;C:\Users\qk user2\.katalon\packages\KSE-10.4.2\configuration\resources\lib\swagger-parser-1.0.67-fat.jar;C:\Users\qk user2\.katalon\packages\KSE-10.4.2\configuration\resources\lib\uri-template-0.1.jar;C:\Users\qk user2\.katalon\packages\KSE-10.4.2\configuration\resources\lib\wadl.jar;C:\Users\qk user2\.katalon\packages\KSE-10.4.2\configuration\resources\lib\xmlbeans-3.1.0.jar;C:\Users\qk user2\.katalon\packages\KSE-10.4.2\plugins\net.sf.supercsv.super-csv_2.4.0.jar;C:\Users\qk user2\.katalon\packages\KSE-10.4.2\plugins\org.apache.commons.commons-io_2.17.0.jar;C:\Users\qk user2\.katalon\packages\KSE-10.4.2\plugins\org.apache.commons.lang_2.6.0.jar;C:\Users\qk user2\.katalon\packages\KSE-10.4.2\plugins\com.google.gson_2.11.0.jar;C:\Users\qk user2\.katalon\packages\KSE-10.4.2\plugins\org.jsoup_1.21.1.jar;C:\Users\qk user2\.katalon\packages\KSE-10.4.2\plugins\org.apache.commons.dbutils_1.6.0.jar;C:\Users\qk user2\.katalon\packages\KSE-10.4.2\plugins\com.oracle.database.jdbc.ojdbc11_21.18.0.0.jar;C:\Users\qk user2\.katalon\packages\KSE-10.4.2\plugins\org.postgresql.jdbc_42.7.7.jar;c:\Users\qk user2\.katalon\packages\KSE-10.4.2\plugins\org.eclipse.osgi_3.22.0.v20241030-2121.jar;C:\Users\qk user2\.katalon\packages\KSE-10.4.2\plugins\com.kms.katalon.constant_1.0.0.202511190132.jar;C:\Users\qk user2\.katalon\packages\KSE-10.4.2\plugins\org.eclipse.persistence.eclipselink_2.7.11.jar;C:\Users\qk user2\.katalon\packages\KSE-10.4.2\plugins\com.kms.katalon.selenium-standalone_1.0.0.202511190132.jar;C:\Users\qk user2\.katalon\packages\KSE-10.4.2\plugins\atu.testrecorder.screen-recorder_2.1.0.jar;C:\Users\qk user2\.katalon\packages\KSE-10.4.2\plugins\com.google.guava_33.4.8.jre.jar;C:\Users\qk user2\.katalon\packages\KSE-10.4.2\plugins\com.kms.katalon.util_1.0.0.202511190132.jar;C:\Users\qk user2\.katalon\packages\KSE-10.4.2\plugins\org.apache.httpcomponents.httpclient_4.5.14.jar;C:\Users\qk user2\.katalon\packages\KSE-10.4.2\plugins\org.apache.httpcomponents.httpcore_4.4.16.jar;C:\Users\qk user2\.katalon\packages\KSE-10.4.2\plugins\org.apache.httpcomponents.httpmime_4.5.13.jar;C:\Users\qk user2\.katalon\packages\KSE-10.4.2\plugins\org.apache.commons.lang3_3.18.0.jar;C:\Users\qk user2\.katalon\packages\KSE-10.4.2\plugins\org.greenrobot.eventbus_3.1.1.jar;C:\Users\qk user2\.katalon\packages\KSE-10.4.2\plugins\net.bytebuddy.byte-buddy_1.17.6.jar;C:\Users\qk user2\.katalon\packages\KSE-10.4.2\plugins\org.junit_4.13.2.v20230809-1000.jar;C:\Users\qk user2\.katalon\packages\KSE-10.4.2\plugins\com.fasterxml.jackson.core.jackson-databind_2.18.4.jar;C:\Users\qk user2\.katalon\packages\KSE-10.4.2\plugins\com.fasterxml.jackson.core.jackson-core_2.18.4.jar;C:\Users\qk user2\.katalon\packages\KSE-10.4.2\plugins\com.fasterxml.jackson.core.jackson-annotations_2.18.4.jar;C:\Users\qk user2\.katalon\packages\KSE-10.4.2\plugins\slf4j.api_2.0.17.jar;C:\Users\qk user2\.katalon\packages\KSE-10.4.2\plugins\org.fusesource.jansi_1.17.1.jar;C:\Users\qk user2\.katalon\packages\KSE-10.4.2\plugins\com.kms.katalon.netlightbody_1.0.0.202511190132.jar;C:\Users\qk user2\.katalon\packages\KSE-10.4.2\plugins\com.kms.katalon.poi_1.0.0.202511190132.jar;C:\Users\qk user2\.katalon\packages\KSE-10.4.2\plugins\org.apache.commons.commons-text_1.10.0.jar;C:\Users\qk user2\.katalon\packages\KSE-10.4.2\plugins\com.microsoft.sqlserver.mssql-jdbc_12.6.5.jar;C:\Users\qk user2\.katalon\packages\KSE-10.4.2\plugins\com.github.kklisura.cdt.java-client_2.1.0.jar;C:\Users\qk user2\.katalon\packages\KSE-10.4.2\plugins\javax.websocket-api_1.1.0.jar;C:\Users\qk user2\.katalon\packages\KSE-10.4.2\plugins\org.glassfish.tyrus.container-grizzly-client_1.13.1.jar;C:\Users\qk user2\.katalon\packages\KSE-10.4.2\plugins\org.glassfish.grizzly.http-server_2.3.25.jar;C:\Users\qk user2\.katalon\packages\KSE-10.4.2\plugins\org.glassfish.grizzly.framework_2.3.25.jar;C:\Users\qk user2\.katalon\packages\KSE-10.4.2\plugins\org.glassfish.grizzly.http_2.3.25.jar;C:\Users\qk user2\.katalon\packages\KSE-10.4.2\plugins\org.glassfish.tyrus.client_1.13.1.jar;C:\Users\qk user2\.katalon\packages\KSE-10.4.2\plugins\org.glassfish.tyrus.core_1.13.1.jar;C:\Users\qk user2\.katalon\packages\KSE-10.4.2\plugins\org.glassfish.tyrus.spi_1.13.1.jar;C:\Users\qk user2\.katalon\packages\KSE-10.4.2\plugins\javassist_3.28.0.GA.jar;C:\Users\qk user2\.katalon\packages\KSE-10.4.2\plugins\graphql-java_22.3.0.jar;C:\Users\qk user2\.katalon\packages\KSE-10.4.2\plugins\org.glassfish.jaxb.runtime_2.3.6.jar;C:\Users\qk user2\.katalon\packages\KSE-10.4.2\plugins\org.glassfish.jaxb.txw2_2.3.6.jar;C:\Users\qk user2\.katalon\packages\KSE-10.4.2\plugins\org.dom4j_2.1.4.jar;C:\Users\qk user2\.katalon\packages\KSE-10.4.2\plugins\com.kms.katalon.groovy-extended_1.0.0.202511190132.jar;C:\Users\qk user2\.katalon\packages\KSE-10.4.2\plugins\com.sun.activation.javax.activation_1.2.0.jar;C:\Users\qk user2\.katalon\packages\KSE-10.4.2\plugins\jakarta.xml.bind-api_4.0.2.jar;C:\Users\qk user2\.katalon\packages\KSE-10.4.2\plugins\org.eclipse.jface_3.35.100.v20241003-1431.jar;C:\Users\qk user2\.katalon\packages\KSE-10.4.2\plugins\com.kms.katalon.logging_1.0.0.202511190132.jar;C:\Users\qk user2\.katalon\packages\KSE-10.4.2\plugins\json_20240303.0.0.jar;C:\Users\qk user2\.katalon\packages\KSE-10.4.2\plugins\assertj-core_3.25.3.jar;C:\Users\qk user2\.katalon\packages\KSE-10.4.2\plugins\com.networknt.json-schema-validator_1.5.7.jar;C:\Users\qk user2\.katalon\packages\KSE-10.4.2\plugins\com.kms.katalon.network.apache_1.0.0.202511190132.jar;C:\Users\qk user2\.katalon\packages\KSE-10.4.2\plugins\com.kms.katalon.network.core_1.0.0.202511190132.jar;C:\Users\qk user2\.katalon\packages\KSE-10.4.2\plugins\java-dataloader_3.3.0.jar;C:\Users\qk user2\.katalon\packages\KSE-10.4.2\plugins\org.apache.commons.collections_3.2.2.v201511171945.jar;C:\Users\qk user2\.katalon\packages\KSE-10.4.2\plugins\org.apache.commons.commons-collections4_4.4.0.jar;C:\Users\qk user2\.katalon\packages\KSE-10.4.2\plugins\org.apache.commons.digester_2.1.0.jar;C:\Users\qk user2\.katalon\packages\KSE-10.4.2\plugins\stax2-api_4.2.2.jar;C:\Users\qk user2\.katalon\packages\KSE-10.4.2\plugins\com.fasterxml.woodstox.woodstox-core_6.6.2.jar;C:\Users\qk user2\.katalon\packages\KSE-10.4.2\plugins\org.apache.commons.logging_1.2.0.v20180409-1502.jar;C:\Users\qk user2\.katalon\packages\KSE-10.4.2\plugins\org.apache.commons.commons-beanutils_1.11.0.jar;C:\Users\qk user2\.katalon\packages\KSE-10.4.2\plugins\com.kms.katalon.report.core_1.0.0.202511190132.jar;C:\Users\qk user2\.katalon\packages\KSE-10.4.2\plugins\org.seleniumhq.selenium.selenium-api_4.34.0.jar;C:\Users\qk user2\.katalon\packages\KSE-10.4.2\plugins\org.seleniumhq.selenium.selenium-remote-driver_4.34.0.jar;C:\Users\qk user2\.katalon\packages\KSE-10.4.2\plugins\org.seleniumhq.selenium.selenium-http_4.34.0.jar;C:\Users\qk user2\.katalon\packages\KSE-10.4.2\plugins\ch.qos.logback.classic_1.5.19.jar;C:\Users\qk user2\.katalon\packages\KSE-10.4.2\plugins\ch.qos.logback.core_1.5.19.jar;C:\Users\qk user2\.katalon\packages\KSE-10.4.2\plugins\log4j.over.slf4j_1.7.36.jar;C:\Users\qk user2\.katalon\packages\KSE-10.4.2\plugins\org.eclipse.e4.core.contexts_1.13.0.v20241014-2013.jar;C:\Users\qk user2\.katalon\packages\KSE-10.4.2\plugins\com.github.oshi.oshi-core_6.9.1.jar;C:\Users\qk user2\.katalon\packages\KSE-10.4.2\plugins\com.sun.jna_5.18.1.jar;C:\Users\qk user2\.katalon\packages\KSE-10.4.2\plugins\com.sun.jna.platform_5.18.1.jar;C:\Users\qk user2\.katalon\packages\KSE-10.4.2\plugins\org.bidib.com.github.markusbernhardt.proxy-vole_1.1.7.jar;C:\Users\qk user2\.katalon\packages\KSE-10.4.2\plugins\org.hamcrest.core_1.3.0.jar;C:\Users\qk user2\.katalon\packages\KSE-10.4.2\plugins\org.beanshell.bsh_2.0.0.0b4.jar;C:\Users\qk user2\.katalon\packages\KSE-10.4.2\plugins\org.apache.ant.launcher_1.9.6.jar;C:\Users\qk user2\.katalon\packages\KSE-10.4.2\plugins\org.seleniumhq.selenium.selenium-chrome-driver_4.34.0.jar;C:\Users\qk user2\.katalon\packages\KSE-10.4.2\plugins\org.seleniumhq.selenium.selenium-chromium-driver_4.34.0.jar;C:\Users\qk user2\.katalon\packages\KSE-10.4.2\plugins\org.seleniumhq.selenium.selenium-edge-driver_4.34.0.jar;C:\Users\qk user2\.katalon\packages\KSE-10.4.2\plugins\org.seleniumhq.selenium.selenium-firefox-driver_4.34.0.jar;C:\Users\qk user2\.katalon\packages\KSE-10.4.2\plugins\org.seleniumhq.selenium.selenium-safari-driver_4.34.0.jar;C:\Users\qk user2\.katalon\packages\KSE-10.4.2\plugins\org.seleniumhq.selenium.selenium-ie-driver_4.34.0.jar;C:\Users\qk user2\.katalon\packages\KSE-10.4.2\plugins\org.seleniumhq.selenium.selenium-manager_4.34.0.jar;C:\Users\qk user2\.katalon\packages\KSE-10.4.2\plugins\org.seleniumhq.selenium.selenium-json_4.34.0.jar;C:\Users\qk user2\.katalon\packages\KSE-10.4.2\plugins\com.kms.katalon.core.appium_1.0.0.202511190132.jar;C:\Users\qk user2\.katalon\packages\KSE-10.4.2\plugins\org.seleniumhq.selenium.selenium-os_4.34.0.jar;C:\Users\qk user2\.katalon\packages\KSE-10.4.2\plugins\io.appium.java-client_9.5.0.jar;C:\Users\qk user2\.katalon\packages\KSE-10.4.2\plugins\org.eclipse.e4.core.services_2.5.0.v20241015-2219.jar;C:\Users\qk user2\.katalon\packages\KSE-10.4.2\plugins\org.eclipse.osgi.services_3.12.100.v20240327-0645.jar;C:\Users\qk user2\.katalon\packages\KSE-10.4.2\plugins\org.eclipse.equinox.common_3.19.200.v20241004-0654.jar;C:\Users\qk user2\.katalon\packages\KSE-10.4.2\plugins\com.kms.katalon.platform.core_1.0.0.202511190132.jar;C:\Users\qk user2\.katalon\packages\KSE-10.4.2\plugins\com.kms.katalon.common_1.0.0.202511190132.jar;C:\Users\qk user2\.katalon\packages\KSE-10.4.2\plugins\com.kms.katalon.session.core_1.0.0.202511190132.jar;C:\Users\qk user2\.katalon\packages\KSE-10.4.2\plugins\org.eclipse.e4.core.di_1.9.500.v20240606-1236.jar;C:\Users\qk user2\.katalon\packages\KSE-10.4.2\plugins\com.kms.katalon.execution.core_1.0.0.202511190132.jar;C:\Users\qk user2\.katalon\packages\KSE-10.4.2\plugins\org.eclipse.equinox.registry_3.12.200.v20241004-0654.jar;C:\Users\qk user2\.katalon\packages\KSE-10.4.2\plugins\oauth2-oidc-sdk_11.29.1.jar;C:\Users\qk user2\.katalon\packages\KSE-10.4.2\plugins\dev.failsafe_3.3.2.jar;C:\Users\qk user2\.katalon\packages\KSE-10.4.2\plugins\com.fasterxml.jackson.datatype.jackson-datatype-jsr310_2.17.2.jar;C:\Users\qk user2\.katalon\packages\KSE-10.4.2\plugins\org.eclipse.e4.core.di.annotations_1.8.400.v20240413-1529.jar;C:\Users\qk user2\.katalon\packages\KSE-10.4.2\plugins\net.minidev.json-smart_2.5.2.jar;C:\Users\qk user2\.katalon\packages\KSE-10.4.2\plugins\com.kms.katalon.core.webui_1.0.0.202511190132.jar;C:\Users\qk user2\.katalon\packages\KSE-10.4.2\plugins\org.seleniumhq.selenium.selenium-support_4.34.0.jar;C:\Users\qk user2\.katalon\packages\KSE-10.4.2\plugins\org.seleniumhq.selenium.selenium-devtools-v138_4.34.0.jar;C:\Users\qk user2\.katalon\packages\KSE-10.4.2\plugins\com.kms.katalon.core.mobile_1.0.0.202511190132.jar;C:\Users\qk user2\.katalon\packages\KSE-10.4.2\plugins\org.apache.commons.commons-validator_1.7.0.jar;C:\Users\qk user2\.katalon\packages\KSE-10.4.2\plugins\org.xmlunit.xmlunit-core_2.10.3.jar;C:\Users\qk user2\.katalon\packages\KSE-10.4.2\plugins\com.kms.katalon.core.cucumber_1.0.0.202511190132.jar;C:\Users\qk user2\.katalon\packages\KSE-10.4.2\plugins\io.cucumber.core_3.0.3.jar;C:\Users\qk user2\.katalon\packages\KSE-10.4.2\plugins\io.cucumber.datatable_1.1.16.jar;C:\Users\qk user2\.katalon\packages\KSE-10.4.2\plugins\io.cucumber.datatable-dependencies_1.1.16.jar;C:\Users\qk user2\.katalon\packages\KSE-10.4.2\plugins\io.cucumber.expressions_5.0.19.jar;C:\Users\qk user2\.katalon\packages\KSE-10.4.2\plugins\io.cucumber.gherkin_5.0.0.jar;C:\Users\qk user2\.katalon\packages\KSE-10.4.2\plugins\io.cucumber.html_0.2.7.jar;C:\Users\qk user2\.katalon\packages\KSE-10.4.2\plugins\io.cucumber.java_3.0.3.jar;C:\Users\qk user2\.katalon\packages\KSE-10.4.2\plugins\io.cucumber.tag-expressions_1.1.1.jar;C:\Users\qk user2\.katalon\packages\KSE-10.4.2\plugins\io.cucumber.junit_3.0.3.jar;C:\Users\qk user2\.katalon\packages\KSE-10.4.2\plugins\com.kms.katalon.core.webservice_1.0.0.202511190132.jar;C:\Users\qk user2\.katalon\packages\KSE-10.4.2\plugins\wsdl4j_1.6.2.jar;C:\Users\qk user2\.katalon\packages\KSE-10.4.2\plugins\com.google.oauth-client.google-oauth-client_1.22.0.jar;C:\Users\qk user2\.katalon\packages\KSE-10.4.2\plugins\com.google.http-client.google-http-client_1.22.0.jar;C:\Users\qk user2\.katalon\packages\KSE-10.4.2\plugins\com.kms.katalon.preferences_1.0.0.202511190132.jar;C:\Users\qk user2\.katalon\packages\KSE-10.4.2\plugins\org.apache.xmlbeans_3.1.0.jar;C:\Users\qk user2\.katalon\packages\KSE-10.4.2\plugins\com.kms.katalon.entity_1.0.0.202511190132.jar;C:\Users\qk user2\.katalon\packages\KSE-10.4.2\plugins\jakarta.xml.ws-api_2.3.3.jar;C:\Users\qk user2\.katalon\packages\KSE-10.4.2\plugins\javax.xml.soap-api_1.4.0.jar;C:\Users\qk user2\.katalon\packages\KSE-10.4.2\plugins\com.atlassian.oai.swagger-request-validator-core_2.38.0.jar;C:\Users\qk user2\.katalon\packages\KSE-10.4.2\plugins\io.swagger.compat-spec-parser_1.0.67.jar;C:\Users\qk user2\.katalon\packages\KSE-10.4.2\plugins\io.swagger.core.v3.swagger-annotations_2.2.14.jar;C:\Users\qk user2\.katalon\packages\KSE-10.4.2\plugins\io.swagger.core.v3.swagger-core_2.2.14.jar;C:\Users\qk user2\.katalon\packages\KSE-10.4.2\plugins\io.swagger.core.v3.swagger-models_2.2.14.jar;C:\Users\qk user2\.katalon\packages\KSE-10.4.2\plugins\io.swagger.parser.v3.swagger-parser-core_2.1.16.jar;C:\Users\qk user2\.katalon\packages\KSE-10.4.2\plugins\io.swagger.parser.v3.swagger-parser-v2-converter_2.1.16.jar;C:\Users\qk user2\.katalon\packages\KSE-10.4.2\plugins\com.github.java-json-tools.btf_1.3.0.jar;C:\Users\qk user2\.katalon\packages\KSE-10.4.2\plugins\com.fasterxml.jackson.dataformat.jackson-dataformat-yaml_2.18.3.jar;C:\Users\qk user2\.katalon\packages\KSE-10.4.2\plugins\org.yaml.snakeyaml_2.3.0.jar;C:\Users\qk user2\.katalon\packages\KSE-10.4.2\plugins\com.github.java-json-tools.msg-simple_1.2.0.jar;C:\Users\qk user2\.katalon\packages\KSE-10.4.2\plugins\jackson-core-asl_1.9.13.jar;C:\Users\qk user2\.katalon\packages\KSE-10.4.2\plugins\joda-time_2.10.5.jar;C:\Users\qk user2\.katalon\packages\KSE-10.4.2\plugins\javax.mail-api_1.6.2.jar;C:\Users\qk user2\.katalon\packages\KSE-10.4.2\plugins\com.googlecode.libphonenumber_8.11.1.jar;C:\Users\qk user2\.katalon\packages\KSE-10.4.2\plugins\com.google.guava.failureaccess_1.0.3.jar;C:\Users\qk user2\.katalon\packages\KSE-10.4.2\plugins\io.swagger.parser.v3.swagger-parser_2.1.16.jar;C:\Users\qk user2\.katalon\packages\KSE-10.4.2\plugins\io.swagger.parser.v3.swagger-parser-v3_2.1.16.jar;C:\Users\qk user2\.katalon\packages\KSE-10.4.2\plugins\io.swagger.parser_1.0.67.jar;C:\Users\qk user2\.katalon\packages\KSE-10.4.2\plugins\com.narupley.not-going-to-be-commons-ssl_0.3.20.jar;C:\Users\qk user2\.katalon\packages\KSE-10.4.2\plugins\com.kms.katalon.core.windows_1.0.0.202511190132.jar;C:\Users\qk user2\.katalon\packages\KSE-10.4.2\plugins\net.lingala.zip4j_2.11.5.jar;C:\Users\qk user2\.katalon\packages\KSE-10.4.2\plugins\com.kms.katalon.core.testng_1.0.0.202511190132.jar;C:\Users\qk user2\.katalon\packages\KSE-10.4.2\plugins\org.testng_7.8.0.jar;C:\Users\qk user2\.katalon\packages\KSE-10.4.2\plugins\com.beust.jcommander_1.82.0.jar;C:\Users\qk user2\.katalon\packages\KSE-10.4.2\plugins\org.codehaus.groovy_3.0.23.v202501010125-e2412\lib\groovy-3.0.23-indy.jar;C:\Users\qk user2\.katalon\packages\KSE-10.4.2\plugins\org.codehaus.groovy_3.0.23.v202501010125-e2412\lib\ivy-2.5.2.jar --main groovy.ui.GroovyMain --encoding UTF-8 --indy E:\Death_Claim_Automation\Libs\TempTestCaseBinding1777550782110.groovy

Host: Intel(R) Xeon(R) Gold 6132 CPU @ 2.60GHz, 4 cores, 15G,  Windows Server 2022 , 64 bit Build 20348 (10.0.20348.3692)
Time: Thu Apr 30 17:37:24 2026 India Standard Time elapsed time: 60.876988 seconds (0d 0h 1m 0s)

---------------  T H R E A D  ---------------

Current thread (0x0000016dfee2e0b0):  VMThread "VM Thread" [stack: 0x00000049cc300000,0x00000049cc400000] [id=210748]

Stack: [0x00000049cc300000,0x00000049cc400000]
Native frames: (J=compiled Java code, j=interpreted, Vv=VM code, C=native code)
V  [jvm.dll+0x682eb9]
V  [jvm.dll+0x8399c8]
V  [jvm.dll+0x83b473]
V  [jvm.dll+0x83bae3]
V  [jvm.dll+0x24715f]
V  [jvm.dll+0x67fc99]
V  [jvm.dll+0x674b8a]
V  [jvm.dll+0x304c06]
V  [jvm.dll+0x30c0c6]
V  [jvm.dll+0x35dc3e]
V  [jvm.dll+0x35de7d]
V  [jvm.dll+0x2dbfcc]
V  [jvm.dll+0x2da36f]
V  [jvm.dll+0x2d9adc]
V  [jvm.dll+0x31d2bb]
V  [jvm.dll+0x84031d]
V  [jvm.dll+0x841053]
V  [jvm.dll+0x84157f]
V  [jvm.dll+0x841964]
V  [jvm.dll+0x841a2e]
V  [jvm.dll+0x7e948c]
V  [jvm.dll+0x681d97]
C  [ucrtbase.dll+0x26b4c]
C  [KERNEL32.DLL+0x14cb0]
C  [ntdll.dll+0x7edcb]

VM_Operation (0x00000049cbdfb730): G1CollectForAllocation, mode: safepoint, requested by thread 0x0000016de689e7b0


---------------  P R O C E S S  ---------------

Threads class SMR info:
_java_thread_list=0x0000016d89af0440, length=27, elements={
0x0000016de689e7b0, 0x0000016dff206110, 0x0000016dff207d40, 0x0000016dff2124f0,
0x0000016dff252400, 0x0000016dff254dd0, 0x0000016dff255790, 0x0000016dff256480,
0x0000016dff2c7460, 0x0000016dff2cb740, 0x0000016dff509970, 0x0000016d8802c370,
0x0000016d8a7004c0, 0x0000016d8a7009d0, 0x0000016d88d17b50, 0x0000016d88d12030,
0x0000016d88d148b0, 0x0000016d88d13980, 0x0000016d88d11b20, 0x0000016d88d157e0,
0x0000016d88d13470, 0x0000016d88d12f60, 0x0000016d88d17130, 0x0000016d88d11610,
0x0000016d88d16200, 0x0000016d88d15cf0, 0x0000016dff505020
}

Java Threads: ( => current thread )
  0x0000016de689e7b0 JavaThread "main" [_thread_blocked, id=163936, stack(0x00000049cbd00000,0x00000049cbe00000)]
  0x0000016dff206110 JavaThread "Reference Handler" daemon [_thread_blocked, id=188084, stack(0x00000049cc400000,0x00000049cc500000)]
  0x0000016dff207d40 JavaThread "Finalizer" daemon [_thread_blocked, id=186736, stack(0x00000049cc500000,0x00000049cc600000)]
  0x0000016dff2124f0 JavaThread "Signal Dispatcher" daemon [_thread_blocked, id=218048, stack(0x00000049cc600000,0x00000049cc700000)]
  0x0000016dff252400 JavaThread "Attach Listener" daemon [_thread_blocked, id=203628, stack(0x00000049cc700000,0x00000049cc800000)]
  0x0000016dff254dd0 JavaThread "Service Thread" daemon [_thread_blocked, id=213692, stack(0x00000049cc800000,0x00000049cc900000)]
  0x0000016dff255790 JavaThread "Monitor Deflation Thread" daemon [_thread_blocked, id=222144, stack(0x00000049cc900000,0x00000049cca00000)]
  0x0000016dff256480 JavaThread "C2 CompilerThread0" daemon [_thread_blocked, id=222652, stack(0x00000049cca00000,0x00000049ccb00000)]
  0x0000016dff2c7460 JavaThread "C1 CompilerThread0" daemon [_thread_blocked, id=215780, stack(0x00000049ccb00000,0x00000049ccc00000)]
  0x0000016dff2cb740 JavaThread "Sweeper thread" daemon [_thread_blocked, id=211252, stack(0x00000049ccc00000,0x00000049ccd00000)]
  0x0000016dff509970 JavaThread "Common-Cleaner" daemon [_thread_blocked, id=179932, stack(0x00000049ccd00000,0x00000049cce00000)]
  0x0000016d8802c370 JavaThread "Notification Thread" daemon [_thread_blocked, id=219420, stack(0x00000049cd100000,0x00000049cd200000)]
  0x0000016d8a7004c0 JavaThread "ForkJoinPool.commonPool-worker-1" daemon [_thread_blocked, id=215192, stack(0x00000049cd300000,0x00000049cd400000)]
  0x0000016d8a7009d0 JavaThread "HttpClient-1-SelectorManager" daemon [_thread_in_native, id=211632, stack(0x00000049cd600000,0x00000049cd700000)]
  0x0000016d88d17b50 JavaThread "Driver Service Executor" daemon [_thread_blocked, id=215424, stack(0x00000049cd800000,0x00000049cd900000)]
  0x0000016d88d12030 JavaThread "Driver Service Executor" daemon [_thread_blocked, id=223216, stack(0x00000049cd900000,0x00000049cda00000)]
  0x0000016d88d148b0 JavaThread "UrlChecker-2" daemon [_thread_blocked, id=220036, stack(0x00000049cda00000,0x00000049cdb00000)]
  0x0000016d88d13980 JavaThread "JdkHttpClient-0-0" daemon [_thread_blocked, id=221060, stack(0x00000049cd500000,0x00000049cd600000)]
  0x0000016d88d11b20 JavaThread "CompletableFutureDelayScheduler" daemon [_thread_blocked, id=211128, stack(0x00000049cdd00000,0x00000049cde00000)]
  0x0000016d88d157e0 JavaThread "JdkHttpClient-0-1" daemon [_thread_blocked, id=221092, stack(0x00000049cdf00000,0x00000049ce000000)]
  0x0000016d88d13470 JavaThread "JdkHttpClient-0-2" daemon [_thread_blocked, id=214168, stack(0x00000049ce000000,0x00000049ce100000)]
  0x0000016d88d12f60 JavaThread "JdkHttpClient-0-3" daemon [_thread_blocked, id=222324, stack(0x00000049ce100000,0x00000049ce200000)]
  0x0000016d88d17130 JavaThread "HttpClient-2-SelectorManager" daemon [_thread_in_native, id=210080, stack(0x00000049ce200000,0x00000049ce300000)]
  0x0000016d88d11610 JavaThread "JdkHttpClient-1-0" daemon [_thread_blocked, id=215808, stack(0x00000049ce300000,0x00000049ce400000)]
  0x0000016d88d16200 JavaThread "JdkHttpClient-1-1" daemon [_thread_blocked, id=204056, stack(0x00000049ce400000,0x00000049ce500000)]
  0x0000016d88d15cf0 JavaThread "JdkHttpClient-1-2" daemon [_thread_blocked, id=221280, stack(0x00000049ce500000,0x00000049ce600000)]
  0x0000016dff505020 JavaThread "C2 CompilerThread1" daemon [_thread_blocked, id=222740, stack(0x00000049cd700000,0x00000049cd800000)]

Other Threads:
=>0x0000016dfee2e0b0 VMThread "VM Thread" [stack: 0x00000049cc300000,0x00000049cc400000] [id=210748]
  0x0000016d8812d030 WatcherThread [stack: 0x00000049cd200000,0x00000049cd300000] [id=213780]
  0x0000016de9b4e830 GCTaskThread "GC Thread#0" [stack: 0x00000049cbe00000,0x00000049cbf00000] [id=222348]
  0x0000016dff738c00 GCTaskThread "GC Thread#1" [stack: 0x00000049cce00000,0x00000049ccf00000] [id=220460]
  0x0000016dff738ec0 GCTaskThread "GC Thread#2" [stack: 0x00000049ccf00000,0x00000049cd000000] [id=214604]
  0x0000016dffc5b1d0 GCTaskThread "GC Thread#3" [stack: 0x00000049cd000000,0x00000049cd100000] [id=221816]
  0x0000016dfec6bb10 ConcurrentGCThread "G1 Main Marker" [stack: 0x00000049cbf00000,0x00000049cc000000] [id=204996]
  0x0000016dfec6c440 ConcurrentGCThread "G1 Conc#0" [stack: 0x00000049cc000000,0x00000049cc100000] [id=222964]
  0x0000016dfed27c10 ConcurrentGCThread "G1 Refine#0" [stack: 0x00000049cc100000,0x00000049cc200000] [id=199900]
  0x0000016dfed28640 ConcurrentGCThread "G1 Service" [stack: 0x00000049cc200000,0x00000049cc300000] [id=218536]

Threads with active compile tasks:

VM state: at safepoint (normal execution)

VM Mutex/Monitor currently owned by a thread:  ([mutex/lock_event])
[0x0000016de9b15f20] Threads_lock - owner thread: 0x0000016dfee2e0b0
[0x0000016de9b14660] Heap_lock - owner thread: 0x0000016de689e7b0

Heap address: 0x0000000080000000, size: 2048 MB, Compressed Oops mode: 32-bit

CDS archive(s) not mapped
Compressed class space mapped at: 0x0000000100000000-0x0000000140000000, reserved size: 1073741824
Narrow klass base: 0x0000000000000000, Narrow klass shift: 3, Narrow klass range: 0x140000000

GC Precious Log:
 CPUs: 4 total, 4 available
 Memory: 16383M
 Large Page Support: Disabled
 NUMA Support: Disabled
 Compressed Oops: Enabled (32-bit)
 Heap Region Size: 1M
 Heap Min Capacity: 8M
 Heap Initial Capacity: 256M
 Heap Max Capacity: 2G
 Pre-touch: Disabled
 Parallel Workers: 4
 Concurrent Workers: 1
 Concurrent Refinement Workers: 4
 Periodic GC: Disabled

Heap:
 garbage-first heap   total 116736K, used 48051K [0x0000000080000000, 0x0000000100000000)
  region size 1024K, 2 young (2048K), 2 survivors (2048K)
 Metaspace       used 62524K, committed 63488K, reserved 1114112K
  class space    used 6873K, committed 7360K, reserved 1048576K

Heap Regions: E=young(eden), S=young(survivor), O=old, HS=humongous(starts), HC=humongous(continues), CS=collection set, F=free, OA=open archive, CA=closed archive, TAMS=top-at-mark-start (previous, next)
|   0|0x0000000080000000, 0x0000000080100000, 0x0000000080100000|100%|HS|  |TAMS 0x0000000080100000, 0x0000000080000000| Complete 
|   1|0x0000000080100000, 0x0000000080200000, 0x0000000080200000|100%|HS|  |TAMS 0x0000000080200000, 0x0000000080100000| Complete 
|   2|0x0000000080200000, 0x0000000080300000, 0x0000000080300000|100%| O|  |TAMS 0x0000000080300000, 0x0000000080200000| Untracked 
|   3|0x0000000080300000, 0x0000000080400000, 0x0000000080400000|100%| O|  |TAMS 0x0000000080400000, 0x0000000080300000| Untracked 
|   4|0x0000000080400000, 0x0000000080500000, 0x0000000080500000|100%| O|  |TAMS 0x0000000080500000, 0x0000000080400000| Untracked 
|   5|0x0000000080500000, 0x0000000080600000, 0x0000000080600000|100%| O|  |TAMS 0x0000000080600000, 0x0000000080500000| Untracked 
|   6|0x0000000080600000, 0x0000000080700000, 0x0000000080700000|100%| O|  |TAMS 0x0000000080700000, 0x0000000080600000| Untracked 
|   7|0x0000000080700000, 0x0000000080800000, 0x0000000080800000|100%| O|  |TAMS 0x0000000080800000, 0x0000000080700000| Untracked 
|   8|0x0000000080800000, 0x0000000080900000, 0x0000000080900000|100%| O|  |TAMS 0x0000000080900000, 0x0000000080800000| Untracked 
|   9|0x0000000080900000, 0x0000000080a00000, 0x0000000080a00000|100%| O|  |TAMS 0x0000000080a00000, 0x0000000080900000| Untracked 
|  10|0x0000000080a00000, 0x0000000080b00000, 0x0000000080b00000|100%| O|  |TAMS 0x0000000080b00000, 0x0000000080a00000| Untracked 
|  11|0x0000000080b00000, 0x0000000080c00000, 0x0000000080c00000|100%| O|  |TAMS 0x0000000080c00000, 0x0000000080b00000| Untracked 
|  12|0x0000000080c00000, 0x0000000080d00000, 0x0000000080d00000|100%| O|  |TAMS 0x0000000080d00000, 0x0000000080c00000| Untracked 
|  13|0x0000000080d00000, 0x0000000080e00000, 0x0000000080e00000|100%| O|  |TAMS 0x0000000080e00000, 0x0000000080d00000| Untracked 
|  14|0x0000000080e00000, 0x0000000080f00000, 0x0000000080f00000|100%| O|  |TAMS 0x0000000080f00000, 0x0000000080e00000| Untracked 
|  15|0x0000000080f00000, 0x0000000080f41a00, 0x0000000081000000| 25%| O|  |TAMS 0x0000000080f41a00, 0x0000000080f00000| Untracked 
|  16|0x0000000081000000, 0x0000000081100000, 0x0000000081100000|100%| O|  |TAMS 0x0000000081100000, 0x0000000081000000| Untracked 
|  17|0x0000000081100000, 0x0000000081200000, 0x0000000081200000|100%| O|  |TAMS 0x0000000081200000, 0x0000000081100000| Untracked 
|  18|0x0000000081200000, 0x0000000081300000, 0x0000000081300000|100%| O|  |TAMS 0x0000000081300000, 0x0000000081200000| Untracked 
|  19|0x0000000081300000, 0x0000000081400000, 0x0000000081400000|100%| O|  |TAMS 0x0000000081400000, 0x0000000081300000| Untracked 
|  20|0x0000000081400000, 0x0000000081500000, 0x0000000081500000|100%| O|  |TAMS 0x0000000081500000, 0x0000000081400000| Untracked 
|  21|0x0000000081500000, 0x0000000081600000, 0x0000000081600000|100%| O|  |TAMS 0x0000000081600000, 0x0000000081500000| Untracked 
|  22|0x0000000081600000, 0x0000000081700000, 0x0000000081700000|100%| O|  |TAMS 0x0000000081700000, 0x0000000081600000| Untracked 
|  23|0x0000000081700000, 0x0000000081800000, 0x0000000081800000|100%| O|  |TAMS 0x0000000081800000, 0x0000000081700000| Untracked 
|  24|0x0000000081800000, 0x000000008184d800, 0x0000000081900000| 30%| O|  |TAMS 0x000000008184d800, 0x0000000081800000| Untracked 
|  25|0x0000000081900000, 0x0000000081a00000, 0x0000000081a00000|100%| O|  |TAMS 0x0000000081a00000, 0x0000000081900000| Untracked 
|  26|0x0000000081a00000, 0x0000000081b00000, 0x0000000081b00000|100%| O|  |TAMS 0x0000000081b00000, 0x0000000081a00000| Untracked 
|  27|0x0000000081b00000, 0x0000000081c00000, 0x0000000081c00000|100%| O|  |TAMS 0x0000000081c00000, 0x0000000081b00000| Untracked 
|  28|0x0000000081c00000, 0x0000000081d00000, 0x0000000081d00000|100%| O|  |TAMS 0x0000000081d00000, 0x0000000081c00000| Untracked 
|  29|0x0000000081d00000, 0x0000000081e00000, 0x0000000081e00000|100%| O|  |TAMS 0x0000000081e00000, 0x0000000081d00000| Untracked 
|  30|0x0000000081e00000, 0x0000000081f00000, 0x0000000081f00000|100%| O|  |TAMS 0x0000000081f00000, 0x0000000081e00000| Untracked 
|  31|0x0000000081f00000, 0x0000000082000000, 0x0000000082000000|100%| O|  |TAMS 0x0000000082000000, 0x0000000081f00000| Untracked 
|  32|0x0000000082000000, 0x0000000082100000, 0x0000000082100000|100%| O|  |TAMS 0x0000000082100000, 0x0000000082000000| Untracked 
|  33|0x0000000082100000, 0x0000000082200000, 0x0000000082200000|100%| O|  |TAMS 0x0000000082200000, 0x0000000082100000| Untracked 
|  34|0x0000000082200000, 0x0000000082300000, 0x0000000082300000|100%| O|  |TAMS 0x0000000082300000, 0x0000000082200000| Untracked 
|  35|0x0000000082300000, 0x0000000082400000, 0x0000000082400000|100%| O|  |TAMS 0x0000000082400000, 0x0000000082300000| Untracked 
|  36|0x0000000082400000, 0x0000000082500000, 0x0000000082500000|100%| O|  |TAMS 0x0000000082500000, 0x0000000082400000| Untracked 
|  37|0x0000000082500000, 0x0000000082600000, 0x0000000082600000|100%| O|  |TAMS 0x0000000082600000, 0x0000000082500000| Untracked 
|  38|0x0000000082600000, 0x0000000082700000, 0x0000000082700000|100%| O|  |TAMS 0x0000000082700000, 0x0000000082600000| Untracked 
|  39|0x0000000082700000, 0x0000000082800000, 0x0000000082800000|100%| O|  |TAMS 0x0000000082708200, 0x0000000082700000| Untracked 
|  40|0x0000000082800000, 0x0000000082900000, 0x0000000082900000|100%| O|  |TAMS 0x0000000082800000, 0x0000000082800000| Untracked 
|  41|0x0000000082900000, 0x0000000082a00000, 0x0000000082a00000|100%| O|  |TAMS 0x0000000082900000, 0x0000000082900000| Untracked 
|  42|0x0000000082a00000, 0x0000000082b00000, 0x0000000082b00000|100%| O|  |TAMS 0x0000000082a00000, 0x0000000082a00000| Untracked 
|  43|0x0000000082b00000, 0x0000000082c00000, 0x0000000082c00000|100%| O|  |TAMS 0x0000000082b00000, 0x0000000082b00000| Untracked 
|  44|0x0000000082c00000, 0x0000000082d00000, 0x0000000082d00000|100%| O|  |TAMS 0x0000000082c00000, 0x0000000082c00000| Untracked 
|  45|0x0000000082d00000, 0x0000000082e00000, 0x0000000082e00000|100%| O|  |TAMS 0x0000000082d00000, 0x0000000082d00000| Untracked 
|  46|0x0000000082e00000, 0x0000000082eb7600, 0x0000000082f00000| 71%| O|  |TAMS 0x0000000082e00000, 0x0000000082e00000| Untracked 
|  47|0x0000000082f00000, 0x0000000082f00000, 0x0000000083000000|  0%| F|  |TAMS 0x0000000082f00000, 0x0000000082f00000| Untracked 
|  48|0x0000000083000000, 0x0000000083000000, 0x0000000083100000|  0%| F|  |TAMS 0x0000000083000000, 0x0000000083000000| Untracked 
|  49|0x0000000083100000, 0x0000000083100000, 0x0000000083200000|  0%| F|  |TAMS 0x0000000083100000, 0x0000000083100000| Untracked 
|  50|0x0000000083200000, 0x0000000083200000, 0x0000000083300000|  0%| F|  |TAMS 0x0000000083200000, 0x0000000083200000| Untracked 
|  51|0x0000000083300000, 0x0000000083300000, 0x0000000083400000|  0%| F|  |TAMS 0x0000000083300000, 0x0000000083300000| Untracked 
|  52|0x0000000083400000, 0x0000000083400000, 0x0000000083500000|  0%| F|  |TAMS 0x0000000083400000, 0x0000000083400000| Untracked 
|  53|0x0000000083500000, 0x0000000083500000, 0x0000000083600000|  0%| F|  |TAMS 0x0000000083500000, 0x0000000083500000| Untracked 
|  54|0x0000000083600000, 0x0000000083600000, 0x0000000083700000|  0%| F|  |TAMS 0x0000000083600000, 0x0000000083600000| Untracked 
|  55|0x0000000083700000, 0x0000000083700000, 0x0000000083800000|  0%| F|  |TAMS 0x0000000083700000, 0x0000000083700000| Untracked 
|  56|0x0000000083800000, 0x0000000083800000, 0x0000000083900000|  0%| F|  |TAMS 0x0000000083800000, 0x0000000083800000| Untracked 
|  57|0x0000000083900000, 0x0000000083900000, 0x0000000083a00000|  0%| F|  |TAMS 0x0000000083900000, 0x0000000083900000| Untracked 
|  58|0x0000000083a00000, 0x0000000083a00000, 0x0000000083b00000|  0%| F|  |TAMS 0x0000000083a00000, 0x0000000083a00000| Untracked 
|  59|0x0000000083b00000, 0x0000000083b00000, 0x0000000083c00000|  0%| F|  |TAMS 0x0000000083b00000, 0x0000000083b00000| Untracked 
|  60|0x0000000083c00000, 0x0000000083c00000, 0x0000000083d00000|  0%| F|  |TAMS 0x0000000083c00000, 0x0000000083c00000| Untracked 
|  61|0x0000000083d00000, 0x0000000083d00000, 0x0000000083e00000|  0%| F|  |TAMS 0x0000000083d00000, 0x0000000083d00000| Untracked 
|  62|0x0000000083e00000, 0x0000000083ea6590, 0x0000000083f00000| 64%| S|CS|TAMS 0x0000000083e00000, 0x0000000083e00000| Complete 
|  63|0x0000000083f00000, 0x0000000083f00000, 0x0000000084000000|  0%| F|  |TAMS 0x0000000083f00000, 0x0000000083f00000| Untracked 
|  64|0x0000000084000000, 0x0000000084000000, 0x0000000084100000|  0%| F|  |TAMS 0x0000000084000000, 0x0000000084000000| Untracked 
|  65|0x0000000084100000, 0x0000000084100000, 0x0000000084200000|  0%| F|  |TAMS 0x0000000084100000, 0x0000000084100000| Untracked 
|  66|0x0000000084200000, 0x0000000084300000, 0x0000000084300000|100%| S|CS|TAMS 0x0000000084200000, 0x0000000084200000| Complete 
|  67|0x0000000084300000, 0x0000000084300000, 0x0000000084400000|  0%| F|  |TAMS 0x0000000084300000, 0x0000000084300000| Untracked 
|  68|0x0000000084400000, 0x0000000084400000, 0x0000000084500000|  0%| F|  |TAMS 0x0000000084400000, 0x0000000084400000| Untracked 
|  69|0x0000000084500000, 0x0000000084500000, 0x0000000084600000|  0%| F|  |TAMS 0x0000000084500000, 0x0000000084500000| Untracked 
|  70|0x0000000084600000, 0x0000000084600000, 0x0000000084700000|  0%| F|  |TAMS 0x0000000084600000, 0x0000000084600000| Untracked 
|  71|0x0000000084700000, 0x0000000084700000, 0x0000000084800000|  0%| F|  |TAMS 0x0000000084700000, 0x0000000084700000| Untracked 
|  72|0x0000000084800000, 0x0000000084800000, 0x0000000084900000|  0%| F|  |TAMS 0x0000000084800000, 0x0000000084800000| Untracked 
|  73|0x0000000084900000, 0x0000000084900000, 0x0000000084a00000|  0%| F|  |TAMS 0x0000000084900000, 0x0000000084900000| Untracked 
|  74|0x0000000084a00000, 0x0000000084a00000, 0x0000000084b00000|  0%| F|  |TAMS 0x0000000084a00000, 0x0000000084a00000| Untracked 
|  75|0x0000000084b00000, 0x0000000084b00000, 0x0000000084c00000|  0%| F|  |TAMS 0x0000000084b00000, 0x0000000084b00000| Untracked 
|  76|0x0000000084c00000, 0x0000000084c00000, 0x0000000084d00000|  0%| F|  |TAMS 0x0000000084c00000, 0x0000000084c00000| Untracked 
|  77|0x0000000084d00000, 0x0000000084d00000, 0x0000000084e00000|  0%| F|  |TAMS 0x0000000084d00000, 0x0000000084d00000| Untracked 
|  78|0x0000000084e00000, 0x0000000084e00000, 0x0000000084f00000|  0%| F|  |TAMS 0x0000000084e00000, 0x0000000084e00000| Untracked 
|  79|0x0000000084f00000, 0x0000000084f00000, 0x0000000085000000|  0%| F|  |TAMS 0x0000000084f00000, 0x0000000084f00000| Untracked 
|  80|0x0000000085000000, 0x0000000085000000, 0x0000000085100000|  0%| F|  |TAMS 0x0000000085000000, 0x0000000085000000| Untracked 
|  81|0x0000000085100000, 0x0000000085100000, 0x0000000085200000|  0%| F|  |TAMS 0x0000000085100000, 0x0000000085100000| Untracked 
|  82|0x0000000085200000, 0x0000000085200000, 0x0000000085300000|  0%| F|  |TAMS 0x0000000085200000, 0x0000000085200000| Untracked 
|  83|0x0000000085300000, 0x0000000085300000, 0x0000000085400000|  0%| F|  |TAMS 0x0000000085300000, 0x0000000085300000| Untracked 
|  84|0x0000000085400000, 0x0000000085400000, 0x0000000085500000|  0%| F|  |TAMS 0x0000000085400000, 0x0000000085400000| Untracked 
|  85|0x0000000085500000, 0x0000000085500000, 0x0000000085600000|  0%| F|  |TAMS 0x0000000085500000, 0x0000000085500000| Untracked 
|  86|0x0000000085600000, 0x0000000085600000, 0x0000000085700000|  0%| F|  |TAMS 0x0000000085600000, 0x0000000085600000| Untracked 
|  87|0x0000000085700000, 0x0000000085700000, 0x0000000085800000|  0%| F|  |TAMS 0x0000000085700000, 0x0000000085700000| Untracked 
|  88|0x0000000085800000, 0x0000000085800000, 0x0000000085900000|  0%| F|  |TAMS 0x0000000085800000, 0x0000000085800000| Untracked 
|  89|0x0000000085900000, 0x0000000085900000, 0x0000000085a00000|  0%| F|  |TAMS 0x0000000085900000, 0x0000000085900000| Untracked 
|  90|0x0000000085a00000, 0x0000000085a00000, 0x0000000085b00000|  0%| F|  |TAMS 0x0000000085a00000, 0x0000000085a00000| Untracked 
|  91|0x0000000085b00000, 0x0000000085b00000, 0x0000000085c00000|  0%| F|  |TAMS 0x0000000085b00000, 0x0000000085b00000| Untracked 
|  92|0x0000000085c00000, 0x0000000085c00000, 0x0000000085d00000|  0%| F|  |TAMS 0x0000000085c00000, 0x0000000085c00000| Untracked 
|  93|0x0000000085d00000, 0x0000000085d00000, 0x0000000085e00000|  0%| F|  |TAMS 0x0000000085d00000, 0x0000000085d00000| Untracked 
|  94|0x0000000085e00000, 0x0000000085e00000, 0x0000000085f00000|  0%| F|  |TAMS 0x0000000085e00000, 0x0000000085e00000| Untracked 
|  95|0x0000000085f00000, 0x0000000085f00000, 0x0000000086000000|  0%| F|  |TAMS 0x0000000085f00000, 0x0000000085f00000| Untracked 
|  96|0x0000000086000000, 0x0000000086000000, 0x0000000086100000|  0%| F|  |TAMS 0x0000000086000000, 0x0000000086000000| Untracked 
|  97|0x0000000086100000, 0x0000000086100000, 0x0000000086200000|  0%| F|  |TAMS 0x0000000086100000, 0x0000000086100000| Untracked 
|  98|0x0000000086200000, 0x0000000086200000, 0x0000000086300000|  0%| F|  |TAMS 0x0000000086200000, 0x0000000086200000| Untracked 
|  99|0x0000000086300000, 0x0000000086300000, 0x0000000086400000|  0%| F|  |TAMS 0x0000000086300000, 0x0000000086300000| Untracked 
| 100|0x0000000086400000, 0x0000000086400000, 0x0000000086500000|  0%| F|  |TAMS 0x0000000086400000, 0x0000000086400000| Untracked 
| 101|0x0000000086500000, 0x0000000086500000, 0x0000000086600000|  0%| F|  |TAMS 0x0000000086500000, 0x0000000086500000| Untracked 
| 102|0x0000000086600000, 0x0000000086600000, 0x0000000086700000|  0%| F|  |TAMS 0x0000000086600000, 0x0000000086600000| Untracked 
| 103|0x0000000086700000, 0x0000000086700000, 0x0000000086800000|  0%| F|  |TAMS 0x0000000086700000, 0x0000000086700000| Untracked 
| 104|0x0000000086800000, 0x0000000086800000, 0x0000000086900000|  0%| F|  |TAMS 0x0000000086800000, 0x0000000086800000| Untracked 
| 105|0x0000000086900000, 0x0000000086900000, 0x0000000086a00000|  0%| F|  |TAMS 0x0000000086900000, 0x0000000086900000| Untracked 
| 106|0x0000000086a00000, 0x0000000086a00000, 0x0000000086b00000|  0%| F|  |TAMS 0x0000000086a00000, 0x0000000086a00000| Untracked 
| 107|0x0000000086b00000, 0x0000000086b00000, 0x0000000086c00000|  0%| F|  |TAMS 0x0000000086b00000, 0x0000000086b00000| Untracked 
| 108|0x0000000086c00000, 0x0000000086c00000, 0x0000000086d00000|  0%| F|  |TAMS 0x0000000086c00000, 0x0000000086c00000| Untracked 
| 109|0x0000000086d00000, 0x0000000086d00000, 0x0000000086e00000|  0%| F|  |TAMS 0x0000000086d00000, 0x0000000086d00000| Untracked 
| 110|0x0000000086e00000, 0x0000000086e00000, 0x0000000086f00000|  0%| F|  |TAMS 0x0000000086e00000, 0x0000000086e00000| Untracked 
| 111|0x0000000086f00000, 0x0000000086f00000, 0x0000000087000000|  0%| F|  |TAMS 0x0000000086f00000, 0x0000000086f00000| Untracked 
| 239|0x000000008ef00000, 0x000000008ef00000, 0x000000008f000000|  0%| F|  |TAMS 0x000000008ef00000, 0x000000008ef00000| Untracked 
| 255|0x000000008ff00000, 0x000000008ff00000, 0x0000000090000000|  0%| F|  |TAMS 0x000000008ff00000, 0x000000008ff00000| Untracked 

Card table byte_map: [0x0000016dfc430000,0x0000016dfc830000] _byte_map_base: 0x0000016dfc030000

Marking Bits (Prev, Next): (CMBitMap*) 0x0000016dfec5b220, (CMBitMap*) 0x0000016dfec5b1e0
 Prev Bits: [0x0000016d80000000, 0x0000016d82000000)
 Next Bits: [0x0000016dfcc30000, 0x0000016dfec30000)

Polling page: 0x0000016de8bc0000

Metaspace:

Usage:
  Non-class:     54.35 MB used.
      Class:      6.71 MB used.
       Both:     61.06 MB used.

Virtual space:
  Non-class space:       64.00 MB reserved,      54.81 MB ( 86%) committed,  1 nodes.
      Class space:        1.00 GB reserved,       7.19 MB ( <1%) committed,  1 nodes.
             Both:        1.06 GB reserved,      62.00 MB (  6%) committed. 

Chunk freelists:
   Non-Class:  8.48 MB
       Class:  8.81 MB
        Both:  17.28 MB

MaxMetaspaceSize: unlimited
CompressedClassSpaceSize: 1.00 GB
Initial GC threshold: 21.00 MB
Current GC threshold: 98.56 MB
CDS: off
MetaspaceReclaimPolicy: balanced
 - commit_granule_bytes: 65536.
 - commit_granule_words: 8192.
 - virtual_space_node_default_size: 8388608.
 - enlarge_chunks_in_place: 1.
 - new_chunks_are_fully_committed: 0.
 - uncommit_free_chunks: 1.
 - use_allocation_guard: 0.
 - handle_deallocations: 1.


Internal statistics:

num_allocs_failed_limit: 9.
num_arena_births: 1338.
num_arena_deaths: 0.
num_vsnodes_births: 2.
num_vsnodes_deaths: 0.
num_space_committed: 992.
num_space_uncommitted: 0.
num_chunks_returned_to_freelist: 9.
num_chunks_taken_from_freelist: 3316.
num_chunk_merges: 6.
num_chunk_splits: 2108.
num_chunks_enlarged: 1253.
num_inconsistent_stats: 0.

CodeHeap 'non-profiled nmethods': size=120000Kb used=6315Kb max_used=6315Kb free=113684Kb
 bounds [0x0000016df4b00000, 0x0000016df5130000, 0x0000016dfc030000]
CodeHeap 'profiled nmethods': size=120000Kb used=19457Kb max_used=19457Kb free=100543Kb
 bounds [0x0000016ded030000, 0x0000016dee340000, 0x0000016df4560000]
CodeHeap 'non-nmethods': size=5760Kb used=2357Kb max_used=2452Kb free=3402Kb
 bounds [0x0000016df4560000, 0x0000016df47e0000, 0x0000016df4b00000]
 total_blobs=10352 nmethods=9470 adapters=793
 compilation: enabled
              stopped_count=0, restarted_count=0
 full_count=0

Compilation events (20 events):
Event: 60.841 Thread 0x0000016dff2c7460 nmethod 11225 0x0000016dee330510 code [0x0000016dee3306c0, 0x0000016dee3308f8]
Event: 60.842 Thread 0x0000016dff256480 11226       4       java.lang.ClassValue::get (31 bytes)
Event: 60.845 Thread 0x0000016dff256480 nmethod 11226 0x0000016df5125790 code [0x0000016df5125920, 0x0000016df5125b18]
Event: 60.847 Thread 0x0000016dff256480 11227       4       java.lang.invoke.DirectMethodHandle$Holder::invokeVirtual (14 bytes)
Event: 60.848 Thread 0x0000016dff256480 nmethod 11227 0x0000016df5125d90 code [0x0000016df5125f20, 0x0000016df5125fe8]
Event: 60.848 Thread 0x0000016dff256480 11228       4       java.lang.invoke.MethodHandleImpl::checkSpreadArgument (81 bytes)
Event: 60.849 Thread 0x0000016dff256480 nmethod 11228 0x0000016df5126110 code [0x0000016df5126280, 0x0000016df5126338]
Event: 60.849 Thread 0x0000016dff256480 11229       4       java.lang.invoke.LambdaForm$DMH/0x0000000100291800::invokeStatic (30 bytes)
Event: 60.849 Thread 0x0000016dff256480 nmethod 11229 0x0000016df5126410 code [0x0000016df51265a0, 0x0000016df51266a8]
Event: 60.849 Thread 0x0000016dff256480 11230   !   4       org.codehaus.groovy.vmplugin.v8.CacheableCallSite::getAndPut (89 bytes)
Event: 60.850 Thread 0x0000016dff505020 nmethod 11224 0x0000016df5126810 code [0x0000016df5126a00, 0x0000016df51278f8]
Event: 60.850 Thread 0x0000016dff505020 11232       4       org.codehaus.groovy.vmplugin.v8.IndyInterface$$Lambda$201/0x0000000100294ce8::apply (13 bytes)
Event: 60.853 Thread 0x0000016dff256480 nmethod 11230 0x0000016df5128090 code [0x0000016df5128240, 0x0000016df5128868]
Event: 60.853 Thread 0x0000016dff256480 11233       4       java.lang.StackStreamFactory$StackFrameTraverser$StackFrameBuffer::resize (143 bytes)
Event: 60.854 Thread 0x0000016dff505020 nmethod 11232 0x0000016df5128c10 code [0x0000016df5128de0, 0x0000016df51294f8]
Event: 60.854 Thread 0x0000016dff505020 11234       4       java.lang.invoke.LambdaForm$MH/0x0000000100292400::invoke (24 bytes)
Event: 60.855 Thread 0x0000016dff505020 nmethod 11234 0x0000016df5129990 code [0x0000016df5129b20, 0x0000016df5129c18]
Event: 60.855 Thread 0x0000016dff505020 11231       4       java.lang.invoke.LambdaForm$MH/0x0000000100482400::invoke (15 bytes)
Event: 60.855 Thread 0x0000016dff505020 nmethod 11231 0x0000016df5129d90 code [0x0000016df5129f00, 0x0000016df5129f58]
Event: 60.860 Thread 0x0000016dff256480 nmethod 11233 0x0000016df512a090 code [0x0000016df512a240, 0x0000016df512aa58]

GC Heap History (20 events):
Event: 6.214 GC heap after
{Heap after GC invocations=17 (full 0):
 garbage-first heap   total 116736K, used 39160K [0x0000000080000000, 0x0000000100000000)
  region size 1024K, 8 young (8192K), 8 survivors (8192K)
 Metaspace       used 47460K, committed 48064K, reserved 1114112K
  class space    used 5136K, committed 5440K, reserved 1048576K
}
Event: 7.143 GC heap before
{Heap before GC invocations=17 (full 0):
 garbage-first heap   total 116736K, used 92408K [0x0000000080000000, 0x0000000100000000)
  region size 1024K, 60 young (61440K), 8 survivors (8192K)
 Metaspace       used 48409K, committed 49024K, reserved 1114112K
  class space    used 5201K, committed 5504K, reserved 1048576K
}
Event: 7.152 GC heap after
{Heap after GC invocations=18 (full 0):
 garbage-first heap   total 116736K, used 38972K [0x0000000080000000, 0x0000000100000000)
  region size 1024K, 2 young (2048K), 2 survivors (2048K)
 Metaspace       used 48409K, committed 49024K, reserved 1114112K
  class space    used 5201K, committed 5504K, reserved 1048576K
}
Event: 7.704 GC heap before
{Heap before GC invocations=18 (full 0):
 garbage-first heap   total 116736K, used 92220K [0x0000000080000000, 0x0000000100000000)
  region size 1024K, 54 young (55296K), 2 survivors (2048K)
 Metaspace       used 49340K, committed 49984K, reserved 1114112K
  class space    used 5277K, committed 5568K, reserved 1048576K
}
Event: 7.711 GC heap after
{Heap after GC invocations=19 (full 0):
 garbage-first heap   total 116736K, used 40768K [0x0000000080000000, 0x0000000100000000)
  region size 1024K, 4 young (4096K), 4 survivors (4096K)
 Metaspace       used 49340K, committed 49984K, reserved 1114112K
  class space    used 5277K, committed 5568K, reserved 1048576K
}
Event: 8.344 GC heap before
{Heap before GC invocations=19 (full 0):
 garbage-first heap   total 116736K, used 92992K [0x0000000080000000, 0x0000000100000000)
  region size 1024K, 55 young (56320K), 4 survivors (4096K)
 Metaspace       used 50050K, committed 50752K, reserved 1114112K
  class space    used 5353K, committed 5696K, reserved 1048576K
}
Event: 8.351 GC heap after
{Heap after GC invocations=20 (full 0):
 garbage-first heap   total 116736K, used 41532K [0x0000000080000000, 0x0000000100000000)
  region size 1024K, 4 young (4096K), 4 survivors (4096K)
 Metaspace       used 50050K, committed 50752K, reserved 1114112K
  class space    used 5353K, committed 5696K, reserved 1048576K
}
Event: 42.168 GC heap before
{Heap before GC invocations=20 (full 0):
 garbage-first heap   total 116736K, used 94780K [0x0000000080000000, 0x0000000100000000)
  region size 1024K, 56 young (57344K), 4 survivors (4096K)
 Metaspace       used 58751K, committed 59584K, reserved 1114112K
  class space    used 6564K, committed 6976K, reserved 1048576K
}
Event: 42.180 GC heap after
{Heap after GC invocations=21 (full 0):
 garbage-first heap   total 116736K, used 45356K [0x0000000080000000, 0x0000000100000000)
  region size 1024K, 7 young (7168K), 7 survivors (7168K)
 Metaspace       used 58751K, committed 59584K, reserved 1114112K
  class space    used 6564K, committed 6976K, reserved 1048576K
}
Event: 46.551 GC heap before
{Heap before GC invocations=21 (full 0):
 garbage-first heap   total 116736K, used 83244K [0x0000000080000000, 0x0000000100000000)
  region size 1024K, 45 young (46080K), 7 survivors (7168K)
 Metaspace       used 59718K, committed 60480K, reserved 1114112K
  class space    used 6653K, committed 7040K, reserved 1048576K
}
Event: 46.561 GC heap after
{Heap after GC invocations=22 (full 0):
 garbage-first heap   total 116736K, used 47018K [0x0000000080000000, 0x0000000100000000)
  region size 1024K, 6 young (6144K), 6 survivors (6144K)
 Metaspace       used 59718K, committed 60480K, reserved 1114112K
  class space    used 6653K, committed 7040K, reserved 1048576K
}
Event: 49.795 GC heap before
{Heap before GC invocations=23 (full 0):
 garbage-first heap   total 116736K, used 93098K [0x0000000080000000, 0x0000000100000000)
  region size 1024K, 52 young (53248K), 6 survivors (6144K)
 Metaspace       used 60222K, committed 60992K, reserved 1114112K
  class space    used 6653K, committed 7040K, reserved 1048576K
}
Event: 49.801 GC heap after
{Heap after GC invocations=24 (full 0):
 garbage-first heap   total 116736K, used 47058K [0x0000000080000000, 0x0000000100000000)
  region size 1024K, 2 young (2048K), 2 survivors (2048K)
 Metaspace       used 60222K, committed 60992K, reserved 1114112K
  class space    used 6653K, committed 7040K, reserved 1048576K
}
Event: 58.963 GC heap before
{Heap before GC invocations=24 (full 0):
 garbage-first heap   total 116736K, used 95186K [0x0000000080000000, 0x0000000100000000)
  region size 1024K, 50 young (51200K), 2 survivors (2048K)
 Metaspace       used 60656K, committed 61440K, reserved 1114112K
  class space    used 6673K, committed 7040K, reserved 1048576K
}
Event: 58.967 GC heap after
{Heap after GC invocations=25 (full 0):
 garbage-first heap   total 116736K, used 46750K [0x0000000080000000, 0x0000000100000000)
  region size 1024K, 2 young (2048K), 2 survivors (2048K)
 Metaspace       used 60656K, committed 61440K, reserved 1114112K
  class space    used 6673K, committed 7040K, reserved 1048576K
}
Event: 60.057 GC heap before
{Heap before GC invocations=25 (full 0):
 garbage-first heap   total 116736K, used 96926K [0x0000000080000000, 0x0000000100000000)
  region size 1024K, 51 young (52224K), 2 survivors (2048K)
 Metaspace       used 62056K, committed 62976K, reserved 1114112K
  class space    used 6852K, committed 7296K, reserved 1048576K
}
Event: 60.062 GC heap after
{Heap after GC invocations=26 (full 0):
 garbage-first heap   total 116736K, used 47955K [0x0000000080000000, 0x0000000100000000)
  region size 1024K, 3 young (3072K), 3 survivors (3072K)
 Metaspace       used 62056K, committed 62976K, reserved 1114112K
  class space    used 6852K, committed 7296K, reserved 1048576K
}
Event: 60.436 GC heap before
{Heap before GC invocations=26 (full 0):
 garbage-first heap   total 116736K, used 97107K [0x0000000080000000, 0x0000000100000000)
  region size 1024K, 51 young (52224K), 3 survivors (3072K)
 Metaspace       used 62283K, committed 63168K, reserved 1114112K
  class space    used 6863K, committed 7296K, reserved 1048576K
}
Event: 60.441 GC heap after
{Heap after GC invocations=27 (full 0):
 garbage-first heap   total 116736K, used 48837K [0x0000000080000000, 0x0000000100000000)
  region size 1024K, 4 young (4096K), 4 survivors (4096K)
 Metaspace       used 62283K, committed 63168K, reserved 1114112K
  class space    used 6863K, committed 7296K, reserved 1048576K
}
Event: 60.860 GC heap before
{Heap before GC invocations=27 (full 0):
 garbage-first heap   total 116736K, used 96965K [0x0000000080000000, 0x0000000100000000)
  region size 1024K, 51 young (52224K), 4 survivors (4096K)
 Metaspace       used 62524K, committed 63488K, reserved 1114112K
  class space    used 6873K, committed 7360K, reserved 1048576K
}

Dll operation events (10 events):
Event: 0.017 Loaded shared library C:\Users\qk user2\.katalon\packages\KSE-10.4.2\jre\bin\java.dll
Event: 0.262 Loaded shared library C:\Users\qk user2\.katalon\packages\KSE-10.4.2\jre\bin\net.dll
Event: 0.267 Loaded shared library C:\Users\qk user2\.katalon\packages\KSE-10.4.2\jre\bin\nio.dll
Event: 0.277 Loaded shared library C:\Users\qk user2\.katalon\packages\KSE-10.4.2\jre\bin\zip.dll
Event: 0.974 Loaded shared library C:\Users\qk user2\.katalon\packages\KSE-10.4.2\jre\bin\verify.dll
Event: 1.138 Loaded shared library C:\Users\qk user2\.katalon\packages\KSE-10.4.2\jre\bin\jimage.dll
Event: 4.192 Loaded shared library C:\Users\qk user2\.katalon\packages\KSE-10.4.2\jre\bin\extnet.dll
Event: 4.350 Loaded shared library C:\Users\qk user2\.katalon\packages\KSE-10.4.2\jre\bin\sunmscapi.dll
Event: 8.448 Loaded shared library C:\Users\qk user2\.katalon\packages\KSE-10.4.2\jre\bin\management.dll
Event: 8.455 Loaded shared library C:\Users\qk user2\.katalon\packages\KSE-10.4.2\jre\bin\management_ext.dll

Deoptimization events (20 events):
Event: 59.949 Thread 0x0000016de689e7b0 Uncommon trap: trap_request=0xffffffde fr.pc=0x0000016df502c444 relative=0x00000000000028c4
Event: 59.949 Thread 0x0000016de689e7b0 Uncommon trap: reason=class_check action=maybe_recompile pc=0x0000016df502c444 method=org.apache.xmlbeans.impl.store.CharUtil.getString(Ljava/lang/Object;II)Ljava/lang/String; @ 55 c2
Event: 59.949 Thread 0x0000016de689e7b0 DEOPT PACKING pc=0x0000016df502c444 sp=0x00000049cbdfad50
Event: 59.949 Thread 0x0000016de689e7b0 DEOPT UNPACKING pc=0x0000016df45b69a3 sp=0x00000049cbdfacd8 mode 2
Event: 60.155 Thread 0x0000016de689e7b0 DEOPT PACKING pc=0x0000016ded4c7239 sp=0x00000049cbdfc860
Event: 60.156 Thread 0x0000016de689e7b0 DEOPT UNPACKING pc=0x0000016df45b7143 sp=0x00000049cbdfbd58 mode 0
Event: 60.191 Thread 0x0000016de689e7b0 Uncommon trap: trap_request=0xffffffde fr.pc=0x0000016df502c428 relative=0x00000000000028a8
Event: 60.192 Thread 0x0000016de689e7b0 Uncommon trap: reason=class_check action=maybe_recompile pc=0x0000016df502c428 method=org.apache.xmlbeans.impl.store.Locale$ScrubBuffer.scrub(Ljava/lang/Object;II)V @ 25 c2
Event: 60.192 Thread 0x0000016de689e7b0 DEOPT PACKING pc=0x0000016df502c428 sp=0x00000049cbdfab20
Event: 60.192 Thread 0x0000016de689e7b0 DEOPT UNPACKING pc=0x0000016df45b69a3 sp=0x00000049cbdfaa88 mode 2
Event: 60.192 Thread 0x0000016de689e7b0 Uncommon trap: trap_request=0xffffffde fr.pc=0x0000016df4e46e24 relative=0x0000000000000404
Event: 60.192 Thread 0x0000016de689e7b0 Uncommon trap: reason=class_check action=maybe_recompile pc=0x0000016df4e46e24 method=org.apache.xmlbeans.impl.store.CharUtil.getChars([CILjava/lang/Object;II)V @ 84 c2
Event: 60.192 Thread 0x0000016de689e7b0 DEOPT PACKING pc=0x0000016df4e46e24 sp=0x00000049cbdfaa20
Event: 60.192 Thread 0x0000016de689e7b0 DEOPT UNPACKING pc=0x0000016df45b69a3 sp=0x00000049cbdfaa00 mode 2
Event: 60.588 Thread 0x0000016de689e7b0 DEOPT PACKING pc=0x0000016ded4c7239 sp=0x00000049cbdfc880
Event: 60.588 Thread 0x0000016de689e7b0 DEOPT UNPACKING pc=0x0000016df45b7143 sp=0x00000049cbdfbd78 mode 0
Event: 60.732 Thread 0x0000016de689e7b0 DEOPT PACKING pc=0x0000016dee10049b sp=0x00000049cbdfaa40
Event: 60.732 Thread 0x0000016de689e7b0 DEOPT UNPACKING pc=0x0000016df45b7143 sp=0x00000049cbdf9f08 mode 0
Event: 60.745 Thread 0x0000016de689e7b0 DEOPT PACKING pc=0x0000016dedba06b7 sp=0x00000049cbdfaf40
Event: 60.745 Thread 0x0000016de689e7b0 DEOPT UNPACKING pc=0x0000016df45b7143 sp=0x00000049cbdfa408 mode 0

Classes loaded (20 events):
Event: 59.354 Loading class com/sun/org/apache/xml/internal/serializer/NamespaceMappings
Event: 59.355 Loading class com/sun/org/apache/xml/internal/serializer/NamespaceMappings done
Event: 59.355 Loading class com/sun/org/apache/xml/internal/serializer/NamespaceMappings$MappingRecord
Event: 59.355 Loading class com/sun/org/apache/xml/internal/serializer/NamespaceMappings$MappingRecord done
Event: 59.355 Loading class com/sun/org/apache/xml/internal/serializer/WriterToUTF8Buffered
Event: 59.355 Loading class com/sun/org/apache/xml/internal/serializer/WriterChain
Event: 59.355 Loading class com/sun/org/apache/xml/internal/serializer/WriterChain done
Event: 59.355 Loading class com/sun/org/apache/xml/internal/serializer/WriterToUTF8Buffered done
Event: 59.355 Loading class javax/xml/transform/stream/StreamSource
Event: 59.355 Loading class javax/xml/transform/stream/StreamSource done
Event: 59.355 Loading class javax/xml/transform/sax/SAXSource
Event: 59.355 Loading class javax/xml/transform/sax/SAXSource done
Event: 59.355 Loading class javax/xml/transform/stax/StAXSource
Event: 59.356 Loading class javax/xml/transform/stax/StAXSource done
Event: 59.356 Loading class com/sun/org/apache/xalan/internal/xsltc/trax/DOM2TO
Event: 59.356 Loading class com/sun/org/apache/xalan/internal/xsltc/trax/DOM2TO done
Event: 59.357 Loading class com/sun/org/apache/xml/internal/serializer/WriterToASCI
Event: 59.357 Loading class com/sun/org/apache/xml/internal/serializer/WriterToASCI done
Event: 59.364 Loading class java/io/FileOutputStream$1
Event: 59.364 Loading class java/io/FileOutputStream$1 done

Classes unloaded (0 events):
No events

Classes redefined (0 events):
No events

Internal exceptions (20 events):
Event: 60.019 Thread 0x0000016de689e7b0 Exception <a 'java/lang/ClassNotFoundException'{0x000000008442e070}: Script150BeanInfo> (0x000000008442e070) 
thrown [s\src\hotspot\share\classfile\systemDictionary.cpp, line 256]
Event: 60.021 Thread 0x0000016de689e7b0 Exception <a 'java/lang/ClassNotFoundException'{0x0000000084456108}: Script150Customizer> (0x0000000084456108) 
thrown [s\src\hotspot\share\classfile\systemDictionary.cpp, line 256]
Event: 60.092 Thread 0x0000016de689e7b0 Exception <a 'java/lang/ClassNotFoundException'{0x0000000086bd6a70}: Script152BeanInfo> (0x0000000086bd6a70) 
thrown [s\src\hotspot\share\classfile\systemDictionary.cpp, line 256]
Event: 60.123 Thread 0x0000016de689e7b0 Exception <a 'java/lang/ClassNotFoundException'{0x0000000086bfeb08}: Script152Customizer> (0x0000000086bfeb08) 
thrown [s\src\hotspot\share\classfile\systemDictionary.cpp, line 256]
Event: 60.207 Thread 0x0000016de689e7b0 Exception <a 'java/lang/ClassNotFoundException'{0x0000000086091650}: Script154BeanInfo> (0x0000000086091650) 
thrown [s\src\hotspot\share\classfile\systemDictionary.cpp, line 256]
Event: 60.209 Thread 0x0000016de689e7b0 Exception <a 'java/lang/ClassNotFoundException'{0x00000000860b96e8}: Script154Customizer> (0x00000000860b96e8) 
thrown [s\src\hotspot\share\classfile\systemDictionary.cpp, line 256]
Event: 60.284 Thread 0x0000016de689e7b0 Exception <a 'java/lang/ClassNotFoundException'{0x0000000085539688}: Script156BeanInfo> (0x0000000085539688) 
thrown [s\src\hotspot\share\classfile\systemDictionary.cpp, line 256]
Event: 60.286 Thread 0x0000016de689e7b0 Exception <a 'java/lang/ClassNotFoundException'{0x0000000085561720}: Script156Customizer> (0x0000000085561720) 
thrown [s\src\hotspot\share\classfile\systemDictionary.cpp, line 256]
Event: 60.391 Thread 0x0000016de689e7b0 Exception <a 'java/lang/ClassNotFoundException'{0x0000000084be8d38}: Script158BeanInfo> (0x0000000084be8d38) 
thrown [s\src\hotspot\share\classfile\systemDictionary.cpp, line 256]
Event: 60.393 Thread 0x0000016de689e7b0 Exception <a 'java/lang/ClassNotFoundException'{0x0000000084a11018}: Script158Customizer> (0x0000000084a11018) 
thrown [s\src\hotspot\share\classfile\systemDictionary.cpp, line 256]
Event: 60.454 Thread 0x0000016de689e7b0 Exception <a 'java/lang/ClassNotFoundException'{0x000000008efb7340}: Script160BeanInfo> (0x000000008efb7340) 
thrown [s\src\hotspot\share\classfile\systemDictionary.cpp, line 256]
Event: 60.456 Thread 0x0000016de689e7b0 Exception <a 'java/lang/ClassNotFoundException'{0x000000008efdf3d8}: Script160Customizer> (0x000000008efdf3d8) 
thrown [s\src\hotspot\share\classfile\systemDictionary.cpp, line 256]
Event: 60.507 Thread 0x0000016de689e7b0 Exception <a 'java/lang/ClassNotFoundException'{0x0000000086564bb8}: Script162BeanInfo> (0x0000000086564bb8) 
thrown [s\src\hotspot\share\classfile\systemDictionary.cpp, line 256]
Event: 60.509 Thread 0x0000016de689e7b0 Exception <a 'java/lang/ClassNotFoundException'{0x000000008658cea0}: Script162Customizer> (0x000000008658cea0) 
thrown [s\src\hotspot\share\classfile\systemDictionary.cpp, line 256]
Event: 60.571 Thread 0x0000016de689e7b0 Exception <a 'java/lang/ClassNotFoundException'{0x0000000085a0cc08}: Script164BeanInfo> (0x0000000085a0cc08) 
thrown [s\src\hotspot\share\classfile\systemDictionary.cpp, line 256]
Event: 60.574 Thread 0x0000016de689e7b0 Exception <a 'java/lang/ClassNotFoundException'{0x0000000085a34ca0}: Script164Customizer> (0x0000000085a34ca0) 
thrown [s\src\hotspot\share\classfile\systemDictionary.cpp, line 256]
Event: 60.642 Thread 0x0000016de689e7b0 Exception <a 'java/lang/ClassNotFoundException'{0x00000000850b18e0}: Script166BeanInfo> (0x00000000850b18e0) 
thrown [s\src\hotspot\share\classfile\systemDictionary.cpp, line 256]
Event: 60.651 Thread 0x0000016de689e7b0 Exception <a 'java/lang/ClassNotFoundException'{0x00000000850d9978}: Script166Customizer> (0x00000000850d9978) 
thrown [s\src\hotspot\share\classfile\systemDictionary.cpp, line 256]
Event: 60.822 Thread 0x0000016de689e7b0 Exception <a 'java/lang/ClassNotFoundException'{0x000000008454e8c8}: Script168BeanInfo> (0x000000008454e8c8) 
thrown [s\src\hotspot\share\classfile\systemDictionary.cpp, line 256]
Event: 60.824 Thread 0x0000016de689e7b0 Exception <a 'java/lang/ClassNotFoundException'{0x0000000084576960}: Script168Customizer> (0x0000000084576960) 
thrown [s\src\hotspot\share\classfile\systemDictionary.cpp, line 256]

VM Operations (20 events):
Event: 51.804 Executing VM operation: Cleanup done
Event: 52.805 Executing VM operation: Cleanup
Event: 52.805 Executing VM operation: Cleanup done
Event: 53.805 Executing VM operation: Cleanup
Event: 53.805 Executing VM operation: Cleanup done
Event: 58.808 Executing VM operation: Cleanup
Event: 58.808 Executing VM operation: Cleanup done
Event: 58.963 Executing VM operation: G1CollectForAllocation
Event: 58.967 Executing VM operation: G1CollectForAllocation done
Event: 59.347 Executing VM operation: ICBufferFull
Event: 59.347 Executing VM operation: ICBufferFull done
Event: 59.710 Executing VM operation: HandshakeAllThreads
Event: 59.710 Executing VM operation: HandshakeAllThreads done
Event: 60.057 Executing VM operation: G1CollectForAllocation
Event: 60.062 Executing VM operation: G1CollectForAllocation done
Event: 60.097 Executing VM operation: HandshakeAllThreads
Event: 60.097 Executing VM operation: HandshakeAllThreads done
Event: 60.436 Executing VM operation: G1CollectForAllocation
Event: 60.441 Executing VM operation: G1CollectForAllocation done
Event: 60.860 Executing VM operation: G1CollectForAllocation

Memory protections (0 events):
No events

Nmethod flushes (20 events):
Event: 40.285 Thread 0x0000016dff2cb740 flushing  nmethod 0x0000016dedb8f190
Event: 40.285 Thread 0x0000016dff2cb740 flushing  nmethod 0x0000016dedb94e10
Event: 40.285 Thread 0x0000016dff2cb740 flushing  nmethod 0x0000016dedbc9a10
Event: 40.286 Thread 0x0000016dff2cb740 flushing  nmethod 0x0000016dedca8d90
Event: 40.286 Thread 0x0000016dff2cb740 flushing  nmethod 0x0000016dedca9690
Event: 40.286 Thread 0x0000016dff2cb740 flushing  nmethod 0x0000016dedcad790
Event: 40.286 Thread 0x0000016dff2cb740 flushing  nmethod 0x0000016dedcae910
Event: 40.286 Thread 0x0000016dff2cb740 flushing  nmethod 0x0000016dedcb0490
Event: 40.286 Thread 0x0000016dff2cb740 flushing  nmethod 0x0000016dedcb4490
Event: 40.286 Thread 0x0000016dff2cb740 flushing  nmethod 0x0000016dedcb5f90
Event: 40.286 Thread 0x0000016dff2cb740 flushing  nmethod 0x0000016dedcb8310
Event: 40.286 Thread 0x0000016dff2cb740 flushing  nmethod 0x0000016dedd0bc10
Event: 40.286 Thread 0x0000016dff2cb740 flushing  nmethod 0x0000016dedd43f10
Event: 40.287 Thread 0x0000016dff2cb740 flushing  nmethod 0x0000016dede25d10
Event: 40.287 Thread 0x0000016dff2cb740 flushing  nmethod 0x0000016dede70410
Event: 59.712 Thread 0x0000016dff2cb740 flushing  nmethod 0x0000016ded05d410
Event: 59.713 Thread 0x0000016dff2cb740 flushing  nmethod 0x0000016ded12e510
Event: 59.713 Thread 0x0000016dff2cb740 flushing  nmethod 0x0000016ded1fb390
Event: 59.714 Thread 0x0000016dff2cb740 flushing  nmethod 0x0000016ded333190
Event: 59.715 Thread 0x0000016dff2cb740 flushing  nmethod 0x0000016ded459a90

Events (20 events):
Event: 38.119 Thread 0x0000016dff2c7460 Thread added: 0x0000016dff503ae0
Event: 38.143 Thread 0x0000016d8a7009d0 Thread added: 0x0000016d88d157e0
Event: 38.146 Thread 0x0000016d8a7009d0 Thread added: 0x0000016d88d13470
Event: 38.146 Thread 0x0000016d8a7009d0 Thread added: 0x0000016d88d12f60
Event: 40.002 Thread 0x0000016dff503ae0 Thread exited: 0x0000016dff503ae0
Event: 40.031 Thread 0x0000016dff2c7460 Thread added: 0x0000016dff505ac0
Event: 40.060 Thread 0x0000016de689e7b0 Thread added: 0x0000016d88d17130
Event: 40.061 Thread 0x0000016de689e7b0 Thread added: 0x0000016d88d11610
Event: 40.067 Thread 0x0000016d88d17130 Thread added: 0x0000016d88d16200
Event: 40.068 Thread 0x0000016d88d17130 Thread added: 0x0000016d88d15cf0
Event: 42.111 Thread 0x0000016dff505ac0 Thread exited: 0x0000016dff505ac0
Event: 42.161 Thread 0x0000016dff2c7460 Thread added: 0x0000016dff505ac0
Event: 43.047 Thread 0x0000016d88d16c20 Thread exited: 0x0000016d88d16c20
Event: 44.076 Thread 0x0000016dff505ac0 Thread exited: 0x0000016dff505ac0
Event: 44.466 Thread 0x0000016dff2c7460 Thread added: 0x0000016dff504030
Event: 45.229 Thread 0x0000016dff504030 Thread exited: 0x0000016dff504030
Event: 49.387 Thread 0x0000016dff2c7460 Thread added: 0x0000016dff503590
Event: 49.495 Thread 0x0000016dff503590 Thread exited: 0x0000016dff503590
Event: 58.929 Thread 0x0000016d8a6ff080 Thread exited: 0x0000016d8a6ff080
Event: 59.174 Thread 0x0000016dff2c7460 Thread added: 0x0000016dff505020


Dynamic libraries:
0x00007ff607300000 - 0x00007ff60730e000 	C:\Users\qk user2\.katalon\packages\KSE-10.4.2\jre\bin\javaw.exe
0x00007ffb56180000 - 0x00007ffb56384000 	C:\Windows\SYSTEM32\ntdll.dll
0x00007ffb540b0000 - 0x00007ffb5416c000 	C:\Windows\System32\KERNEL32.DLL
0x00007ffb53770000 - 0x00007ffb53ae0000 	C:\Windows\System32\KERNELBASE.dll
0x00007ffb53db0000 - 0x00007ffb53ec0000 	C:\Windows\System32\ucrtbase.dll
0x00007ffb52f40000 - 0x00007ffb52f57000 	C:\Users\qk user2\.katalon\packages\KSE-10.4.2\jre\bin\jli.dll
0x00007ffb55940000 - 0x00007ffb55ae6000 	C:\Windows\System32\USER32.dll
0x00007ffb53d00000 - 0x00007ffb53d26000 	C:\Windows\System32\win32u.dll
0x00007ffb54430000 - 0x00007ffb5445c000 	C:\Windows\System32\GDI32.dll
0x00007ffb53f90000 - 0x00007ffb540ac000 	C:\Windows\System32\gdi32full.dll
0x00007ffb53ef0000 - 0x00007ffb53f90000 	C:\Windows\System32\msvcp_win.dll
0x00007ffb49850000 - 0x00007ffb4986e000 	C:\Users\qk user2\.katalon\packages\KSE-10.4.2\jre\bin\VCRUNTIME140.dll
0x00007ffb529d0000 - 0x00007ffb52c75000 	C:\Windows\WinSxS\amd64_microsoft.windows.common-controls_6595b64144ccf1df_6.0.20348.4294_none_947bfbafeeecc1d8\COMCTL32.dll
0x00007ffb54460000 - 0x00007ffb54503000 	C:\Windows\System32\msvcrt.dll
0x00007ffb551a0000 - 0x00007ffb551d1000 	C:\Windows\System32\IMM32.DLL
0x00007ffb42000000 - 0x00007ffb4215d000 	C:\Windows\system32\tmumh\20019\AddOn\8.55.0.1389\TmUmEvt64.dll
0x00007ffb543e0000 - 0x00007ffb543e8000 	C:\Windows\System32\PSAPI.DLL
0x00007ffb55f90000 - 0x00007ffb56041000 	C:\Windows\System32\ADVAPI32.dll
0x00007ffb54170000 - 0x00007ffb54212000 	C:\Windows\System32\sechost.dll
0x00007ffb53ec0000 - 0x00007ffb53ee7000 	C:\Windows\System32\bcrypt.dll
0x00007ffb54b20000 - 0x00007ffb54c40000 	C:\Windows\System32\RPCRT4.dll
0x00000000741c0000 - 0x00000000742e5000 	C:\Windows\system32\tmumh\20019\TmMon\2.9.0.1228\tmmon64.dll
0x00007ffb21160000 - 0x00007ffb2149a000 	C:\Windows\System32\TmLWE\TmUmSnsr64\1.0.0.1158\TmUmSnsr64.dll
0x00007ffb45d50000 - 0x00007ffb45d5c000 	C:\Users\qk user2\.katalon\packages\KSE-10.4.2\jre\bin\vcruntime140_1.dll
0x00007ffb2f900000 - 0x00007ffb2f98d000 	C:\Users\qk user2\.katalon\packages\KSE-10.4.2\jre\bin\msvcp140.dll
0x00007ffaf0fa0000 - 0x00007ffaf1c0b000 	C:\Users\qk user2\.katalon\packages\KSE-10.4.2\jre\bin\server\jvm.dll
0x00007ffb55dc0000 - 0x00007ffb55e31000 	C:\Windows\System32\WS2_32.dll
0x00007ffb535c0000 - 0x00007ffb5360d000 	C:\Windows\SYSTEM32\POWRPROF.dll
0x00007ffb435c0000 - 0x00007ffb435e7000 	C:\Windows\SYSTEM32\WINMM.dll
0x00007ffb47050000 - 0x00007ffb4705a000 	C:\Windows\SYSTEM32\VERSION.dll
0x00007ffb535a0000 - 0x00007ffb535b3000 	C:\Windows\SYSTEM32\UMPDC.dll
0x00007ffb51920000 - 0x00007ffb51937000 	C:\Windows\SYSTEM32\kernel.appcore.dll
0x00007ffb4a140000 - 0x00007ffb4a14a000 	C:\Users\qk user2\.katalon\packages\KSE-10.4.2\jre\bin\jimage.dll
0x00007ffb52f80000 - 0x00007ffb531a0000 	C:\Windows\SYSTEM32\DBGHELP.DLL
0x00007ffb52ed0000 - 0x00007ffb52f00000 	C:\Windows\SYSTEM32\dbgcore.DLL
0x00007ffb536f0000 - 0x00007ffb5376f000 	C:\Windows\System32\bcryptPrimitives.dll
0x00007ffb33c40000 - 0x00007ffb33c65000 	C:\Users\qk user2\.katalon\packages\KSE-10.4.2\jre\bin\java.dll
0x00007ffb35bc0000 - 0x00007ffb35bd8000 	C:\Users\qk user2\.katalon\packages\KSE-10.4.2\jre\bin\zip.dll
0x00007ffb551e0000 - 0x00007ffb5593a000 	C:\Windows\System32\SHELL32.dll
0x00007ffb4ce40000 - 0x00007ffb4d684000 	C:\Windows\SYSTEM32\windows.storage.dll
0x00007ffb54740000 - 0x00007ffb54ab0000 	C:\Windows\System32\combase.dll
0x00007ffb550b0000 - 0x00007ffb5519a000 	C:\Windows\System32\SHCORE.dll
0x00007ffb56050000 - 0x00007ffb560af000 	C:\Windows\System32\shlwapi.dll
0x00007ffb53620000 - 0x00007ffb53641000 	C:\Windows\SYSTEM32\profapi.dll
0x00007ffb2ee20000 - 0x00007ffb2ee39000 	C:\Users\qk user2\.katalon\packages\KSE-10.4.2\jre\bin\net.dll
0x00007ffb4b370000 - 0x00007ffb4b478000 	C:\Windows\SYSTEM32\WINHTTP.dll
0x00007ffb52540000 - 0x00007ffb525a8000 	C:\Windows\system32\mswsock.dll
0x00007ffb2e4a0000 - 0x00007ffb2e4b6000 	C:\Users\qk user2\.katalon\packages\KSE-10.4.2\jre\bin\nio.dll
0x00007ffb45bd0000 - 0x00007ffb45be0000 	C:\Users\qk user2\.katalon\packages\KSE-10.4.2\jre\bin\verify.dll
0x00007ffb401a0000 - 0x00007ffb401a9000 	C:\Users\qk user2\.katalon\packages\KSE-10.4.2\jre\bin\extnet.dll
0x00007ffb3f840000 - 0x00007ffb3f84e000 	C:\Users\qk user2\.katalon\packages\KSE-10.4.2\jre\bin\sunmscapi.dll
0x00007ffb53ae0000 - 0x00007ffb53c40000 	C:\Windows\System32\CRYPT32.dll
0x00007ffb52760000 - 0x00007ffb5278f000 	C:\Windows\SYSTEM32\ncrypt.dll
0x00007ffb52720000 - 0x00007ffb52757000 	C:\Windows\SYSTEM32\NTASN1.dll
0x00007ffb52260000 - 0x00007ffb5233e000 	C:\Windows\SYSTEM32\DNSAPI.dll
0x00007ffb52230000 - 0x00007ffb5225d000 	C:\Windows\SYSTEM32\IPHLPAPI.DLL
0x00007ffb54730000 - 0x00007ffb54739000 	C:\Windows\System32\NSI.dll
0x00007ffb47ae0000 - 0x00007ffb47aea000 	C:\Windows\System32\rasadhlp.dll
0x00007ffb4b890000 - 0x00007ffb4b912000 	C:\Windows\System32\fwpuclnt.dll
0x00007ffb3e860000 - 0x00007ffb3e86a000 	C:\Users\qk user2\.katalon\packages\KSE-10.4.2\jre\bin\management.dll
0x00007ffb3db90000 - 0x00007ffb3db9b000 	C:\Users\qk user2\.katalon\packages\KSE-10.4.2\jre\bin\management_ext.dll
0x00007ffb532c0000 - 0x00007ffb532db000 	C:\Windows\SYSTEM32\CRYPTSP.dll
0x00007ffb52050000 - 0x00007ffb52088000 	C:\Windows\system32\rsaenh.dll
0x00007ffb527e0000 - 0x00007ffb5280e000 	C:\Windows\SYSTEM32\USERENV.dll
0x00007ffb52810000 - 0x00007ffb5281c000 	C:\Windows\SYSTEM32\CRYPTBASE.dll
0x00007ffb4b860000 - 0x00007ffb4b879000 	C:\Windows\SYSTEM32\dhcpcsvc6.DLL
0x00007ffb4b7d0000 - 0x00007ffb4b7ed000 	C:\Windows\SYSTEM32\dhcpcsvc.DLL
0x00007ffb3f720000 - 0x00007ffb3f728000 	C:\Windows\system32\wshunix.dll

dbghelp: loaded successfully - version: 4.0.5 - missing functions: none
symbol engine: initialized successfully - sym options: 0x614 - pdb path: .;C:\Users\qk user2\.katalon\packages\KSE-10.4.2\jre\bin;C:\Windows\SYSTEM32;C:\Windows\WinSxS\amd64_microsoft.windows.common-controls_6595b64144ccf1df_6.0.20348.4294_none_947bfbafeeecc1d8;C:\Windows\system32\tmumh\20019\AddOn\8.55.0.1389;C:\Windows\system32\tmumh\20019\TmMon\2.9.0.1228;C:\Windows\System32\TmLWE\TmUmSnsr64\1.0.0.1158;C:\Users\qk user2\.katalon\packages\KSE-10.4.2\jre\bin\server

VM Arguments:
jvm_args: -Dgroovy.home=C:\Users\qk user2/.groovy -Djava.system.class.loader=groovy.lang.GroovyClassLoader -Xmx2048m -Dfile.encoding=UTF-8 -Dstdout.encoding=UTF-8 -Dstderr.encoding=UTF-8 -XX:+ShowCodeDetailsInExceptionMessages 
java_command: org.codehaus.groovy.tools.GroovyStarter --classpath E:\Death_Claim_Automation\bin\keyword;E:\Death_Claim_Automation\Keywords;E:\Death_Claim_Automation\bin\listener;E:\Death_Claim_Automation\Test Listeners;E:\Death_Claim_Automation\bin\lib;E:\Death_Claim_Automation\Libs;E:\Death_Claim_Automation\bin\groovy;E:\Death_Claim_Automation\Include\scripts\groovy;C:\Users\qk user2\.katalon\packages\KSE-10.4.2\plugins\com.kms.katalon.core_1.0.0.202511190132.jar;C:\Users\qk user2\.katalon\packages\KSE-10.4.2\configuration\resources\lib\aalto-xml-1.0.0.jar;C:\Users\qk user2\.katalon\packages\KSE-10.4.2\configuration\resources\lib\aws-2.20.3-fat.jar;C:\Users\qk user2\.katalon\packages\KSE-10.4.2\configuration\resources\lib\browsermob-core-2.1.5.jar;C:\Users\qk user2\.katalon\packages\KSE-10.4.2\configuration\resources\lib\byte-buddy-1.14.3.jar;C:\Users\qk user2\.katalon\packages\KSE-10.4.2\configuration\resources\lib\byte-buddy-agent-1.14.3.jar;C:\Users\qk user2\.katalon\packages\KSE-10.4.2\configuration\resources\lib\commons-codec-1.10.jar;C:\Users\qk user2\.katalon\packages\KSE-10.4.2\configuration\resources\lib\commons-collections4-4.1.jar;C:\Users\qk user2\.katalon\packages\KSE-10.4.2\configuration\resources\lib\commons-javaflow-20060411.jar;C:\Users\qk user2\.katalon\packages\KSE-10.4.2\configuration\resources\lib\commons-logging-1.3.4.jar;C:\Users\qk user2\.katalon\packages\KSE-10.4.2\configuration\resources\lib\curvesapi-1.04.jar;C:\Users\qk user2\.katalon\packages\KSE-10.4.2\configuration\resources\lib\dnsjava-3.6.2.jar;C:\Users\qk user2\.katalon\packages\KSE-10.4.2\configuration\resources\lib\ecj-3.21.0.jar;C:\Users\qk user2\.katalon\packages\KSE-10.4.2\configuration\resources\lib\fontbox-3.0.4.jar;C:\Users\qk user2\.katalon\packages\KSE-10.4.2\configuration\resources\lib\groovy-3.0.17.jar;C:\Users\qk user2\.katalon\packages\KSE-10.4.2\configuration\resources\lib\jackson-coreutils-2.0.jar;C:\Users\qk user2\.katalon\packages\KSE-10.4.2\configuration\resour
java_class_path (initial): E:\Death_Claim_Automation\bin\keyword;E:\Death_Claim_Automation\bin\listener;E:\Death_Claim_Automation\bin\lib;E:\Death_Claim_Automation\bin\groovy;E:\Death_Claim_Automation\bin;C:\Users\qk user2\.katalon\packages\KSE-10.4.2\plugins\com.kms.katalon.core_1.0.0.202511190132.jar;C:\Users\qk user2\.katalon\packages\KSE-10.4.2\configuration\resources\lib\aalto-xml-1.0.0.jar;C:\Users\qk user2\.katalon\packages\KSE-10.4.2\configuration\resources\lib\aws-2.20.3-fat.jar;C:\Users\qk user2\.katalon\packages\KSE-10.4.2\configuration\resources\lib\browsermob-core-2.1.5.jar;C:\Users\qk user2\.katalon\packages\KSE-10.4.2\configuration\resources\lib\byte-buddy-1.14.3.jar;C:\Users\qk user2\.katalon\packages\KSE-10.4.2\configuration\resources\lib\byte-buddy-agent-1.14.3.jar;C:\Users\qk user2\.katalon\packages\KSE-10.4.2\configuration\resources\lib\commons-codec-1.10.jar;C:\Users\qk user2\.katalon\packages\KSE-10.4.2\configuration\resources\lib\commons-collections4-4.1.jar;C:\Users\qk user2\.katalon\packages\KSE-10.4.2\configuration\resources\lib\commons-javaflow-20060411.jar;C:\Users\qk user2\.katalon\packages\KSE-10.4.2\configuration\resources\lib\commons-logging-1.3.4.jar;C:\Users\qk user2\.katalon\packages\KSE-10.4.2\configuration\resources\lib\curvesapi-1.04.jar;C:\Users\qk user2\.katalon\packages\KSE-10.4.2\configuration\resources\lib\dnsjava-3.6.2.jar;C:\Users\qk user2\.katalon\packages\KSE-10.4.2\configuration\resources\lib\ecj-3.21.0.jar;C:\Users\qk user2\.katalon\packages\KSE-10.4.2\configuration\resources\lib\fontbox-3.0.4.jar;C:\Users\qk user2\.katalon\packages\KSE-10.4.2\configuration\resources\lib\groovy-3.0.17.jar;C:\Users\qk user2\.katalon\packages\KSE-10.4.2\configuration\resources\lib\jackson-coreutils-2.0.jar;C:\Users\qk user2\.katalon\packages\KSE-10.4.2\configuration\resources\lib\jackson-coreutils-equivalence-1.0.jar;C:\Users\qk user2\.katalon\packages\KSE-10.4.2\configuration\resources\lib\jasperreports-6.20.5.jar;C:\Users\qk user2\.
Launcher Type: SUN_STANDARD

[Global flags]
     intx CICompilerCount                          = 3                                         {product} {ergonomic}
     uint ConcGCThreads                            = 1                                         {product} {ergonomic}
     uint G1ConcRefinementThreads                  = 4                                         {product} {ergonomic}
   size_t G1HeapRegionSize                         = 1048576                                   {product} {ergonomic}
    uintx GCDrainStackTargetSize                   = 64                                        {product} {ergonomic}
   size_t InitialHeapSize                          = 268435456                                 {product} {ergonomic}
   size_t MarkStackSize                            = 4194304                                   {product} {ergonomic}
   size_t MaxHeapSize                              = 2147483648                                {product} {command line}
   size_t MaxNewSize                               = 1287651328                                {product} {ergonomic}
   size_t MinHeapDeltaBytes                        = 1048576                                   {product} {ergonomic}
   size_t MinHeapSize                              = 8388608                                   {product} {ergonomic}
    uintx NonNMethodCodeHeapSize                   = 5832780                                {pd product} {ergonomic}
    uintx NonProfiledCodeHeapSize                  = 122912730                              {pd product} {ergonomic}
    uintx ProfiledCodeHeapSize                     = 122912730                              {pd product} {ergonomic}
    uintx ReservedCodeCacheSize                    = 251658240                              {pd product} {ergonomic}
     bool SegmentedCodeCache                       = true                                      {product} {ergonomic}
     bool ShowCodeDetailsInExceptionMessages       = true                                   {manageable} {command line}
   size_t SoftMaxHeapSize                          = 2147483648                             {manageable} {ergonomic}
     bool UseCompressedClassPointers               = true                           {product lp64_product} {ergonomic}
     bool UseCompressedOops                        = true                           {product lp64_product} {ergonomic}
     bool UseG1GC                                  = true                                      {product} {ergonomic}
     bool UseLargePagesIndividualAllocation        = false                                  {pd product} {ergonomic}

Logging:
Log output configuration:
 #0: stdout all=warning uptime,level,tags
 #1: stderr all=off uptime,level,tags

Environment Variables:
PATH=C:/Users/qk user2/.katalon/packages/KSE-10.4.2/jre/bin/server;C:/Users/qk user2/.katalon/packages/KSE-10.4.2/jre/bin;C:\Program Files\Common Files\Oracle\Java\javapath;C:\Program Files (x86)\Common Files\Oracle\Java\java8path;C:\Program Files (x86)\Common Files\Oracle\Java\javapath;C:\Windows\system32;C:\Windows;C:\Windows\System32\Wbem;C:\Windows\System32\WindowsPowerShell\v1.0\;C:\Windows\System32\OpenSSH\;C:\Program Files\Java\jdk-17\bin;C:\Users\qk user2\AppData\Local\Microsoft\WindowsApps;;C:\Users\qk user2\.katalon\packages\KSE-10.4.2;
USERNAME=QK user2
OS=Windows_NT
PROCESSOR_IDENTIFIER=Intel64 Family 6 Model 85 Stepping 4, GenuineIntel
TMP=C:\Users\QKUSER~1\AppData\Local\Temp\7
TEMP=C:\Users\QKUSER~1\AppData\Local\Temp\7



Periodic native trim disabled


---------------  S Y S T E M  ---------------

OS:
 Windows Server 2022 , 64 bit Build 20348 (10.0.20348.3692)
OS uptime: 24 days 2:05 hours
VMWare virtualization detected

CPU: total 4 (initial active 4) (2 cores per cpu, 1 threads per core) family 6 model 85 stepping 4 microcode 0x2007006, cx8, cmov, fxsr, mmx, 3dnowpref, sse, sse2, sse3, ssse3, sse4.1, sse4.2, popcnt, lzcnt, tsc, tscinvbit, avx, avx2, aes, erms, clmul, bmi1, bmi2, adx, fma, vzeroupper, clflush, clflushopt, clwb, hv
Processor Information for all 4 processors :
  Max Mhz: 2594, Current Mhz: 2594, Mhz Limit: 2594

Memory: 4k page, system-wide physical 16383M (1368M free)
TotalPageFile size 29096M (AvailPageFile size 24M)
current process WorkingSet (physical memory assigned to process): 325M, peak: 328M
current process commit charge ("private bytes"): 347M, peak: 394M

vm_info: OpenJDK 64-Bit Server VM (17.0.14+7) for windows-amd64 JRE (17.0.14+7), built on Jan 21 2025 23:40:15 by "admin" with MS VC++ 17.7 (VS2022)

END.
