#
# There is insufficient memory for the Java Runtime Environment to continue.
# Native memory allocation (malloc) failed to allocate 1526640 bytes. Error detail: Chunk::new
# Possible reasons:
#   The system is out of physical RAM or swap space
#   This process is running with CompressedOops enabled, and the Java Heap may be blocking the growth of the native heap
# Possible solutions:
#   Reduce memory load on the system
#   Increase physical memory or swap space
#   Check if swap backing store is full
#   Decrease Java heap size (-Xmx/-Xms)
#   Decrease number of Java threads
#   Decrease Java thread stack sizes (-Xss)
#   Set larger code cache with -XX:ReservedCodeCacheSize=
#   JVM is running with Unscaled Compressed Oops mode in which the Java heap is
#     placed in the first 4GB address space. The Java Heap base address is the
#     maximum limit for the native heap growth. Please use -XX:HeapBaseMinAddress
#     to set the Java Heap base and to place the Java Heap above 4GB virtual address.
# This output file may be truncated or incomplete.
#
#  Out of Memory Error (arena.cpp:191), pid=208008, tid=179160
#
# JRE version: OpenJDK Runtime Environment Temurin-17.0.14+7 (17.0.14+7) (build 17.0.14+7)
# Java VM: OpenJDK 64-Bit Server VM Temurin-17.0.14+7 (17.0.14+7, mixed mode, tiered, compressed oops, compressed class ptrs, g1 gc, windows-amd64)
# Core dump will be written. Default location: E:\Death_Claim_Automation\hs_err_pid208008.mdmp
#

---------------  S U M M A R Y ------------

Command Line: -Dgroovy.home=C:\Users\qk user2/.groovy -Djava.system.class.loader=groovy.lang.GroovyClassLoader -Xmx2048m -Dfile.encoding=UTF-8 -Dstdout.encoding=UTF-8 -Dstderr.encoding=UTF-8 -XX:+ShowCodeDetailsInExceptionMessages org.codehaus.groovy.tools.GroovyStarter --classpath E:\Death_Claim_Automation\bin\keyword;E:\Death_Claim_Automation\Keywords;E:\Death_Claim_Automation\bin\listener;E:\Death_Claim_Automation\Test Listeners;E:\Death_Claim_Automation\bin\lib;E:\Death_Claim_Automation\Libs;E:\Death_Claim_Automation\bin\groovy;E:\Death_Claim_Automation\Include\scripts\groovy;C:\Users\qk user2\.katalon\packages\KSE-10.4.2\plugins\com.kms.katalon.core_1.0.0.202511190132.jar;C:\Users\qk user2\.katalon\packages\KSE-10.4.2\configuration\resources\lib\aalto-xml-1.0.0.jar;C:\Users\qk user2\.katalon\packages\KSE-10.4.2\configuration\resources\lib\aws-2.20.3-fat.jar;C:\Users\qk user2\.katalon\packages\KSE-10.4.2\configuration\resources\lib\browsermob-core-2.1.5.jar;C:\Users\qk user2\.katalon\packages\KSE-10.4.2\configuration\resources\lib\byte-buddy-1.14.3.jar;C:\Users\qk user2\.katalon\packages\KSE-10.4.2\configuration\resources\lib\byte-buddy-agent-1.14.3.jar;C:\Users\qk user2\.katalon\packages\KSE-10.4.2\configuration\resources\lib\commons-codec-1.10.jar;C:\Users\qk user2\.katalon\packages\KSE-10.4.2\configuration\resources\lib\commons-collections4-4.1.jar;C:\Users\qk user2\.katalon\packages\KSE-10.4.2\configuration\resources\lib\commons-javaflow-20060411.jar;C:\Users\qk user2\.katalon\packages\KSE-10.4.2\configuration\resources\lib\commons-logging-1.3.4.jar;C:\Users\qk user2\.katalon\packages\KSE-10.4.2\configuration\resources\lib\curvesapi-1.04.jar;C:\Users\qk user2\.katalon\packages\KSE-10.4.2\configuration\resources\lib\dnsjava-3.6.2.jar;C:\Users\qk user2\.katalon\packages\KSE-10.4.2\configuration\resources\lib\ecj-3.21.0.jar;C:\Users\qk user2\.katalon\packages\KSE-10.4.2\configuration\resources\lib\fontbox-3.0.4.jar;C:\Users\qk user2\.katalon\packages\KSE-10.4.2\configuration\resources\lib\groovy-3.0.17.jar;C:\Users\qk user2\.katalon\packages\KSE-10.4.2\configuration\resources\lib\jackson-coreutils-2.0.jar;C:\Users\qk user2\.katalon\packages\KSE-10.4.2\configuration\resources\lib\jackson-coreutils-equivalence-1.0.jar;C:\Users\qk user2\.katalon\packages\KSE-10.4.2\configuration\resources\lib\jasperreports-6.20.5.jar;C:\Users\qk user2\.katalon\packages\KSE-10.4.2\configuration\resources\lib\jasperreports-fonts-6.20.5.jar;C:\Users\qk user2\.katalon\packages\KSE-10.4.2\configuration\resources\lib\javax.servlet-api_3.1.0.jar;C:\Users\qk user2\.katalon\packages\KSE-10.4.2\configuration\resources\lib\jna-5.12.1.jar;C:\Users\qk user2\.katalon\packages\KSE-10.4.2\configuration\resources\lib\jna-platform-5.12.1.jar;C:\Users\qk user2\.katalon\packages\KSE-10.4.2\configuration\resources\lib\json-schema-core-1.2.14.jar;C:\Users\qk user2\.katalon\packages\KSE-10.4.2\configuration\resources\lib\json-schema-validator-2.2.14.jar;C:\Users\qk user2\.katalon\packages\KSE-10.4.2\configuration\resources\lib\jzlib-1.1.3.jar;C:\Users\qk user2\.katalon\packages\KSE-10.4.2\configuration\resources\lib\kat-server.jar;C:\Users\qk user2\.katalon\packages\KSE-10.4.2\configuration\resources\lib\littleproxy-1.1.0-beta-bmp-17.jar;C:\Users\qk user2\.katalon\packages\KSE-10.4.2\configuration\resources\lib\log4j-1.2-api-2.17.1.jar;C:\Users\qk user2\.katalon\packages\KSE-10.4.2\configuration\resources\lib\log4j-api-2.17.1.jar;C:\Users\qk user2\.katalon\packages\KSE-10.4.2\configuration\resources\lib\log4j-core-2.17.1.jar;C:\Users\qk user2\.katalon\packages\KSE-10.4.2\configuration\resources\lib\mitm-2.1.5.jar;C:\Users\qk user2\.katalon\packages\KSE-10.4.2\configuration\resources\lib\mockito-core-5.2.0.jar;C:\Users\qk user2\.katalon\packages\KSE-10.4.2\configuration\resources\lib\mockito-inline-5.2.0.jar;C:\Users\qk user2\.katalon\packages\KSE-10.4.2\configuration\resources\lib\objenesis-3.3.jar;C:\Users\qk user2\.katalon\packages\KSE-10.4.2\configuration\resources\lib\openpdf-1.3.30.jaspersoft.2.jar;C:\Users\qk user2\.katalon\packages\KSE-10.4.2\configuration\resources\lib\pdfbox-3.0.4.jar;C:\Users\qk user2\.katalon\packages\KSE-10.4.2\configuration\resources\lib\pdfbox-io-3.0.4.jar;C:\Users\qk user2\.katalon\packages\KSE-10.4.2\configuration\resources\lib\poi-3.17.jar;C:\Users\qk user2\.katalon\packages\KSE-10.4.2\configuration\resources\lib\poi-ooxml-3.17.jar;C:\Users\qk user2\.katalon\packages\KSE-10.4.2\configuration\resources\lib\poi-ooxml-schemas-3.17.jar;C:\Users\qk user2\.katalon\packages\KSE-10.4.2\configuration\resources\lib\repackaged-sikuli-api-1.0.2-standalone.jar;C:\Users\qk user2\.katalon\packages\KSE-10.4.2\configuration\resources\lib\selenium-shutterbug-1.1.jar;C:\Users\qk user2\.katalon\packages\KSE-10.4.2\configuration\resources\lib\soap-builder-1.0.0.jar;C:\Users\qk user2\.katalon\packages\KSE-10.4.2\configuration\resources\lib\soap-common-1.0.0.jar;C:\Users\qk user2\.katalon\packages\KSE-10.4.2\configuration\resources\lib\soap-legacy-1.0.0.jar;C:\Users\qk user2\.katalon\packages\KSE-10.4.2\configuration\resources\lib\stax2-api-4.0.0.jar;C:\Users\qk user2\.katalon\packages\KSE-10.4.2\configuration\resources\lib\su.jar;C:\Users\qk user2\.katalon\packages\KSE-10.4.2\configuration\resources\lib\swagger-parser-1.0.67-fat.jar;C:\Users\qk user2\.katalon\packages\KSE-10.4.2\configuration\resources\lib\uri-template-0.1.jar;C:\Users\qk user2\.katalon\packages\KSE-10.4.2\configuration\resources\lib\wadl.jar;C:\Users\qk user2\.katalon\packages\KSE-10.4.2\configuration\resources\lib\xmlbeans-3.1.0.jar;C:\Users\qk user2\.katalon\packages\KSE-10.4.2\plugins\net.sf.supercsv.super-csv_2.4.0.jar;C:\Users\qk user2\.katalon\packages\KSE-10.4.2\plugins\org.apache.commons.commons-io_2.17.0.jar;C:\Users\qk user2\.katalon\packages\KSE-10.4.2\plugins\org.apache.commons.lang_2.6.0.jar;C:\Users\qk user2\.katalon\packages\KSE-10.4.2\plugins\com.google.gson_2.11.0.jar;C:\Users\qk user2\.katalon\packages\KSE-10.4.2\plugins\org.jsoup_1.21.1.jar;C:\Users\qk user2\.katalon\packages\KSE-10.4.2\plugins\org.apache.commons.dbutils_1.6.0.jar;C:\Users\qk user2\.katalon\packages\KSE-10.4.2\plugins\com.oracle.database.jdbc.ojdbc11_21.18.0.0.jar;C:\Users\qk user2\.katalon\packages\KSE-10.4.2\plugins\org.postgresql.jdbc_42.7.7.jar;c:\Users\qk user2\.katalon\packages\KSE-10.4.2\plugins\org.eclipse.osgi_3.22.0.v20241030-2121.jar;C:\Users\qk user2\.katalon\packages\KSE-10.4.2\plugins\com.kms.katalon.constant_1.0.0.202511190132.jar;C:\Users\qk user2\.katalon\packages\KSE-10.4.2\plugins\org.eclipse.persistence.eclipselink_2.7.11.jar;C:\Users\qk user2\.katalon\packages\KSE-10.4.2\plugins\com.kms.katalon.selenium-standalone_1.0.0.202511190132.jar;C:\Users\qk user2\.katalon\packages\KSE-10.4.2\plugins\atu.testrecorder.screen-recorder_2.1.0.jar;C:\Users\qk user2\.katalon\packages\KSE-10.4.2\plugins\com.google.guava_33.4.8.jre.jar;C:\Users\qk user2\.katalon\packages\KSE-10.4.2\plugins\com.kms.katalon.util_1.0.0.202511190132.jar;C:\Users\qk user2\.katalon\packages\KSE-10.4.2\plugins\org.apache.httpcomponents.httpclient_4.5.14.jar;C:\Users\qk user2\.katalon\packages\KSE-10.4.2\plugins\org.apache.httpcomponents.httpcore_4.4.16.jar;C:\Users\qk user2\.katalon\packages\KSE-10.4.2\plugins\org.apache.httpcomponents.httpmime_4.5.13.jar;C:\Users\qk user2\.katalon\packages\KSE-10.4.2\plugins\org.apache.commons.lang3_3.18.0.jar;C:\Users\qk user2\.katalon\packages\KSE-10.4.2\plugins\org.greenrobot.eventbus_3.1.1.jar;C:\Users\qk user2\.katalon\packages\KSE-10.4.2\plugins\net.bytebuddy.byte-buddy_1.17.6.jar;C:\Users\qk user2\.katalon\packages\KSE-10.4.2\plugins\org.junit_4.13.2.v20230809-1000.jar;C:\Users\qk user2\.katalon\packages\KSE-10.4.2\plugins\com.fasterxml.jackson.core.jackson-databind_2.18.4.jar;C:\Users\qk user2\.katalon\packages\KSE-10.4.2\plugins\com.fasterxml.jackson.core.jackson-core_2.18.4.jar;C:\Users\qk user2\.katalon\packages\KSE-10.4.2\plugins\com.fasterxml.jackson.core.jackson-annotations_2.18.4.jar;C:\Users\qk user2\.katalon\packages\KSE-10.4.2\plugins\slf4j.api_2.0.17.jar;C:\Users\qk user2\.katalon\packages\KSE-10.4.2\plugins\org.fusesource.jansi_1.17.1.jar;C:\Users\qk user2\.katalon\packages\KSE-10.4.2\plugins\com.kms.katalon.netlightbody_1.0.0.202511190132.jar;C:\Users\qk user2\.katalon\packages\KSE-10.4.2\plugins\com.kms.katalon.poi_1.0.0.202511190132.jar;C:\Users\qk user2\.katalon\packages\KSE-10.4.2\plugins\org.apache.commons.commons-text_1.10.0.jar;C:\Users\qk user2\.katalon\packages\KSE-10.4.2\plugins\com.microsoft.sqlserver.mssql-jdbc_12.6.5.jar;C:\Users\qk user2\.katalon\packages\KSE-10.4.2\plugins\com.github.kklisura.cdt.java-client_2.1.0.jar;C:\Users\qk user2\.katalon\packages\KSE-10.4.2\plugins\javax.websocket-api_1.1.0.jar;C:\Users\qk user2\.katalon\packages\KSE-10.4.2\plugins\org.glassfish.tyrus.container-grizzly-client_1.13.1.jar;C:\Users\qk user2\.katalon\packages\KSE-10.4.2\plugins\org.glassfish.grizzly.http-server_2.3.25.jar;C:\Users\qk user2\.katalon\packages\KSE-10.4.2\plugins\org.glassfish.grizzly.framework_2.3.25.jar;C:\Users\qk user2\.katalon\packages\KSE-10.4.2\plugins\org.glassfish.grizzly.http_2.3.25.jar;C:\Users\qk user2\.katalon\packages\KSE-10.4.2\plugins\org.glassfish.tyrus.client_1.13.1.jar;C:\Users\qk user2\.katalon\packages\KSE-10.4.2\plugins\org.glassfish.tyrus.core_1.13.1.jar;C:\Users\qk user2\.katalon\packages\KSE-10.4.2\plugins\org.glassfish.tyrus.spi_1.13.1.jar;C:\Users\qk user2\.katalon\packages\KSE-10.4.2\plugins\javassist_3.28.0.GA.jar;C:\Users\qk user2\.katalon\packages\KSE-10.4.2\plugins\graphql-java_22.3.0.jar;C:\Users\qk user2\.katalon\packages\KSE-10.4.2\plugins\org.glassfish.jaxb.runtime_2.3.6.jar;C:\Users\qk user2\.katalon\packages\KSE-10.4.2\plugins\org.glassfish.jaxb.txw2_2.3.6.jar;C:\Users\qk user2\.katalon\packages\KSE-10.4.2\plugins\org.dom4j_2.1.4.jar;C:\Users\qk user2\.katalon\packages\KSE-10.4.2\plugins\com.kms.katalon.groovy-extended_1.0.0.202511190132.jar;C:\Users\qk user2\.katalon\packages\KSE-10.4.2\plugins\com.sun.activation.javax.activation_1.2.0.jar;C:\Users\qk user2\.katalon\packages\KSE-10.4.2\plugins\jakarta.xml.bind-api_4.0.2.jar;C:\Users\qk user2\.katalon\packages\KSE-10.4.2\plugins\org.eclipse.jface_3.35.100.v20241003-1431.jar;C:\Users\qk user2\.katalon\packages\KSE-10.4.2\plugins\com.kms.katalon.logging_1.0.0.202511190132.jar;C:\Users\qk user2\.katalon\packages\KSE-10.4.2\plugins\json_20240303.0.0.jar;C:\Users\qk user2\.katalon\packages\KSE-10.4.2\plugins\assertj-core_3.25.3.jar;C:\Users\qk user2\.katalon\packages\KSE-10.4.2\plugins\com.networknt.json-schema-validator_1.5.7.jar;C:\Users\qk user2\.katalon\packages\KSE-10.4.2\plugins\com.kms.katalon.network.apache_1.0.0.202511190132.jar;C:\Users\qk user2\.katalon\packages\KSE-10.4.2\plugins\com.kms.katalon.network.core_1.0.0.202511190132.jar;C:\Users\qk user2\.katalon\packages\KSE-10.4.2\plugins\java-dataloader_3.3.0.jar;C:\Users\qk user2\.katalon\packages\KSE-10.4.2\plugins\org.apache.commons.collections_3.2.2.v201511171945.jar;C:\Users\qk user2\.katalon\packages\KSE-10.4.2\plugins\org.apache.commons.commons-collections4_4.4.0.jar;C:\Users\qk user2\.katalon\packages\KSE-10.4.2\plugins\org.apache.commons.digester_2.1.0.jar;C:\Users\qk user2\.katalon\packages\KSE-10.4.2\plugins\stax2-api_4.2.2.jar;C:\Users\qk user2\.katalon\packages\KSE-10.4.2\plugins\com.fasterxml.woodstox.woodstox-core_6.6.2.jar;C:\Users\qk user2\.katalon\packages\KSE-10.4.2\plugins\org.apache.commons.logging_1.2.0.v20180409-1502.jar;C:\Users\qk user2\.katalon\packages\KSE-10.4.2\plugins\org.apache.commons.commons-beanutils_1.11.0.jar;C:\Users\qk user2\.katalon\packages\KSE-10.4.2\plugins\com.kms.katalon.report.core_1.0.0.202511190132.jar;C:\Users\qk user2\.katalon\packages\KSE-10.4.2\plugins\org.seleniumhq.selenium.selenium-api_4.34.0.jar;C:\Users\qk user2\.katalon\packages\KSE-10.4.2\plugins\org.seleniumhq.selenium.selenium-remote-driver_4.34.0.jar;C:\Users\qk user2\.katalon\packages\KSE-10.4.2\plugins\org.seleniumhq.selenium.selenium-http_4.34.0.jar;C:\Users\qk user2\.katalon\packages\KSE-10.4.2\plugins\ch.qos.logback.classic_1.5.19.jar;C:\Users\qk user2\.katalon\packages\KSE-10.4.2\plugins\ch.qos.logback.core_1.5.19.jar;C:\Users\qk user2\.katalon\packages\KSE-10.4.2\plugins\log4j.over.slf4j_1.7.36.jar;C:\Users\qk user2\.katalon\packages\KSE-10.4.2\plugins\org.eclipse.e4.core.contexts_1.13.0.v20241014-2013.jar;C:\Users\qk user2\.katalon\packages\KSE-10.4.2\plugins\com.github.oshi.oshi-core_6.9.1.jar;C:\Users\qk user2\.katalon\packages\KSE-10.4.2\plugins\com.sun.jna_5.18.1.jar;C:\Users\qk user2\.katalon\packages\KSE-10.4.2\plugins\com.sun.jna.platform_5.18.1.jar;C:\Users\qk user2\.katalon\packages\KSE-10.4.2\plugins\org.bidib.com.github.markusbernhardt.proxy-vole_1.1.7.jar;C:\Users\qk user2\.katalon\packages\KSE-10.4.2\plugins\org.hamcrest.core_1.3.0.jar;C:\Users\qk user2\.katalon\packages\KSE-10.4.2\plugins\org.beanshell.bsh_2.0.0.0b4.jar;C:\Users\qk user2\.katalon\packages\KSE-10.4.2\plugins\org.apache.ant.launcher_1.9.6.jar;C:\Users\qk user2\.katalon\packages\KSE-10.4.2\plugins\org.seleniumhq.selenium.selenium-chrome-driver_4.34.0.jar;C:\Users\qk user2\.katalon\packages\KSE-10.4.2\plugins\org.seleniumhq.selenium.selenium-chromium-driver_4.34.0.jar;C:\Users\qk user2\.katalon\packages\KSE-10.4.2\plugins\org.seleniumhq.selenium.selenium-edge-driver_4.34.0.jar;C:\Users\qk user2\.katalon\packages\KSE-10.4.2\plugins\org.seleniumhq.selenium.selenium-firefox-driver_4.34.0.jar;C:\Users\qk user2\.katalon\packages\KSE-10.4.2\plugins\org.seleniumhq.selenium.selenium-safari-driver_4.34.0.jar;C:\Users\qk user2\.katalon\packages\KSE-10.4.2\plugins\org.seleniumhq.selenium.selenium-ie-driver_4.34.0.jar;C:\Users\qk user2\.katalon\packages\KSE-10.4.2\plugins\org.seleniumhq.selenium.selenium-manager_4.34.0.jar;C:\Users\qk user2\.katalon\packages\KSE-10.4.2\plugins\org.seleniumhq.selenium.selenium-json_4.34.0.jar;C:\Users\qk user2\.katalon\packages\KSE-10.4.2\plugins\com.kms.katalon.core.appium_1.0.0.202511190132.jar;C:\Users\qk user2\.katalon\packages\KSE-10.4.2\plugins\org.seleniumhq.selenium.selenium-os_4.34.0.jar;C:\Users\qk user2\.katalon\packages\KSE-10.4.2\plugins\io.appium.java-client_9.5.0.jar;C:\Users\qk user2\.katalon\packages\KSE-10.4.2\plugins\org.eclipse.e4.core.services_2.5.0.v20241015-2219.jar;C:\Users\qk user2\.katalon\packages\KSE-10.4.2\plugins\org.eclipse.osgi.services_3.12.100.v20240327-0645.jar;C:\Users\qk user2\.katalon\packages\KSE-10.4.2\plugins\org.eclipse.equinox.common_3.19.200.v20241004-0654.jar;C:\Users\qk user2\.katalon\packages\KSE-10.4.2\plugins\com.kms.katalon.platform.core_1.0.0.202511190132.jar;C:\Users\qk user2\.katalon\packages\KSE-10.4.2\plugins\com.kms.katalon.common_1.0.0.202511190132.jar;C:\Users\qk user2\.katalon\packages\KSE-10.4.2\plugins\com.kms.katalon.session.core_1.0.0.202511190132.jar;C:\Users\qk user2\.katalon\packages\KSE-10.4.2\plugins\org.eclipse.e4.core.di_1.9.500.v20240606-1236.jar;C:\Users\qk user2\.katalon\packages\KSE-10.4.2\plugins\com.kms.katalon.execution.core_1.0.0.202511190132.jar;C:\Users\qk user2\.katalon\packages\KSE-10.4.2\plugins\org.eclipse.equinox.registry_3.12.200.v20241004-0654.jar;C:\Users\qk user2\.katalon\packages\KSE-10.4.2\plugins\oauth2-oidc-sdk_11.29.1.jar;C:\Users\qk user2\.katalon\packages\KSE-10.4.2\plugins\dev.failsafe_3.3.2.jar;C:\Users\qk user2\.katalon\packages\KSE-10.4.2\plugins\com.fasterxml.jackson.datatype.jackson-datatype-jsr310_2.17.2.jar;C:\Users\qk user2\.katalon\packages\KSE-10.4.2\plugins\org.eclipse.e4.core.di.annotations_1.8.400.v20240413-1529.jar;C:\Users\qk user2\.katalon\packages\KSE-10.4.2\plugins\net.minidev.json-smart_2.5.2.jar;C:\Users\qk user2\.katalon\packages\KSE-10.4.2\plugins\com.kms.katalon.core.webui_1.0.0.202511190132.jar;C:\Users\qk user2\.katalon\packages\KSE-10.4.2\plugins\org.seleniumhq.selenium.selenium-support_4.34.0.jar;C:\Users\qk user2\.katalon\packages\KSE-10.4.2\plugins\org.seleniumhq.selenium.selenium-devtools-v138_4.34.0.jar;C:\Users\qk user2\.katalon\packages\KSE-10.4.2\plugins\com.kms.katalon.core.mobile_1.0.0.202511190132.jar;C:\Users\qk user2\.katalon\packages\KSE-10.4.2\plugins\org.apache.commons.commons-validator_1.7.0.jar;C:\Users\qk user2\.katalon\packages\KSE-10.4.2\plugins\org.xmlunit.xmlunit-core_2.10.3.jar;C:\Users\qk user2\.katalon\packages\KSE-10.4.2\plugins\com.kms.katalon.core.cucumber_1.0.0.202511190132.jar;C:\Users\qk user2\.katalon\packages\KSE-10.4.2\plugins\io.cucumber.core_3.0.3.jar;C:\Users\qk user2\.katalon\packages\KSE-10.4.2\plugins\io.cucumber.datatable_1.1.16.jar;C:\Users\qk user2\.katalon\packages\KSE-10.4.2\plugins\io.cucumber.datatable-dependencies_1.1.16.jar;C:\Users\qk user2\.katalon\packages\KSE-10.4.2\plugins\io.cucumber.expressions_5.0.19.jar;C:\Users\qk user2\.katalon\packages\KSE-10.4.2\plugins\io.cucumber.gherkin_5.0.0.jar;C:\Users\qk user2\.katalon\packages\KSE-10.4.2\plugins\io.cucumber.html_0.2.7.jar;C:\Users\qk user2\.katalon\packages\KSE-10.4.2\plugins\io.cucumber.java_3.0.3.jar;C:\Users\qk user2\.katalon\packages\KSE-10.4.2\plugins\io.cucumber.tag-expressions_1.1.1.jar;C:\Users\qk user2\.katalon\packages\KSE-10.4.2\plugins\io.cucumber.junit_3.0.3.jar;C:\Users\qk user2\.katalon\packages\KSE-10.4.2\plugins\com.kms.katalon.core.webservice_1.0.0.202511190132.jar;C:\Users\qk user2\.katalon\packages\KSE-10.4.2\plugins\wsdl4j_1.6.2.jar;C:\Users\qk user2\.katalon\packages\KSE-10.4.2\plugins\com.google.oauth-client.google-oauth-client_1.22.0.jar;C:\Users\qk user2\.katalon\packages\KSE-10.4.2\plugins\com.google.http-client.google-http-client_1.22.0.jar;C:\Users\qk user2\.katalon\packages\KSE-10.4.2\plugins\com.kms.katalon.preferences_1.0.0.202511190132.jar;C:\Users\qk user2\.katalon\packages\KSE-10.4.2\plugins\org.apache.xmlbeans_3.1.0.jar;C:\Users\qk user2\.katalon\packages\KSE-10.4.2\plugins\com.kms.katalon.entity_1.0.0.202511190132.jar;C:\Users\qk user2\.katalon\packages\KSE-10.4.2\plugins\jakarta.xml.ws-api_2.3.3.jar;C:\Users\qk user2\.katalon\packages\KSE-10.4.2\plugins\javax.xml.soap-api_1.4.0.jar;C:\Users\qk user2\.katalon\packages\KSE-10.4.2\plugins\com.atlassian.oai.swagger-request-validator-core_2.38.0.jar;C:\Users\qk user2\.katalon\packages\KSE-10.4.2\plugins\io.swagger.compat-spec-parser_1.0.67.jar;C:\Users\qk user2\.katalon\packages\KSE-10.4.2\plugins\io.swagger.core.v3.swagger-annotations_2.2.14.jar;C:\Users\qk user2\.katalon\packages\KSE-10.4.2\plugins\io.swagger.core.v3.swagger-core_2.2.14.jar;C:\Users\qk user2\.katalon\packages\KSE-10.4.2\plugins\io.swagger.core.v3.swagger-models_2.2.14.jar;C:\Users\qk user2\.katalon\packages\KSE-10.4.2\plugins\io.swagger.parser.v3.swagger-parser-core_2.1.16.jar;C:\Users\qk user2\.katalon\packages\KSE-10.4.2\plugins\io.swagger.parser.v3.swagger-parser-v2-converter_2.1.16.jar;C:\Users\qk user2\.katalon\packages\KSE-10.4.2\plugins\com.github.java-json-tools.btf_1.3.0.jar;C:\Users\qk user2\.katalon\packages\KSE-10.4.2\plugins\com.fasterxml.jackson.dataformat.jackson-dataformat-yaml_2.18.3.jar;C:\Users\qk user2\.katalon\packages\KSE-10.4.2\plugins\org.yaml.snakeyaml_2.3.0.jar;C:\Users\qk user2\.katalon\packages\KSE-10.4.2\plugins\com.github.java-json-tools.msg-simple_1.2.0.jar;C:\Users\qk user2\.katalon\packages\KSE-10.4.2\plugins\jackson-core-asl_1.9.13.jar;C:\Users\qk user2\.katalon\packages\KSE-10.4.2\plugins\joda-time_2.10.5.jar;C:\Users\qk user2\.katalon\packages\KSE-10.4.2\plugins\javax.mail-api_1.6.2.jar;C:\Users\qk user2\.katalon\packages\KSE-10.4.2\plugins\com.googlecode.libphonenumber_8.11.1.jar;C:\Users\qk user2\.katalon\packages\KSE-10.4.2\plugins\com.google.guava.failureaccess_1.0.3.jar;C:\Users\qk user2\.katalon\packages\KSE-10.4.2\plugins\io.swagger.parser.v3.swagger-parser_2.1.16.jar;C:\Users\qk user2\.katalon\packages\KSE-10.4.2\plugins\io.swagger.parser.v3.swagger-parser-v3_2.1.16.jar;C:\Users\qk user2\.katalon\packages\KSE-10.4.2\plugins\io.swagger.parser_1.0.67.jar;C:\Users\qk user2\.katalon\packages\KSE-10.4.2\plugins\com.narupley.not-going-to-be-commons-ssl_0.3.20.jar;C:\Users\qk user2\.katalon\packages\KSE-10.4.2\plugins\com.kms.katalon.core.windows_1.0.0.202511190132.jar;C:\Users\qk user2\.katalon\packages\KSE-10.4.2\plugins\net.lingala.zip4j_2.11.5.jar;C:\Users\qk user2\.katalon\packages\KSE-10.4.2\plugins\com.kms.katalon.core.testng_1.0.0.202511190132.jar;C:\Users\qk user2\.katalon\packages\KSE-10.4.2\plugins\org.testng_7.8.0.jar;C:\Users\qk user2\.katalon\packages\KSE-10.4.2\plugins\com.beust.jcommander_1.82.0.jar;C:\Users\qk user2\.katalon\packages\KSE-10.4.2\plugins\org.codehaus.groovy_3.0.23.v202501010125-e2412\lib\groovy-3.0.23-indy.jar;C:\Users\qk user2\.katalon\packages\KSE-10.4.2\plugins\org.codehaus.groovy_3.0.23.v202501010125-e2412\lib\ivy-2.5.2.jar --main groovy.ui.GroovyMain --encoding UTF-8 --indy E:\Death_Claim_Automation\Libs\TempTestCaseBinding1777448389864.groovy

Host: Intel(R) Xeon(R) Gold 6132 CPU @ 2.60GHz, 4 cores, 15G,  Windows Server 2022 , 64 bit Build 20348 (10.0.20348.3692)
Time: Wed Apr 29 13:13:56 2026 India Standard Time elapsed time: 244.187143 seconds (0d 0h 4m 4s)

---------------  T H R E A D  ---------------

Current thread (0x000001e9ce3e0e70):  JavaThread "C2 CompilerThread0" daemon [_thread_in_native, id=179160, stack(0x00000001ba500000,0x00000001ba600000)]


Current CompileTask:
C2: 244187 13796       4       org.apache.xmlbeans.impl.store.Saver::createSaveCur (548 bytes)

Stack: [0x00000001ba500000,0x00000001ba600000]
Native frames: (J=compiled Java code, j=interpreted, Vv=VM code, C=native code)
V  [jvm.dll+0x682eb9]
V  [jvm.dll+0x8399c8]
V  [jvm.dll+0x83b473]
V  [jvm.dll+0x83bae3]
V  [jvm.dll+0x24715f]
V  [jvm.dll+0xace44]
V  [jvm.dll+0xad4dc]
V  [jvm.dll+0x365b5e]
V  [jvm.dll+0x32fd58]
V  [jvm.dll+0x32f1da]
V  [jvm.dll+0x21814f]
V  [jvm.dll+0x21758f]
V  [jvm.dll+0x1a3150]
V  [jvm.dll+0x22799c]
V  [jvm.dll+0x225afb]
V  [jvm.dll+0x7ef128]
V  [jvm.dll+0x7e948c]
V  [jvm.dll+0x681d97]
C  [ucrtbase.dll+0x26b4c]
C  [KERNEL32.DLL+0x14cb0]
C  [ntdll.dll+0x7edcb]


---------------  P R O C E S S  ---------------

Threads class SMR info:
_java_thread_list=0x000001e9d415a7b0, length=38, elements={
0x000001e9b4c98f30, 0x000001e9ce38c4a0, 0x000001e9ce38d320, 0x000001e9ce3c66d0,
0x000001e9ce3d7d10, 0x000001e9ce3da2f0, 0x000001e9ce3dad60, 0x000001e9ce3e0e70,
0x000001e9ce3efea0, 0x000001e9ce45b700, 0x000001e9ce4caeb0, 0x000001e9d3062010,
0x000001e9d4b388e0, 0x000001e9d4b36a80, 0x000001e9d77b7f40, 0x000001e9d77bd040,
0x000001e9d77b8960, 0x000001e9d77bb1e0, 0x000001e9d77bd550, 0x000001e9d77bda60,
0x000001e9d77be990, 0x000001e9d77bbc00, 0x000001e9d77bdf70, 0x000001e9d77be480,
0x000001e9d77ba7c0, 0x000001e9d77bf3b0, 0x000001e9d77b8450, 0x000001e9d77ba2b0,
0x000001e9d77bb6f0, 0x000001e9d4b36f90, 0x000001e9d4b374a0, 0x000001e9d4b36060,
0x000001e9d4b36570, 0x000001e9d77bf8c0, 0x000001e9d50c8d60, 0x000001e9d50c69f0,
0x000001e9d50ca1a0, 0x000001e9d3320860
}

Java Threads: ( => current thread )
  0x000001e9b4c98f30 JavaThread "main" [_thread_in_vm, id=195816, stack(0x00000001b9800000,0x00000001b9900000)]
  0x000001e9ce38c4a0 JavaThread "Reference Handler" daemon [_thread_blocked, id=204392, stack(0x00000001b9f00000,0x00000001ba000000)]
  0x000001e9ce38d320 JavaThread "Finalizer" daemon [_thread_blocked, id=207996, stack(0x00000001ba000000,0x00000001ba100000)]
  0x000001e9ce3c66d0 JavaThread "Signal Dispatcher" daemon [_thread_blocked, id=205844, stack(0x00000001ba100000,0x00000001ba200000)]
  0x000001e9ce3d7d10 JavaThread "Attach Listener" daemon [_thread_blocked, id=209336, stack(0x00000001ba200000,0x00000001ba300000)]
  0x000001e9ce3da2f0 JavaThread "Service Thread" daemon [_thread_blocked, id=209816, stack(0x00000001ba300000,0x00000001ba400000)]
  0x000001e9ce3dad60 JavaThread "Monitor Deflation Thread" daemon [_thread_blocked, id=200724, stack(0x00000001ba400000,0x00000001ba500000)]
=>0x000001e9ce3e0e70 JavaThread "C2 CompilerThread0" daemon [_thread_in_native, id=179160, stack(0x00000001ba500000,0x00000001ba600000)]
  0x000001e9ce3efea0 JavaThread "C1 CompilerThread0" daemon [_thread_in_native, id=181356, stack(0x00000001ba600000,0x00000001ba700000)]
  0x000001e9ce45b700 JavaThread "Sweeper thread" daemon [_thread_blocked, id=204144, stack(0x00000001ba700000,0x00000001ba800000)]
  0x000001e9ce4caeb0 JavaThread "Common-Cleaner" daemon [_thread_blocked, id=202464, stack(0x00000001ba800000,0x00000001ba900000)]
  0x000001e9d3062010 JavaThread "Notification Thread" daemon [_thread_blocked, id=127988, stack(0x00000001bac00000,0x00000001bad00000)]
  0x000001e9d4b388e0 JavaThread "ForkJoinPool.commonPool-worker-1" daemon [_thread_blocked, id=196288, stack(0x00000001bae00000,0x00000001baf00000)]
  0x000001e9d4b36a80 JavaThread "UrlChecker-2" daemon [_thread_blocked, id=205812, stack(0x00000001bb500000,0x00000001bb600000)]
  0x000001e9d77b7f40 JavaThread "CompletableFutureDelayScheduler" daemon [_thread_blocked, id=205168, stack(0x00000001bb900000,0x00000001bba00000)]
  0x000001e9d77bd040 JavaThread "HttpClient-11-SelectorManager" daemon [_thread_in_native, id=209648, stack(0x00000001b9500000,0x00000001b9600000)]
  0x000001e9d77b8960 JavaThread "External Process Output Forwarder - C:\Users\qk user2\.cache\selenium\chromedriver\win64\147.0.7727.117\chromedriver.exe" daemon [_thread_in_native, id=115260, stack(0x00000001b9400000,0x00000001b9500000)]
  0x000001e9d77bb1e0 JavaThread "Driver Service Executor" daemon [_thread_blocked, id=203268, stack(0x00000001bb200000,0x00000001bb300000)]
  0x000001e9d77bd550 JavaThread "Driver Service Executor" daemon [_thread_blocked, id=206976, stack(0x00000001bb300000,0x00000001bb400000)]
  0x000001e9d77bda60 JavaThread "JdkHttpClient-10-0" daemon [_thread_blocked, id=197996, stack(0x00000001bb400000,0x00000001bb500000)]
  0x000001e9d77be990 JavaThread "JdkHttpClient-10-1" daemon [_thread_blocked, id=197388, stack(0x00000001bb700000,0x00000001bb800000)]
  0x000001e9d77bbc00 JavaThread "JdkHttpClient-10-2" daemon [_thread_blocked, id=180500, stack(0x00000001bb800000,0x00000001bb900000)]
  0x000001e9d77bdf70 JavaThread "HttpClient-12-SelectorManager" daemon [_thread_in_native, id=206096, stack(0x00000001bba00000,0x00000001bbb00000)]
  0x000001e9d77be480 JavaThread "JdkHttpClient-11-0" daemon [_thread_blocked, id=205072, stack(0x00000001bbe00000,0x00000001bbf00000)]
  0x000001e9d77ba7c0 JavaThread "JdkHttpClient-11-1" daemon [_thread_blocked, id=188196, stack(0x00000001bbf00000,0x00000001bc000000)]
  0x000001e9d77bf3b0 JavaThread "JdkHttpClient-11-2" daemon [_thread_blocked, id=199520, stack(0x00000001bc000000,0x00000001bc100000)]
  0x000001e9d77b8450 JavaThread "HttpClient-13-SelectorManager" daemon [_thread_in_native, id=209460, stack(0x00000001b9600000,0x00000001b9700000)]
  0x000001e9d77ba2b0 JavaThread "Driver Service Executor" daemon [_thread_blocked, id=208756, stack(0x00000001bc100000,0x00000001bc200000)]
  0x000001e9d77bb6f0 JavaThread "Driver Service Executor" daemon [_thread_blocked, id=205336, stack(0x00000001bc200000,0x00000001bc300000)]
  0x000001e9d4b36f90 JavaThread "JdkHttpClient-12-0" daemon [_thread_blocked, id=200220, stack(0x00000001bc400000,0x00000001bc500000)]
  0x000001e9d4b374a0 JavaThread "JdkHttpClient-12-1" daemon [_thread_blocked, id=207964, stack(0x00000001bc500000,0x00000001bc600000)]
  0x000001e9d4b36060 JavaThread "JdkHttpClient-12-2" daemon [_thread_blocked, id=208684, stack(0x00000001bc600000,0x00000001bc700000)]
  0x000001e9d4b36570 JavaThread "HttpClient-14-SelectorManager" daemon [_thread_in_native, id=209412, stack(0x00000001bbc00000,0x00000001bbd00000)]
  0x000001e9d77bf8c0 JavaThread "JdkHttpClient-13-0" daemon [_thread_blocked, id=206468, stack(0x00000001bc700000,0x00000001bc800000)]
  0x000001e9d50c8d60 JavaThread "JdkHttpClient-13-1" daemon [_thread_blocked, id=146000, stack(0x00000001bc800000,0x00000001bc900000)]
  0x000001e9d50c69f0 JavaThread "JdkHttpClient-13-2" daemon [_thread_blocked, id=192616, stack(0x00000001bc900000,0x00000001bca00000)]
  0x000001e9d50ca1a0 JavaThread "JdkHttpClient-12-3" daemon [_thread_blocked, id=209312, stack(0x00000001bca00000,0x00000001bcb00000)]
  0x000001e9d3320860 JavaThread "C2 CompilerThread1" daemon [_thread_in_native, id=208120, stack(0x00000001bb000000,0x00000001bb100000)]

Other Threads:
  0x000001e9cbf82540 VMThread "VM Thread" [stack: 0x00000001b9e00000,0x00000001b9f00000] [id=209916]
  0x000001e9b4c99bc0 WatcherThread [stack: 0x00000001bad00000,0x00000001bae00000] [id=206496]
  0x000001e9b4cce880 GCTaskThread "GC Thread#0" [stack: 0x00000001b9900000,0x00000001b9a00000] [id=207736]
  0x000001e9cea81de0 GCTaskThread "GC Thread#1" [stack: 0x00000001ba900000,0x00000001baa00000] [id=208660]
  0x000001e9cea820a0 GCTaskThread "GC Thread#2" [stack: 0x00000001baa00000,0x00000001bab00000] [id=179268]
  0x000001e9cebe6ca0 GCTaskThread "GC Thread#3" [stack: 0x00000001bab00000,0x00000001bac00000] [id=209416]
  0x000001e9cbdeff30 ConcurrentGCThread "G1 Main Marker" [stack: 0x00000001b9a00000,0x00000001b9b00000] [id=208108]
  0x000001e9cbdf0860 ConcurrentGCThread "G1 Conc#0" [stack: 0x00000001b9b00000,0x00000001b9c00000] [id=205684]
  0x000001e9cbeb1350 ConcurrentGCThread "G1 Refine#0" [stack: 0x00000001b9c00000,0x00000001b9d00000] [id=204596]
  0x000001e9cbeb1d80 ConcurrentGCThread "G1 Service" [stack: 0x00000001b9d00000,0x00000001b9e00000] [id=206512]

Threads with active compile tasks:
C2 CompilerThread0   244264 13796       4       org.apache.xmlbeans.impl.store.Saver::createSaveCur (548 bytes)
C2 CompilerThread1   244264 13832   !   4       com.sun.org.apache.xerces.internal.parsers.XML11Configuration::setProperty (160 bytes)

VM state: not at safepoint (normal execution)

VM Mutex/Monitor currently owned by a thread: None

Heap address: 0x0000000080000000, size: 2048 MB, Compressed Oops mode: 32-bit

CDS archive(s) not mapped
Compressed class space mapped at: 0x0000000100000000-0x0000000140000000, reserved size: 1073741824
Narrow klass base: 0x0000000000000000, Narrow klass shift: 3, Narrow klass range: 0x140000000

GC Precious Log:
 CPUs: 4 total, 4 available
 Memory: 16383M
 Large Page Support: Disabled
 NUMA Support: Disabled
 Compressed Oops: Enabled (32-bit)
 Heap Region Size: 1M
 Heap Min Capacity: 8M
 Heap Initial Capacity: 256M
 Heap Max Capacity: 2G
 Pre-touch: Disabled
 Parallel Workers: 4
 Concurrent Workers: 1
 Concurrent Refinement Workers: 4
 Periodic GC: Disabled

Heap:
 garbage-first heap   total 119808K, used 92763K [0x0000000080000000, 0x0000000100000000)
  region size 1024K, 37 young (37888K), 1 survivors (1024K)
 Metaspace       used 64232K, committed 65344K, reserved 1114112K
  class space    used 7019K, committed 7552K, reserved 1048576K

Heap Regions: E=young(eden), S=young(survivor), O=old, HS=humongous(starts), HC=humongous(continues), CS=collection set, F=free, OA=open archive, CA=closed archive, TAMS=top-at-mark-start (previous, next)
|   0|0x0000000080000000, 0x0000000080100000, 0x0000000080100000|100%|HS|  |TAMS 0x0000000080100000, 0x0000000080000000| Complete 
|   1|0x0000000080100000, 0x0000000080200000, 0x0000000080200000|100%|HS|  |TAMS 0x0000000080200000, 0x0000000080100000| Complete 
|   2|0x0000000080200000, 0x0000000080300000, 0x0000000080300000|100%| O|  |TAMS 0x0000000080300000, 0x0000000080200000| Untracked 
|   3|0x0000000080300000, 0x0000000080400000, 0x0000000080400000|100%| O|  |TAMS 0x0000000080400000, 0x0000000080300000| Untracked 
|   4|0x0000000080400000, 0x0000000080500000, 0x0000000080500000|100%| O|  |TAMS 0x0000000080500000, 0x0000000080400000| Untracked 
|   5|0x0000000080500000, 0x0000000080600000, 0x0000000080600000|100%| O|  |TAMS 0x0000000080600000, 0x0000000080500000| Untracked 
|   6|0x0000000080600000, 0x0000000080700000, 0x0000000080700000|100%| O|  |TAMS 0x0000000080700000, 0x0000000080600000| Untracked 
|   7|0x0000000080700000, 0x0000000080800000, 0x0000000080800000|100%| O|  |TAMS 0x0000000080800000, 0x0000000080700000| Untracked 
|   8|0x0000000080800000, 0x0000000080900000, 0x0000000080900000|100%| O|  |TAMS 0x0000000080900000, 0x0000000080800000| Untracked 
|   9|0x0000000080900000, 0x0000000080a00000, 0x0000000080a00000|100%| O|  |TAMS 0x0000000080a00000, 0x0000000080900000| Untracked 
|  10|0x0000000080a00000, 0x0000000080b00000, 0x0000000080b00000|100%| O|  |TAMS 0x0000000080b00000, 0x0000000080a00000| Untracked 
|  11|0x0000000080b00000, 0x0000000080c00000, 0x0000000080c00000|100%| O|  |TAMS 0x0000000080c00000, 0x0000000080b00000| Untracked 
|  12|0x0000000080c00000, 0x0000000080d00000, 0x0000000080d00000|100%| O|  |TAMS 0x0000000080d00000, 0x0000000080c00000| Untracked 
|  13|0x0000000080d00000, 0x0000000080e00000, 0x0000000080e00000|100%| O|  |TAMS 0x0000000080e00000, 0x0000000080d00000| Untracked 
|  14|0x0000000080e00000, 0x0000000080f00000, 0x0000000080f00000|100%| O|  |TAMS 0x0000000080f00000, 0x0000000080e00000| Untracked 
|  15|0x0000000080f00000, 0x0000000081000000, 0x0000000081000000|100%| O|  |TAMS 0x0000000081000000, 0x0000000080f00000| Untracked 
|  16|0x0000000081000000, 0x0000000081100000, 0x0000000081100000|100%| O|  |TAMS 0x0000000081100000, 0x0000000081000000| Untracked 
|  17|0x0000000081100000, 0x0000000081200000, 0x0000000081200000|100%| O|  |TAMS 0x0000000081200000, 0x0000000081100000| Untracked 
|  18|0x0000000081200000, 0x0000000081300000, 0x0000000081300000|100%| O|  |TAMS 0x0000000081300000, 0x0000000081200000| Untracked 
|  19|0x0000000081300000, 0x0000000081400000, 0x0000000081400000|100%| O|  |TAMS 0x0000000081400000, 0x0000000081300000| Untracked 
|  20|0x0000000081400000, 0x0000000081500000, 0x0000000081500000|100%| O|  |TAMS 0x0000000081500000, 0x0000000081400000| Untracked 
|  21|0x0000000081500000, 0x0000000081600000, 0x0000000081600000|100%| O|  |TAMS 0x0000000081600000, 0x0000000081500000| Untracked 
|  22|0x0000000081600000, 0x0000000081700000, 0x0000000081700000|100%| O|  |TAMS 0x0000000081700000, 0x0000000081600000| Untracked 
|  23|0x0000000081700000, 0x0000000081800000, 0x0000000081800000|100%| O|  |TAMS 0x0000000081800000, 0x0000000081700000| Untracked 
|  24|0x0000000081800000, 0x0000000081900000, 0x0000000081900000|100%| O|  |TAMS 0x0000000081900000, 0x0000000081800000| Untracked 
|  25|0x0000000081900000, 0x0000000081a00000, 0x0000000081a00000|100%| O|  |TAMS 0x0000000081a00000, 0x0000000081900000| Untracked 
|  26|0x0000000081a00000, 0x0000000081b00000, 0x0000000081b00000|100%| O|  |TAMS 0x0000000081b00000, 0x0000000081a00000| Untracked 
|  27|0x0000000081b00000, 0x0000000081c00000, 0x0000000081c00000|100%| O|  |TAMS 0x0000000081c00000, 0x0000000081b00000| Untracked 
|  28|0x0000000081c00000, 0x0000000081d00000, 0x0000000081d00000|100%| O|  |TAMS 0x0000000081d00000, 0x0000000081c00000| Untracked 
|  29|0x0000000081d00000, 0x0000000081e00000, 0x0000000081e00000|100%| O|  |TAMS 0x0000000081e00000, 0x0000000081d00000| Untracked 
|  30|0x0000000081e00000, 0x0000000081f00000, 0x0000000081f00000|100%| O|  |TAMS 0x0000000081f00000, 0x0000000081e00000| Untracked 
|  31|0x0000000081f00000, 0x0000000082000000, 0x0000000082000000|100%| O|  |TAMS 0x0000000082000000, 0x0000000081f00000| Untracked 
|  32|0x0000000082000000, 0x0000000082100000, 0x0000000082100000|100%| O|  |TAMS 0x0000000082100000, 0x0000000082000000| Untracked 
|  33|0x0000000082100000, 0x0000000082200000, 0x0000000082200000|100%| O|  |TAMS 0x0000000082200000, 0x0000000082100000| Untracked 
|  34|0x0000000082200000, 0x0000000082300000, 0x0000000082300000|100%| O|  |TAMS 0x0000000082300000, 0x0000000082200000| Untracked 
|  35|0x0000000082300000, 0x0000000082400000, 0x0000000082400000|100%| O|  |TAMS 0x0000000082400000, 0x0000000082300000| Untracked 
|  36|0x0000000082400000, 0x0000000082500000, 0x0000000082500000|100%| O|  |TAMS 0x0000000082500000, 0x0000000082400000| Untracked 
|  37|0x0000000082500000, 0x0000000082600000, 0x0000000082600000|100%| O|  |TAMS 0x0000000082600000, 0x0000000082500000| Untracked 
|  38|0x0000000082600000, 0x0000000082700000, 0x0000000082700000|100%| O|  |TAMS 0x0000000082700000, 0x0000000082600000| Untracked 
|  39|0x0000000082700000, 0x0000000082800000, 0x0000000082800000|100%| O|  |TAMS 0x0000000082800000, 0x0000000082700000| Untracked 
|  40|0x0000000082800000, 0x0000000082800000, 0x0000000082900000|  0%| F|  |TAMS 0x0000000082800000, 0x0000000082800000| Untracked 
|  41|0x0000000082900000, 0x0000000082a00000, 0x0000000082a00000|100%| O|  |TAMS 0x0000000082a00000, 0x0000000082900000| Untracked 
|  42|0x0000000082a00000, 0x0000000082b00000, 0x0000000082b00000|100%| O|  |TAMS 0x0000000082b00000, 0x0000000082a00000| Untracked 
|  43|0x0000000082b00000, 0x0000000082c00000, 0x0000000082c00000|100%| O|  |TAMS 0x0000000082c00000, 0x0000000082b00000| Untracked 
|  44|0x0000000082c00000, 0x0000000082d00000, 0x0000000082d00000|100%| O|  |TAMS 0x0000000082d00000, 0x0000000082c00000| Untracked 
|  45|0x0000000082d00000, 0x0000000082e00000, 0x0000000082e00000|100%| O|  |TAMS 0x0000000082e00000, 0x0000000082d00000| Untracked 
|  46|0x0000000082e00000, 0x0000000082f00000, 0x0000000082f00000|100%| O|  |TAMS 0x0000000082f00000, 0x0000000082e00000| Untracked 
|  47|0x0000000082f00000, 0x0000000083000000, 0x0000000083000000|100%| O|  |TAMS 0x0000000083000000, 0x0000000082f00000| Untracked 
|  48|0x0000000083000000, 0x0000000083100000, 0x0000000083100000|100%| O|  |TAMS 0x0000000083100000, 0x0000000083000000| Untracked 
|  49|0x0000000083100000, 0x0000000083200000, 0x0000000083200000|100%| O|  |TAMS 0x0000000083200000, 0x0000000083100000| Untracked 
|  50|0x0000000083200000, 0x0000000083300000, 0x0000000083300000|100%| O|  |TAMS 0x0000000083300000, 0x0000000083200000| Untracked 
|  51|0x0000000083300000, 0x0000000083400000, 0x0000000083400000|100%| O|  |TAMS 0x0000000083400000, 0x0000000083300000| Untracked 
|  52|0x0000000083400000, 0x0000000083500000, 0x0000000083500000|100%| O|  |TAMS 0x0000000083422800, 0x0000000083400000| Untracked 
|  53|0x0000000083500000, 0x0000000083600000, 0x0000000083600000|100%| O|  |TAMS 0x0000000083500000, 0x0000000083500000| Untracked 
|  54|0x0000000083600000, 0x0000000083700000, 0x0000000083700000|100%| O|  |TAMS 0x0000000083600000, 0x0000000083600000| Untracked 
|  55|0x0000000083700000, 0x00000000837f2800, 0x0000000083800000| 94%| O|  |TAMS 0x0000000083700000, 0x0000000083700000| Untracked 
|  56|0x0000000083800000, 0x0000000083800000, 0x0000000083900000|  0%| F|  |TAMS 0x0000000083800000, 0x0000000083800000| Untracked 
|  57|0x0000000083900000, 0x0000000083900000, 0x0000000083a00000|  0%| F|  |TAMS 0x0000000083900000, 0x0000000083900000| Untracked 
|  58|0x0000000083a00000, 0x0000000083a00000, 0x0000000083b00000|  0%| F|  |TAMS 0x0000000083a00000, 0x0000000083a00000| Untracked 
|  59|0x0000000083b00000, 0x0000000083b00000, 0x0000000083c00000|  0%| F|  |TAMS 0x0000000083b00000, 0x0000000083b00000| Untracked 
|  60|0x0000000083c00000, 0x0000000083c00000, 0x0000000083d00000|  0%| F|  |TAMS 0x0000000083c00000, 0x0000000083c00000| Untracked 
|  61|0x0000000083d00000, 0x0000000083d00000, 0x0000000083e00000|  0%| F|  |TAMS 0x0000000083d00000, 0x0000000083d00000| Untracked 
|  62|0x0000000083e00000, 0x0000000083e00000, 0x0000000083f00000|  0%| F|  |TAMS 0x0000000083e00000, 0x0000000083e00000| Untracked 
|  63|0x0000000083f00000, 0x0000000083f00000, 0x0000000084000000|  0%| F|  |TAMS 0x0000000083f00000, 0x0000000083f00000| Untracked 
|  64|0x0000000084000000, 0x0000000084000000, 0x0000000084100000|  0%| F|  |TAMS 0x0000000084000000, 0x0000000084000000| Untracked 
|  65|0x0000000084100000, 0x0000000084100000, 0x0000000084200000|  0%| F|  |TAMS 0x0000000084100000, 0x0000000084100000| Untracked 
|  66|0x0000000084200000, 0x0000000084200000, 0x0000000084300000|  0%| F|  |TAMS 0x0000000084200000, 0x0000000084200000| Untracked 
|  67|0x0000000084300000, 0x0000000084300000, 0x0000000084400000|  0%| F|  |TAMS 0x0000000084300000, 0x0000000084300000| Untracked 
|  68|0x0000000084400000, 0x0000000084400000, 0x0000000084500000|  0%| F|  |TAMS 0x0000000084400000, 0x0000000084400000| Untracked 
|  69|0x0000000084500000, 0x0000000084500000, 0x0000000084600000|  0%| F|  |TAMS 0x0000000084500000, 0x0000000084500000| Untracked 
|  70|0x0000000084600000, 0x0000000084600000, 0x0000000084700000|  0%| F|  |TAMS 0x0000000084600000, 0x0000000084600000| Untracked 
|  71|0x0000000084700000, 0x0000000084700000, 0x0000000084800000|  0%| F|  |TAMS 0x0000000084700000, 0x0000000084700000| Untracked 
|  72|0x0000000084800000, 0x0000000084800000, 0x0000000084900000|  0%| F|  |TAMS 0x0000000084800000, 0x0000000084800000| Untracked 
|  73|0x0000000084900000, 0x0000000084900000, 0x0000000084a00000|  0%| F|  |TAMS 0x0000000084900000, 0x0000000084900000| Untracked 
|  74|0x0000000084a00000, 0x0000000084a00000, 0x0000000084b00000|  0%| F|  |TAMS 0x0000000084a00000, 0x0000000084a00000| Untracked 
|  75|0x0000000084b00000, 0x0000000084b00000, 0x0000000084c00000|  0%| F|  |TAMS 0x0000000084b00000, 0x0000000084b00000| Untracked 
|  76|0x0000000084c00000, 0x0000000084c00000, 0x0000000084d00000|  0%| F|  |TAMS 0x0000000084c00000, 0x0000000084c00000| Untracked 
|  77|0x0000000084d00000, 0x0000000084d00000, 0x0000000084e00000|  0%| F|  |TAMS 0x0000000084d00000, 0x0000000084d00000| Untracked 
|  78|0x0000000084e00000, 0x0000000084e00000, 0x0000000084f00000|  0%| F|  |TAMS 0x0000000084e00000, 0x0000000084e00000| Untracked 
|  79|0x0000000084f00000, 0x0000000084f00000, 0x0000000085000000|  0%| F|  |TAMS 0x0000000084f00000, 0x0000000084f00000| Untracked 
|  80|0x0000000085000000, 0x0000000085100000, 0x0000000085100000|100%| E|  |TAMS 0x0000000085000000, 0x0000000085000000| Complete 
|  81|0x0000000085100000, 0x0000000085200000, 0x0000000085200000|100%| E|CS|TAMS 0x0000000085100000, 0x0000000085100000| Complete 
|  82|0x0000000085200000, 0x0000000085300000, 0x0000000085300000|100%| E|CS|TAMS 0x0000000085200000, 0x0000000085200000| Complete 
|  83|0x0000000085300000, 0x0000000085400000, 0x0000000085400000|100%| E|CS|TAMS 0x0000000085300000, 0x0000000085300000| Complete 
|  84|0x0000000085400000, 0x0000000085500000, 0x0000000085500000|100%| E|CS|TAMS 0x0000000085400000, 0x0000000085400000| Complete 
|  85|0x0000000085500000, 0x0000000085600000, 0x0000000085600000|100%| E|CS|TAMS 0x0000000085500000, 0x0000000085500000| Complete 
|  86|0x0000000085600000, 0x0000000085700000, 0x0000000085700000|100%| E|CS|TAMS 0x0000000085600000, 0x0000000085600000| Complete 
|  87|0x0000000085700000, 0x0000000085800000, 0x0000000085800000|100%| E|CS|TAMS 0x0000000085700000, 0x0000000085700000| Complete 
|  88|0x0000000085800000, 0x0000000085900000, 0x0000000085900000|100%| E|CS|TAMS 0x0000000085800000, 0x0000000085800000| Complete 
|  89|0x0000000085900000, 0x0000000085a00000, 0x0000000085a00000|100%| E|CS|TAMS 0x0000000085900000, 0x0000000085900000| Complete 
|  90|0x0000000085a00000, 0x0000000085b00000, 0x0000000085b00000|100%| E|CS|TAMS 0x0000000085a00000, 0x0000000085a00000| Complete 
|  91|0x0000000085b00000, 0x0000000085c00000, 0x0000000085c00000|100%| E|CS|TAMS 0x0000000085b00000, 0x0000000085b00000| Complete 
|  92|0x0000000085c00000, 0x0000000085d00000, 0x0000000085d00000|100%| E|CS|TAMS 0x0000000085c00000, 0x0000000085c00000| Complete 
|  93|0x0000000085d00000, 0x0000000085e00000, 0x0000000085e00000|100%| E|CS|TAMS 0x0000000085d00000, 0x0000000085d00000| Complete 
|  94|0x0000000085e00000, 0x0000000085f00000, 0x0000000085f00000|100%| E|CS|TAMS 0x0000000085e00000, 0x0000000085e00000| Complete 
|  95|0x0000000085f00000, 0x0000000086000000, 0x0000000086000000|100%| E|CS|TAMS 0x0000000085f00000, 0x0000000085f00000| Complete 
|  96|0x0000000086000000, 0x0000000086100000, 0x0000000086100000|100%| E|CS|TAMS 0x0000000086000000, 0x0000000086000000| Complete 
|  97|0x0000000086100000, 0x0000000086200000, 0x0000000086200000|100%| E|CS|TAMS 0x0000000086100000, 0x0000000086100000| Complete 
|  98|0x0000000086200000, 0x0000000086300000, 0x0000000086300000|100%| E|CS|TAMS 0x0000000086200000, 0x0000000086200000| Complete 
|  99|0x0000000086300000, 0x0000000086400000, 0x0000000086400000|100%| E|CS|TAMS 0x0000000086300000, 0x0000000086300000| Complete 
| 100|0x0000000086400000, 0x0000000086500000, 0x0000000086500000|100%| E|CS|TAMS 0x0000000086400000, 0x0000000086400000| Complete 
| 101|0x0000000086500000, 0x0000000086600000, 0x0000000086600000|100%| E|CS|TAMS 0x0000000086500000, 0x0000000086500000| Complete 
| 102|0x0000000086600000, 0x0000000086700000, 0x0000000086700000|100%| E|CS|TAMS 0x0000000086600000, 0x0000000086600000| Complete 
| 103|0x0000000086700000, 0x0000000086800000, 0x0000000086800000|100%| E|CS|TAMS 0x0000000086700000, 0x0000000086700000| Complete 
| 104|0x0000000086800000, 0x0000000086900000, 0x0000000086900000|100%| E|CS|TAMS 0x0000000086800000, 0x0000000086800000| Complete 
| 105|0x0000000086900000, 0x0000000086a00000, 0x0000000086a00000|100%| E|CS|TAMS 0x0000000086900000, 0x0000000086900000| Complete 
| 106|0x0000000086a00000, 0x0000000086b00000, 0x0000000086b00000|100%| E|CS|TAMS 0x0000000086a00000, 0x0000000086a00000| Complete 
| 107|0x0000000086b00000, 0x0000000086c00000, 0x0000000086c00000|100%| E|CS|TAMS 0x0000000086b00000, 0x0000000086b00000| Complete 
| 108|0x0000000086c00000, 0x0000000086d00000, 0x0000000086d00000|100%| E|CS|TAMS 0x0000000086c00000, 0x0000000086c00000| Complete 
| 238|0x000000008ee00000, 0x000000008ef00000, 0x000000008ef00000|100%| E|CS|TAMS 0x000000008ee00000, 0x000000008ee00000| Complete 
| 239|0x000000008ef00000, 0x000000008f000000, 0x000000008f000000|100%| E|CS|TAMS 0x000000008ef00000, 0x000000008ef00000| Complete 
| 240|0x000000008f000000, 0x000000008f100000, 0x000000008f100000|100%| E|CS|TAMS 0x000000008f000000, 0x000000008f000000| Complete 
| 241|0x000000008f100000, 0x000000008f200000, 0x000000008f200000|100%| E|CS|TAMS 0x000000008f100000, 0x000000008f100000| Complete 
| 242|0x000000008f200000, 0x000000008f300000, 0x000000008f300000|100%| E|CS|TAMS 0x000000008f200000, 0x000000008f200000| Complete 
| 243|0x000000008f300000, 0x000000008f400000, 0x000000008f400000|100%| E|CS|TAMS 0x000000008f300000, 0x000000008f300000| Complete 
| 244|0x000000008f400000, 0x000000008f4a4460, 0x000000008f500000| 64%| S|CS|TAMS 0x000000008f400000, 0x000000008f400000| Complete 
| 255|0x000000008ff00000, 0x0000000090000000, 0x0000000090000000|100%| E|CS|TAMS 0x000000008ff00000, 0x000000008ff00000| Complete 

Card table byte_map: [0x000001e9c75b0000,0x000001e9c79b0000] _byte_map_base: 0x000001e9c71b0000

Marking Bits (Prev, Next): (CMBitMap*) 0x000001e9cbddea90, (CMBitMap*) 0x000001e9cbddead0
 Prev Bits: [0x000001e9c7db0000, 0x000001e9c9db0000)
 Next Bits: [0x000001e9c9db0000, 0x000001e9cbdb0000)

Polling page: 0x000001e9b3c10000

Metaspace:

Usage:
  Non-class:     55.88 MB used.
      Class:      6.86 MB used.
       Both:     62.73 MB used.

Virtual space:
  Non-class space:       64.00 MB reserved,      56.44 MB ( 88%) committed,  1 nodes.
      Class space:        1.00 GB reserved,       7.38 MB ( <1%) committed,  1 nodes.
             Both:        1.06 GB reserved,      63.81 MB (  6%) committed. 

Chunk freelists:
   Non-Class:  7.57 MB
       Class:  8.62 MB
        Both:  16.19 MB

MaxMetaspaceSize: unlimited
CompressedClassSpaceSize: 1.00 GB
Initial GC threshold: 21.00 MB
Current GC threshold: 105.88 MB
CDS: off
MetaspaceReclaimPolicy: balanced
 - commit_granule_bytes: 65536.
 - commit_granule_words: 8192.
 - virtual_space_node_default_size: 8388608.
 - enlarge_chunks_in_place: 1.
 - new_chunks_are_fully_committed: 0.
 - uncommit_free_chunks: 1.
 - use_allocation_guard: 0.
 - handle_deallocations: 1.


Internal statistics:

num_allocs_failed_limit: 9.
num_arena_births: 1554.
num_arena_deaths: 0.
num_vsnodes_births: 2.
num_vsnodes_deaths: 0.
num_space_committed: 1021.
num_space_uncommitted: 0.
num_chunks_returned_to_freelist: 9.
num_chunks_taken_from_freelist: 3654.
num_chunk_merges: 6.
num_chunk_splits: 2306.
num_chunks_enlarged: 1346.
num_inconsistent_stats: 0.

CodeHeap 'non-profiled nmethods': size=120000Kb used=10488Kb max_used=10488Kb free=109511Kb
 bounds [0x000001e9bfc80000, 0x000001e9c06c0000, 0x000001e9c71b0000]
CodeHeap 'profiled nmethods': size=120000Kb used=20692Kb max_used=20692Kb free=99307Kb
 bounds [0x000001e9b81b0000, 0x000001e9b9600000, 0x000001e9bf6e0000]
CodeHeap 'non-nmethods': size=5760Kb used=2363Kb max_used=2460Kb free=3397Kb
 bounds [0x000001e9bf6e0000, 0x000001e9bf970000, 0x000001e9bfc80000]
 total_blobs=11364 nmethods=10481 adapters=794
 compilation: enabled
              stopped_count=0, restarted_count=0
 full_count=0

Compilation events (20 events):
Event: 244.139 Thread 0x000001e9ce3efea0 13842       3       groovyjarjarasm.asm.Type::getArgumentCount (67 bytes)
Event: 244.140 Thread 0x000001e9ce3efea0 nmethod 13842 0x000001e9b9259890 code [0x000001e9b9259bc0, 0x000001e9b925afd8]
Event: 244.140 Thread 0x000001e9ce3efea0 13841       3       java.util.stream.Nodes$ArrayNode::<init> (43 bytes)
Event: 244.141 Thread 0x000001e9ce3efea0 nmethod 13841 0x000001e9b9259090 code [0x000001e9b9259260, 0x000001e9b92596d8]
Event: 244.144 Thread 0x000001e9ce3efea0 13843       3       java.util.ComparableTimSort::sort (219 bytes)
Event: 244.145 Thread 0x000001e9ce3efea0 nmethod 13843 0x000001e9b9258410 code [0x000001e9b9258660, 0x000001e9b9258cf8]
Event: 244.152 Thread 0x000001e9ce3efea0 13844       3       groovy.lang.MetaClassImpl$Index::getNotNull (32 bytes)
Event: 244.152 Thread 0x000001e9ce3efea0 nmethod 13844 0x000001e9b9257990 code [0x000001e9b9257b60, 0x000001e9b92581e8]
Event: 244.159 Thread 0x000001e9ce3efea0 13845       3       ch.qos.logback.core.joran.spi.ConsoleTarget$1::flush (7 bytes)
Event: 244.159 Thread 0x000001e9ce3efea0 nmethod 13845 0x000001e9b9257590 code [0x000001e9b9257740, 0x000001e9b92578a8]
Event: 244.173 Thread 0x000001e9ce3efea0 13846   !   3       org.apache.commons.io.IOUtils::toString (83 bytes)
Event: 244.173 Thread 0x000001e9ce3efea0 nmethod 13846 0x000001e9b9256710 code [0x000001e9b9256940, 0x000001e9b92572c8]
Event: 244.173 Thread 0x000001e9ce3efea0 13847       3       org.apache.commons.io.FileUtils$$Lambda$208/0x0000000100300840::get (8 bytes)
Event: 244.174 Thread 0x000001e9ce3efea0 nmethod 13847 0x000001e9b9255d10 code [0x000001e9b9255f00, 0x000001e9b92564b8]
Event: 244.174 Thread 0x000001e9ce3efea0 13848       3       org.apache.commons.io.FileUtils::lambda$readFileToString$12 (12 bytes)
Event: 244.174 Thread 0x000001e9ce3efea0 nmethod 13848 0x000001e9b9255190 code [0x000001e9b9255380, 0x000001e9b92558b8]
Event: 244.177 Thread 0x000001e9d3320860 nmethod 13807 0x000001e9c06b7790 code [0x000001e9c06b7ae0, 0x000001e9c06bbad8]
Event: 244.178 Thread 0x000001e9d3320860 13832   !   4       com.sun.org.apache.xerces.internal.parsers.XML11Configuration::setProperty (160 bytes)
Event: 244.179 Thread 0x000001e9ce3efea0 13849       3       org.apache.commons.io.IOUtils::copy (19 bytes)
Event: 244.179 Thread 0x000001e9ce3efea0 nmethod 13849 0x000001e9b90c1110 code [0x000001e9b90c1300, 0x000001e9b90c17a8]

GC Heap History (20 events):
Event: 201.263 GC heap before
{Heap before GC invocations=44 (full 0):
 garbage-first heap   total 119808K, used 101500K [0x0000000080000000, 0x0000000100000000)
  region size 1024K, 51 young (52224K), 4 survivors (4096K)
 Metaspace       used 62265K, committed 63296K, reserved 1114112K
  class space    used 6813K, committed 7296K, reserved 1048576K
}
Event: 201.269 GC heap after
{Heap after GC invocations=45 (full 0):
 garbage-first heap   total 119808K, used 54752K [0x0000000080000000, 0x0000000100000000)
  region size 1024K, 4 young (4096K), 4 survivors (4096K)
 Metaspace       used 62265K, committed 63296K, reserved 1114112K
  class space    used 6813K, committed 7296K, reserved 1048576K
}
Event: 217.785 GC heap before
{Heap before GC invocations=45 (full 0):
 garbage-first heap   total 119808K, used 101856K [0x0000000080000000, 0x0000000100000000)
  region size 1024K, 51 young (52224K), 4 survivors (4096K)
 Metaspace       used 62348K, committed 63360K, reserved 1114112K
  class space    used 6819K, committed 7296K, reserved 1048576K
}
Event: 217.791 GC heap after
{Heap after GC invocations=46 (full 0):
 garbage-first heap   total 119808K, used 54722K [0x0000000080000000, 0x0000000100000000)
  region size 1024K, 3 young (3072K), 3 survivors (3072K)
 Metaspace       used 62348K, committed 63360K, reserved 1114112K
  class space    used 6819K, committed 7296K, reserved 1048576K
}
Event: 222.788 GC heap before
{Heap before GC invocations=46 (full 0):
 garbage-first heap   total 119808K, used 102850K [0x0000000080000000, 0x0000000100000000)
  region size 1024K, 50 young (51200K), 3 survivors (3072K)
 Metaspace       used 63712K, committed 64768K, reserved 1114112K
  class space    used 6991K, committed 7488K, reserved 1048576K
}
Event: 222.797 GC heap after
{Heap after GC invocations=47 (full 0):
 garbage-first heap   total 119808K, used 56159K [0x0000000080000000, 0x0000000100000000)
  region size 1024K, 4 young (4096K), 4 survivors (4096K)
 Metaspace       used 63712K, committed 64768K, reserved 1114112K
  class space    used 6991K, committed 7488K, reserved 1048576K
}
Event: 233.021 GC heap before
{Heap before GC invocations=47 (full 0):
 garbage-first heap   total 119808K, used 101215K [0x0000000080000000, 0x0000000100000000)
  region size 1024K, 49 young (50176K), 4 survivors (4096K)
 Metaspace       used 63800K, committed 64832K, reserved 1114112K
  class space    used 6995K, committed 7488K, reserved 1048576K
}
Event: 233.028 GC heap after
{Heap after GC invocations=48 (full 0):
 garbage-first heap   total 119808K, used 56044K [0x0000000080000000, 0x0000000100000000)
  region size 1024K, 4 young (4096K), 4 survivors (4096K)
 Metaspace       used 63800K, committed 64832K, reserved 1114112K
  class space    used 6995K, committed 7488K, reserved 1048576K
}
Event: 235.546 GC heap before
{Heap before GC invocations=48 (full 0):
 garbage-first heap   total 119808K, used 101100K [0x0000000080000000, 0x0000000100000000)
  region size 1024K, 49 young (50176K), 4 survivors (4096K)
 Metaspace       used 63884K, committed 64960K, reserved 1114112K
  class space    used 6997K, committed 7488K, reserved 1048576K
}
Event: 235.553 GC heap after
{Heap after GC invocations=49 (full 0):
 garbage-first heap   total 119808K, used 56056K [0x0000000080000000, 0x0000000100000000)
  region size 1024K, 4 young (4096K), 4 survivors (4096K)
 Metaspace       used 63884K, committed 64960K, reserved 1114112K
  class space    used 6997K, committed 7488K, reserved 1048576K
}
Event: 237.759 GC heap before
{Heap before GC invocations=49 (full 0):
 garbage-first heap   total 119808K, used 102136K [0x0000000080000000, 0x0000000100000000)
  region size 1024K, 49 young (50176K), 4 survivors (4096K)
 Metaspace       used 63884K, committed 64960K, reserved 1114112K
  class space    used 6997K, committed 7488K, reserved 1048576K
}
Event: 237.764 GC heap after
{Heap after GC invocations=50 (full 0):
 garbage-first heap   total 119808K, used 56127K [0x0000000080000000, 0x0000000100000000)
  region size 1024K, 3 young (3072K), 3 survivors (3072K)
 Metaspace       used 63884K, committed 64960K, reserved 1114112K
  class space    used 6997K, committed 7488K, reserved 1048576K
}
Event: 242.214 GC heap before
{Heap before GC invocations=50 (full 0):
 garbage-first heap   total 119808K, used 104255K [0x0000000080000000, 0x0000000100000000)
  region size 1024K, 50 young (51200K), 3 survivors (3072K)
 Metaspace       used 63901K, committed 64960K, reserved 1114112K
  class space    used 6997K, committed 7488K, reserved 1048576K
}
Event: 242.220 GC heap after
{Heap after GC invocations=51 (full 0):
 garbage-first heap   total 119808K, used 56326K [0x0000000080000000, 0x0000000100000000)
  region size 1024K, 3 young (3072K), 3 survivors (3072K)
 Metaspace       used 63901K, committed 64960K, reserved 1114112K
  class space    used 6997K, committed 7488K, reserved 1048576K
}
Event: 242.689 GC heap before
{Heap before GC invocations=51 (full 0):
 garbage-first heap   total 119808K, used 103430K [0x0000000080000000, 0x0000000100000000)
  region size 1024K, 49 young (50176K), 3 survivors (3072K)
 Metaspace       used 63998K, committed 65024K, reserved 1114112K
  class space    used 7000K, committed 7488K, reserved 1048576K
}
Event: 242.696 GC heap after
{Heap after GC invocations=52 (full 0):
 garbage-first heap   total 119808K, used 57739K [0x0000000080000000, 0x0000000100000000)
  region size 1024K, 5 young (5120K), 5 survivors (5120K)
 Metaspace       used 63998K, committed 65024K, reserved 1114112K
  class space    used 7000K, committed 7488K, reserved 1048576K
}
Event: 244.030 GC heap before
{Heap before GC invocations=53 (full 0):
 garbage-first heap   total 119808K, used 100747K [0x0000000080000000, 0x0000000100000000)
  region size 1024K, 47 young (48128K), 5 survivors (5120K)
 Metaspace       used 64156K, committed 65216K, reserved 1114112K
  class space    used 7017K, committed 7552K, reserved 1048576K
}
Event: 244.037 GC heap after
{Heap after GC invocations=54 (full 0):
 garbage-first heap   total 119808K, used 57859K [0x0000000080000000, 0x0000000100000000)
  region size 1024K, 4 young (4096K), 4 survivors (4096K)
 Metaspace       used 64156K, committed 65216K, reserved 1114112K
  class space    used 7017K, committed 7552K, reserved 1048576K
}
Event: 244.038 GC heap before
{Heap before GC invocations=54 (full 0):
 garbage-first heap   total 119808K, used 58883K [0x0000000080000000, 0x0000000100000000)
  region size 1024K, 5 young (5120K), 4 survivors (4096K)
 Metaspace       used 64156K, committed 65216K, reserved 1114112K
  class space    used 7017K, committed 7552K, reserved 1048576K
}
Event: 244.045 GC heap after
{Heap after GC invocations=55 (full 0):
 garbage-first heap   total 119808K, used 56923K [0x0000000080000000, 0x0000000100000000)
  region size 1024K, 1 young (1024K), 1 survivors (1024K)
 Metaspace       used 64156K, committed 65216K, reserved 1114112K
  class space    used 7017K, committed 7552K, reserved 1048576K
}

Dll operation events (10 events):
Event: 0.104 Loaded shared library C:\Users\qk user2\.katalon\packages\KSE-10.4.2\jre\bin\java.dll
Event: 0.368 Loaded shared library C:\Users\qk user2\.katalon\packages\KSE-10.4.2\jre\bin\net.dll
Event: 0.387 Loaded shared library C:\Users\qk user2\.katalon\packages\KSE-10.4.2\jre\bin\nio.dll
Event: 0.432 Loaded shared library C:\Users\qk user2\.katalon\packages\KSE-10.4.2\jre\bin\zip.dll
Event: 6.425 Loaded shared library C:\Users\qk user2\.katalon\packages\KSE-10.4.2\jre\bin\verify.dll
Event: 6.612 Loaded shared library C:\Users\qk user2\.katalon\packages\KSE-10.4.2\jre\bin\jimage.dll
Event: 9.740 Loaded shared library C:\Users\qk user2\.katalon\packages\KSE-10.4.2\jre\bin\extnet.dll
Event: 13.160 Loaded shared library C:\Users\qk user2\.katalon\packages\KSE-10.4.2\jre\bin\management.dll
Event: 13.177 Loaded shared library C:\Users\qk user2\.katalon\packages\KSE-10.4.2\jre\bin\management_ext.dll
Event: 14.955 Loaded shared library C:\Users\qk user2\.katalon\packages\KSE-10.4.2\jre\bin\sunmscapi.dll

Deoptimization events (20 events):
Event: 242.389 Thread 0x000001e9b4c98f30 Uncommon trap: trap_request=0xffffff45 fr.pc=0x000001e9c045f960 relative=0x0000000000000780
Event: 242.389 Thread 0x000001e9b4c98f30 Uncommon trap: reason=unstable_if action=reinterpret pc=0x000001e9c045f960 method=com.google.gson.stream.JsonWriter.closeScope(IIC)Lcom/google/gson/stream/JsonWriter; @ 9 c2
Event: 242.389 Thread 0x000001e9b4c98f30 DEOPT PACKING pc=0x000001e9c045f960 sp=0x00000001b98fd120
Event: 242.389 Thread 0x000001e9b4c98f30 DEOPT UNPACKING pc=0x000001e9bf7369a3 sp=0x00000001b98fd100 mode 2
Event: 242.389 Thread 0x000001e9b4c98f30 Uncommon trap: trap_request=0xffffffde fr.pc=0x000001e9c01e7070 relative=0x00000000000029b0
Event: 242.389 Thread 0x000001e9b4c98f30 Uncommon trap: reason=class_check action=maybe_recompile pc=0x000001e9c01e7070 method=com.google.gson.Gson.getAdapter(Lcom/google/gson/reflect/TypeToken;)Lcom/google/gson/TypeAdapter; @ 76 c2
Event: 242.389 Thread 0x000001e9b4c98f30 DEOPT PACKING pc=0x000001e9c01e7070 sp=0x00000001b98fcae0
Event: 242.389 Thread 0x000001e9b4c98f30 DEOPT UNPACKING pc=0x000001e9bf7369a3 sp=0x00000001b98fcac0 mode 2
Event: 242.476 Thread 0x000001e9b4c98f30 Uncommon trap: trap_request=0xffffffde fr.pc=0x000001e9c01e7070 relative=0x00000000000029b0
Event: 242.476 Thread 0x000001e9b4c98f30 Uncommon trap: reason=class_check action=maybe_recompile pc=0x000001e9c01e7070 method=com.google.gson.Gson.getAdapter(Lcom/google/gson/reflect/TypeToken;)Lcom/google/gson/TypeAdapter; @ 76 c2
Event: 242.476 Thread 0x000001e9b4c98f30 DEOPT PACKING pc=0x000001e9c01e7070 sp=0x00000001b98fcae0
Event: 242.476 Thread 0x000001e9b4c98f30 DEOPT UNPACKING pc=0x000001e9bf7369a3 sp=0x00000001b98fcac0 mode 2
Event: 242.659 Thread 0x000001e9b4c98f30 Uncommon trap: trap_request=0xffffffdc fr.pc=0x000001e9c066f9a0 relative=0x0000000000000180
Event: 242.659 Thread 0x000001e9b4c98f30 Uncommon trap: reason=class_check action=make_not_entrant pc=0x000001e9c066f9a0 method=java.util.concurrent.CopyOnWriteArrayList.toArray([Ljava/lang/Object;)[Ljava/lang/Object; @ 20 c2
Event: 242.659 Thread 0x000001e9b4c98f30 DEOPT PACKING pc=0x000001e9c066f9a0 sp=0x00000001b98fb360
Event: 242.659 Thread 0x000001e9b4c98f30 DEOPT UNPACKING pc=0x000001e9bf7369a3 sp=0x00000001b98fb300 mode 2
Event: 242.698 Thread 0x000001e9b4c98f30 Uncommon trap: trap_request=0xffffffde fr.pc=0x000001e9c06382ac relative=0x00000000000028cc
Event: 242.698 Thread 0x000001e9b4c98f30 Uncommon trap: reason=class_check action=maybe_recompile pc=0x000001e9c06382ac method=org.apache.xmlbeans.impl.store.CharUtil.getString(Ljava/lang/Object;II)Ljava/lang/String; @ 55 c2
Event: 242.698 Thread 0x000001e9b4c98f30 DEOPT PACKING pc=0x000001e9c06382ac sp=0x00000001b98fadd0
Event: 242.698 Thread 0x000001e9b4c98f30 DEOPT UNPACKING pc=0x000001e9bf7369a3 sp=0x00000001b98face0 mode 2

Classes loaded (20 events):
Event: 218.262 Loading class com/sun/org/apache/xml/internal/serializer/NamespaceMappings
Event: 218.262 Loading class com/sun/org/apache/xml/internal/serializer/NamespaceMappings done
Event: 218.262 Loading class com/sun/org/apache/xml/internal/serializer/NamespaceMappings$MappingRecord
Event: 218.262 Loading class com/sun/org/apache/xml/internal/serializer/NamespaceMappings$MappingRecord done
Event: 218.262 Loading class com/sun/org/apache/xml/internal/serializer/WriterToUTF8Buffered
Event: 218.262 Loading class com/sun/org/apache/xml/internal/serializer/WriterChain
Event: 218.262 Loading class com/sun/org/apache/xml/internal/serializer/WriterChain done
Event: 218.262 Loading class com/sun/org/apache/xml/internal/serializer/WriterToUTF8Buffered done
Event: 218.263 Loading class javax/xml/transform/stream/StreamSource
Event: 218.263 Loading class javax/xml/transform/stream/StreamSource done
Event: 218.263 Loading class javax/xml/transform/sax/SAXSource
Event: 218.263 Loading class javax/xml/transform/sax/SAXSource done
Event: 218.263 Loading class javax/xml/transform/stax/StAXSource
Event: 218.263 Loading class javax/xml/transform/stax/StAXSource done
Event: 218.263 Loading class com/sun/org/apache/xalan/internal/xsltc/trax/DOM2TO
Event: 218.263 Loading class com/sun/org/apache/xalan/internal/xsltc/trax/DOM2TO done
Event: 218.265 Loading class com/sun/org/apache/xml/internal/serializer/WriterToASCI
Event: 218.265 Loading class com/sun/org/apache/xml/internal/serializer/WriterToASCI done
Event: 218.272 Loading class java/io/FileOutputStream$1
Event: 218.272 Loading class java/io/FileOutputStream$1 done

Classes unloaded (0 events):
No events

Classes redefined (0 events):
No events

Internal exceptions (20 events):
Event: 242.314 Thread 0x000001e9b4c98f30 Exception <a 'java/lang/ClassNotFoundException'{0x000000008f0ff770}: Script142BeanInfo> (0x000000008f0ff770) 
thrown [s\src\hotspot\share\classfile\systemDictionary.cpp, line 256]
Event: 242.315 Thread 0x000001e9b4c98f30 Exception <a 'java/lang/ClassNotFoundException'{0x000000008ef24268}: Script142Customizer> (0x000000008ef24268) 
thrown [s\src\hotspot\share\classfile\systemDictionary.cpp, line 256]
Event: 242.402 Thread 0x000001e9b4c98f30 Exception <a 'java/lang/ClassNotFoundException'{0x0000000086484170}: Script144BeanInfo> (0x0000000086484170) 
thrown [s\src\hotspot\share\classfile\systemDictionary.cpp, line 256]
Event: 242.404 Thread 0x000001e9b4c98f30 Exception <a 'java/lang/ClassNotFoundException'{0x00000000864a8208}: Script144Customizer> (0x00000000864a8208) 
thrown [s\src\hotspot\share\classfile\systemDictionary.cpp, line 256]
Event: 242.488 Thread 0x000001e9b4c98f30 Exception <a 'java/lang/ClassNotFoundException'{0x0000000085af8690}: Script146BeanInfo> (0x0000000085af8690) 
thrown [s\src\hotspot\share\classfile\systemDictionary.cpp, line 256]
Event: 242.490 Thread 0x000001e9b4c98f30 Exception <a 'java/lang/ClassNotFoundException'{0x000000008591c760}: Script146Customizer> (0x000000008591c760) 
thrown [s\src\hotspot\share\classfile\systemDictionary.cpp, line 256]
Event: 242.619 Thread 0x000001e9b4c98f30 Exception <a 'java/lang/ClassNotFoundException'{0x0000000084f75f50}: Script148BeanInfo> (0x0000000084f75f50) 
thrown [s\src\hotspot\share\classfile\systemDictionary.cpp, line 256]
Event: 242.622 Thread 0x000001e9b4c98f30 Exception <a 'java/lang/ClassNotFoundException'{0x0000000084f9a370}: Script148Customizer> (0x0000000084f9a370) 
thrown [s\src\hotspot\share\classfile\systemDictionary.cpp, line 256]
Event: 242.845 Thread 0x000001e9b4c98f30 Exception <a 'java/lang/ClassNotFoundException'{0x000000008f311f68}: Script150BeanInfo> (0x000000008f311f68) 
thrown [s\src\hotspot\share\classfile\systemDictionary.cpp, line 256]
Event: 242.847 Thread 0x000001e9b4c98f30 Exception <a 'java/lang/ClassNotFoundException'{0x000000008f335dc0}: Script150Customizer> (0x000000008f335dc0) 
thrown [s\src\hotspot\share\classfile\systemDictionary.cpp, line 256]
Event: 243.365 Thread 0x000001e9b4c98f30 Exception <a 'java/lang/ClassNotFoundException'{0x000000008689c218}: Script152BeanInfo> (0x000000008689c218) 
thrown [s\src\hotspot\share\classfile\systemDictionary.cpp, line 256]
Event: 243.366 Thread 0x000001e9b4c98f30 Exception <a 'java/lang/ClassNotFoundException'{0x00000000868c0070}: Script152Customizer> (0x00000000868c0070) 
thrown [s\src\hotspot\share\classfile\systemDictionary.cpp, line 256]
Event: 243.452 Thread 0x000001e9b4c98f30 Exception <a 'java/lang/ClassNotFoundException'{0x0000000085d11f68}: Script154BeanInfo> (0x0000000085d11f68) 
thrown [s\src\hotspot\share\classfile\systemDictionary.cpp, line 256]
Event: 243.470 Thread 0x000001e9b4c98f30 Exception <a 'java/lang/ClassNotFoundException'{0x0000000085d35dc0}: Script154Customizer> (0x0000000085d35dc0) 
thrown [s\src\hotspot\share\classfile\systemDictionary.cpp, line 256]
Event: 243.653 Thread 0x000001e9b4c98f30 Exception <a 'java/lang/ClassNotFoundException'{0x000000008539b6a0}: Script156BeanInfo> (0x000000008539b6a0) 
thrown [s\src\hotspot\share\classfile\systemDictionary.cpp, line 256]
Event: 243.661 Thread 0x000001e9b4c98f30 Exception <a 'java/lang/ClassNotFoundException'{0x00000000853bf4f8}: Script156Customizer> (0x00000000853bf4f8) 
thrown [s\src\hotspot\share\classfile\systemDictionary.cpp, line 256]
Event: 244.073 Thread 0x000001e9b4c98f30 Exception <a 'java/lang/ClassNotFoundException'{0x000000008f3146f8}: Script158BeanInfo> (0x000000008f3146f8) 
thrown [s\src\hotspot\share\classfile\systemDictionary.cpp, line 256]
Event: 244.077 Thread 0x000001e9b4c98f30 Exception <a 'java/lang/ClassNotFoundException'{0x000000008f338550}: Script158Customizer> (0x000000008f338550) 
thrown [s\src\hotspot\share\classfile\systemDictionary.cpp, line 256]
Event: 244.150 Thread 0x000001e9b4c98f30 Exception <a 'java/lang/ClassNotFoundException'{0x0000000086888d18}: Script160BeanInfo> (0x0000000086888d18) 
thrown [s\src\hotspot\share\classfile\systemDictionary.cpp, line 256]
Event: 244.151 Thread 0x000001e9b4c98f30 Exception <a 'java/lang/ClassNotFoundException'{0x00000000868ace20}: Script160Customizer> (0x00000000868ace20) 
thrown [s\src\hotspot\share\classfile\systemDictionary.cpp, line 256]

VM Operations (20 events):
Event: 240.520 Executing VM operation: HandshakeAllThreads
Event: 240.520 Executing VM operation: HandshakeAllThreads done
Event: 241.520 Executing VM operation: Cleanup
Event: 241.520 Executing VM operation: Cleanup done
Event: 242.214 Executing VM operation: G1CollectForAllocation
Event: 242.220 Executing VM operation: G1CollectForAllocation done
Event: 242.689 Executing VM operation: G1CollectForAllocation
Event: 242.696 Executing VM operation: G1CollectForAllocation done
Event: 242.783 Executing VM operation: G1PauseRemark
Event: 242.796 Executing VM operation: G1PauseRemark done
Event: 242.833 Executing VM operation: G1PauseCleanup
Event: 242.833 Executing VM operation: G1PauseCleanup done
Event: 242.896 Executing VM operation: HandshakeAllThreads
Event: 242.899 Executing VM operation: HandshakeAllThreads done
Event: 243.900 Executing VM operation: Cleanup
Event: 243.900 Executing VM operation: Cleanup done
Event: 244.030 Executing VM operation: G1CollectForAllocation
Event: 244.037 Executing VM operation: G1CollectForAllocation done
Event: 244.038 Executing VM operation: G1CollectForAllocation
Event: 244.045 Executing VM operation: G1CollectForAllocation done

Memory protections (0 events):
No events

Nmethod flushes (20 events):
Event: 231.381 Thread 0x000001e9ce45b700 flushing  nmethod 0x000001e9b92f1190
Event: 231.381 Thread 0x000001e9ce45b700 flushing  nmethod 0x000001e9b92f3210
Event: 231.381 Thread 0x000001e9ce45b700 flushing  nmethod 0x000001e9b92f3b10
Event: 231.381 Thread 0x000001e9ce45b700 flushing  nmethod 0x000001e9b92fc490
Event: 231.381 Thread 0x000001e9ce45b700 flushing  nmethod 0x000001e9b932b490
Event: 231.382 Thread 0x000001e9ce45b700 flushing  nmethod 0x000001e9b937b290
Event: 231.382 Thread 0x000001e9ce45b700 flushing  nmethod 0x000001e9b93d1e10
Event: 231.382 Thread 0x000001e9ce45b700 flushing  nmethod 0x000001e9b945e110
Event: 231.382 Thread 0x000001e9ce45b700 flushing  nmethod 0x000001e9b948cd90
Event: 231.383 Thread 0x000001e9ce45b700 flushing  nmethod 0x000001e9b9547190
Event: 231.383 Thread 0x000001e9ce45b700 flushing  nmethod 0x000001e9b957d710
Event: 231.383 Thread 0x000001e9ce45b700 flushing  nmethod 0x000001e9b957da90
Event: 231.383 Thread 0x000001e9ce45b700 flushing  nmethod 0x000001e9b957e210
Event: 242.902 Thread 0x000001e9ce45b700 flushing  nmethod 0x000001e9c017b090
Event: 242.903 Thread 0x000001e9ce45b700 flushing  nmethod 0x000001e9c021a690
Event: 242.903 Thread 0x000001e9ce45b700 flushing  nmethod 0x000001e9c02f6790
Event: 242.904 Thread 0x000001e9ce45b700 flushing  nmethod 0x000001e9c0432190
Event: 242.904 Thread 0x000001e9ce45b700 flushing  nmethod 0x000001e9c043c590
Event: 242.904 Thread 0x000001e9ce45b700 flushing  nmethod 0x000001e9c0458890
Event: 242.918 Thread 0x000001e9ce45b700 flushing  nmethod 0x000001e9b9175110

Events (20 events):
Event: 219.629 Thread 0x000001e9b4c98f30 Thread added: 0x000001e9d4b36f90
Event: 219.630 Thread 0x000001e9d77b8450 Thread added: 0x000001e9d4b374a0
Event: 219.631 Thread 0x000001e9d77b8450 Thread added: 0x000001e9d4b36060
Event: 220.505 Thread 0x000001e9d77bf8c0 Thread exited: 0x000001e9d77bf8c0
Event: 220.852 Thread 0x000001e9b4c98f30 Thread added: 0x000001e9d4b36570
Event: 220.852 Thread 0x000001e9b4c98f30 Thread added: 0x000001e9d77bf8c0
Event: 220.859 Thread 0x000001e9d4b36570 Thread added: 0x000001e9d50c8d60
Event: 220.865 Thread 0x000001e9d4b36570 Thread added: 0x000001e9d50c69f0
Event: 223.192 Thread 0x000001e9d77b8450 Thread added: 0x000001e9d50ca1a0
Event: 224.627 Thread 0x000001e9d77bc620 Thread exited: 0x000001e9d77bc620
Event: 233.092 Thread 0x000001e9d77b9da0 Thread exited: 0x000001e9d77b9da0
Event: 233.255 Thread 0x000001e9ce3efea0 Thread added: 0x000001e9d3321da0
Event: 234.490 Thread 0x000001e9d3321da0 Thread exited: 0x000001e9d3321da0
Event: 242.207 Thread 0x000001e9ce3e0e70 Thread added: 0x000001e9d3321da0
Event: 243.238 Thread 0x000001e9d77b8e70 Thread exited: 0x000001e9d77b8e70
Event: 243.245 Thread 0x000001e9d3321da0 Thread exited: 0x000001e9d3321da0
Event: 243.533 Thread 0x000001e9ce3efea0 Thread added: 0x000001e9d3322d90
Event: 243.851 Thread 0x000001e9d3322d90 Thread exited: 0x000001e9d3322d90
Event: 243.851 Thread 0x000001e9d4b39810 Thread exited: 0x000001e9d4b39810
Event: 244.048 Thread 0x000001e9ce3efea0 Thread added: 0x000001e9d3320860


Dynamic libraries:
0x00007ff6c5f30000 - 0x00007ff6c5f3e000 	C:\Users\qk user2\.katalon\packages\KSE-10.4.2\jre\bin\javaw.exe
0x00007ffb56180000 - 0x00007ffb56384000 	C:\Windows\SYSTEM32\ntdll.dll
0x00007ffb540b0000 - 0x00007ffb5416c000 	C:\Windows\System32\KERNEL32.DLL
0x00007ffb53770000 - 0x00007ffb53ae0000 	C:\Windows\System32\KERNELBASE.dll
0x00007ffb53db0000 - 0x00007ffb53ec0000 	C:\Windows\System32\ucrtbase.dll
0x00007ffb40b50000 - 0x00007ffb40b67000 	C:\Users\qk user2\.katalon\packages\KSE-10.4.2\jre\bin\jli.dll
0x00007ffb55940000 - 0x00007ffb55ae6000 	C:\Windows\System32\USER32.dll
0x00007ffb53d00000 - 0x00007ffb53d26000 	C:\Windows\System32\win32u.dll
0x00007ffb54430000 - 0x00007ffb5445c000 	C:\Windows\System32\GDI32.dll
0x00007ffb53f90000 - 0x00007ffb540ac000 	C:\Windows\System32\gdi32full.dll
0x00007ffb53ef0000 - 0x00007ffb53f90000 	C:\Windows\System32\msvcp_win.dll
0x00007ffb404c0000 - 0x00007ffb404de000 	C:\Users\qk user2\.katalon\packages\KSE-10.4.2\jre\bin\VCRUNTIME140.dll
0x00007ffb529d0000 - 0x00007ffb52c75000 	C:\Windows\WinSxS\amd64_microsoft.windows.common-controls_6595b64144ccf1df_6.0.20348.4294_none_947bfbafeeecc1d8\COMCTL32.dll
0x00007ffb54460000 - 0x00007ffb54503000 	C:\Windows\System32\msvcrt.dll
0x00007ffb551a0000 - 0x00007ffb551d1000 	C:\Windows\System32\IMM32.DLL
0x00007ffb42000000 - 0x00007ffb4215d000 	C:\Windows\system32\tmumh\20019\AddOn\8.55.0.1389\TmUmEvt64.dll
0x00007ffb543e0000 - 0x00007ffb543e8000 	C:\Windows\System32\PSAPI.DLL
0x00007ffb55f90000 - 0x00007ffb56041000 	C:\Windows\System32\ADVAPI32.dll
0x00007ffb54170000 - 0x00007ffb54212000 	C:\Windows\System32\sechost.dll
0x00007ffb53ec0000 - 0x00007ffb53ee7000 	C:\Windows\System32\bcrypt.dll
0x00007ffb54b20000 - 0x00007ffb54c40000 	C:\Windows\System32\RPCRT4.dll
0x00000000741c0000 - 0x00000000742e5000 	C:\Windows\system32\tmumh\20019\TmMon\2.9.0.1228\tmmon64.dll
0x00007ffb21160000 - 0x00007ffb2149a000 	C:\Windows\System32\TmLWE\TmUmSnsr64\1.0.0.1158\TmUmSnsr64.dll
0x00007ffb51920000 - 0x00007ffb51937000 	C:\Windows\SYSTEM32\kernel.appcore.dll
0x00007ffb49850000 - 0x00007ffb4985c000 	C:\Users\qk user2\.katalon\packages\KSE-10.4.2\jre\bin\vcruntime140_1.dll
0x00007ffb30190000 - 0x00007ffb3021d000 	C:\Users\qk user2\.katalon\packages\KSE-10.4.2\jre\bin\msvcp140.dll
0x00007ffb20260000 - 0x00007ffb20ecb000 	C:\Users\qk user2\.katalon\packages\KSE-10.4.2\jre\bin\server\jvm.dll
0x00007ffb55dc0000 - 0x00007ffb55e31000 	C:\Windows\System32\WS2_32.dll
0x00007ffb535c0000 - 0x00007ffb5360d000 	C:\Windows\SYSTEM32\POWRPROF.dll
0x00007ffb435c0000 - 0x00007ffb435e7000 	C:\Windows\SYSTEM32\WINMM.dll
0x00007ffb47050000 - 0x00007ffb4705a000 	C:\Windows\SYSTEM32\VERSION.dll
0x00007ffb535a0000 - 0x00007ffb535b3000 	C:\Windows\SYSTEM32\UMPDC.dll
0x00007ffb4a150000 - 0x00007ffb4a15a000 	C:\Users\qk user2\.katalon\packages\KSE-10.4.2\jre\bin\jimage.dll
0x00007ffb52f80000 - 0x00007ffb531a0000 	C:\Windows\SYSTEM32\DBGHELP.DLL
0x00007ffb52ed0000 - 0x00007ffb52f00000 	C:\Windows\SYSTEM32\dbgcore.DLL
0x00007ffb536f0000 - 0x00007ffb5376f000 	C:\Windows\System32\bcryptPrimitives.dll
0x00007ffb358a0000 - 0x00007ffb358c5000 	C:\Users\qk user2\.katalon\packages\KSE-10.4.2\jre\bin\java.dll
0x00007ffb40b20000 - 0x00007ffb40b38000 	C:\Users\qk user2\.katalon\packages\KSE-10.4.2\jre\bin\zip.dll
0x00007ffb551e0000 - 0x00007ffb5593a000 	C:\Windows\System32\SHELL32.dll
0x00007ffb4ce40000 - 0x00007ffb4d684000 	C:\Windows\SYSTEM32\windows.storage.dll
0x00007ffb54740000 - 0x00007ffb54ab0000 	C:\Windows\System32\combase.dll
0x00007ffb550b0000 - 0x00007ffb5519a000 	C:\Windows\System32\SHCORE.dll
0x00007ffb56050000 - 0x00007ffb560af000 	C:\Windows\System32\shlwapi.dll
0x00007ffb53620000 - 0x00007ffb53641000 	C:\Windows\SYSTEM32\profapi.dll
0x00007ffb40a20000 - 0x00007ffb40a39000 	C:\Users\qk user2\.katalon\packages\KSE-10.4.2\jre\bin\net.dll
0x00007ffb4b370000 - 0x00007ffb4b478000 	C:\Windows\SYSTEM32\WINHTTP.dll
0x00007ffb52540000 - 0x00007ffb525a8000 	C:\Windows\system32\mswsock.dll
0x00007ffb38160000 - 0x00007ffb38176000 	C:\Users\qk user2\.katalon\packages\KSE-10.4.2\jre\bin\nio.dll
0x00007ffb40210000 - 0x00007ffb40220000 	C:\Users\qk user2\.katalon\packages\KSE-10.4.2\jre\bin\verify.dll
0x00007ffb3e8c0000 - 0x00007ffb3e8c9000 	C:\Users\qk user2\.katalon\packages\KSE-10.4.2\jre\bin\extnet.dll
0x00007ffb52260000 - 0x00007ffb5233e000 	C:\Windows\SYSTEM32\DNSAPI.dll
0x00007ffb52230000 - 0x00007ffb5225d000 	C:\Windows\SYSTEM32\IPHLPAPI.DLL
0x00007ffb54730000 - 0x00007ffb54739000 	C:\Windows\System32\NSI.dll
0x00007ffb47ae0000 - 0x00007ffb47aea000 	C:\Windows\System32\rasadhlp.dll
0x00007ffb4b890000 - 0x00007ffb4b912000 	C:\Windows\System32\fwpuclnt.dll
0x00007ffb3d8e0000 - 0x00007ffb3d8ea000 	C:\Users\qk user2\.katalon\packages\KSE-10.4.2\jre\bin\management.dll
0x00007ffb3c460000 - 0x00007ffb3c46b000 	C:\Users\qk user2\.katalon\packages\KSE-10.4.2\jre\bin\management_ext.dll
0x00007ffb532c0000 - 0x00007ffb532db000 	C:\Windows\SYSTEM32\CRYPTSP.dll
0x00007ffb52050000 - 0x00007ffb52088000 	C:\Windows\system32\rsaenh.dll
0x00007ffb527e0000 - 0x00007ffb5280e000 	C:\Windows\SYSTEM32\USERENV.dll
0x00007ffb52810000 - 0x00007ffb5281c000 	C:\Windows\SYSTEM32\CRYPTBASE.dll
0x00007ffb4b860000 - 0x00007ffb4b879000 	C:\Windows\SYSTEM32\dhcpcsvc6.DLL
0x00007ffb4b7d0000 - 0x00007ffb4b7ed000 	C:\Windows\SYSTEM32\dhcpcsvc.DLL
0x00007ffb3fbb0000 - 0x00007ffb3fbbe000 	C:\Users\qk user2\.katalon\packages\KSE-10.4.2\jre\bin\sunmscapi.dll
0x00007ffb53ae0000 - 0x00007ffb53c40000 	C:\Windows\System32\CRYPT32.dll
0x00007ffb52760000 - 0x00007ffb5278f000 	C:\Windows\SYSTEM32\ncrypt.dll
0x00007ffb52720000 - 0x00007ffb52757000 	C:\Windows\SYSTEM32\NTASN1.dll
0x00007ffb3e860000 - 0x00007ffb3e868000 	C:\Windows\system32\wshunix.dll
0x00007ffb53280000 - 0x00007ffb532b4000 	C:\Windows\SYSTEM32\ntmarta.dll

dbghelp: loaded successfully - version: 4.0.5 - missing functions: none
symbol engine: initialized successfully - sym options: 0x614 - pdb path: .;C:\Users\qk user2\.katalon\packages\KSE-10.4.2\jre\bin;C:\Windows\SYSTEM32;C:\Windows\WinSxS\amd64_microsoft.windows.common-controls_6595b64144ccf1df_6.0.20348.4294_none_947bfbafeeecc1d8;C:\Windows\system32\tmumh\20019\AddOn\8.55.0.1389;C:\Windows\system32\tmumh\20019\TmMon\2.9.0.1228;C:\Windows\System32\TmLWE\TmUmSnsr64\1.0.0.1158;C:\Users\qk user2\.katalon\packages\KSE-10.4.2\jre\bin\server

VM Arguments:
jvm_args: -Dgroovy.home=C:\Users\qk user2/.groovy -Djava.system.class.loader=groovy.lang.GroovyClassLoader -Xmx2048m -Dfile.encoding=UTF-8 -Dstdout.encoding=UTF-8 -Dstderr.encoding=UTF-8 -XX:+ShowCodeDetailsInExceptionMessages 
java_command: org.codehaus.groovy.tools.GroovyStarter --classpath E:\Death_Claim_Automation\bin\keyword;E:\Death_Claim_Automation\Keywords;E:\Death_Claim_Automation\bin\listener;E:\Death_Claim_Automation\Test Listeners;E:\Death_Claim_Automation\bin\lib;E:\Death_Claim_Automation\Libs;E:\Death_Claim_Automation\bin\groovy;E:\Death_Claim_Automation\Include\scripts\groovy;C:\Users\qk user2\.katalon\packages\KSE-10.4.2\plugins\com.kms.katalon.core_1.0.0.202511190132.jar;C:\Users\qk user2\.katalon\packages\KSE-10.4.2\configuration\resources\lib\aalto-xml-1.0.0.jar;C:\Users\qk user2\.katalon\packages\KSE-10.4.2\configuration\resources\lib\aws-2.20.3-fat.jar;C:\Users\qk user2\.katalon\packages\KSE-10.4.2\configuration\resources\lib\browsermob-core-2.1.5.jar;C:\Users\qk user2\.katalon\packages\KSE-10.4.2\configuration\resources\lib\byte-buddy-1.14.3.jar;C:\Users\qk user2\.katalon\packages\KSE-10.4.2\configuration\resources\lib\byte-buddy-agent-1.14.3.jar;C:\Users\qk user2\.katalon\packages\KSE-10.4.2\configuration\resources\lib\commons-codec-1.10.jar;C:\Users\qk user2\.katalon\packages\KSE-10.4.2\configuration\resources\lib\commons-collections4-4.1.jar;C:\Users\qk user2\.katalon\packages\KSE-10.4.2\configuration\resources\lib\commons-javaflow-20060411.jar;C:\Users\qk user2\.katalon\packages\KSE-10.4.2\configuration\resources\lib\commons-logging-1.3.4.jar;C:\Users\qk user2\.katalon\packages\KSE-10.4.2\configuration\resources\lib\curvesapi-1.04.jar;C:\Users\qk user2\.katalon\packages\KSE-10.4.2\configuration\resources\lib\dnsjava-3.6.2.jar;C:\Users\qk user2\.katalon\packages\KSE-10.4.2\configuration\resources\lib\ecj-3.21.0.jar;C:\Users\qk user2\.katalon\packages\KSE-10.4.2\configuration\resources\lib\fontbox-3.0.4.jar;C:\Users\qk user2\.katalon\packages\KSE-10.4.2\configuration\resources\lib\groovy-3.0.17.jar;C:\Users\qk user2\.katalon\packages\KSE-10.4.2\configuration\resources\lib\jackson-coreutils-2.0.jar;C:\Users\qk user2\.katalon\packages\KSE-10.4.2\configuration\resour
java_class_path (initial): E:\Death_Claim_Automation\bin\keyword;E:\Death_Claim_Automation\bin\listener;E:\Death_Claim_Automation\bin\lib;E:\Death_Claim_Automation\bin\groovy;E:\Death_Claim_Automation\bin;C:\Users\qk user2\.katalon\packages\KSE-10.4.2\plugins\com.kms.katalon.core_1.0.0.202511190132.jar;C:\Users\qk user2\.katalon\packages\KSE-10.4.2\configuration\resources\lib\aalto-xml-1.0.0.jar;C:\Users\qk user2\.katalon\packages\KSE-10.4.2\configuration\resources\lib\aws-2.20.3-fat.jar;C:\Users\qk user2\.katalon\packages\KSE-10.4.2\configuration\resources\lib\browsermob-core-2.1.5.jar;C:\Users\qk user2\.katalon\packages\KSE-10.4.2\configuration\resources\lib\byte-buddy-1.14.3.jar;C:\Users\qk user2\.katalon\packages\KSE-10.4.2\configuration\resources\lib\byte-buddy-agent-1.14.3.jar;C:\Users\qk user2\.katalon\packages\KSE-10.4.2\configuration\resources\lib\commons-codec-1.10.jar;C:\Users\qk user2\.katalon\packages\KSE-10.4.2\configuration\resources\lib\commons-collections4-4.1.jar;C:\Users\qk user2\.katalon\packages\KSE-10.4.2\configuration\resources\lib\commons-javaflow-20060411.jar;C:\Users\qk user2\.katalon\packages\KSE-10.4.2\configuration\resources\lib\commons-logging-1.3.4.jar;C:\Users\qk user2\.katalon\packages\KSE-10.4.2\configuration\resources\lib\curvesapi-1.04.jar;C:\Users\qk user2\.katalon\packages\KSE-10.4.2\configuration\resources\lib\dnsjava-3.6.2.jar;C:\Users\qk user2\.katalon\packages\KSE-10.4.2\configuration\resources\lib\ecj-3.21.0.jar;C:\Users\qk user2\.katalon\packages\KSE-10.4.2\configuration\resources\lib\fontbox-3.0.4.jar;C:\Users\qk user2\.katalon\packages\KSE-10.4.2\configuration\resources\lib\groovy-3.0.17.jar;C:\Users\qk user2\.katalon\packages\KSE-10.4.2\configuration\resources\lib\jackson-coreutils-2.0.jar;C:\Users\qk user2\.katalon\packages\KSE-10.4.2\configuration\resources\lib\jackson-coreutils-equivalence-1.0.jar;C:\Users\qk user2\.katalon\packages\KSE-10.4.2\configuration\resources\lib\jasperreports-6.20.5.jar;C:\Users\qk user2\.
Launcher Type: SUN_STANDARD

[Global flags]
     intx CICompilerCount                          = 3                                         {product} {ergonomic}
     uint ConcGCThreads                            = 1                                         {product} {ergonomic}
     uint G1ConcRefinementThreads                  = 4                                         {product} {ergonomic}
   size_t G1HeapRegionSize                         = 1048576                                   {product} {ergonomic}
    uintx GCDrainStackTargetSize                   = 64                                        {product} {ergonomic}
   size_t InitialHeapSize                          = 268435456                                 {product} {ergonomic}
   size_t MarkStackSize                            = 4194304                                   {product} {ergonomic}
   size_t MaxHeapSize                              = 2147483648                                {product} {command line}
   size_t MaxNewSize                               = 1287651328                                {product} {ergonomic}
   size_t MinHeapDeltaBytes                        = 1048576                                   {product} {ergonomic}
   size_t MinHeapSize                              = 8388608                                   {product} {ergonomic}
    uintx NonNMethodCodeHeapSize                   = 5832780                                {pd product} {ergonomic}
    uintx NonProfiledCodeHeapSize                  = 122912730                              {pd product} {ergonomic}
    uintx ProfiledCodeHeapSize                     = 122912730                              {pd product} {ergonomic}
    uintx ReservedCodeCacheSize                    = 251658240                              {pd product} {ergonomic}
     bool SegmentedCodeCache                       = true                                      {product} {ergonomic}
     bool ShowCodeDetailsInExceptionMessages       = true                                   {manageable} {command line}
   size_t SoftMaxHeapSize                          = 2147483648                             {manageable} {ergonomic}
     bool UseCompressedClassPointers               = true                           {product lp64_product} {ergonomic}
     bool UseCompressedOops                        = true                           {product lp64_product} {ergonomic}
     bool UseG1GC                                  = true                                      {product} {ergonomic}
     bool UseLargePagesIndividualAllocation        = false                                  {pd product} {ergonomic}

Logging:
Log output configuration:
 #0: stdout all=warning uptime,level,tags
 #1: stderr all=off uptime,level,tags

Environment Variables:
PATH=C:/Users/qk user2/.katalon/packages/KSE-10.4.2/jre/bin/server;C:/Users/qk user2/.katalon/packages/KSE-10.4.2/jre/bin;C:\Program Files\Common Files\Oracle\Java\javapath;C:\Program Files (x86)\Common Files\Oracle\Java\java8path;C:\Program Files (x86)\Common Files\Oracle\Java\javapath;C:\Windows\system32;C:\Windows;C:\Windows\System32\Wbem;C:\Windows\System32\WindowsPowerShell\v1.0\;C:\Windows\System32\OpenSSH\;C:\Program Files\Java\jdk-17\bin;C:\Users\qk user2\AppData\Local\Microsoft\WindowsApps;;C:\Users\qk user2\.katalon\packages\KSE-10.4.2;
USERNAME=QK user2
OS=Windows_NT
PROCESSOR_IDENTIFIER=Intel64 Family 6 Model 85 Stepping 4, GenuineIntel
TMP=C:\Users\QKUSER~1\AppData\Local\Temp\5
TEMP=C:\Users\QKUSER~1\AppData\Local\Temp\5



Periodic native trim disabled


---------------  S Y S T E M  ---------------

OS:
 Windows Server 2022 , 64 bit Build 20348 (10.0.20348.3692)
OS uptime: 22 days 21:41 hours
VMWare virtualization detected

CPU: total 4 (initial active 4) (2 cores per cpu, 1 threads per core) family 6 model 85 stepping 4 microcode 0x2007006, cx8, cmov, fxsr, mmx, 3dnowpref, sse, sse2, sse3, ssse3, sse4.1, sse4.2, popcnt, lzcnt, tsc, tscinvbit, avx, avx2, aes, erms, clmul, bmi1, bmi2, adx, fma, vzeroupper, clflush, clflushopt, clwb, hv
Processor Information for all 4 processors :
  Max Mhz: 2594, Current Mhz: 2594, Mhz Limit: 2594

Memory: 4k page, system-wide physical 16383M (1203M free)
TotalPageFile size 29096M (AvailPageFile size 5M)
current process WorkingSet (physical memory assigned to process): 335M, peak: 342M
current process commit charge ("private bytes"): 358M, peak: 390M

vm_info: OpenJDK 64-Bit Server VM (17.0.14+7) for windows-amd64 JRE (17.0.14+7), built on Jan 21 2025 23:40:15 by "admin" with MS VC++ 17.7 (VS2022)

END.
