#
# There is insufficient memory for the Java Runtime Environment to continue.
# Native memory allocation (malloc) failed to allocate 1065936 bytes. Error detail: Chunk::new
# Possible reasons:
#   The system is out of physical RAM or swap space
#   This process is running with CompressedOops enabled, and the Java Heap may be blocking the growth of the native heap
# Possible solutions:
#   Reduce memory load on the system
#   Increase physical memory or swap space
#   Check if swap backing store is full
#   Decrease Java heap size (-Xmx/-Xms)
#   Decrease number of Java threads
#   Decrease Java thread stack sizes (-Xss)
#   Set larger code cache with -XX:ReservedCodeCacheSize=
#   JVM is running with Unscaled Compressed Oops mode in which the Java heap is
#     placed in the first 4GB address space. The Java Heap base address is the
#     maximum limit for the native heap growth. Please use -XX:HeapBaseMinAddress
#     to set the Java Heap base and to place the Java Heap above 4GB virtual address.
# This output file may be truncated or incomplete.
#
#  Out of Memory Error (arena.cpp:191), pid=115736, tid=120168
#
# JRE version: OpenJDK Runtime Environment Temurin-17.0.14+7 (17.0.14+7) (build 17.0.14+7)
# Java VM: OpenJDK 64-Bit Server VM Temurin-17.0.14+7 (17.0.14+7, mixed mode, tiered, compressed oops, compressed class ptrs, g1 gc, windows-amd64)
# Core dump will be written. Default location: E:\Death_Claim_Automation\hs_err_pid115736.mdmp
#

---------------  S U M M A R Y ------------

Command Line: -Dgroovy.home=C:\Users\qk user2/.groovy -Djava.system.class.loader=groovy.lang.GroovyClassLoader -Xmx2048m -Dfile.encoding=UTF-8 -Dstdout.encoding=UTF-8 -Dstderr.encoding=UTF-8 -XX:+ShowCodeDetailsInExceptionMessages org.codehaus.groovy.tools.GroovyStarter --classpath E:\Death_Claim_Automation\bin\keyword;E:\Death_Claim_Automation\Keywords;E:\Death_Claim_Automation\bin\listener;E:\Death_Claim_Automation\Test Listeners;E:\Death_Claim_Automation\bin\lib;E:\Death_Claim_Automation\Libs;E:\Death_Claim_Automation\bin\groovy;E:\Death_Claim_Automation\Include\scripts\groovy;C:\Users\qk user2\.katalon\packages\KSE-10.4.2\plugins\com.kms.katalon.core_1.0.0.202511190132.jar;C:\Users\qk user2\.katalon\packages\KSE-10.4.2\configuration\resources\lib\aalto-xml-1.0.0.jar;C:\Users\qk user2\.katalon\packages\KSE-10.4.2\configuration\resources\lib\aws-2.20.3-fat.jar;C:\Users\qk user2\.katalon\packages\KSE-10.4.2\configuration\resources\lib\browsermob-core-2.1.5.jar;C:\Users\qk user2\.katalon\packages\KSE-10.4.2\configuration\resources\lib\byte-buddy-1.14.3.jar;C:\Users\qk user2\.katalon\packages\KSE-10.4.2\configuration\resources\lib\byte-buddy-agent-1.14.3.jar;C:\Users\qk user2\.katalon\packages\KSE-10.4.2\configuration\resources\lib\commons-codec-1.10.jar;C:\Users\qk user2\.katalon\packages\KSE-10.4.2\configuration\resources\lib\commons-collections4-4.1.jar;C:\Users\qk user2\.katalon\packages\KSE-10.4.2\configuration\resources\lib\commons-javaflow-20060411.jar;C:\Users\qk user2\.katalon\packages\KSE-10.4.2\configuration\resources\lib\commons-logging-1.3.4.jar;C:\Users\qk user2\.katalon\packages\KSE-10.4.2\configuration\resources\lib\curvesapi-1.04.jar;C:\Users\qk user2\.katalon\packages\KSE-10.4.2\configuration\resources\lib\dnsjava-3.6.2.jar;C:\Users\qk user2\.katalon\packages\KSE-10.4.2\configuration\resources\lib\ecj-3.21.0.jar;C:\Users\qk user2\.katalon\packages\KSE-10.4.2\configuration\resources\lib\fontbox-3.0.4.jar;C:\Users\qk user2\.katalon\packages\KSE-10.4.2\configuration\resources\lib\groovy-3.0.17.jar;C:\Users\qk user2\.katalon\packages\KSE-10.4.2\configuration\resources\lib\jackson-coreutils-2.0.jar;C:\Users\qk user2\.katalon\packages\KSE-10.4.2\configuration\resources\lib\jackson-coreutils-equivalence-1.0.jar;C:\Users\qk user2\.katalon\packages\KSE-10.4.2\configuration\resources\lib\jasperreports-6.20.5.jar;C:\Users\qk user2\.katalon\packages\KSE-10.4.2\configuration\resources\lib\jasperreports-fonts-6.20.5.jar;C:\Users\qk user2\.katalon\packages\KSE-10.4.2\configuration\resources\lib\javax.servlet-api_3.1.0.jar;C:\Users\qk user2\.katalon\packages\KSE-10.4.2\configuration\resources\lib\jna-5.12.1.jar;C:\Users\qk user2\.katalon\packages\KSE-10.4.2\configuration\resources\lib\jna-platform-5.12.1.jar;C:\Users\qk user2\.katalon\packages\KSE-10.4.2\configuration\resources\lib\json-schema-core-1.2.14.jar;C:\Users\qk user2\.katalon\packages\KSE-10.4.2\configuration\resources\lib\json-schema-validator-2.2.14.jar;C:\Users\qk user2\.katalon\packages\KSE-10.4.2\configuration\resources\lib\jzlib-1.1.3.jar;C:\Users\qk user2\.katalon\packages\KSE-10.4.2\configuration\resources\lib\kat-server.jar;C:\Users\qk user2\.katalon\packages\KSE-10.4.2\configuration\resources\lib\littleproxy-1.1.0-beta-bmp-17.jar;C:\Users\qk user2\.katalon\packages\KSE-10.4.2\configuration\resources\lib\log4j-1.2-api-2.17.1.jar;C:\Users\qk user2\.katalon\packages\KSE-10.4.2\configuration\resources\lib\log4j-api-2.17.1.jar;C:\Users\qk user2\.katalon\packages\KSE-10.4.2\configuration\resources\lib\log4j-core-2.17.1.jar;C:\Users\qk user2\.katalon\packages\KSE-10.4.2\configuration\resources\lib\mitm-2.1.5.jar;C:\Users\qk user2\.katalon\packages\KSE-10.4.2\configuration\resources\lib\mockito-core-5.2.0.jar;C:\Users\qk user2\.katalon\packages\KSE-10.4.2\configuration\resources\lib\mockito-inline-5.2.0.jar;C:\Users\qk user2\.katalon\packages\KSE-10.4.2\configuration\resources\lib\objenesis-3.3.jar;C:\Users\qk user2\.katalon\packages\KSE-10.4.2\configuration\resources\lib\openpdf-1.3.30.jaspersoft.2.jar;C:\Users\qk user2\.katalon\packages\KSE-10.4.2\configuration\resources\lib\pdfbox-3.0.4.jar;C:\Users\qk user2\.katalon\packages\KSE-10.4.2\configuration\resources\lib\pdfbox-io-3.0.4.jar;C:\Users\qk user2\.katalon\packages\KSE-10.4.2\configuration\resources\lib\poi-3.17.jar;C:\Users\qk user2\.katalon\packages\KSE-10.4.2\configuration\resources\lib\poi-ooxml-3.17.jar;C:\Users\qk user2\.katalon\packages\KSE-10.4.2\configuration\resources\lib\poi-ooxml-schemas-3.17.jar;C:\Users\qk user2\.katalon\packages\KSE-10.4.2\configuration\resources\lib\repackaged-sikuli-api-1.0.2-standalone.jar;C:\Users\qk user2\.katalon\packages\KSE-10.4.2\configuration\resources\lib\selenium-shutterbug-1.1.jar;C:\Users\qk user2\.katalon\packages\KSE-10.4.2\configuration\resources\lib\soap-builder-1.0.0.jar;C:\Users\qk user2\.katalon\packages\KSE-10.4.2\configuration\resources\lib\soap-common-1.0.0.jar;C:\Users\qk user2\.katalon\packages\KSE-10.4.2\configuration\resources\lib\soap-legacy-1.0.0.jar;C:\Users\qk user2\.katalon\packages\KSE-10.4.2\configuration\resources\lib\stax2-api-4.0.0.jar;C:\Users\qk user2\.katalon\packages\KSE-10.4.2\configuration\resources\lib\su.jar;C:\Users\qk user2\.katalon\packages\KSE-10.4.2\configuration\resources\lib\swagger-parser-1.0.67-fat.jar;C:\Users\qk user2\.katalon\packages\KSE-10.4.2\configuration\resources\lib\uri-template-0.1.jar;C:\Users\qk user2\.katalon\packages\KSE-10.4.2\configuration\resources\lib\wadl.jar;C:\Users\qk user2\.katalon\packages\KSE-10.4.2\configuration\resources\lib\xmlbeans-3.1.0.jar;C:\Users\qk user2\.katalon\packages\KSE-10.4.2\plugins\net.sf.supercsv.super-csv_2.4.0.jar;C:\Users\qk user2\.katalon\packages\KSE-10.4.2\plugins\org.apache.commons.commons-io_2.17.0.jar;C:\Users\qk user2\.katalon\packages\KSE-10.4.2\plugins\org.apache.commons.lang_2.6.0.jar;C:\Users\qk user2\.katalon\packages\KSE-10.4.2\plugins\com.google.gson_2.11.0.jar;C:\Users\qk user2\.katalon\packages\KSE-10.4.2\plugins\org.jsoup_1.21.1.jar;C:\Users\qk user2\.katalon\packages\KSE-10.4.2\plugins\org.apache.commons.dbutils_1.6.0.jar;C:\Users\qk user2\.katalon\packages\KSE-10.4.2\plugins\com.oracle.database.jdbc.ojdbc11_21.18.0.0.jar;C:\Users\qk user2\.katalon\packages\KSE-10.4.2\plugins\org.postgresql.jdbc_42.7.7.jar;c:\Users\qk user2\.katalon\packages\KSE-10.4.2\plugins\org.eclipse.osgi_3.22.0.v20241030-2121.jar;C:\Users\qk user2\.katalon\packages\KSE-10.4.2\plugins\com.kms.katalon.constant_1.0.0.202511190132.jar;C:\Users\qk user2\.katalon\packages\KSE-10.4.2\plugins\org.eclipse.persistence.eclipselink_2.7.11.jar;C:\Users\qk user2\.katalon\packages\KSE-10.4.2\plugins\com.kms.katalon.selenium-standalone_1.0.0.202511190132.jar;C:\Users\qk user2\.katalon\packages\KSE-10.4.2\plugins\atu.testrecorder.screen-recorder_2.1.0.jar;C:\Users\qk user2\.katalon\packages\KSE-10.4.2\plugins\com.google.guava_33.4.8.jre.jar;C:\Users\qk user2\.katalon\packages\KSE-10.4.2\plugins\com.kms.katalon.util_1.0.0.202511190132.jar;C:\Users\qk user2\.katalon\packages\KSE-10.4.2\plugins\org.apache.httpcomponents.httpclient_4.5.14.jar;C:\Users\qk user2\.katalon\packages\KSE-10.4.2\plugins\org.apache.httpcomponents.httpcore_4.4.16.jar;C:\Users\qk user2\.katalon\packages\KSE-10.4.2\plugins\org.apache.httpcomponents.httpmime_4.5.13.jar;C:\Users\qk user2\.katalon\packages\KSE-10.4.2\plugins\org.apache.commons.lang3_3.18.0.jar;C:\Users\qk user2\.katalon\packages\KSE-10.4.2\plugins\org.greenrobot.eventbus_3.1.1.jar;C:\Users\qk user2\.katalon\packages\KSE-10.4.2\plugins\net.bytebuddy.byte-buddy_1.17.6.jar;C:\Users\qk user2\.katalon\packages\KSE-10.4.2\plugins\org.junit_4.13.2.v20230809-1000.jar;C:\Users\qk user2\.katalon\packages\KSE-10.4.2\plugins\com.fasterxml.jackson.core.jackson-databind_2.18.4.jar;C:\Users\qk user2\.katalon\packages\KSE-10.4.2\plugins\com.fasterxml.jackson.core.jackson-core_2.18.4.jar;C:\Users\qk user2\.katalon\packages\KSE-10.4.2\plugins\com.fasterxml.jackson.core.jackson-annotations_2.18.4.jar;C:\Users\qk user2\.katalon\packages\KSE-10.4.2\plugins\slf4j.api_2.0.17.jar;C:\Users\qk user2\.katalon\packages\KSE-10.4.2\plugins\org.fusesource.jansi_1.17.1.jar;C:\Users\qk user2\.katalon\packages\KSE-10.4.2\plugins\com.kms.katalon.netlightbody_1.0.0.202511190132.jar;C:\Users\qk user2\.katalon\packages\KSE-10.4.2\plugins\com.kms.katalon.poi_1.0.0.202511190132.jar;C:\Users\qk user2\.katalon\packages\KSE-10.4.2\plugins\org.apache.commons.commons-text_1.10.0.jar;C:\Users\qk user2\.katalon\packages\KSE-10.4.2\plugins\com.microsoft.sqlserver.mssql-jdbc_12.6.5.jar;C:\Users\qk user2\.katalon\packages\KSE-10.4.2\plugins\com.github.kklisura.cdt.java-client_2.1.0.jar;C:\Users\qk user2\.katalon\packages\KSE-10.4.2\plugins\javax.websocket-api_1.1.0.jar;C:\Users\qk user2\.katalon\packages\KSE-10.4.2\plugins\org.glassfish.tyrus.container-grizzly-client_1.13.1.jar;C:\Users\qk user2\.katalon\packages\KSE-10.4.2\plugins\org.glassfish.grizzly.http-server_2.3.25.jar;C:\Users\qk user2\.katalon\packages\KSE-10.4.2\plugins\org.glassfish.grizzly.framework_2.3.25.jar;C:\Users\qk user2\.katalon\packages\KSE-10.4.2\plugins\org.glassfish.grizzly.http_2.3.25.jar;C:\Users\qk user2\.katalon\packages\KSE-10.4.2\plugins\org.glassfish.tyrus.client_1.13.1.jar;C:\Users\qk user2\.katalon\packages\KSE-10.4.2\plugins\org.glassfish.tyrus.core_1.13.1.jar;C:\Users\qk user2\.katalon\packages\KSE-10.4.2\plugins\org.glassfish.tyrus.spi_1.13.1.jar;C:\Users\qk user2\.katalon\packages\KSE-10.4.2\plugins\javassist_3.28.0.GA.jar;C:\Users\qk user2\.katalon\packages\KSE-10.4.2\plugins\graphql-java_22.3.0.jar;C:\Users\qk user2\.katalon\packages\KSE-10.4.2\plugins\org.glassfish.jaxb.runtime_2.3.6.jar;C:\Users\qk user2\.katalon\packages\KSE-10.4.2\plugins\org.glassfish.jaxb.txw2_2.3.6.jar;C:\Users\qk user2\.katalon\packages\KSE-10.4.2\plugins\org.dom4j_2.1.4.jar;C:\Users\qk user2\.katalon\packages\KSE-10.4.2\plugins\com.kms.katalon.groovy-extended_1.0.0.202511190132.jar;C:\Users\qk user2\.katalon\packages\KSE-10.4.2\plugins\com.sun.activation.javax.activation_1.2.0.jar;C:\Users\qk user2\.katalon\packages\KSE-10.4.2\plugins\jakarta.xml.bind-api_4.0.2.jar;C:\Users\qk user2\.katalon\packages\KSE-10.4.2\plugins\org.eclipse.jface_3.35.100.v20241003-1431.jar;C:\Users\qk user2\.katalon\packages\KSE-10.4.2\plugins\com.kms.katalon.logging_1.0.0.202511190132.jar;C:\Users\qk user2\.katalon\packages\KSE-10.4.2\plugins\json_20240303.0.0.jar;C:\Users\qk user2\.katalon\packages\KSE-10.4.2\plugins\assertj-core_3.25.3.jar;C:\Users\qk user2\.katalon\packages\KSE-10.4.2\plugins\com.networknt.json-schema-validator_1.5.7.jar;C:\Users\qk user2\.katalon\packages\KSE-10.4.2\plugins\com.kms.katalon.network.apache_1.0.0.202511190132.jar;C:\Users\qk user2\.katalon\packages\KSE-10.4.2\plugins\com.kms.katalon.network.core_1.0.0.202511190132.jar;C:\Users\qk user2\.katalon\packages\KSE-10.4.2\plugins\java-dataloader_3.3.0.jar;C:\Users\qk user2\.katalon\packages\KSE-10.4.2\plugins\org.apache.commons.collections_3.2.2.v201511171945.jar;C:\Users\qk user2\.katalon\packages\KSE-10.4.2\plugins\org.apache.commons.commons-collections4_4.4.0.jar;C:\Users\qk user2\.katalon\packages\KSE-10.4.2\plugins\org.apache.commons.digester_2.1.0.jar;C:\Users\qk user2\.katalon\packages\KSE-10.4.2\plugins\stax2-api_4.2.2.jar;C:\Users\qk user2\.katalon\packages\KSE-10.4.2\plugins\com.fasterxml.woodstox.woodstox-core_6.6.2.jar;C:\Users\qk user2\.katalon\packages\KSE-10.4.2\plugins\org.apache.commons.logging_1.2.0.v20180409-1502.jar;C:\Users\qk user2\.katalon\packages\KSE-10.4.2\plugins\org.apache.commons.commons-beanutils_1.11.0.jar;C:\Users\qk user2\.katalon\packages\KSE-10.4.2\plugins\com.kms.katalon.report.core_1.0.0.202511190132.jar;C:\Users\qk user2\.katalon\packages\KSE-10.4.2\plugins\org.seleniumhq.selenium.selenium-api_4.34.0.jar;C:\Users\qk user2\.katalon\packages\KSE-10.4.2\plugins\org.seleniumhq.selenium.selenium-remote-driver_4.34.0.jar;C:\Users\qk user2\.katalon\packages\KSE-10.4.2\plugins\org.seleniumhq.selenium.selenium-http_4.34.0.jar;C:\Users\qk user2\.katalon\packages\KSE-10.4.2\plugins\ch.qos.logback.classic_1.5.19.jar;C:\Users\qk user2\.katalon\packages\KSE-10.4.2\plugins\ch.qos.logback.core_1.5.19.jar;C:\Users\qk user2\.katalon\packages\KSE-10.4.2\plugins\log4j.over.slf4j_1.7.36.jar;C:\Users\qk user2\.katalon\packages\KSE-10.4.2\plugins\org.eclipse.e4.core.contexts_1.13.0.v20241014-2013.jar;C:\Users\qk user2\.katalon\packages\KSE-10.4.2\plugins\com.github.oshi.oshi-core_6.9.1.jar;C:\Users\qk user2\.katalon\packages\KSE-10.4.2\plugins\com.sun.jna_5.18.1.jar;C:\Users\qk user2\.katalon\packages\KSE-10.4.2\plugins\com.sun.jna.platform_5.18.1.jar;C:\Users\qk user2\.katalon\packages\KSE-10.4.2\plugins\org.bidib.com.github.markusbernhardt.proxy-vole_1.1.7.jar;C:\Users\qk user2\.katalon\packages\KSE-10.4.2\plugins\org.hamcrest.core_1.3.0.jar;C:\Users\qk user2\.katalon\packages\KSE-10.4.2\plugins\org.beanshell.bsh_2.0.0.0b4.jar;C:\Users\qk user2\.katalon\packages\KSE-10.4.2\plugins\org.apache.ant.launcher_1.9.6.jar;C:\Users\qk user2\.katalon\packages\KSE-10.4.2\plugins\org.seleniumhq.selenium.selenium-chrome-driver_4.34.0.jar;C:\Users\qk user2\.katalon\packages\KSE-10.4.2\plugins\org.seleniumhq.selenium.selenium-chromium-driver_4.34.0.jar;C:\Users\qk user2\.katalon\packages\KSE-10.4.2\plugins\org.seleniumhq.selenium.selenium-edge-driver_4.34.0.jar;C:\Users\qk user2\.katalon\packages\KSE-10.4.2\plugins\org.seleniumhq.selenium.selenium-firefox-driver_4.34.0.jar;C:\Users\qk user2\.katalon\packages\KSE-10.4.2\plugins\org.seleniumhq.selenium.selenium-safari-driver_4.34.0.jar;C:\Users\qk user2\.katalon\packages\KSE-10.4.2\plugins\org.seleniumhq.selenium.selenium-ie-driver_4.34.0.jar;C:\Users\qk user2\.katalon\packages\KSE-10.4.2\plugins\org.seleniumhq.selenium.selenium-manager_4.34.0.jar;C:\Users\qk user2\.katalon\packages\KSE-10.4.2\plugins\org.seleniumhq.selenium.selenium-json_4.34.0.jar;C:\Users\qk user2\.katalon\packages\KSE-10.4.2\plugins\com.kms.katalon.core.appium_1.0.0.202511190132.jar;C:\Users\qk user2\.katalon\packages\KSE-10.4.2\plugins\org.seleniumhq.selenium.selenium-os_4.34.0.jar;C:\Users\qk user2\.katalon\packages\KSE-10.4.2\plugins\io.appium.java-client_9.5.0.jar;C:\Users\qk user2\.katalon\packages\KSE-10.4.2\plugins\org.eclipse.e4.core.services_2.5.0.v20241015-2219.jar;C:\Users\qk user2\.katalon\packages\KSE-10.4.2\plugins\org.eclipse.osgi.services_3.12.100.v20240327-0645.jar;C:\Users\qk user2\.katalon\packages\KSE-10.4.2\plugins\org.eclipse.equinox.common_3.19.200.v20241004-0654.jar;C:\Users\qk user2\.katalon\packages\KSE-10.4.2\plugins\com.kms.katalon.platform.core_1.0.0.202511190132.jar;C:\Users\qk user2\.katalon\packages\KSE-10.4.2\plugins\com.kms.katalon.common_1.0.0.202511190132.jar;C:\Users\qk user2\.katalon\packages\KSE-10.4.2\plugins\com.kms.katalon.session.core_1.0.0.202511190132.jar;C:\Users\qk user2\.katalon\packages\KSE-10.4.2\plugins\org.eclipse.e4.core.di_1.9.500.v20240606-1236.jar;C:\Users\qk user2\.katalon\packages\KSE-10.4.2\plugins\com.kms.katalon.execution.core_1.0.0.202511190132.jar;C:\Users\qk user2\.katalon\packages\KSE-10.4.2\plugins\org.eclipse.equinox.registry_3.12.200.v20241004-0654.jar;C:\Users\qk user2\.katalon\packages\KSE-10.4.2\plugins\oauth2-oidc-sdk_11.29.1.jar;C:\Users\qk user2\.katalon\packages\KSE-10.4.2\plugins\dev.failsafe_3.3.2.jar;C:\Users\qk user2\.katalon\packages\KSE-10.4.2\plugins\com.fasterxml.jackson.datatype.jackson-datatype-jsr310_2.17.2.jar;C:\Users\qk user2\.katalon\packages\KSE-10.4.2\plugins\org.eclipse.e4.core.di.annotations_1.8.400.v20240413-1529.jar;C:\Users\qk user2\.katalon\packages\KSE-10.4.2\plugins\net.minidev.json-smart_2.5.2.jar;C:\Users\qk user2\.katalon\packages\KSE-10.4.2\plugins\com.kms.katalon.core.webui_1.0.0.202511190132.jar;C:\Users\qk user2\.katalon\packages\KSE-10.4.2\plugins\org.seleniumhq.selenium.selenium-support_4.34.0.jar;C:\Users\qk user2\.katalon\packages\KSE-10.4.2\plugins\org.seleniumhq.selenium.selenium-devtools-v138_4.34.0.jar;C:\Users\qk user2\.katalon\packages\KSE-10.4.2\plugins\com.kms.katalon.core.mobile_1.0.0.202511190132.jar;C:\Users\qk user2\.katalon\packages\KSE-10.4.2\plugins\org.apache.commons.commons-validator_1.7.0.jar;C:\Users\qk user2\.katalon\packages\KSE-10.4.2\plugins\org.xmlunit.xmlunit-core_2.10.3.jar;C:\Users\qk user2\.katalon\packages\KSE-10.4.2\plugins\com.kms.katalon.core.cucumber_1.0.0.202511190132.jar;C:\Users\qk user2\.katalon\packages\KSE-10.4.2\plugins\io.cucumber.core_3.0.3.jar;C:\Users\qk user2\.katalon\packages\KSE-10.4.2\plugins\io.cucumber.datatable_1.1.16.jar;C:\Users\qk user2\.katalon\packages\KSE-10.4.2\plugins\io.cucumber.datatable-dependencies_1.1.16.jar;C:\Users\qk user2\.katalon\packages\KSE-10.4.2\plugins\io.cucumber.expressions_5.0.19.jar;C:\Users\qk user2\.katalon\packages\KSE-10.4.2\plugins\io.cucumber.gherkin_5.0.0.jar;C:\Users\qk user2\.katalon\packages\KSE-10.4.2\plugins\io.cucumber.html_0.2.7.jar;C:\Users\qk user2\.katalon\packages\KSE-10.4.2\plugins\io.cucumber.java_3.0.3.jar;C:\Users\qk user2\.katalon\packages\KSE-10.4.2\plugins\io.cucumber.tag-expressions_1.1.1.jar;C:\Users\qk user2\.katalon\packages\KSE-10.4.2\plugins\io.cucumber.junit_3.0.3.jar;C:\Users\qk user2\.katalon\packages\KSE-10.4.2\plugins\com.kms.katalon.core.webservice_1.0.0.202511190132.jar;C:\Users\qk user2\.katalon\packages\KSE-10.4.2\plugins\wsdl4j_1.6.2.jar;C:\Users\qk user2\.katalon\packages\KSE-10.4.2\plugins\com.google.oauth-client.google-oauth-client_1.22.0.jar;C:\Users\qk user2\.katalon\packages\KSE-10.4.2\plugins\com.google.http-client.google-http-client_1.22.0.jar;C:\Users\qk user2\.katalon\packages\KSE-10.4.2\plugins\com.kms.katalon.preferences_1.0.0.202511190132.jar;C:\Users\qk user2\.katalon\packages\KSE-10.4.2\plugins\org.apache.xmlbeans_3.1.0.jar;C:\Users\qk user2\.katalon\packages\KSE-10.4.2\plugins\com.kms.katalon.entity_1.0.0.202511190132.jar;C:\Users\qk user2\.katalon\packages\KSE-10.4.2\plugins\jakarta.xml.ws-api_2.3.3.jar;C:\Users\qk user2\.katalon\packages\KSE-10.4.2\plugins\javax.xml.soap-api_1.4.0.jar;C:\Users\qk user2\.katalon\packages\KSE-10.4.2\plugins\com.atlassian.oai.swagger-request-validator-core_2.38.0.jar;C:\Users\qk user2\.katalon\packages\KSE-10.4.2\plugins\io.swagger.compat-spec-parser_1.0.67.jar;C:\Users\qk user2\.katalon\packages\KSE-10.4.2\plugins\io.swagger.core.v3.swagger-annotations_2.2.14.jar;C:\Users\qk user2\.katalon\packages\KSE-10.4.2\plugins\io.swagger.core.v3.swagger-core_2.2.14.jar;C:\Users\qk user2\.katalon\packages\KSE-10.4.2\plugins\io.swagger.core.v3.swagger-models_2.2.14.jar;C:\Users\qk user2\.katalon\packages\KSE-10.4.2\plugins\io.swagger.parser.v3.swagger-parser-core_2.1.16.jar;C:\Users\qk user2\.katalon\packages\KSE-10.4.2\plugins\io.swagger.parser.v3.swagger-parser-v2-converter_2.1.16.jar;C:\Users\qk user2\.katalon\packages\KSE-10.4.2\plugins\com.github.java-json-tools.btf_1.3.0.jar;C:\Users\qk user2\.katalon\packages\KSE-10.4.2\plugins\com.fasterxml.jackson.dataformat.jackson-dataformat-yaml_2.18.3.jar;C:\Users\qk user2\.katalon\packages\KSE-10.4.2\plugins\org.yaml.snakeyaml_2.3.0.jar;C:\Users\qk user2\.katalon\packages\KSE-10.4.2\plugins\com.github.java-json-tools.msg-simple_1.2.0.jar;C:\Users\qk user2\.katalon\packages\KSE-10.4.2\plugins\jackson-core-asl_1.9.13.jar;C:\Users\qk user2\.katalon\packages\KSE-10.4.2\plugins\joda-time_2.10.5.jar;C:\Users\qk user2\.katalon\packages\KSE-10.4.2\plugins\javax.mail-api_1.6.2.jar;C:\Users\qk user2\.katalon\packages\KSE-10.4.2\plugins\com.googlecode.libphonenumber_8.11.1.jar;C:\Users\qk user2\.katalon\packages\KSE-10.4.2\plugins\com.google.guava.failureaccess_1.0.3.jar;C:\Users\qk user2\.katalon\packages\KSE-10.4.2\plugins\io.swagger.parser.v3.swagger-parser_2.1.16.jar;C:\Users\qk user2\.katalon\packages\KSE-10.4.2\plugins\io.swagger.parser.v3.swagger-parser-v3_2.1.16.jar;C:\Users\qk user2\.katalon\packages\KSE-10.4.2\plugins\io.swagger.parser_1.0.67.jar;C:\Users\qk user2\.katalon\packages\KSE-10.4.2\plugins\com.narupley.not-going-to-be-commons-ssl_0.3.20.jar;C:\Users\qk user2\.katalon\packages\KSE-10.4.2\plugins\com.kms.katalon.core.windows_1.0.0.202511190132.jar;C:\Users\qk user2\.katalon\packages\KSE-10.4.2\plugins\net.lingala.zip4j_2.11.5.jar;C:\Users\qk user2\.katalon\packages\KSE-10.4.2\plugins\com.kms.katalon.core.testng_1.0.0.202511190132.jar;C:\Users\qk user2\.katalon\packages\KSE-10.4.2\plugins\org.testng_7.8.0.jar;C:\Users\qk user2\.katalon\packages\KSE-10.4.2\plugins\com.beust.jcommander_1.82.0.jar;C:\Users\qk user2\.katalon\packages\KSE-10.4.2\plugins\org.codehaus.groovy_3.0.23.v202501010125-e2412\lib\groovy-3.0.23-indy.jar;C:\Users\qk user2\.katalon\packages\KSE-10.4.2\plugins\org.codehaus.groovy_3.0.23.v202501010125-e2412\lib\ivy-2.5.2.jar --main groovy.ui.GroovyMain --encoding UTF-8 --indy E:\Death_Claim_Automation\Libs\TempTestCaseBinding1776427102560.groovy

Host: Intel(R) Xeon(R) Gold 6132 CPU @ 2.60GHz, 4 cores, 15G,  Windows Server 2022 , 64 bit Build 20348 (10.0.20348.3692)
Time: Fri Apr 17 17:29:53 2026 India Standard Time elapsed time: 89.123480 seconds (0d 0h 1m 29s)

---------------  T H R E A D  ---------------

Current thread (0x000001f4b016b760):  JavaThread "C2 CompilerThread0" daemon [_thread_in_native, id=120168, stack(0x000000a2f9900000,0x000000a2f9a00000)]


Current CompileTask:
C2:  89123 12167   !   4       java.net.URI$Parser::parseServer (384 bytes)

Stack: [0x000000a2f9900000,0x000000a2f9a00000]
Native frames: (J=compiled Java code, j=interpreted, Vv=VM code, C=native code)
V  [jvm.dll+0x682eb9]
V  [jvm.dll+0x8399c8]
V  [jvm.dll+0x83b473]
V  [jvm.dll+0x83bae3]
V  [jvm.dll+0x24715f]
V  [jvm.dll+0xace44]
V  [jvm.dll+0xad4dc]
V  [jvm.dll+0x365b0f]
V  [jvm.dll+0x32fd58]
V  [jvm.dll+0x32f1da]
V  [jvm.dll+0x21814f]
V  [jvm.dll+0x21758f]
V  [jvm.dll+0x1a3150]
V  [jvm.dll+0x22799c]
V  [jvm.dll+0x225afb]
V  [jvm.dll+0x7ef128]
V  [jvm.dll+0x7e948c]
V  [jvm.dll+0x681d97]
C  [ucrtbase.dll+0x26b4c]
C  [KERNEL32.DLL+0x14cb0]
C  [ntdll.dll+0x7edcb]


---------------  P R O C E S S  ---------------

Threads class SMR info:
_java_thread_list=0x000001f4b687ade0, length=53, elements={
0x000001f496a28350, 0x000001f4b013a020, 0x000001f4b013b810, 0x000001f4b0165290,
0x000001f4b0166dc0, 0x000001f4b0168900, 0x000001f4b016a2d0, 0x000001f4b016b760,
0x000001f4b019b920, 0x000001f4b01f19e0, 0x000001f4b041c8a0, 0x000001f4b52265d0,
0x000001f4b0c491d0, 0x000001f4b7b001a0, 0x000001f4b6e18bb0, 0x000001f4b6e16330,
0x000001f4b64bf160, 0x000001f4b64ba060, 0x000001f4b64bec50, 0x000001f4b64bf670,
0x000001f4b64c0ab0, 0x000001f4b64c0090, 0x000001f4b64c0fc0, 0x000001f4b64bd810,
0x000001f4b64c14d0, 0x000001f4b64c19e0, 0x000001f4b64be230, 0x000001f4b64ba570,
0x000001f4b64be740, 0x000001f4b64bb4a0, 0x000001f4b64bb9b0, 0x000001f4b64bbec0,
0x000001f4b64bcdf0, 0x000001f4b64bd300, 0x000001f4b6e18190, 0x000001f4b6e17770,
0x000001f4b6e15e20, 0x000001f4b6e186a0, 0x000001f4b6e16d50, 0x000001f4b6e195d0,
0x000001f4b64bc8e0, 0x000001f4b78d6760, 0x000001f4b78d0220, 0x000001f4b78d2590,
0x000001f4b78d0730, 0x000001f4b78d2080, 0x000001f4b78d43f0, 0x000001f4b78d6250,
0x000001f4b78d2aa0, 0x000001f4b78cfd10, 0x000001f4b78d7180, 0x000001f4b78d1150,
0x000001f4b78d4900
}

Java Threads: ( => current thread )
  0x000001f496a28350 JavaThread "Forwarding findElements on session 20eae6475f240b157e8588ec95b4a6dd to remote" [_thread_blocked, id=111228, stack(0x000000a2f8c00000,0x000000a2f8d00000)]
  0x000001f4b013a020 JavaThread "Reference Handler" daemon [_thread_blocked, id=120116, stack(0x000000a2f9300000,0x000000a2f9400000)]
  0x000001f4b013b810 JavaThread "Finalizer" daemon [_thread_blocked, id=92252, stack(0x000000a2f9400000,0x000000a2f9500000)]
  0x000001f4b0165290 JavaThread "Signal Dispatcher" daemon [_thread_blocked, id=120196, stack(0x000000a2f9500000,0x000000a2f9600000)]
  0x000001f4b0166dc0 JavaThread "Attach Listener" daemon [_thread_blocked, id=120184, stack(0x000000a2f9600000,0x000000a2f9700000)]
  0x000001f4b0168900 JavaThread "Service Thread" daemon [_thread_blocked, id=120172, stack(0x000000a2f9700000,0x000000a2f9800000)]
  0x000001f4b016a2d0 JavaThread "Monitor Deflation Thread" daemon [_thread_blocked, id=120164, stack(0x000000a2f9800000,0x000000a2f9900000)]
=>0x000001f4b016b760 JavaThread "C2 CompilerThread0" daemon [_thread_in_native, id=120168, stack(0x000000a2f9900000,0x000000a2f9a00000)]
  0x000001f4b019b920 JavaThread "C1 CompilerThread0" daemon [_thread_blocked, id=120176, stack(0x000000a2f9a00000,0x000000a2f9b00000)]
  0x000001f4b01f19e0 JavaThread "Sweeper thread" daemon [_thread_blocked, id=120180, stack(0x000000a2f9b00000,0x000000a2f9c00000)]
  0x000001f4b041c8a0 JavaThread "Common-Cleaner" daemon [_thread_blocked, id=120188, stack(0x000000a2f9c00000,0x000000a2f9d00000)]
  0x000001f4b52265d0 JavaThread "Notification Thread" daemon [_thread_blocked, id=119864, stack(0x000000a2fa000000,0x000000a2fa100000)]
  0x000001f4b0c491d0 JavaThread "ForkJoinPool.commonPool-worker-1" daemon [_thread_blocked, id=119216, stack(0x000000a2fa200000,0x000000a2fa300000)]
  0x000001f4b7b001a0 JavaThread "HttpClient-1-SelectorManager" daemon [_thread_in_native, id=110000, stack(0x000000a2fa500000,0x000000a2fa600000)]
  0x000001f4b6e18bb0 JavaThread "UrlChecker-2" daemon [_thread_blocked, id=120396, stack(0x000000a2fa900000,0x000000a2faa00000)]
  0x000001f4b6e16330 JavaThread "CompletableFutureDelayScheduler" daemon [_thread_blocked, id=120380, stack(0x000000a2fac00000,0x000000a2fad00000)]
  0x000001f4b64bf160 JavaThread "HttpClient-2-SelectorManager" daemon [_thread_in_native, id=117388, stack(0x000000a2fad00000,0x000000a2fae00000)]
  0x000001f4b64ba060 JavaThread "HttpClient-3-SelectorManager" daemon [_thread_in_native, id=120140, stack(0x000000a2fa400000,0x000000a2fa500000)]
  0x000001f4b64bec50 JavaThread "External Process Output Forwarder - C:\Users\qk user2\.cache\selenium\chromedriver\win64\146.0.7680.165\chromedriver.exe" daemon [_thread_in_native, id=117200, stack(0x000000a2fa600000,0x000000a2fa700000)]
  0x000001f4b64bf670 JavaThread "Driver Service Executor" daemon [_thread_blocked, id=119968, stack(0x000000a2fa700000,0x000000a2fa800000)]
  0x000001f4b64c0ab0 JavaThread "Driver Service Executor" daemon [_thread_blocked, id=98752, stack(0x000000a2fa800000,0x000000a2fa900000)]
  0x000001f4b64c0090 JavaThread "JdkHttpClient-2-0" daemon [_thread_blocked, id=119616, stack(0x000000a2f8900000,0x000000a2f8a00000)]
  0x000001f4b64c0fc0 JavaThread "JdkHttpClient-2-1" daemon [_thread_blocked, id=114896, stack(0x000000a2fae00000,0x000000a2faf00000)]
  0x000001f4b64bd810 JavaThread "JdkHttpClient-2-2" daemon [_thread_blocked, id=118292, stack(0x000000a2faf00000,0x000000a2fb000000)]
  0x000001f4b64c14d0 JavaThread "HttpClient-4-SelectorManager" daemon [_thread_in_native, id=57352, stack(0x000000a2fb000000,0x000000a2fb100000)]
  0x000001f4b64c19e0 JavaThread "JdkHttpClient-3-0" daemon [_thread_blocked, id=120660, stack(0x000000a2fb100000,0x000000a2fb200000)]
  0x000001f4b64be230 JavaThread "JdkHttpClient-3-1" daemon [_thread_blocked, id=119068, stack(0x000000a2fb200000,0x000000a2fb300000)]
  0x000001f4b64ba570 JavaThread "JdkHttpClient-3-2" daemon [_thread_blocked, id=117900, stack(0x000000a2fb300000,0x000000a2fb400000)]
  0x000001f4b64be740 JavaThread "HttpClient-5-SelectorManager" daemon [_thread_in_native, id=101544, stack(0x000000a2f8800000,0x000000a2f8900000)]
  0x000001f4b64bb4a0 JavaThread "External Process Output Forwarder - C:\Users\qk user2\.cache\selenium\chromedriver\win64\146.0.7680.165\chromedriver.exe" daemon [_thread_in_native, id=119316, stack(0x000000a2f8a00000,0x000000a2f8b00000)]
  0x000001f4b64bb9b0 JavaThread "Driver Service Executor" daemon [_thread_blocked, id=119628, stack(0x000000a2fab00000,0x000000a2fac00000)]
  0x000001f4b64bbec0 JavaThread "Driver Service Executor" daemon [_thread_blocked, id=115276, stack(0x000000a2fb400000,0x000000a2fb500000)]
  0x000001f4b64bcdf0 JavaThread "JdkHttpClient-4-0" daemon [_thread_blocked, id=111872, stack(0x000000a2fb600000,0x000000a2fb700000)]
  0x000001f4b64bd300 JavaThread "JdkHttpClient-4-1" daemon [_thread_blocked, id=114020, stack(0x000000a2fb700000,0x000000a2fb800000)]
  0x000001f4b6e18190 JavaThread "JdkHttpClient-4-2" daemon [_thread_blocked, id=117112, stack(0x000000a2fb800000,0x000000a2fb900000)]
  0x000001f4b6e17770 JavaThread "HttpClient-6-SelectorManager" daemon [_thread_in_native, id=110628, stack(0x000000a2fb900000,0x000000a2fba00000)]
  0x000001f4b6e15e20 JavaThread "JdkHttpClient-5-0" daemon [_thread_blocked, id=116276, stack(0x000000a2fba00000,0x000000a2fbb00000)]
  0x000001f4b6e186a0 JavaThread "JdkHttpClient-5-1" daemon [_thread_blocked, id=118928, stack(0x000000a2fbb00000,0x000000a2fbc00000)]
  0x000001f4b6e16d50 JavaThread "JdkHttpClient-5-2" daemon [_thread_blocked, id=118364, stack(0x000000a2fbc00000,0x000000a2fbd00000)]
  0x000001f4b6e195d0 JavaThread "JdkHttpClient-4-3" daemon [_thread_blocked, id=106336, stack(0x000000a2fbd00000,0x000000a2fbe00000)]
  0x000001f4b64bc8e0 JavaThread "HttpClient-7-SelectorManager" daemon [_thread_in_native, id=114500, stack(0x000000a2fb500000,0x000000a2fb600000)]
  0x000001f4b78d6760 JavaThread "External Process Output Forwarder - C:\Users\qk user2\.cache\selenium\chromedriver\win64\146.0.7680.165\chromedriver.exe" daemon [_thread_in_native, id=116168, stack(0x000000a2fbe00000,0x000000a2fbf00000)]
  0x000001f4b78d0220 JavaThread "Driver Service Executor" daemon [_thread_blocked, id=120596, stack(0x000000a2fbf00000,0x000000a2fc000000)]
  0x000001f4b78d2590 JavaThread "Driver Service Executor" daemon [_thread_in_native, id=115420, stack(0x000000a2fc000000,0x000000a2fc100000)]
  0x000001f4b78d0730 JavaThread "JdkHttpClient-6-0" daemon [_thread_blocked, id=38984, stack(0x000000a2fc200000,0x000000a2fc300000)]
  0x000001f4b78d2080 JavaThread "JdkHttpClient-6-1" daemon [_thread_blocked, id=119840, stack(0x000000a2fc300000,0x000000a2fc400000)]
  0x000001f4b78d43f0 JavaThread "JdkHttpClient-6-2" daemon [_thread_blocked, id=117940, stack(0x000000a2fc400000,0x000000a2fc500000)]
  0x000001f4b78d6250 JavaThread "HttpClient-8-SelectorManager" daemon [_thread_in_native, id=107356, stack(0x000000a2fc500000,0x000000a2fc600000)]
  0x000001f4b78d2aa0 JavaThread "JdkHttpClient-7-0" daemon [_thread_blocked, id=78804, stack(0x000000a2fc600000,0x000000a2fc700000)]
  0x000001f4b78cfd10 JavaThread "JdkHttpClient-7-1" daemon [_thread_blocked, id=90144, stack(0x000000a2fc700000,0x000000a2fc800000)]
  0x000001f4b78d7180 JavaThread "JdkHttpClient-7-2" daemon [_thread_blocked, id=89940, stack(0x000000a2fc800000,0x000000a2fc900000)]
  0x000001f4b78d1150 JavaThread "JdkHttpClient-7-3" daemon [_thread_blocked, id=115948, stack(0x000000a2fc900000,0x000000a2fca00000)]
  0x000001f4b78d4900 JavaThread "JdkHttpClient-6-3" daemon [_thread_blocked, id=2420, stack(0x000000a2fca00000,0x000000a2fcb00000)]

Other Threads:
  0x000001f4b0117010 VMThread "VM Thread" [stack: 0x000000a2f9200000,0x000000a2f9300000] [id=120148]
  0x000001f496a2bc40 WatcherThread [stack: 0x000000a2fa100000,0x000000a2fa200000] [id=120212]
  0x000001f496a5eac0 GCTaskThread "GC Thread#0" [stack: 0x000000a2f8d00000,0x000000a2f8e00000] [id=120128]
  0x000001f4b0619770 GCTaskThread "GC Thread#1" [stack: 0x000000a2f9d00000,0x000000a2f9e00000] [id=120160]
  0x000001f4b0b7a290 GCTaskThread "GC Thread#2" [stack: 0x000000a2f9e00000,0x000000a2f9f00000] [id=120076]
  0x000001f4b0b7a550 GCTaskThread "GC Thread#3" [stack: 0x000000a2f9f00000,0x000000a2fa000000] [id=119292]
  0x000001f4adb823c0 ConcurrentGCThread "G1 Main Marker" [stack: 0x000000a2f8e00000,0x000000a2f8f00000] [id=120120]
  0x000001f4adb82ce0 ConcurrentGCThread "G1 Conc#0" [stack: 0x000000a2f8f00000,0x000000a2f9000000] [id=120124]
  0x000001f4adc3e3b0 ConcurrentGCThread "G1 Refine#0" [stack: 0x000000a2f9000000,0x000000a2f9100000] [id=120132]
  0x000001f4adc42870 ConcurrentGCThread "G1 Service" [stack: 0x000000a2f9100000,0x000000a2f9200000] [id=120136]

Threads with active compile tasks:
C2 CompilerThread0    89202 12167   !   4       java.net.URI$Parser::parseServer (384 bytes)

VM state: not at safepoint (normal execution)

VM Mutex/Monitor currently owned by a thread: None

Heap address: 0x0000000080000000, size: 2048 MB, Compressed Oops mode: 32-bit

CDS archive(s) not mapped
Compressed class space mapped at: 0x0000000100000000-0x0000000140000000, reserved size: 1073741824
Narrow klass base: 0x0000000000000000, Narrow klass shift: 3, Narrow klass range: 0x140000000

GC Precious Log:
 CPUs: 4 total, 4 available
 Memory: 16383M
 Large Page Support: Disabled
 NUMA Support: Disabled
 Compressed Oops: Enabled (32-bit)
 Heap Region Size: 1M
 Heap Min Capacity: 8M
 Heap Initial Capacity: 256M
 Heap Max Capacity: 2G
 Pre-touch: Disabled
 Parallel Workers: 4
 Concurrent Workers: 1
 Concurrent Refinement Workers: 4
 Periodic GC: Disabled

Heap:
 garbage-first heap   total 149504K, used 84633K [0x0000000080000000, 0x0000000100000000)
  region size 1024K, 40 young (40960K), 6 survivors (6144K)
 Metaspace       used 63227K, committed 64192K, reserved 1114112K
  class space    used 6964K, committed 7424K, reserved 1048576K

Heap Regions: E=young(eden), S=young(survivor), O=old, HS=humongous(starts), HC=humongous(continues), CS=collection set, F=free, OA=open archive, CA=closed archive, TAMS=top-at-mark-start (previous, next)
|   0|0x0000000080000000, 0x0000000080100000, 0x0000000080100000|100%|HS|  |TAMS 0x0000000080100000, 0x0000000080000000| Complete 
|   1|0x0000000080100000, 0x0000000080200000, 0x0000000080200000|100%|HS|  |TAMS 0x0000000080200000, 0x0000000080100000| Complete 
|   2|0x0000000080200000, 0x0000000080300000, 0x0000000080300000|100%| O|  |TAMS 0x0000000080300000, 0x0000000080200000| Untracked 
|   3|0x0000000080300000, 0x0000000080400000, 0x0000000080400000|100%| O|  |TAMS 0x0000000080400000, 0x0000000080300000| Untracked 
|   4|0x0000000080400000, 0x0000000080500000, 0x0000000080500000|100%| O|  |TAMS 0x0000000080500000, 0x0000000080400000| Untracked 
|   5|0x0000000080500000, 0x0000000080600000, 0x0000000080600000|100%| O|  |TAMS 0x0000000080600000, 0x0000000080500000| Untracked 
|   6|0x0000000080600000, 0x0000000080700000, 0x0000000080700000|100%| O|  |TAMS 0x0000000080700000, 0x0000000080600000| Untracked 
|   7|0x0000000080700000, 0x0000000080800000, 0x0000000080800000|100%| O|  |TAMS 0x0000000080800000, 0x0000000080700000| Untracked 
|   8|0x0000000080800000, 0x0000000080900000, 0x0000000080900000|100%| O|  |TAMS 0x0000000080900000, 0x0000000080800000| Untracked 
|   9|0x0000000080900000, 0x0000000080a00000, 0x0000000080a00000|100%| O|  |TAMS 0x0000000080a00000, 0x0000000080900000| Untracked 
|  10|0x0000000080a00000, 0x0000000080b00000, 0x0000000080b00000|100%| O|  |TAMS 0x0000000080b00000, 0x0000000080a00000| Untracked 
|  11|0x0000000080b00000, 0x0000000080c00000, 0x0000000080c00000|100%| O|  |TAMS 0x0000000080c00000, 0x0000000080b00000| Untracked 
|  12|0x0000000080c00000, 0x0000000080d00000, 0x0000000080d00000|100%| O|  |TAMS 0x0000000080d00000, 0x0000000080c00000| Untracked 
|  13|0x0000000080d00000, 0x0000000080e00000, 0x0000000080e00000|100%| O|  |TAMS 0x0000000080e00000, 0x0000000080d00000| Untracked 
|  14|0x0000000080e00000, 0x0000000080e9fe00, 0x0000000080f00000| 62%| O|  |TAMS 0x0000000080e9fe00, 0x0000000080e00000| Untracked 
|  15|0x0000000080f00000, 0x0000000081000000, 0x0000000081000000|100%| O|  |TAMS 0x0000000081000000, 0x0000000080f00000| Untracked 
|  16|0x0000000081000000, 0x0000000081100000, 0x0000000081100000|100%| O|  |TAMS 0x0000000081100000, 0x0000000081000000| Untracked 
|  17|0x0000000081100000, 0x0000000081200000, 0x0000000081200000|100%| O|  |TAMS 0x0000000081200000, 0x0000000081100000| Untracked 
|  18|0x0000000081200000, 0x0000000081300000, 0x0000000081300000|100%| O|  |TAMS 0x0000000081300000, 0x0000000081200000| Untracked 
|  19|0x0000000081300000, 0x0000000081400000, 0x0000000081400000|100%| O|  |TAMS 0x0000000081400000, 0x0000000081300000| Untracked 
|  20|0x0000000081400000, 0x0000000081500000, 0x0000000081500000|100%| O|  |TAMS 0x0000000081500000, 0x0000000081400000| Untracked 
|  21|0x0000000081500000, 0x0000000081600000, 0x0000000081600000|100%| O|  |TAMS 0x0000000081600000, 0x0000000081500000| Untracked 
|  22|0x0000000081600000, 0x0000000081700000, 0x0000000081700000|100%| O|  |TAMS 0x0000000081700000, 0x0000000081600000| Untracked 
|  23|0x0000000081700000, 0x0000000081800000, 0x0000000081800000|100%| O|  |TAMS 0x0000000081800000, 0x0000000081700000| Untracked 
|  24|0x0000000081800000, 0x0000000081900000, 0x0000000081900000|100%| O|  |TAMS 0x0000000081900000, 0x0000000081800000| Untracked 
|  25|0x0000000081900000, 0x0000000081a00000, 0x0000000081a00000|100%| O|  |TAMS 0x0000000081a00000, 0x0000000081900000| Untracked 
|  26|0x0000000081a00000, 0x0000000081b00000, 0x0000000081b00000|100%| O|  |TAMS 0x0000000081b00000, 0x0000000081a00000| Untracked 
|  27|0x0000000081b00000, 0x0000000081c00000, 0x0000000081c00000|100%| O|  |TAMS 0x0000000081c00000, 0x0000000081b00000| Untracked 
|  28|0x0000000081c00000, 0x0000000081d00000, 0x0000000081d00000|100%| O|  |TAMS 0x0000000081d00000, 0x0000000081c00000| Untracked 
|  29|0x0000000081d00000, 0x0000000081e00000, 0x0000000081e00000|100%| O|  |TAMS 0x0000000081e00000, 0x0000000081d00000| Untracked 
|  30|0x0000000081e00000, 0x0000000081f00000, 0x0000000081f00000|100%| O|  |TAMS 0x0000000081f00000, 0x0000000081e00000| Untracked 
|  31|0x0000000081f00000, 0x0000000082000000, 0x0000000082000000|100%| O|  |TAMS 0x0000000082000000, 0x0000000081f00000| Untracked 
|  32|0x0000000082000000, 0x0000000082100000, 0x0000000082100000|100%| O|  |TAMS 0x0000000082100000, 0x0000000082000000| Untracked 
|  33|0x0000000082100000, 0x0000000082200000, 0x0000000082200000|100%| O|  |TAMS 0x0000000082200000, 0x0000000082100000| Untracked 
|  34|0x0000000082200000, 0x0000000082300000, 0x0000000082300000|100%| O|  |TAMS 0x0000000082300000, 0x0000000082200000| Untracked 
|  35|0x0000000082300000, 0x0000000082400000, 0x0000000082400000|100%| O|  |TAMS 0x0000000082400000, 0x0000000082300000| Untracked 
|  36|0x0000000082400000, 0x0000000082500000, 0x0000000082500000|100%| O|  |TAMS 0x0000000082500000, 0x0000000082400000| Untracked 
|  37|0x0000000082500000, 0x0000000082600000, 0x0000000082600000|100%| O|  |TAMS 0x0000000082600000, 0x0000000082500000| Untracked 
|  38|0x0000000082600000, 0x0000000082700000, 0x0000000082700000|100%| O|  |TAMS 0x00000000826d5e00, 0x0000000082600000| Untracked 
|  39|0x0000000082700000, 0x0000000082800000, 0x0000000082800000|100%| O|  |TAMS 0x0000000082700000, 0x0000000082700000| Untracked 
|  40|0x0000000082800000, 0x0000000082900000, 0x0000000082900000|100%| O|  |TAMS 0x0000000082800000, 0x0000000082800000| Untracked 
|  41|0x0000000082900000, 0x0000000082a00000, 0x0000000082a00000|100%| O|  |TAMS 0x0000000082900000, 0x0000000082900000| Untracked 
|  42|0x0000000082a00000, 0x0000000082b00000, 0x0000000082b00000|100%| O|  |TAMS 0x0000000082a00000, 0x0000000082a00000| Untracked 
|  43|0x0000000082b00000, 0x0000000082c00000, 0x0000000082c00000|100%| O|  |TAMS 0x0000000082b00000, 0x0000000082b00000| Untracked 
|  44|0x0000000082c00000, 0x0000000082d00000, 0x0000000082d00000|100%| O|  |TAMS 0x0000000082c00000, 0x0000000082c00000| Untracked 
|  45|0x0000000082d00000, 0x0000000082db9c00, 0x0000000082e00000| 72%| O|  |TAMS 0x0000000082d00000, 0x0000000082d00000| Untracked 
|  46|0x0000000082e00000, 0x0000000082e00000, 0x0000000082f00000|  0%| F|  |TAMS 0x0000000082e00000, 0x0000000082e00000| Untracked 
|  47|0x0000000082f00000, 0x0000000082f00000, 0x0000000083000000|  0%| F|  |TAMS 0x0000000082f00000, 0x0000000082f00000| Untracked 
|  48|0x0000000083000000, 0x0000000083000000, 0x0000000083100000|  0%| F|  |TAMS 0x0000000083000000, 0x0000000083000000| Untracked 
|  49|0x0000000083100000, 0x0000000083100000, 0x0000000083200000|  0%| F|  |TAMS 0x0000000083100000, 0x0000000083100000| Untracked 
|  50|0x0000000083200000, 0x0000000083200000, 0x0000000083300000|  0%| F|  |TAMS 0x0000000083200000, 0x0000000083200000| Untracked 
|  51|0x0000000083300000, 0x0000000083300000, 0x0000000083400000|  0%| F|  |TAMS 0x0000000083300000, 0x0000000083300000| Untracked 
|  52|0x0000000083400000, 0x0000000083400000, 0x0000000083500000|  0%| F|  |TAMS 0x0000000083400000, 0x0000000083400000| Untracked 
|  53|0x0000000083500000, 0x0000000083500000, 0x0000000083600000|  0%| F|  |TAMS 0x0000000083500000, 0x0000000083500000| Untracked 
|  54|0x0000000083600000, 0x0000000083600000, 0x0000000083700000|  0%| F|  |TAMS 0x0000000083600000, 0x0000000083600000| Untracked 
|  55|0x0000000083700000, 0x0000000083700000, 0x0000000083800000|  0%| F|  |TAMS 0x0000000083700000, 0x0000000083700000| Untracked 
|  56|0x0000000083800000, 0x0000000083800000, 0x0000000083900000|  0%| F|  |TAMS 0x0000000083800000, 0x0000000083800000| Untracked 
|  57|0x0000000083900000, 0x0000000083900000, 0x0000000083a00000|  0%| F|  |TAMS 0x0000000083900000, 0x0000000083900000| Untracked 
|  58|0x0000000083a00000, 0x0000000083a00000, 0x0000000083b00000|  0%| F|  |TAMS 0x0000000083a00000, 0x0000000083a00000| Untracked 
|  59|0x0000000083b00000, 0x0000000083b00000, 0x0000000083c00000|  0%| F|  |TAMS 0x0000000083b00000, 0x0000000083b00000| Untracked 
|  60|0x0000000083c00000, 0x0000000083c00000, 0x0000000083d00000|  0%| F|  |TAMS 0x0000000083c00000, 0x0000000083c00000| Untracked 
|  61|0x0000000083d00000, 0x0000000083d4ccb0, 0x0000000083e00000| 29%| S|CS|TAMS 0x0000000083d00000, 0x0000000083d00000| Complete 
|  62|0x0000000083e00000, 0x0000000083f00000, 0x0000000083f00000|100%| S|CS|TAMS 0x0000000083e00000, 0x0000000083e00000| Complete 
|  63|0x0000000083f00000, 0x0000000084000000, 0x0000000084000000|100%| S|CS|TAMS 0x0000000083f00000, 0x0000000083f00000| Complete 
|  64|0x0000000084000000, 0x0000000084100000, 0x0000000084100000|100%| S|CS|TAMS 0x0000000084000000, 0x0000000084000000| Complete 
|  65|0x0000000084100000, 0x0000000084200000, 0x0000000084200000|100%| S|CS|TAMS 0x0000000084100000, 0x0000000084100000| Complete 
|  66|0x0000000084200000, 0x0000000084200000, 0x0000000084300000|  0%| F|  |TAMS 0x0000000084200000, 0x0000000084200000| Untracked 
|  67|0x0000000084300000, 0x0000000084300000, 0x0000000084400000|  0%| F|  |TAMS 0x0000000084300000, 0x0000000084300000| Untracked 
|  68|0x0000000084400000, 0x0000000084400000, 0x0000000084500000|  0%| F|  |TAMS 0x0000000084400000, 0x0000000084400000| Untracked 
|  69|0x0000000084500000, 0x0000000084500000, 0x0000000084600000|  0%| F|  |TAMS 0x0000000084500000, 0x0000000084500000| Untracked 
|  70|0x0000000084600000, 0x0000000084600000, 0x0000000084700000|  0%| F|  |TAMS 0x0000000084600000, 0x0000000084600000| Untracked 
|  71|0x0000000084700000, 0x0000000084800000, 0x0000000084800000|100%| S|CS|TAMS 0x0000000084700000, 0x0000000084700000| Complete 
|  72|0x0000000084800000, 0x0000000084800000, 0x0000000084900000|  0%| F|  |TAMS 0x0000000084800000, 0x0000000084800000| Untracked 
|  73|0x0000000084900000, 0x0000000084900000, 0x0000000084a00000|  0%| F|  |TAMS 0x0000000084900000, 0x0000000084900000| Untracked 
|  74|0x0000000084a00000, 0x0000000084a00000, 0x0000000084b00000|  0%| F|  |TAMS 0x0000000084a00000, 0x0000000084a00000| Untracked 
|  75|0x0000000084b00000, 0x0000000084b00000, 0x0000000084c00000|  0%| F|  |TAMS 0x0000000084b00000, 0x0000000084b00000| Untracked 
|  76|0x0000000084c00000, 0x0000000084c00000, 0x0000000084d00000|  0%| F|  |TAMS 0x0000000084c00000, 0x0000000084c00000| Untracked 
|  77|0x0000000084d00000, 0x0000000084d00000, 0x0000000084e00000|  0%| F|  |TAMS 0x0000000084d00000, 0x0000000084d00000| Untracked 
|  78|0x0000000084e00000, 0x0000000084e00000, 0x0000000084f00000|  0%| F|  |TAMS 0x0000000084e00000, 0x0000000084e00000| Untracked 
|  79|0x0000000084f00000, 0x0000000084f00000, 0x0000000085000000|  0%| F|  |TAMS 0x0000000084f00000, 0x0000000084f00000| Untracked 
|  80|0x0000000085000000, 0x0000000085000000, 0x0000000085100000|  0%| F|  |TAMS 0x0000000085000000, 0x0000000085000000| Untracked 
|  81|0x0000000085100000, 0x0000000085100000, 0x0000000085200000|  0%| F|  |TAMS 0x0000000085100000, 0x0000000085100000| Untracked 
|  82|0x0000000085200000, 0x0000000085200000, 0x0000000085300000|  0%| F|  |TAMS 0x0000000085200000, 0x0000000085200000| Untracked 
|  83|0x0000000085300000, 0x0000000085300000, 0x0000000085400000|  0%| F|  |TAMS 0x0000000085300000, 0x0000000085300000| Untracked 
|  84|0x0000000085400000, 0x0000000085400000, 0x0000000085500000|  0%| F|  |TAMS 0x0000000085400000, 0x0000000085400000| Untracked 
|  85|0x0000000085500000, 0x0000000085500000, 0x0000000085600000|  0%| F|  |TAMS 0x0000000085500000, 0x0000000085500000| Untracked 
|  86|0x0000000085600000, 0x0000000085600000, 0x0000000085700000|  0%| F|  |TAMS 0x0000000085600000, 0x0000000085600000| Untracked 
|  87|0x0000000085700000, 0x0000000085700000, 0x0000000085800000|  0%| F|  |TAMS 0x0000000085700000, 0x0000000085700000| Untracked 
|  88|0x0000000085800000, 0x0000000085800000, 0x0000000085900000|  0%| F|  |TAMS 0x0000000085800000, 0x0000000085800000| Untracked 
|  89|0x0000000085900000, 0x0000000085900000, 0x0000000085a00000|  0%| F|  |TAMS 0x0000000085900000, 0x0000000085900000| Untracked 
|  90|0x0000000085a00000, 0x0000000085a00000, 0x0000000085b00000|  0%| F|  |TAMS 0x0000000085a00000, 0x0000000085a00000| Untracked 
|  91|0x0000000085b00000, 0x0000000085b00000, 0x0000000085c00000|  0%| F|  |TAMS 0x0000000085b00000, 0x0000000085b00000| Untracked 
|  92|0x0000000085c00000, 0x0000000085c00000, 0x0000000085d00000|  0%| F|  |TAMS 0x0000000085c00000, 0x0000000085c00000| Untracked 
|  93|0x0000000085d00000, 0x0000000085d00000, 0x0000000085e00000|  0%| F|  |TAMS 0x0000000085d00000, 0x0000000085d00000| Untracked 
|  94|0x0000000085e00000, 0x0000000085e00000, 0x0000000085f00000|  0%| F|  |TAMS 0x0000000085e00000, 0x0000000085e00000| Untracked 
|  95|0x0000000085f00000, 0x0000000085f00000, 0x0000000086000000|  0%| F|  |TAMS 0x0000000085f00000, 0x0000000085f00000| Untracked 
|  96|0x0000000086000000, 0x0000000086000000, 0x0000000086100000|  0%| F|  |TAMS 0x0000000086000000, 0x0000000086000000| Untracked 
|  97|0x0000000086100000, 0x0000000086100000, 0x0000000086200000|  0%| F|  |TAMS 0x0000000086100000, 0x0000000086100000| Untracked 
|  98|0x0000000086200000, 0x0000000086200000, 0x0000000086300000|  0%| F|  |TAMS 0x0000000086200000, 0x0000000086200000| Untracked 
|  99|0x0000000086300000, 0x0000000086300000, 0x0000000086400000|  0%| F|  |TAMS 0x0000000086300000, 0x0000000086300000| Untracked 
| 100|0x0000000086400000, 0x0000000086400000, 0x0000000086500000|  0%| F|  |TAMS 0x0000000086400000, 0x0000000086400000| Untracked 
| 101|0x0000000086500000, 0x0000000086500000, 0x0000000086600000|  0%| F|  |TAMS 0x0000000086500000, 0x0000000086500000| Untracked 
| 102|0x0000000086600000, 0x0000000086600000, 0x0000000086700000|  0%| F|  |TAMS 0x0000000086600000, 0x0000000086600000| Untracked 
| 103|0x0000000086700000, 0x0000000086700000, 0x0000000086800000|  0%| F|  |TAMS 0x0000000086700000, 0x0000000086700000| Untracked 
| 104|0x0000000086800000, 0x0000000086800000, 0x0000000086900000|  0%| F|  |TAMS 0x0000000086800000, 0x0000000086800000| Untracked 
| 105|0x0000000086900000, 0x0000000086900000, 0x0000000086a00000|  0%| F|  |TAMS 0x0000000086900000, 0x0000000086900000| Untracked 
| 106|0x0000000086a00000, 0x0000000086a00000, 0x0000000086b00000|  0%| F|  |TAMS 0x0000000086a00000, 0x0000000086a00000| Untracked 
| 107|0x0000000086b00000, 0x0000000086b00000, 0x0000000086c00000|  0%| F|  |TAMS 0x0000000086b00000, 0x0000000086b00000| Untracked 
| 108|0x0000000086c00000, 0x0000000086c00000, 0x0000000086d00000|  0%| F|  |TAMS 0x0000000086c00000, 0x0000000086c00000| Untracked 
| 109|0x0000000086d00000, 0x0000000086d00000, 0x0000000086e00000|  0%| F|  |TAMS 0x0000000086d00000, 0x0000000086d00000| Untracked 
| 110|0x0000000086e00000, 0x0000000086e00000, 0x0000000086f00000|  0%| F|  |TAMS 0x0000000086e00000, 0x0000000086e00000| Untracked 
| 111|0x0000000086f00000, 0x0000000086f00000, 0x0000000087000000|  0%| F|  |TAMS 0x0000000086f00000, 0x0000000086f00000| Untracked 
| 112|0x0000000087000000, 0x0000000087035688, 0x0000000087100000| 20%| E|  |TAMS 0x0000000087000000, 0x0000000087000000| Complete 
| 113|0x0000000087100000, 0x0000000087200000, 0x0000000087200000|100%| E|CS|TAMS 0x0000000087100000, 0x0000000087100000| Complete 
| 114|0x0000000087200000, 0x0000000087300000, 0x0000000087300000|100%| E|  |TAMS 0x0000000087200000, 0x0000000087200000| Complete 
| 115|0x0000000087300000, 0x0000000087400000, 0x0000000087400000|100%| E|CS|TAMS 0x0000000087300000, 0x0000000087300000| Complete 
| 116|0x0000000087400000, 0x0000000087500000, 0x0000000087500000|100%| E|CS|TAMS 0x0000000087400000, 0x0000000087400000| Complete 
| 117|0x0000000087500000, 0x0000000087600000, 0x0000000087600000|100%| E|CS|TAMS 0x0000000087500000, 0x0000000087500000| Complete 
| 118|0x0000000087600000, 0x0000000087700000, 0x0000000087700000|100%| E|CS|TAMS 0x0000000087600000, 0x0000000087600000| Complete 
| 119|0x0000000087700000, 0x0000000087800000, 0x0000000087800000|100%| E|CS|TAMS 0x0000000087700000, 0x0000000087700000| Complete 
| 120|0x0000000087800000, 0x0000000087900000, 0x0000000087900000|100%| E|CS|TAMS 0x0000000087800000, 0x0000000087800000| Complete 
| 121|0x0000000087900000, 0x0000000087a00000, 0x0000000087a00000|100%| E|CS|TAMS 0x0000000087900000, 0x0000000087900000| Complete 
| 122|0x0000000087a00000, 0x0000000087b00000, 0x0000000087b00000|100%| E|CS|TAMS 0x0000000087a00000, 0x0000000087a00000| Complete 
| 123|0x0000000087b00000, 0x0000000087c00000, 0x0000000087c00000|100%| E|CS|TAMS 0x0000000087b00000, 0x0000000087b00000| Complete 
| 124|0x0000000087c00000, 0x0000000087d00000, 0x0000000087d00000|100%| E|CS|TAMS 0x0000000087c00000, 0x0000000087c00000| Complete 
| 125|0x0000000087d00000, 0x0000000087e00000, 0x0000000087e00000|100%| E|CS|TAMS 0x0000000087d00000, 0x0000000087d00000| Complete 
| 126|0x0000000087e00000, 0x0000000087f00000, 0x0000000087f00000|100%| E|CS|TAMS 0x0000000087e00000, 0x0000000087e00000| Complete 
| 127|0x0000000087f00000, 0x0000000088000000, 0x0000000088000000|100%| E|CS|TAMS 0x0000000087f00000, 0x0000000087f00000| Complete 
| 128|0x0000000088000000, 0x0000000088100000, 0x0000000088100000|100%| E|CS|TAMS 0x0000000088000000, 0x0000000088000000| Complete 
| 129|0x0000000088100000, 0x0000000088200000, 0x0000000088200000|100%| E|CS|TAMS 0x0000000088100000, 0x0000000088100000| Complete 
| 130|0x0000000088200000, 0x0000000088300000, 0x0000000088300000|100%| E|CS|TAMS 0x0000000088200000, 0x0000000088200000| Complete 
| 131|0x0000000088300000, 0x0000000088400000, 0x0000000088400000|100%| E|CS|TAMS 0x0000000088300000, 0x0000000088300000| Complete 
| 132|0x0000000088400000, 0x0000000088500000, 0x0000000088500000|100%| E|CS|TAMS 0x0000000088400000, 0x0000000088400000| Complete 
| 133|0x0000000088500000, 0x0000000088600000, 0x0000000088600000|100%| E|CS|TAMS 0x0000000088500000, 0x0000000088500000| Complete 
| 134|0x0000000088600000, 0x0000000088700000, 0x0000000088700000|100%| E|CS|TAMS 0x0000000088600000, 0x0000000088600000| Complete 
| 135|0x0000000088700000, 0x0000000088800000, 0x0000000088800000|100%| E|CS|TAMS 0x0000000088700000, 0x0000000088700000| Complete 
| 136|0x0000000088800000, 0x0000000088900000, 0x0000000088900000|100%| E|CS|TAMS 0x0000000088800000, 0x0000000088800000| Complete 
| 137|0x0000000088900000, 0x0000000088a00000, 0x0000000088a00000|100%| E|CS|TAMS 0x0000000088900000, 0x0000000088900000| Complete 
| 237|0x000000008ed00000, 0x000000008ee00000, 0x000000008ee00000|100%| E|CS|TAMS 0x000000008ed00000, 0x000000008ed00000| Complete 
| 238|0x000000008ee00000, 0x000000008ef00000, 0x000000008ef00000|100%| E|CS|TAMS 0x000000008ee00000, 0x000000008ee00000| Complete 
| 239|0x000000008ef00000, 0x000000008f000000, 0x000000008f000000|100%| E|CS|TAMS 0x000000008ef00000, 0x000000008ef00000| Complete 
| 240|0x000000008f000000, 0x000000008f100000, 0x000000008f100000|100%| E|CS|TAMS 0x000000008f000000, 0x000000008f000000| Complete 
| 241|0x000000008f100000, 0x000000008f200000, 0x000000008f200000|100%| E|CS|TAMS 0x000000008f100000, 0x000000008f100000| Complete 
| 242|0x000000008f200000, 0x000000008f300000, 0x000000008f300000|100%| E|CS|TAMS 0x000000008f200000, 0x000000008f200000| Complete 
| 243|0x000000008f300000, 0x000000008f400000, 0x000000008f400000|100%| E|CS|TAMS 0x000000008f300000, 0x000000008f300000| Complete 
| 255|0x000000008ff00000, 0x0000000090000000, 0x0000000090000000|100%| E|CS|TAMS 0x000000008ff00000, 0x000000008ff00000| Complete 

Card table byte_map: [0x000001f4a9340000,0x000001f4a9740000] _byte_map_base: 0x000001f4a8f40000

Marking Bits (Prev, Next): (CMBitMap*) 0x000001f4adb71ad0, (CMBitMap*) 0x000001f4adb71a90
 Prev Bits: [0x000001f4abb40000, 0x000001f4adb40000)
 Next Bits: [0x000001f4a9b40000, 0x000001f4abb40000)

Polling page: 0x000001f495b20000

Metaspace:

Usage:
  Non-class:     54.94 MB used.
      Class:      6.80 MB used.
       Both:     61.75 MB used.

Virtual space:
  Non-class space:       64.00 MB reserved,      55.44 MB ( 87%) committed,  1 nodes.
      Class space:        1.00 GB reserved,       7.25 MB ( <1%) committed,  1 nodes.
             Both:        1.06 GB reserved,      62.69 MB (  6%) committed. 

Chunk freelists:
   Non-Class:  8.03 MB
       Class:  8.70 MB
        Both:  16.72 MB

MaxMetaspaceSize: unlimited
CompressedClassSpaceSize: 1.00 GB
Initial GC threshold: 21.00 MB
Current GC threshold: 98.06 MB
CDS: off
MetaspaceReclaimPolicy: balanced
 - commit_granule_bytes: 65536.
 - commit_granule_words: 8192.
 - virtual_space_node_default_size: 8388608.
 - enlarge_chunks_in_place: 1.
 - new_chunks_are_fully_committed: 0.
 - uncommit_free_chunks: 1.
 - use_allocation_guard: 0.
 - handle_deallocations: 1.


Internal statistics:

num_allocs_failed_limit: 9.
num_arena_births: 1466.
num_arena_deaths: 0.
num_vsnodes_births: 2.
num_vsnodes_deaths: 0.
num_space_committed: 1003.
num_space_uncommitted: 0.
num_chunks_returned_to_freelist: 9.
num_chunks_taken_from_freelist: 3516.
num_chunk_merges: 6.
num_chunk_splits: 2220.
num_chunks_enlarged: 1305.
num_inconsistent_stats: 0.

CodeHeap 'non-profiled nmethods': size=120000Kb used=7454Kb max_used=7454Kb free=112545Kb
 bounds [0x000001f4a1a10000, 0x000001f4a2160000, 0x000001f4a8f40000]
CodeHeap 'profiled nmethods': size=120000Kb used=19720Kb max_used=20424Kb free=100279Kb
 bounds [0x000001f499f40000, 0x000001f49b340000, 0x000001f4a1470000]
CodeHeap 'non-nmethods': size=5760Kb used=2357Kb max_used=2447Kb free=3403Kb
 bounds [0x000001f4a1470000, 0x000001f4a1700000, 0x000001f4a1a10000]
 total_blobs=10425 nmethods=9544 adapters=793
 compilation: enabled
              stopped_count=0, restarted_count=0
 full_count=0

Compilation events (20 events):
Event: 87.965 Thread 0x000001f4b019b920 nmethod 12157 0x000001f49a1a3810 code [0x000001f49a1a3a00, 0x000001f49a1a4028]
Event: 87.969 Thread 0x000001f4b019b920 12158       3       java.lang.Double::isInfinite (22 bytes)
Event: 87.969 Thread 0x000001f4b019b920 nmethod 12158 0x000001f49a37bb90 code [0x000001f49a37bd40, 0x000001f49a37bf18]
Event: 88.049 Thread 0x000001f4b016b760 12159       4       java.net.URI$Parser::at (23 bytes)
Event: 88.050 Thread 0x000001f4b016b760 nmethod 12159 0x000001f4a2153210 code [0x000001f4a21533a0, 0x000001f4a21534d8]
Event: 88.262 Thread 0x000001f4b016b760 12160       4       java.util.ImmutableCollections$SetN::contains (26 bytes)
Event: 88.265 Thread 0x000001f4b016b760 nmethod 12160 0x000001f4a2153690 code [0x000001f4a2153820, 0x000001f4a2153a98]
Event: 88.436 Thread 0x000001f4b016b760 12161       4       java.util.ArrayList$ArrayListSpliterator::forEachRemaining (127 bytes)
Event: 88.438 Thread 0x000001f4b016b760 nmethod 12161 0x000001f4a2153d10 code [0x000001f4a2153ea0, 0x000001f4a21540f8]
Event: 88.468 Thread 0x000001f4b016b760 12162       4       java.nio.channels.spi.AbstractInterruptibleChannel::isOpen (13 bytes)
Event: 88.468 Thread 0x000001f4b016b760 nmethod 12162 0x000001f4a2154310 code [0x000001f4a2154480, 0x000001f4a21544f8]
Event: 88.623 Thread 0x000001f4b016b760 12163       4       java.lang.Math::multiplyExact (27 bytes)
Event: 88.623 Thread 0x000001f4b016b760 nmethod 12163 0x000001f4a2154610 code [0x000001f4a2154780, 0x000001f4a2154818]
Event: 88.629 Thread 0x000001f4b016b760 12164       4       jdk.internal.net.http.ConnectionPool::purgeExpiredConnectionsAndReturnNextDeadline (20 bytes)
Event: 88.650 Thread 0x000001f4b016b760 nmethod 12164 0x000001f4a2154910 code [0x000001f4a2154b60, 0x000001f4a2155e78]
Event: 88.964 Thread 0x000001f4b016b760 12165       4       java.util.Collections$SingletonSet::contains (9 bytes)
Event: 88.967 Thread 0x000001f4b016b760 nmethod 12165 0x000001f4a2156d10 code [0x000001f4a2156ea0, 0x000001f4a21573f8]
Event: 88.983 Thread 0x000001f4b016b760 12166       4       java.lang.Enum::hashCode (5 bytes)
Event: 88.983 Thread 0x000001f4b016b760 nmethod 12166 0x000001f4a2157610 code [0x000001f4a21577a0, 0x000001f4a2157868]
Event: 89.044 Thread 0x000001f4b016b760 12167   !   4       java.net.URI$Parser::parseServer (384 bytes)

GC Heap History (20 events):
Event: 8.456 GC heap before
{Heap before GC invocations=18 (full 0):
 garbage-first heap   total 123904K, used 98247K [0x0000000080000000, 0x0000000100000000)
  region size 1024K, 61 young (62464K), 6 survivors (6144K)
 Metaspace       used 50729K, committed 51392K, reserved 1114112K
  class space    used 5501K, committed 5824K, reserved 1048576K
}
Event: 8.467 GC heap after
{Heap after GC invocations=19 (full 0):
 garbage-first heap   total 123904K, used 43479K [0x0000000080000000, 0x0000000100000000)
  region size 1024K, 4 young (4096K), 4 survivors (4096K)
 Metaspace       used 50729K, committed 51392K, reserved 1114112K
  class space    used 5501K, committed 5824K, reserved 1048576K
}
Event: 12.729 GC heap before
{Heap before GC invocations=19 (full 0):
 garbage-first heap   total 123904K, used 100823K [0x0000000080000000, 0x0000000100000000)
  region size 1024K, 60 young (61440K), 4 survivors (4096K)
 Metaspace       used 58957K, committed 59712K, reserved 1114112K
  class space    used 6618K, committed 6976K, reserved 1048576K
}
Event: 12.741 GC heap after
{Heap after GC invocations=20 (full 0):
 garbage-first heap   total 149504K, used 46551K [0x0000000080000000, 0x0000000100000000)
  region size 1024K, 7 young (7168K), 7 survivors (7168K)
 Metaspace       used 58957K, committed 59712K, reserved 1114112K
  class space    used 6618K, committed 6976K, reserved 1048576K
}
Event: 14.986 GC heap before
{Heap before GC invocations=20 (full 0):
 garbage-first heap   total 149504K, used 66007K [0x0000000080000000, 0x0000000100000000)
  region size 1024K, 27 young (27648K), 7 survivors (7168K)
 Metaspace       used 59394K, committed 60160K, reserved 1114112K
  class space    used 6665K, committed 7040K, reserved 1048576K
}
Event: 14.994 GC heap after
{Heap after GC invocations=21 (full 0):
 garbage-first heap   total 149504K, used 48042K [0x0000000080000000, 0x0000000100000000)
  region size 1024K, 7 young (7168K), 7 survivors (7168K)
 Metaspace       used 59394K, committed 60160K, reserved 1114112K
  class space    used 6665K, committed 7040K, reserved 1048576K
}
Event: 38.777 GC heap before
{Heap before GC invocations=22 (full 0):
 garbage-first heap   total 149504K, used 122794K [0x0000000080000000, 0x0000000100000000)
  region size 1024K, 80 young (81920K), 7 survivors (7168K)
 Metaspace       used 60264K, committed 61184K, reserved 1114112K
  class space    used 6723K, committed 7168K, reserved 1048576K
}
Event: 38.783 GC heap after
{Heap after GC invocations=23 (full 0):
 garbage-first heap   total 149504K, used 49093K [0x0000000080000000, 0x0000000100000000)
  region size 1024K, 6 young (6144K), 6 survivors (6144K)
 Metaspace       used 60264K, committed 61184K, reserved 1114112K
  class space    used 6723K, committed 7168K, reserved 1048576K
}
Event: 42.870 GC heap before
{Heap before GC invocations=23 (full 0):
 garbage-first heap   total 149504K, used 122821K [0x0000000080000000, 0x0000000100000000)
  region size 1024K, 79 young (80896K), 6 survivors (6144K)
 Metaspace       used 61084K, committed 62016K, reserved 1114112K
  class space    used 6758K, committed 7168K, reserved 1048576K
}
Event: 42.876 GC heap after
{Heap after GC invocations=24 (full 0):
 garbage-first heap   total 149504K, used 49881K [0x0000000080000000, 0x0000000100000000)
  region size 1024K, 4 young (4096K), 4 survivors (4096K)
 Metaspace       used 61084K, committed 62016K, reserved 1114112K
  class space    used 6758K, committed 7168K, reserved 1048576K
}
Event: 51.038 GC heap before
{Heap before GC invocations=24 (full 0):
 garbage-first heap   total 149504K, used 124633K [0x0000000080000000, 0x0000000100000000)
  region size 1024K, 78 young (79872K), 4 survivors (4096K)
 Metaspace       used 61365K, committed 62272K, reserved 1114112K
  class space    used 6773K, committed 7232K, reserved 1048576K
}
Event: 51.042 GC heap after
{Heap after GC invocations=25 (full 0):
 garbage-first heap   total 149504K, used 50204K [0x0000000080000000, 0x0000000100000000)
  region size 1024K, 4 young (4096K), 4 survivors (4096K)
 Metaspace       used 61365K, committed 62272K, reserved 1114112K
  class space    used 6773K, committed 7232K, reserved 1048576K
}
Event: 55.554 GC heap before
{Heap before GC invocations=25 (full 0):
 garbage-first heap   total 149504K, used 124956K [0x0000000080000000, 0x0000000100000000)
  region size 1024K, 78 young (79872K), 4 survivors (4096K)
 Metaspace       used 61379K, committed 62336K, reserved 1114112K
  class space    used 6773K, committed 7232K, reserved 1048576K
}
Event: 55.558 GC heap after
{Heap after GC invocations=26 (full 0):
 garbage-first heap   total 149504K, used 50191K [0x0000000080000000, 0x0000000100000000)
  region size 1024K, 4 young (4096K), 4 survivors (4096K)
 Metaspace       used 61379K, committed 62336K, reserved 1114112K
  class space    used 6773K, committed 7232K, reserved 1048576K
}
Event: 59.964 GC heap before
{Heap before GC invocations=26 (full 0):
 garbage-first heap   total 149504K, used 126991K [0x0000000080000000, 0x0000000100000000)
  region size 1024K, 80 young (81920K), 4 survivors (4096K)
 Metaspace       used 61433K, committed 62336K, reserved 1114112K
  class space    used 6777K, committed 7232K, reserved 1048576K
}
Event: 59.969 GC heap after
{Heap after GC invocations=27 (full 0):
 garbage-first heap   total 149504K, used 51558K [0x0000000080000000, 0x0000000100000000)
  region size 1024K, 5 young (5120K), 5 survivors (5120K)
 Metaspace       used 61433K, committed 62336K, reserved 1114112K
  class space    used 6777K, committed 7232K, reserved 1048576K
}
Event: 67.160 GC heap before
{Heap before GC invocations=27 (full 0):
 garbage-first heap   total 149504K, used 128358K [0x0000000080000000, 0x0000000100000000)
  region size 1024K, 80 young (81920K), 5 survivors (5120K)
 Metaspace       used 62940K, committed 63936K, reserved 1114112K
  class space    used 6951K, committed 7424K, reserved 1048576K
}
Event: 67.166 GC heap after
{Heap after GC invocations=28 (full 0):
 garbage-first heap   total 149504K, used 51392K [0x0000000080000000, 0x0000000100000000)
  region size 1024K, 5 young (5120K), 5 survivors (5120K)
 Metaspace       used 62940K, committed 63936K, reserved 1114112K
  class space    used 6951K, committed 7424K, reserved 1048576K
}
Event: 85.498 GC heap before
{Heap before GC invocations=28 (full 0):
 garbage-first heap   total 149504K, used 126144K [0x0000000080000000, 0x0000000100000000)
  region size 1024K, 79 young (80896K), 5 survivors (5120K)
 Metaspace       used 63212K, committed 64192K, reserved 1114112K
  class space    used 6964K, committed 7424K, reserved 1048576K
}
Event: 85.503 GC heap after
{Heap after GC invocations=29 (full 0):
 garbage-first heap   total 149504K, used 51865K [0x0000000080000000, 0x0000000100000000)
  region size 1024K, 6 young (6144K), 6 survivors (6144K)
 Metaspace       used 63212K, committed 64192K, reserved 1114112K
  class space    used 6964K, committed 7424K, reserved 1048576K
}

Dll operation events (10 events):
Event: 0.029 Loaded shared library C:\Users\qk user2\.katalon\packages\KSE-10.4.2\jre\bin\java.dll
Event: 0.253 Loaded shared library C:\Users\qk user2\.katalon\packages\KSE-10.4.2\jre\bin\net.dll
Event: 0.258 Loaded shared library C:\Users\qk user2\.katalon\packages\KSE-10.4.2\jre\bin\nio.dll
Event: 0.269 Loaded shared library C:\Users\qk user2\.katalon\packages\KSE-10.4.2\jre\bin\zip.dll
Event: 1.035 Loaded shared library C:\Users\qk user2\.katalon\packages\KSE-10.4.2\jre\bin\verify.dll
Event: 1.246 Loaded shared library C:\Users\qk user2\.katalon\packages\KSE-10.4.2\jre\bin\jimage.dll
Event: 4.433 Loaded shared library C:\Users\qk user2\.katalon\packages\KSE-10.4.2\jre\bin\extnet.dll
Event: 8.136 Loaded shared library C:\Users\qk user2\.katalon\packages\KSE-10.4.2\jre\bin\management.dll
Event: 8.142 Loaded shared library C:\Users\qk user2\.katalon\packages\KSE-10.4.2\jre\bin\management_ext.dll
Event: 8.693 Loaded shared library C:\Users\qk user2\.katalon\packages\KSE-10.4.2\jre\bin\sunmscapi.dll

Deoptimization events (20 events):
Event: 83.176 Thread 0x000001f496a28350 DEOPT PACKING pc=0x000001f4a20a51e8 sp=0x000000a2f8cfada0
Event: 83.176 Thread 0x000001f496a28350 DEOPT UNPACKING pc=0x000001f4a14c69a3 sp=0x000000a2f8cfae08 mode 2
Event: 83.176 Thread 0x000001f496a28350 Uncommon trap: trap_request=0xffffffc6 fr.pc=0x000001f4a20a51e8 relative=0x0000000000003608
Event: 83.176 Thread 0x000001f496a28350 Uncommon trap: reason=bimorphic_or_optimized_type_check action=maybe_recompile pc=0x000001f4a20a51e8 method=org.apache.xmlbeans.impl.store.Saver.process()Z @ 62 c2
Event: 83.176 Thread 0x000001f496a28350 DEOPT PACKING pc=0x000001f4a20a51e8 sp=0x000000a2f8cfada0
Event: 83.176 Thread 0x000001f496a28350 DEOPT UNPACKING pc=0x000001f4a14c69a3 sp=0x000000a2f8cfae08 mode 2
Event: 83.185 Thread 0x000001f496a28350 Uncommon trap: trap_request=0xffffffde fr.pc=0x000001f4a1f98704 relative=0x0000000000002c24
Event: 83.185 Thread 0x000001f496a28350 Uncommon trap: reason=class_check action=maybe_recompile pc=0x000001f4a1f98704 method=com.google.gson.Gson.getAdapter(Lcom/google/gson/reflect/TypeToken;)Lcom/google/gson/TypeAdapter; @ 76 c2
Event: 83.185 Thread 0x000001f496a28350 DEOPT PACKING pc=0x000001f4a1f98704 sp=0x000000a2f8cfc950
Event: 83.185 Thread 0x000001f496a28350 DEOPT UNPACKING pc=0x000001f4a14c69a3 sp=0x000000a2f8cfc930 mode 2
Event: 83.376 Thread 0x000001f496a28350 DEOPT PACKING pc=0x000001f49a99cbee sp=0x000000a2f8cfa840
Event: 83.376 Thread 0x000001f496a28350 DEOPT UNPACKING pc=0x000001f4a14c7143 sp=0x000000a2f8cf9d70 mode 0
Event: 85.524 Thread 0x000001f4b78d1150 Uncommon trap: trap_request=0xffffff45 fr.pc=0x000001f4a206bf40 relative=0x00000000000031e0
Event: 85.524 Thread 0x000001f4b78d1150 Uncommon trap: reason=unstable_if action=reinterpret pc=0x000001f4a206bf40 method=java.util.concurrent.CompletableFuture.uniApplyNow(Ljava/lang/Object;Ljava/util/concurrent/Executor;Ljava/util/function/Function;)Ljava/util/concurrent/CompletableFuture; @ 
Event: 85.524 Thread 0x000001f4b78d1150 DEOPT PACKING pc=0x000001f4a206bf40 sp=0x000000a2fc9fe9b0
Event: 85.524 Thread 0x000001f4b78d1150 DEOPT UNPACKING pc=0x000001f4a14c69a3 sp=0x000000a2fc9fe948 mode 2
Event: 85.528 Thread 0x000001f496a28350 Uncommon trap: trap_request=0xffffff45 fr.pc=0x000001f4a2128e60 relative=0x0000000000000060
Event: 85.528 Thread 0x000001f496a28350 Uncommon trap: reason=unstable_if action=reinterpret pc=0x000001f4a2128e60 method=java.util.Formatter$Flags.contains(Ljava/util/Formatter$Flags;)Z @ 13 c2
Event: 85.528 Thread 0x000001f496a28350 DEOPT PACKING pc=0x000001f4a2128e60 sp=0x000000a2f8cf80f0
Event: 85.528 Thread 0x000001f496a28350 DEOPT UNPACKING pc=0x000001f4a14c69a3 sp=0x000000a2f8cf8088 mode 2

Classes loaded (20 events):
Event: 60.159 Loading class com/sun/org/apache/xml/internal/serializer/NamespaceMappings
Event: 60.159 Loading class com/sun/org/apache/xml/internal/serializer/NamespaceMappings done
Event: 60.159 Loading class com/sun/org/apache/xml/internal/serializer/NamespaceMappings$MappingRecord
Event: 60.159 Loading class com/sun/org/apache/xml/internal/serializer/NamespaceMappings$MappingRecord done
Event: 60.159 Loading class com/sun/org/apache/xml/internal/serializer/WriterToUTF8Buffered
Event: 60.159 Loading class com/sun/org/apache/xml/internal/serializer/WriterChain
Event: 60.159 Loading class com/sun/org/apache/xml/internal/serializer/WriterChain done
Event: 60.159 Loading class com/sun/org/apache/xml/internal/serializer/WriterToUTF8Buffered done
Event: 60.159 Loading class javax/xml/transform/stream/StreamSource
Event: 60.159 Loading class javax/xml/transform/stream/StreamSource done
Event: 60.159 Loading class javax/xml/transform/sax/SAXSource
Event: 60.160 Loading class javax/xml/transform/sax/SAXSource done
Event: 60.160 Loading class javax/xml/transform/stax/StAXSource
Event: 60.160 Loading class javax/xml/transform/stax/StAXSource done
Event: 60.160 Loading class com/sun/org/apache/xalan/internal/xsltc/trax/DOM2TO
Event: 60.160 Loading class com/sun/org/apache/xalan/internal/xsltc/trax/DOM2TO done
Event: 60.161 Loading class com/sun/org/apache/xml/internal/serializer/WriterToASCI
Event: 60.161 Loading class com/sun/org/apache/xml/internal/serializer/WriterToASCI done
Event: 60.181 Loading class java/io/FileOutputStream$1
Event: 60.181 Loading class java/io/FileOutputStream$1 done

Classes unloaded (0 events):
No events

Classes redefined (0 events):
No events

Internal exceptions (20 events):
Event: 61.488 Thread 0x000001f4b6e18bb0 Exception <a 'java/net/SocketException'{0x0000000085b95e80}: Socket is not connected: shutdown> (0x0000000085b95e80) 
thrown [s\src\hotspot\share\prims\jni.cpp, line 535]
Event: 61.511 Thread 0x000001f4b6e18bb0 Exception <a 'java/net/ConnectException'{0x0000000085b96d68}: Connection refused: getsockopt> (0x0000000085b96d68) 
thrown [s\src\hotspot\share\prims\jni.cpp, line 535]
Event: 61.511 Thread 0x000001f4b6e18bb0 Exception <a 'java/net/SocketException'{0x0000000085b970a0}: Socket is not connected: shutdown> (0x0000000085b970a0) 
thrown [s\src\hotspot\share\prims\jni.cpp, line 535]
Event: 61.553 Thread 0x000001f4b6e18bb0 Exception <a 'java/net/ConnectException'{0x0000000085b97f88}: Connection refused: getsockopt> (0x0000000085b97f88) 
thrown [s\src\hotspot\share\prims\jni.cpp, line 535]
Event: 61.553 Thread 0x000001f4b6e18bb0 Exception <a 'java/net/SocketException'{0x0000000085b982c0}: Socket is not connected: shutdown> (0x0000000085b982c0) 
thrown [s\src\hotspot\share\prims\jni.cpp, line 535]
Event: 82.995 Thread 0x000001f496a28350 Exception <a 'sun/nio/fs/WindowsException'{0x0000000086ff8f48}> (0x0000000086ff8f48) 
thrown [s\src\hotspot\share\prims\jni.cpp, line 516]
Event: 83.012 Thread 0x000001f496a28350 Exception <a 'java/lang/reflect/InvocationTargetException'{0x0000000086ccbec8}> (0x0000000086ccbec8) 
thrown [s\src\hotspot\share\runtime\reflection.cpp, line 1128]
Event: 83.106 Thread 0x000001f496a28350 Exception <a 'sun/nio/fs/WindowsException'{0x0000000086ac6108}> (0x0000000086ac6108) 
thrown [s\src\hotspot\share\prims\jni.cpp, line 516]
Event: 83.196 Thread 0x000001f496a28350 Exception <a 'java/lang/ClassNotFoundException'{0x00000000860efc70}: Script146BeanInfo> (0x00000000860efc70) 
thrown [s\src\hotspot\share\classfile\systemDictionary.cpp, line 256]
Event: 83.198 Thread 0x000001f496a28350 Exception <a 'java/lang/ClassNotFoundException'{0x0000000085f18b58}: Script146Customizer> (0x0000000085f18b58) 
thrown [s\src\hotspot\share\classfile\systemDictionary.cpp, line 256]
Event: 83.591 Thread 0x000001f496a28350 Exception <a 'java/net/SocketException'{0x000000008494ca40}: Socket is not connected: shutdown> (0x000000008494ca40) 
thrown [s\src\hotspot\share\prims\jni.cpp, line 535]
Event: 83.592 Thread 0x000001f496a28350 Exception <a 'java/net/SocketException'{0x000000008494d550}: Socket is not connected: shutdown> (0x000000008494d550) 
thrown [s\src\hotspot\share\prims\jni.cpp, line 535]
Event: 83.924 Thread 0x000001f4b6e18bb0 Exception <a 'java/net/ConnectException'{0x00000000849e5d20}: Connection refused: getsockopt> (0x00000000849e5d20) 
thrown [s\src\hotspot\share\prims\jni.cpp, line 535]
Event: 83.924 Thread 0x000001f4b6e18bb0 Exception <a 'java/net/SocketException'{0x00000000849e6058}: Socket is not connected: shutdown> (0x00000000849e6058) 
thrown [s\src\hotspot\share\prims\jni.cpp, line 535]
Event: 83.936 Thread 0x000001f4b6e18bb0 Exception <a 'java/net/ConnectException'{0x00000000849e6f40}: Connection refused: getsockopt> (0x00000000849e6f40) 
thrown [s\src\hotspot\share\prims\jni.cpp, line 535]
Event: 83.936 Thread 0x000001f4b6e18bb0 Exception <a 'java/net/SocketException'{0x00000000849e7278}: Socket is not connected: shutdown> (0x00000000849e7278) 
thrown [s\src\hotspot\share\prims\jni.cpp, line 535]
Event: 83.957 Thread 0x000001f4b6e18bb0 Exception <a 'java/net/ConnectException'{0x00000000849e8160}: Connection refused: getsockopt> (0x00000000849e8160) 
thrown [s\src\hotspot\share\prims\jni.cpp, line 535]
Event: 83.957 Thread 0x000001f4b6e18bb0 Exception <a 'java/net/SocketException'{0x00000000849e8498}: Socket is not connected: shutdown> (0x00000000849e8498) 
thrown [s\src\hotspot\share\prims\jni.cpp, line 535]
Event: 84.000 Thread 0x000001f4b6e18bb0 Exception <a 'java/net/ConnectException'{0x00000000849e9380}: Connection refused: getsockopt> (0x00000000849e9380) 
thrown [s\src\hotspot\share\prims\jni.cpp, line 535]
Event: 84.000 Thread 0x000001f4b6e18bb0 Exception <a 'java/net/SocketException'{0x00000000849e96b8}: Socket is not connected: shutdown> (0x00000000849e96b8) 
thrown [s\src\hotspot\share\prims\jni.cpp, line 535]

VM Operations (20 events):
Event: 70.168 Executing VM operation: Cleanup
Event: 70.168 Executing VM operation: Cleanup done
Event: 76.172 Executing VM operation: Cleanup
Event: 76.172 Executing VM operation: Cleanup done
Event: 81.175 Executing VM operation: Cleanup
Event: 81.175 Executing VM operation: Cleanup done
Event: 82.175 Executing VM operation: Cleanup
Event: 82.175 Executing VM operation: Cleanup done
Event: 83.175 Executing VM operation: Cleanup
Event: 83.175 Executing VM operation: Cleanup done
Event: 84.176 Executing VM operation: Cleanup
Event: 84.176 Executing VM operation: Cleanup done
Event: 85.498 Executing VM operation: G1CollectForAllocation
Event: 85.503 Executing VM operation: G1CollectForAllocation done
Event: 86.503 Executing VM operation: Cleanup
Event: 86.503 Executing VM operation: Cleanup done
Event: 87.504 Executing VM operation: Cleanup
Event: 87.504 Executing VM operation: Cleanup done
Event: 88.505 Executing VM operation: Cleanup
Event: 88.505 Executing VM operation: Cleanup done

Memory protections (0 events):
No events

Nmethod flushes (20 events):
Event: 60.564 Thread 0x000001f4b01f19e0 flushing  nmethod 0x000001f49b00cf10
Event: 60.564 Thread 0x000001f4b01f19e0 flushing  nmethod 0x000001f49b016390
Event: 60.564 Thread 0x000001f4b01f19e0 flushing  nmethod 0x000001f49b036010
Event: 60.564 Thread 0x000001f4b01f19e0 flushing  nmethod 0x000001f49b088f90
Event: 60.564 Thread 0x000001f4b01f19e0 flushing  nmethod 0x000001f49b0be090
Event: 60.564 Thread 0x000001f4b01f19e0 flushing  nmethod 0x000001f49b135b10
Event: 60.564 Thread 0x000001f4b01f19e0 flushing  nmethod 0x000001f49b13da90
Event: 60.564 Thread 0x000001f4b01f19e0 flushing  nmethod 0x000001f49b13f010
Event: 60.564 Thread 0x000001f4b01f19e0 flushing  nmethod 0x000001f49b13fd10
Event: 60.564 Thread 0x000001f4b01f19e0 flushing  nmethod 0x000001f49b14ef10
Event: 60.564 Thread 0x000001f4b01f19e0 flushing  nmethod 0x000001f49b152690
Event: 60.565 Thread 0x000001f4b01f19e0 flushing  nmethod 0x000001f49b163310
Event: 60.565 Thread 0x000001f4b01f19e0 flushing  nmethod 0x000001f49b1bf410
Event: 60.565 Thread 0x000001f4b01f19e0 flushing  nmethod 0x000001f49b29d510
Event: 60.565 Thread 0x000001f4b01f19e0 flushing  nmethod 0x000001f49b29db90
Event: 60.565 Thread 0x000001f4b01f19e0 flushing  nmethod 0x000001f49b29e110
Event: 60.565 Thread 0x000001f4b01f19e0 flushing  nmethod 0x000001f49b2c3b90
Event: 60.565 Thread 0x000001f4b01f19e0 flushing  nmethod 0x000001f49b2e7790
Event: 60.565 Thread 0x000001f4b01f19e0 flushing  nmethod 0x000001f49b2e9090
Event: 60.565 Thread 0x000001f4b01f19e0 flushing  nmethod 0x000001f49b2f8f10

Events (20 events):
Event: 66.637 Thread 0x000001f4b64bc8e0 Thread exited: 0x000001f4b64bc8e0
Event: 83.126 Thread 0x000001f4b019b920 Thread added: 0x000001f4b6d9d370
Event: 83.640 Thread 0x000001f496a28350 Thread added: 0x000001f4b64bc8e0
Event: 83.856 Thread 0x000001f4b64bc8e0 Thread exited: 0x000001f4b64bc8e0
Event: 83.866 Thread 0x000001f4b6d9d370 Thread exited: 0x000001f4b6d9d370
Event: 83.874 Thread 0x000001f496a28350 Thread added: 0x000001f4b64bc8e0
Event: 83.923 Thread 0x000001f496a28350 Thread added: 0x000001f4b78d6760
Event: 83.923 Thread 0x000001f496a28350 Thread added: 0x000001f4b78d0220
Event: 83.923 Thread 0x000001f496a28350 Thread added: 0x000001f4b78d2590
Event: 84.083 Thread 0x000001f4b6e18bb0 Thread added: 0x000001f4b78d6c70
Event: 84.085 Thread 0x000001f496a28350 Thread added: 0x000001f4b78d0730
Event: 84.086 Thread 0x000001f4b64bc8e0 Thread added: 0x000001f4b78d2080
Event: 84.087 Thread 0x000001f4b64bc8e0 Thread added: 0x000001f4b78d43f0
Event: 85.517 Thread 0x000001f496a28350 Thread added: 0x000001f4b78d6250
Event: 85.517 Thread 0x000001f496a28350 Thread added: 0x000001f4b78d2aa0
Event: 85.522 Thread 0x000001f4b78d6250 Thread added: 0x000001f4b78cfd10
Event: 85.522 Thread 0x000001f4b78d6250 Thread added: 0x000001f4b78d7180
Event: 85.523 Thread 0x000001f4b78d6250 Thread added: 0x000001f4b78d1150
Event: 85.534 Thread 0x000001f4b64bc8e0 Thread added: 0x000001f4b78d4900
Event: 89.084 Thread 0x000001f4b78d6c70 Thread exited: 0x000001f4b78d6c70


Dynamic libraries:
0x00007ff6856d0000 - 0x00007ff6856de000 	C:\Users\qk user2\.katalon\packages\KSE-10.4.2\jre\bin\javaw.exe
0x00007ffb56180000 - 0x00007ffb56384000 	C:\Windows\SYSTEM32\ntdll.dll
0x00007ffb540b0000 - 0x00007ffb5416c000 	C:\Windows\System32\KERNEL32.DLL
0x00007ffb53770000 - 0x00007ffb53ae0000 	C:\Windows\System32\KERNELBASE.dll
0x00007ffb53db0000 - 0x00007ffb53ec0000 	C:\Windows\System32\ucrtbase.dll
0x00007ffb3a3e0000 - 0x00007ffb3a3f7000 	C:\Users\qk user2\.katalon\packages\KSE-10.4.2\jre\bin\jli.dll
0x00007ffb55940000 - 0x00007ffb55ae6000 	C:\Windows\System32\USER32.dll
0x00007ffb53d00000 - 0x00007ffb53d26000 	C:\Windows\System32\win32u.dll
0x00007ffb54430000 - 0x00007ffb5445c000 	C:\Windows\System32\GDI32.dll
0x00007ffb53f90000 - 0x00007ffb540ac000 	C:\Windows\System32\gdi32full.dll
0x00007ffb53ef0000 - 0x00007ffb53f90000 	C:\Windows\System32\msvcp_win.dll
0x00007ffb37d00000 - 0x00007ffb37d1e000 	C:\Users\qk user2\.katalon\packages\KSE-10.4.2\jre\bin\VCRUNTIME140.dll
0x00007ffb529d0000 - 0x00007ffb52c75000 	C:\Windows\WinSxS\amd64_microsoft.windows.common-controls_6595b64144ccf1df_6.0.20348.4294_none_947bfbafeeecc1d8\COMCTL32.dll
0x00007ffb54460000 - 0x00007ffb54503000 	C:\Windows\System32\msvcrt.dll
0x00007ffb551a0000 - 0x00007ffb551d1000 	C:\Windows\System32\IMM32.DLL
0x00007ffb42000000 - 0x00007ffb4215d000 	C:\Windows\system32\tmumh\20019\AddOn\8.55.0.1389\TmUmEvt64.dll
0x00007ffb543e0000 - 0x00007ffb543e8000 	C:\Windows\System32\PSAPI.DLL
0x00007ffb55f90000 - 0x00007ffb56041000 	C:\Windows\System32\ADVAPI32.dll
0x00007ffb54170000 - 0x00007ffb54212000 	C:\Windows\System32\sechost.dll
0x00007ffb53ec0000 - 0x00007ffb53ee7000 	C:\Windows\System32\bcrypt.dll
0x00007ffb54b20000 - 0x00007ffb54c40000 	C:\Windows\System32\RPCRT4.dll
0x00000000741c0000 - 0x00000000742e5000 	C:\Windows\system32\tmumh\20019\TmMon\2.9.0.1228\tmmon64.dll
0x00007ffb21160000 - 0x00007ffb2149a000 	C:\Windows\System32\TmLWE\TmUmSnsr64\1.0.0.1158\TmUmSnsr64.dll
0x00007ffb51920000 - 0x00007ffb51937000 	C:\Windows\SYSTEM32\kernel.appcore.dll
0x00007ffb37130000 - 0x00007ffb3713c000 	C:\Users\qk user2\.katalon\packages\KSE-10.4.2\jre\bin\vcruntime140_1.dll
0x00007ffb33190000 - 0x00007ffb3321d000 	C:\Users\qk user2\.katalon\packages\KSE-10.4.2\jre\bin\msvcp140.dll
0x00007ffb214a0000 - 0x00007ffb2210b000 	C:\Users\qk user2\.katalon\packages\KSE-10.4.2\jre\bin\server\jvm.dll
0x00007ffb55dc0000 - 0x00007ffb55e31000 	C:\Windows\System32\WS2_32.dll
0x00007ffb535c0000 - 0x00007ffb5360d000 	C:\Windows\SYSTEM32\POWRPROF.dll
0x00007ffb435c0000 - 0x00007ffb435e7000 	C:\Windows\SYSTEM32\WINMM.dll
0x00007ffb47050000 - 0x00007ffb4705a000 	C:\Windows\SYSTEM32\VERSION.dll
0x00007ffb535a0000 - 0x00007ffb535b3000 	C:\Windows\SYSTEM32\UMPDC.dll
0x00007ffb45090000 - 0x00007ffb4509a000 	C:\Users\qk user2\.katalon\packages\KSE-10.4.2\jre\bin\jimage.dll
0x00007ffb52f80000 - 0x00007ffb531a0000 	C:\Windows\SYSTEM32\DBGHELP.DLL
0x00007ffb52ed0000 - 0x00007ffb52f00000 	C:\Windows\SYSTEM32\dbgcore.DLL
0x00007ffb536f0000 - 0x00007ffb5376f000 	C:\Windows\System32\bcryptPrimitives.dll
0x00007ffb33060000 - 0x00007ffb33085000 	C:\Users\qk user2\.katalon\packages\KSE-10.4.2\jre\bin\java.dll
0x00007ffb45030000 - 0x00007ffb45048000 	C:\Users\qk user2\.katalon\packages\KSE-10.4.2\jre\bin\zip.dll
0x00007ffb551e0000 - 0x00007ffb5593a000 	C:\Windows\System32\SHELL32.dll
0x00007ffb4ce40000 - 0x00007ffb4d684000 	C:\Windows\SYSTEM32\windows.storage.dll
0x00007ffb54740000 - 0x00007ffb54ab0000 	C:\Windows\System32\combase.dll
0x00007ffb550b0000 - 0x00007ffb5519a000 	C:\Windows\System32\SHCORE.dll
0x00007ffb56050000 - 0x00007ffb560af000 	C:\Windows\System32\shlwapi.dll
0x00007ffb53620000 - 0x00007ffb53641000 	C:\Windows\SYSTEM32\profapi.dll
0x00007ffb39bb0000 - 0x00007ffb39bc9000 	C:\Users\qk user2\.katalon\packages\KSE-10.4.2\jre\bin\net.dll
0x00007ffb4b370000 - 0x00007ffb4b478000 	C:\Windows\SYSTEM32\WINHTTP.dll
0x00007ffb52540000 - 0x00007ffb525a8000 	C:\Windows\system32\mswsock.dll
0x00007ffb39b20000 - 0x00007ffb39b36000 	C:\Users\qk user2\.katalon\packages\KSE-10.4.2\jre\bin\nio.dll
0x00007ffb42f80000 - 0x00007ffb42f90000 	C:\Users\qk user2\.katalon\packages\KSE-10.4.2\jre\bin\verify.dll
0x00007ffb39cf0000 - 0x00007ffb39cf9000 	C:\Users\qk user2\.katalon\packages\KSE-10.4.2\jre\bin\extnet.dll
0x00007ffb52260000 - 0x00007ffb5233e000 	C:\Windows\SYSTEM32\DNSAPI.dll
0x00007ffb52230000 - 0x00007ffb5225d000 	C:\Windows\SYSTEM32\IPHLPAPI.DLL
0x00007ffb54730000 - 0x00007ffb54739000 	C:\Windows\System32\NSI.dll
0x00007ffb47ae0000 - 0x00007ffb47aea000 	C:\Windows\System32\rasadhlp.dll
0x00007ffb4b890000 - 0x00007ffb4b912000 	C:\Windows\System32\fwpuclnt.dll
0x00007ffb341e0000 - 0x00007ffb341ea000 	C:\Users\qk user2\.katalon\packages\KSE-10.4.2\jre\bin\management.dll
0x00007ffb33af0000 - 0x00007ffb33afb000 	C:\Users\qk user2\.katalon\packages\KSE-10.4.2\jre\bin\management_ext.dll
0x00007ffb532c0000 - 0x00007ffb532db000 	C:\Windows\SYSTEM32\CRYPTSP.dll
0x00007ffb52050000 - 0x00007ffb52088000 	C:\Windows\system32\rsaenh.dll
0x00007ffb527e0000 - 0x00007ffb5280e000 	C:\Windows\SYSTEM32\USERENV.dll
0x00007ffb52810000 - 0x00007ffb5281c000 	C:\Windows\SYSTEM32\CRYPTBASE.dll
0x00007ffb4b860000 - 0x00007ffb4b879000 	C:\Windows\SYSTEM32\dhcpcsvc6.DLL
0x00007ffb4b7d0000 - 0x00007ffb4b7ed000 	C:\Windows\SYSTEM32\dhcpcsvc.DLL
0x00007ffb39a60000 - 0x00007ffb39a6e000 	C:\Users\qk user2\.katalon\packages\KSE-10.4.2\jre\bin\sunmscapi.dll
0x00007ffb53ae0000 - 0x00007ffb53c40000 	C:\Windows\System32\CRYPT32.dll
0x00007ffb52760000 - 0x00007ffb5278f000 	C:\Windows\SYSTEM32\ncrypt.dll
0x00007ffb52720000 - 0x00007ffb52757000 	C:\Windows\SYSTEM32\NTASN1.dll
0x00007ffb354b0000 - 0x00007ffb354b8000 	C:\Windows\system32\wshunix.dll
0x00007ffb53280000 - 0x00007ffb532b4000 	C:\Windows\SYSTEM32\ntmarta.dll

dbghelp: loaded successfully - version: 4.0.5 - missing functions: none
symbol engine: initialized successfully - sym options: 0x614 - pdb path: .;C:\Users\qk user2\.katalon\packages\KSE-10.4.2\jre\bin;C:\Windows\SYSTEM32;C:\Windows\WinSxS\amd64_microsoft.windows.common-controls_6595b64144ccf1df_6.0.20348.4294_none_947bfbafeeecc1d8;C:\Windows\system32\tmumh\20019\AddOn\8.55.0.1389;C:\Windows\system32\tmumh\20019\TmMon\2.9.0.1228;C:\Windows\System32\TmLWE\TmUmSnsr64\1.0.0.1158;C:\Users\qk user2\.katalon\packages\KSE-10.4.2\jre\bin\server

VM Arguments:
jvm_args: -Dgroovy.home=C:\Users\qk user2/.groovy -Djava.system.class.loader=groovy.lang.GroovyClassLoader -Xmx2048m -Dfile.encoding=UTF-8 -Dstdout.encoding=UTF-8 -Dstderr.encoding=UTF-8 -XX:+ShowCodeDetailsInExceptionMessages 
java_command: org.codehaus.groovy.tools.GroovyStarter --classpath E:\Death_Claim_Automation\bin\keyword;E:\Death_Claim_Automation\Keywords;E:\Death_Claim_Automation\bin\listener;E:\Death_Claim_Automation\Test Listeners;E:\Death_Claim_Automation\bin\lib;E:\Death_Claim_Automation\Libs;E:\Death_Claim_Automation\bin\groovy;E:\Death_Claim_Automation\Include\scripts\groovy;C:\Users\qk user2\.katalon\packages\KSE-10.4.2\plugins\com.kms.katalon.core_1.0.0.202511190132.jar;C:\Users\qk user2\.katalon\packages\KSE-10.4.2\configuration\resources\lib\aalto-xml-1.0.0.jar;C:\Users\qk user2\.katalon\packages\KSE-10.4.2\configuration\resources\lib\aws-2.20.3-fat.jar;C:\Users\qk user2\.katalon\packages\KSE-10.4.2\configuration\resources\lib\browsermob-core-2.1.5.jar;C:\Users\qk user2\.katalon\packages\KSE-10.4.2\configuration\resources\lib\byte-buddy-1.14.3.jar;C:\Users\qk user2\.katalon\packages\KSE-10.4.2\configuration\resources\lib\byte-buddy-agent-1.14.3.jar;C:\Users\qk user2\.katalon\packages\KSE-10.4.2\configuration\resources\lib\commons-codec-1.10.jar;C:\Users\qk user2\.katalon\packages\KSE-10.4.2\configuration\resources\lib\commons-collections4-4.1.jar;C:\Users\qk user2\.katalon\packages\KSE-10.4.2\configuration\resources\lib\commons-javaflow-20060411.jar;C:\Users\qk user2\.katalon\packages\KSE-10.4.2\configuration\resources\lib\commons-logging-1.3.4.jar;C:\Users\qk user2\.katalon\packages\KSE-10.4.2\configuration\resources\lib\curvesapi-1.04.jar;C:\Users\qk user2\.katalon\packages\KSE-10.4.2\configuration\resources\lib\dnsjava-3.6.2.jar;C:\Users\qk user2\.katalon\packages\KSE-10.4.2\configuration\resources\lib\ecj-3.21.0.jar;C:\Users\qk user2\.katalon\packages\KSE-10.4.2\configuration\resources\lib\fontbox-3.0.4.jar;C:\Users\qk user2\.katalon\packages\KSE-10.4.2\configuration\resources\lib\groovy-3.0.17.jar;C:\Users\qk user2\.katalon\packages\KSE-10.4.2\configuration\resources\lib\jackson-coreutils-2.0.jar;C:\Users\qk user2\.katalon\packages\KSE-10.4.2\configuration\resour
java_class_path (initial): E:\Death_Claim_Automation\bin\keyword;E:\Death_Claim_Automation\bin\listener;E:\Death_Claim_Automation\bin\lib;E:\Death_Claim_Automation\bin\groovy;E:\Death_Claim_Automation\bin;C:\Users\qk user2\.katalon\packages\KSE-10.4.2\plugins\com.kms.katalon.core_1.0.0.202511190132.jar;C:\Users\qk user2\.katalon\packages\KSE-10.4.2\configuration\resources\lib\aalto-xml-1.0.0.jar;C:\Users\qk user2\.katalon\packages\KSE-10.4.2\configuration\resources\lib\aws-2.20.3-fat.jar;C:\Users\qk user2\.katalon\packages\KSE-10.4.2\configuration\resources\lib\browsermob-core-2.1.5.jar;C:\Users\qk user2\.katalon\packages\KSE-10.4.2\configuration\resources\lib\byte-buddy-1.14.3.jar;C:\Users\qk user2\.katalon\packages\KSE-10.4.2\configuration\resources\lib\byte-buddy-agent-1.14.3.jar;C:\Users\qk user2\.katalon\packages\KSE-10.4.2\configuration\resources\lib\commons-codec-1.10.jar;C:\Users\qk user2\.katalon\packages\KSE-10.4.2\configuration\resources\lib\commons-collections4-4.1.jar;C:\Users\qk user2\.katalon\packages\KSE-10.4.2\configuration\resources\lib\commons-javaflow-20060411.jar;C:\Users\qk user2\.katalon\packages\KSE-10.4.2\configuration\resources\lib\commons-logging-1.3.4.jar;C:\Users\qk user2\.katalon\packages\KSE-10.4.2\configuration\resources\lib\curvesapi-1.04.jar;C:\Users\qk user2\.katalon\packages\KSE-10.4.2\configuration\resources\lib\dnsjava-3.6.2.jar;C:\Users\qk user2\.katalon\packages\KSE-10.4.2\configuration\resources\lib\ecj-3.21.0.jar;C:\Users\qk user2\.katalon\packages\KSE-10.4.2\configuration\resources\lib\fontbox-3.0.4.jar;C:\Users\qk user2\.katalon\packages\KSE-10.4.2\configuration\resources\lib\groovy-3.0.17.jar;C:\Users\qk user2\.katalon\packages\KSE-10.4.2\configuration\resources\lib\jackson-coreutils-2.0.jar;C:\Users\qk user2\.katalon\packages\KSE-10.4.2\configuration\resources\lib\jackson-coreutils-equivalence-1.0.jar;C:\Users\qk user2\.katalon\packages\KSE-10.4.2\configuration\resources\lib\jasperreports-6.20.5.jar;C:\Users\qk user2\.
Launcher Type: SUN_STANDARD

[Global flags]
     intx CICompilerCount                          = 3                                         {product} {ergonomic}
     uint ConcGCThreads                            = 1                                         {product} {ergonomic}
     uint G1ConcRefinementThreads                  = 4                                         {product} {ergonomic}
   size_t G1HeapRegionSize                         = 1048576                                   {product} {ergonomic}
    uintx GCDrainStackTargetSize                   = 64                                        {product} {ergonomic}
   size_t InitialHeapSize                          = 268435456                                 {product} {ergonomic}
   size_t MarkStackSize                            = 4194304                                   {product} {ergonomic}
   size_t MaxHeapSize                              = 2147483648                                {product} {command line}
   size_t MaxNewSize                               = 1287651328                                {product} {ergonomic}
   size_t MinHeapDeltaBytes                        = 1048576                                   {product} {ergonomic}
   size_t MinHeapSize                              = 8388608                                   {product} {ergonomic}
    uintx NonNMethodCodeHeapSize                   = 5832780                                {pd product} {ergonomic}
    uintx NonProfiledCodeHeapSize                  = 122912730                              {pd product} {ergonomic}
    uintx ProfiledCodeHeapSize                     = 122912730                              {pd product} {ergonomic}
    uintx ReservedCodeCacheSize                    = 251658240                              {pd product} {ergonomic}
     bool SegmentedCodeCache                       = true                                      {product} {ergonomic}
     bool ShowCodeDetailsInExceptionMessages       = true                                   {manageable} {command line}
   size_t SoftMaxHeapSize                          = 2147483648                             {manageable} {ergonomic}
     bool UseCompressedClassPointers               = true                           {product lp64_product} {ergonomic}
     bool UseCompressedOops                        = true                           {product lp64_product} {ergonomic}
     bool UseG1GC                                  = true                                      {product} {ergonomic}
     bool UseLargePagesIndividualAllocation        = false                                  {pd product} {ergonomic}

Logging:
Log output configuration:
 #0: stdout all=warning uptime,level,tags
 #1: stderr all=off uptime,level,tags

Environment Variables:
PATH=C:/Users/qk user2/.katalon/packages/KSE-10.4.2/jre/bin/server;C:/Users/qk user2/.katalon/packages/KSE-10.4.2/jre/bin;C:\Program Files\Common Files\Oracle\Java\javapath;C:\Program Files (x86)\Common Files\Oracle\Java\java8path;C:\Program Files (x86)\Common Files\Oracle\Java\javapath;C:\Windows\system32;C:\Windows;C:\Windows\System32\Wbem;C:\Windows\System32\WindowsPowerShell\v1.0\;C:\Windows\System32\OpenSSH\;C:\Program Files\Java\jdk-17\bin;C:\Users\qk user2\AppData\Local\Microsoft\WindowsApps;;C:\Users\qk user2\.katalon\packages\KSE-10.4.2;
USERNAME=QK user2
OS=Windows_NT
PROCESSOR_IDENTIFIER=Intel64 Family 6 Model 85 Stepping 4, GenuineIntel
TMP=C:\Users\QKUSER~1\AppData\Local\Temp\2
TEMP=C:\Users\QKUSER~1\AppData\Local\Temp\2



Periodic native trim disabled


---------------  S Y S T E M  ---------------

OS:
 Windows Server 2022 , 64 bit Build 20348 (10.0.20348.3692)
OS uptime: 11 days 1:57 hours
VMWare virtualization detected

CPU: total 4 (initial active 4) (2 cores per cpu, 1 threads per core) family 6 model 85 stepping 4 microcode 0x2007006, cx8, cmov, fxsr, mmx, 3dnowpref, sse, sse2, sse3, ssse3, sse4.1, sse4.2, popcnt, lzcnt, tsc, tscinvbit, avx, avx2, aes, erms, clmul, bmi1, bmi2, adx, fma, vzeroupper, clflush, clflushopt, clwb, hv
Processor Information for all 4 processors :
  Max Mhz: 2594, Current Mhz: 2594, Mhz Limit: 2594

Memory: 4k page, system-wide physical 16383M (331M free)
TotalPageFile size 29096M (AvailPageFile size 1M)
current process WorkingSet (physical memory assigned to process): 351M, peak: 358M
current process commit charge ("private bytes"): 376M, peak: 391M

vm_info: OpenJDK 64-Bit Server VM (17.0.14+7) for windows-amd64 JRE (17.0.14+7), built on Jan 21 2025 23:40:15 by "admin" with MS VC++ 17.7 (VS2022)

END.
