#
# There is insufficient memory for the Java Runtime Environment to continue.
# Native memory allocation (malloc) failed to allocate 131088 bytes. Error detail: Chunk::new
# Possible reasons:
#   The system is out of physical RAM or swap space
#   This process is running with CompressedOops enabled, and the Java Heap may be blocking the growth of the native heap
# Possible solutions:
#   Reduce memory load on the system
#   Increase physical memory or swap space
#   Check if swap backing store is full
#   Decrease Java heap size (-Xmx/-Xms)
#   Decrease number of Java threads
#   Decrease Java thread stack sizes (-Xss)
#   Set larger code cache with -XX:ReservedCodeCacheSize=
#   JVM is running with Unscaled Compressed Oops mode in which the Java heap is
#     placed in the first 4GB address space. The Java Heap base address is the
#     maximum limit for the native heap growth. Please use -XX:HeapBaseMinAddress
#     to set the Java Heap base and to place the Java Heap above 4GB virtual address.
# This output file may be truncated or incomplete.
#
#  Out of Memory Error (arena.cpp:191), pid=462940, tid=463100
#
# JRE version: OpenJDK Runtime Environment Temurin-17.0.14+7 (17.0.14+7) (build 17.0.14+7)
# Java VM: OpenJDK 64-Bit Server VM Temurin-17.0.14+7 (17.0.14+7, mixed mode, tiered, compressed oops, compressed class ptrs, g1 gc, windows-amd64)
# Core dump will be written. Default location: E:\Death_Claim_Automation\hs_err_pid462940.mdmp
#

---------------  S U M M A R Y ------------

Command Line: -Dgroovy.home=C:\Users\qk user2/.groovy -Djava.system.class.loader=groovy.lang.GroovyClassLoader -Xmx2048m -Dfile.encoding=UTF-8 -Dstdout.encoding=UTF-8 -Dstderr.encoding=UTF-8 -XX:+ShowCodeDetailsInExceptionMessages org.codehaus.groovy.tools.GroovyStarter --classpath E:\Death_Claim_Automation\bin\keyword;E:\Death_Claim_Automation\Keywords;E:\Death_Claim_Automation\bin\listener;E:\Death_Claim_Automation\Test Listeners;E:\Death_Claim_Automation\bin\lib;E:\Death_Claim_Automation\Libs;E:\Death_Claim_Automation\bin\groovy;E:\Death_Claim_Automation\Include\scripts\groovy;C:\Users\qk user2\.katalon\packages\KSE-10.4.2\plugins\com.kms.katalon.core_1.0.0.202511190132.jar;C:\Users\qk user2\.katalon\packages\KSE-10.4.2\configuration\resources\lib\aalto-xml-1.0.0.jar;C:\Users\qk user2\.katalon\packages\KSE-10.4.2\configuration\resources\lib\aws-2.20.3-fat.jar;C:\Users\qk user2\.katalon\packages\KSE-10.4.2\configuration\resources\lib\browsermob-core-2.1.5.jar;C:\Users\qk user2\.katalon\packages\KSE-10.4.2\configuration\resources\lib\byte-buddy-1.14.3.jar;C:\Users\qk user2\.katalon\packages\KSE-10.4.2\configuration\resources\lib\byte-buddy-agent-1.14.3.jar;C:\Users\qk user2\.katalon\packages\KSE-10.4.2\configuration\resources\lib\commons-codec-1.10.jar;C:\Users\qk user2\.katalon\packages\KSE-10.4.2\configuration\resources\lib\commons-collections4-4.1.jar;C:\Users\qk user2\.katalon\packages\KSE-10.4.2\configuration\resources\lib\commons-javaflow-20060411.jar;C:\Users\qk user2\.katalon\packages\KSE-10.4.2\configuration\resources\lib\commons-logging-1.3.4.jar;C:\Users\qk user2\.katalon\packages\KSE-10.4.2\configuration\resources\lib\curvesapi-1.04.jar;C:\Users\qk user2\.katalon\packages\KSE-10.4.2\configuration\resources\lib\dnsjava-3.6.2.jar;C:\Users\qk user2\.katalon\packages\KSE-10.4.2\configuration\resources\lib\ecj-3.21.0.jar;C:\Users\qk user2\.katalon\packages\KSE-10.4.2\configuration\resources\lib\fontbox-3.0.4.jar;C:\Users\qk user2\.katalon\packages\KSE-10.4.2\configuration\resources\lib\groovy-3.0.17.jar;C:\Users\qk user2\.katalon\packages\KSE-10.4.2\configuration\resources\lib\jackson-coreutils-2.0.jar;C:\Users\qk user2\.katalon\packages\KSE-10.4.2\configuration\resources\lib\jackson-coreutils-equivalence-1.0.jar;C:\Users\qk user2\.katalon\packages\KSE-10.4.2\configuration\resources\lib\jasperreports-6.20.5.jar;C:\Users\qk user2\.katalon\packages\KSE-10.4.2\configuration\resources\lib\jasperreports-fonts-6.20.5.jar;C:\Users\qk user2\.katalon\packages\KSE-10.4.2\configuration\resources\lib\javax.servlet-api_3.1.0.jar;C:\Users\qk user2\.katalon\packages\KSE-10.4.2\configuration\resources\lib\jna-5.12.1.jar;C:\Users\qk user2\.katalon\packages\KSE-10.4.2\configuration\resources\lib\jna-platform-5.12.1.jar;C:\Users\qk user2\.katalon\packages\KSE-10.4.2\configuration\resources\lib\json-schema-core-1.2.14.jar;C:\Users\qk user2\.katalon\packages\KSE-10.4.2\configuration\resources\lib\json-schema-validator-2.2.14.jar;C:\Users\qk user2\.katalon\packages\KSE-10.4.2\configuration\resources\lib\jzlib-1.1.3.jar;C:\Users\qk user2\.katalon\packages\KSE-10.4.2\configuration\resources\lib\kat-server.jar;C:\Users\qk user2\.katalon\packages\KSE-10.4.2\configuration\resources\lib\littleproxy-1.1.0-beta-bmp-17.jar;C:\Users\qk user2\.katalon\packages\KSE-10.4.2\configuration\resources\lib\log4j-1.2-api-2.17.1.jar;C:\Users\qk user2\.katalon\packages\KSE-10.4.2\configuration\resources\lib\log4j-api-2.17.1.jar;C:\Users\qk user2\.katalon\packages\KSE-10.4.2\configuration\resources\lib\log4j-core-2.17.1.jar;C:\Users\qk user2\.katalon\packages\KSE-10.4.2\configuration\resources\lib\mitm-2.1.5.jar;C:\Users\qk user2\.katalon\packages\KSE-10.4.2\configuration\resources\lib\mockito-core-5.2.0.jar;C:\Users\qk user2\.katalon\packages\KSE-10.4.2\configuration\resources\lib\mockito-inline-5.2.0.jar;C:\Users\qk user2\.katalon\packages\KSE-10.4.2\configuration\resources\lib\objenesis-3.3.jar;C:\Users\qk user2\.katalon\packages\KSE-10.4.2\configuration\resources\lib\openpdf-1.3.30.jaspersoft.2.jar;C:\Users\qk user2\.katalon\packages\KSE-10.4.2\configuration\resources\lib\pdfbox-3.0.4.jar;C:\Users\qk user2\.katalon\packages\KSE-10.4.2\configuration\resources\lib\pdfbox-io-3.0.4.jar;C:\Users\qk user2\.katalon\packages\KSE-10.4.2\configuration\resources\lib\poi-3.17.jar;C:\Users\qk user2\.katalon\packages\KSE-10.4.2\configuration\resources\lib\poi-ooxml-3.17.jar;C:\Users\qk user2\.katalon\packages\KSE-10.4.2\configuration\resources\lib\poi-ooxml-schemas-3.17.jar;C:\Users\qk user2\.katalon\packages\KSE-10.4.2\configuration\resources\lib\repackaged-sikuli-api-1.0.2-standalone.jar;C:\Users\qk user2\.katalon\packages\KSE-10.4.2\configuration\resources\lib\selenium-shutterbug-1.1.jar;C:\Users\qk user2\.katalon\packages\KSE-10.4.2\configuration\resources\lib\soap-builder-1.0.0.jar;C:\Users\qk user2\.katalon\packages\KSE-10.4.2\configuration\resources\lib\soap-common-1.0.0.jar;C:\Users\qk user2\.katalon\packages\KSE-10.4.2\configuration\resources\lib\soap-legacy-1.0.0.jar;C:\Users\qk user2\.katalon\packages\KSE-10.4.2\configuration\resources\lib\stax2-api-4.0.0.jar;C:\Users\qk user2\.katalon\packages\KSE-10.4.2\configuration\resources\lib\su.jar;C:\Users\qk user2\.katalon\packages\KSE-10.4.2\configuration\resources\lib\swagger-parser-1.0.67-fat.jar;C:\Users\qk user2\.katalon\packages\KSE-10.4.2\configuration\resources\lib\uri-template-0.1.jar;C:\Users\qk user2\.katalon\packages\KSE-10.4.2\configuration\resources\lib\wadl.jar;C:\Users\qk user2\.katalon\packages\KSE-10.4.2\configuration\resources\lib\xmlbeans-3.1.0.jar;C:\Users\qk user2\.katalon\packages\KSE-10.4.2\plugins\net.sf.supercsv.super-csv_2.4.0.jar;C:\Users\qk user2\.katalon\packages\KSE-10.4.2\plugins\org.apache.commons.commons-io_2.17.0.jar;C:\Users\qk user2\.katalon\packages\KSE-10.4.2\plugins\org.apache.commons.lang_2.6.0.jar;C:\Users\qk user2\.katalon\packages\KSE-10.4.2\plugins\com.google.gson_2.11.0.jar;C:\Users\qk user2\.katalon\packages\KSE-10.4.2\plugins\org.jsoup_1.21.1.jar;C:\Users\qk user2\.katalon\packages\KSE-10.4.2\plugins\org.apache.commons.dbutils_1.6.0.jar;C:\Users\qk user2\.katalon\packages\KSE-10.4.2\plugins\com.oracle.database.jdbc.ojdbc11_21.18.0.0.jar;C:\Users\qk user2\.katalon\packages\KSE-10.4.2\plugins\org.postgresql.jdbc_42.7.7.jar;c:\Users\qk user2\.katalon\packages\KSE-10.4.2\plugins\org.eclipse.osgi_3.22.0.v20241030-2121.jar;C:\Users\qk user2\.katalon\packages\KSE-10.4.2\plugins\com.kms.katalon.constant_1.0.0.202511190132.jar;C:\Users\qk user2\.katalon\packages\KSE-10.4.2\plugins\org.eclipse.persistence.eclipselink_2.7.11.jar;C:\Users\qk user2\.katalon\packages\KSE-10.4.2\plugins\com.kms.katalon.selenium-standalone_1.0.0.202511190132.jar;C:\Users\qk user2\.katalon\packages\KSE-10.4.2\plugins\atu.testrecorder.screen-recorder_2.1.0.jar;C:\Users\qk user2\.katalon\packages\KSE-10.4.2\plugins\com.google.guava_33.4.8.jre.jar;C:\Users\qk user2\.katalon\packages\KSE-10.4.2\plugins\com.kms.katalon.util_1.0.0.202511190132.jar;C:\Users\qk user2\.katalon\packages\KSE-10.4.2\plugins\org.apache.httpcomponents.httpclient_4.5.14.jar;C:\Users\qk user2\.katalon\packages\KSE-10.4.2\plugins\org.apache.httpcomponents.httpcore_4.4.16.jar;C:\Users\qk user2\.katalon\packages\KSE-10.4.2\plugins\org.apache.httpcomponents.httpmime_4.5.13.jar;C:\Users\qk user2\.katalon\packages\KSE-10.4.2\plugins\org.apache.commons.lang3_3.18.0.jar;C:\Users\qk user2\.katalon\packages\KSE-10.4.2\plugins\org.greenrobot.eventbus_3.1.1.jar;C:\Users\qk user2\.katalon\packages\KSE-10.4.2\plugins\net.bytebuddy.byte-buddy_1.17.6.jar;C:\Users\qk user2\.katalon\packages\KSE-10.4.2\plugins\org.junit_4.13.2.v20230809-1000.jar;C:\Users\qk user2\.katalon\packages\KSE-10.4.2\plugins\com.fasterxml.jackson.core.jackson-databind_2.18.4.jar;C:\Users\qk user2\.katalon\packages\KSE-10.4.2\plugins\com.fasterxml.jackson.core.jackson-core_2.18.4.jar;C:\Users\qk user2\.katalon\packages\KSE-10.4.2\plugins\com.fasterxml.jackson.core.jackson-annotations_2.18.4.jar;C:\Users\qk user2\.katalon\packages\KSE-10.4.2\plugins\slf4j.api_2.0.17.jar;C:\Users\qk user2\.katalon\packages\KSE-10.4.2\plugins\org.fusesource.jansi_1.17.1.jar;C:\Users\qk user2\.katalon\packages\KSE-10.4.2\plugins\com.kms.katalon.netlightbody_1.0.0.202511190132.jar;C:\Users\qk user2\.katalon\packages\KSE-10.4.2\plugins\com.kms.katalon.poi_1.0.0.202511190132.jar;C:\Users\qk user2\.katalon\packages\KSE-10.4.2\plugins\org.apache.commons.commons-text_1.10.0.jar;C:\Users\qk user2\.katalon\packages\KSE-10.4.2\plugins\com.microsoft.sqlserver.mssql-jdbc_12.6.5.jar;C:\Users\qk user2\.katalon\packages\KSE-10.4.2\plugins\com.github.kklisura.cdt.java-client_2.1.0.jar;C:\Users\qk user2\.katalon\packages\KSE-10.4.2\plugins\javax.websocket-api_1.1.0.jar;C:\Users\qk user2\.katalon\packages\KSE-10.4.2\plugins\org.glassfish.tyrus.container-grizzly-client_1.13.1.jar;C:\Users\qk user2\.katalon\packages\KSE-10.4.2\plugins\org.glassfish.grizzly.http-server_2.3.25.jar;C:\Users\qk user2\.katalon\packages\KSE-10.4.2\plugins\org.glassfish.grizzly.framework_2.3.25.jar;C:\Users\qk user2\.katalon\packages\KSE-10.4.2\plugins\org.glassfish.grizzly.http_2.3.25.jar;C:\Users\qk user2\.katalon\packages\KSE-10.4.2\plugins\org.glassfish.tyrus.client_1.13.1.jar;C:\Users\qk user2\.katalon\packages\KSE-10.4.2\plugins\org.glassfish.tyrus.core_1.13.1.jar;C:\Users\qk user2\.katalon\packages\KSE-10.4.2\plugins\org.glassfish.tyrus.spi_1.13.1.jar;C:\Users\qk user2\.katalon\packages\KSE-10.4.2\plugins\javassist_3.28.0.GA.jar;C:\Users\qk user2\.katalon\packages\KSE-10.4.2\plugins\graphql-java_22.3.0.jar;C:\Users\qk user2\.katalon\packages\KSE-10.4.2\plugins\org.glassfish.jaxb.runtime_2.3.6.jar;C:\Users\qk user2\.katalon\packages\KSE-10.4.2\plugins\org.glassfish.jaxb.txw2_2.3.6.jar;C:\Users\qk user2\.katalon\packages\KSE-10.4.2\plugins\org.dom4j_2.1.4.jar;C:\Users\qk user2\.katalon\packages\KSE-10.4.2\plugins\com.kms.katalon.groovy-extended_1.0.0.202511190132.jar;C:\Users\qk user2\.katalon\packages\KSE-10.4.2\plugins\com.sun.activation.javax.activation_1.2.0.jar;C:\Users\qk user2\.katalon\packages\KSE-10.4.2\plugins\jakarta.xml.bind-api_4.0.2.jar;C:\Users\qk user2\.katalon\packages\KSE-10.4.2\plugins\org.eclipse.jface_3.35.100.v20241003-1431.jar;C:\Users\qk user2\.katalon\packages\KSE-10.4.2\plugins\com.kms.katalon.logging_1.0.0.202511190132.jar;C:\Users\qk user2\.katalon\packages\KSE-10.4.2\plugins\json_20240303.0.0.jar;C:\Users\qk user2\.katalon\packages\KSE-10.4.2\plugins\assertj-core_3.25.3.jar;C:\Users\qk user2\.katalon\packages\KSE-10.4.2\plugins\com.networknt.json-schema-validator_1.5.7.jar;C:\Users\qk user2\.katalon\packages\KSE-10.4.2\plugins\com.kms.katalon.network.apache_1.0.0.202511190132.jar;C:\Users\qk user2\.katalon\packages\KSE-10.4.2\plugins\com.kms.katalon.network.core_1.0.0.202511190132.jar;C:\Users\qk user2\.katalon\packages\KSE-10.4.2\plugins\java-dataloader_3.3.0.jar;C:\Users\qk user2\.katalon\packages\KSE-10.4.2\plugins\org.apache.commons.collections_3.2.2.v201511171945.jar;C:\Users\qk user2\.katalon\packages\KSE-10.4.2\plugins\org.apache.commons.commons-collections4_4.4.0.jar;C:\Users\qk user2\.katalon\packages\KSE-10.4.2\plugins\org.apache.commons.digester_2.1.0.jar;C:\Users\qk user2\.katalon\packages\KSE-10.4.2\plugins\stax2-api_4.2.2.jar;C:\Users\qk user2\.katalon\packages\KSE-10.4.2\plugins\com.fasterxml.woodstox.woodstox-core_6.6.2.jar;C:\Users\qk user2\.katalon\packages\KSE-10.4.2\plugins\org.apache.commons.logging_1.2.0.v20180409-1502.jar;C:\Users\qk user2\.katalon\packages\KSE-10.4.2\plugins\org.apache.commons.commons-beanutils_1.11.0.jar;C:\Users\qk user2\.katalon\packages\KSE-10.4.2\plugins\com.kms.katalon.report.core_1.0.0.202511190132.jar;C:\Users\qk user2\.katalon\packages\KSE-10.4.2\plugins\org.seleniumhq.selenium.selenium-api_4.34.0.jar;C:\Users\qk user2\.katalon\packages\KSE-10.4.2\plugins\org.seleniumhq.selenium.selenium-remote-driver_4.34.0.jar;C:\Users\qk user2\.katalon\packages\KSE-10.4.2\plugins\org.seleniumhq.selenium.selenium-http_4.34.0.jar;C:\Users\qk user2\.katalon\packages\KSE-10.4.2\plugins\ch.qos.logback.classic_1.5.19.jar;C:\Users\qk user2\.katalon\packages\KSE-10.4.2\plugins\ch.qos.logback.core_1.5.19.jar;C:\Users\qk user2\.katalon\packages\KSE-10.4.2\plugins\log4j.over.slf4j_1.7.36.jar;C:\Users\qk user2\.katalon\packages\KSE-10.4.2\plugins\org.eclipse.e4.core.contexts_1.13.0.v20241014-2013.jar;C:\Users\qk user2\.katalon\packages\KSE-10.4.2\plugins\com.github.oshi.oshi-core_6.9.1.jar;C:\Users\qk user2\.katalon\packages\KSE-10.4.2\plugins\com.sun.jna_5.18.1.jar;C:\Users\qk user2\.katalon\packages\KSE-10.4.2\plugins\com.sun.jna.platform_5.18.1.jar;C:\Users\qk user2\.katalon\packages\KSE-10.4.2\plugins\org.bidib.com.github.markusbernhardt.proxy-vole_1.1.7.jar;C:\Users\qk user2\.katalon\packages\KSE-10.4.2\plugins\org.hamcrest.core_1.3.0.jar;C:\Users\qk user2\.katalon\packages\KSE-10.4.2\plugins\org.beanshell.bsh_2.0.0.0b4.jar;C:\Users\qk user2\.katalon\packages\KSE-10.4.2\plugins\org.apache.ant.launcher_1.9.6.jar;C:\Users\qk user2\.katalon\packages\KSE-10.4.2\plugins\org.seleniumhq.selenium.selenium-chrome-driver_4.34.0.jar;C:\Users\qk user2\.katalon\packages\KSE-10.4.2\plugins\org.seleniumhq.selenium.selenium-chromium-driver_4.34.0.jar;C:\Users\qk user2\.katalon\packages\KSE-10.4.2\plugins\org.seleniumhq.selenium.selenium-edge-driver_4.34.0.jar;C:\Users\qk user2\.katalon\packages\KSE-10.4.2\plugins\org.seleniumhq.selenium.selenium-firefox-driver_4.34.0.jar;C:\Users\qk user2\.katalon\packages\KSE-10.4.2\plugins\org.seleniumhq.selenium.selenium-safari-driver_4.34.0.jar;C:\Users\qk user2\.katalon\packages\KSE-10.4.2\plugins\org.seleniumhq.selenium.selenium-ie-driver_4.34.0.jar;C:\Users\qk user2\.katalon\packages\KSE-10.4.2\plugins\org.seleniumhq.selenium.selenium-manager_4.34.0.jar;C:\Users\qk user2\.katalon\packages\KSE-10.4.2\plugins\org.seleniumhq.selenium.selenium-json_4.34.0.jar;C:\Users\qk user2\.katalon\packages\KSE-10.4.2\plugins\com.kms.katalon.core.appium_1.0.0.202511190132.jar;C:\Users\qk user2\.katalon\packages\KSE-10.4.2\plugins\org.seleniumhq.selenium.selenium-os_4.34.0.jar;C:\Users\qk user2\.katalon\packages\KSE-10.4.2\plugins\io.appium.java-client_9.5.0.jar;C:\Users\qk user2\.katalon\packages\KSE-10.4.2\plugins\org.eclipse.e4.core.services_2.5.0.v20241015-2219.jar;C:\Users\qk user2\.katalon\packages\KSE-10.4.2\plugins\org.eclipse.osgi.services_3.12.100.v20240327-0645.jar;C:\Users\qk user2\.katalon\packages\KSE-10.4.2\plugins\org.eclipse.equinox.common_3.19.200.v20241004-0654.jar;C:\Users\qk user2\.katalon\packages\KSE-10.4.2\plugins\com.kms.katalon.platform.core_1.0.0.202511190132.jar;C:\Users\qk user2\.katalon\packages\KSE-10.4.2\plugins\com.kms.katalon.common_1.0.0.202511190132.jar;C:\Users\qk user2\.katalon\packages\KSE-10.4.2\plugins\com.kms.katalon.session.core_1.0.0.202511190132.jar;C:\Users\qk user2\.katalon\packages\KSE-10.4.2\plugins\org.eclipse.e4.core.di_1.9.500.v20240606-1236.jar;C:\Users\qk user2\.katalon\packages\KSE-10.4.2\plugins\com.kms.katalon.execution.core_1.0.0.202511190132.jar;C:\Users\qk user2\.katalon\packages\KSE-10.4.2\plugins\org.eclipse.equinox.registry_3.12.200.v20241004-0654.jar;C:\Users\qk user2\.katalon\packages\KSE-10.4.2\plugins\oauth2-oidc-sdk_11.29.1.jar;C:\Users\qk user2\.katalon\packages\KSE-10.4.2\plugins\dev.failsafe_3.3.2.jar;C:\Users\qk user2\.katalon\packages\KSE-10.4.2\plugins\com.fasterxml.jackson.datatype.jackson-datatype-jsr310_2.17.2.jar;C:\Users\qk user2\.katalon\packages\KSE-10.4.2\plugins\org.eclipse.e4.core.di.annotations_1.8.400.v20240413-1529.jar;C:\Users\qk user2\.katalon\packages\KSE-10.4.2\plugins\net.minidev.json-smart_2.5.2.jar;C:\Users\qk user2\.katalon\packages\KSE-10.4.2\plugins\com.kms.katalon.core.webui_1.0.0.202511190132.jar;C:\Users\qk user2\.katalon\packages\KSE-10.4.2\plugins\org.seleniumhq.selenium.selenium-support_4.34.0.jar;C:\Users\qk user2\.katalon\packages\KSE-10.4.2\plugins\org.seleniumhq.selenium.selenium-devtools-v138_4.34.0.jar;C:\Users\qk user2\.katalon\packages\KSE-10.4.2\plugins\com.kms.katalon.core.mobile_1.0.0.202511190132.jar;C:\Users\qk user2\.katalon\packages\KSE-10.4.2\plugins\org.apache.commons.commons-validator_1.7.0.jar;C:\Users\qk user2\.katalon\packages\KSE-10.4.2\plugins\org.xmlunit.xmlunit-core_2.10.3.jar;C:\Users\qk user2\.katalon\packages\KSE-10.4.2\plugins\com.kms.katalon.core.cucumber_1.0.0.202511190132.jar;C:\Users\qk user2\.katalon\packages\KSE-10.4.2\plugins\io.cucumber.core_3.0.3.jar;C:\Users\qk user2\.katalon\packages\KSE-10.4.2\plugins\io.cucumber.datatable_1.1.16.jar;C:\Users\qk user2\.katalon\packages\KSE-10.4.2\plugins\io.cucumber.datatable-dependencies_1.1.16.jar;C:\Users\qk user2\.katalon\packages\KSE-10.4.2\plugins\io.cucumber.expressions_5.0.19.jar;C:\Users\qk user2\.katalon\packages\KSE-10.4.2\plugins\io.cucumber.gherkin_5.0.0.jar;C:\Users\qk user2\.katalon\packages\KSE-10.4.2\plugins\io.cucumber.html_0.2.7.jar;C:\Users\qk user2\.katalon\packages\KSE-10.4.2\plugins\io.cucumber.java_3.0.3.jar;C:\Users\qk user2\.katalon\packages\KSE-10.4.2\plugins\io.cucumber.tag-expressions_1.1.1.jar;C:\Users\qk user2\.katalon\packages\KSE-10.4.2\plugins\io.cucumber.junit_3.0.3.jar;C:\Users\qk user2\.katalon\packages\KSE-10.4.2\plugins\com.kms.katalon.core.webservice_1.0.0.202511190132.jar;C:\Users\qk user2\.katalon\packages\KSE-10.4.2\plugins\wsdl4j_1.6.2.jar;C:\Users\qk user2\.katalon\packages\KSE-10.4.2\plugins\com.google.oauth-client.google-oauth-client_1.22.0.jar;C:\Users\qk user2\.katalon\packages\KSE-10.4.2\plugins\com.google.http-client.google-http-client_1.22.0.jar;C:\Users\qk user2\.katalon\packages\KSE-10.4.2\plugins\com.kms.katalon.preferences_1.0.0.202511190132.jar;C:\Users\qk user2\.katalon\packages\KSE-10.4.2\plugins\org.apache.xmlbeans_3.1.0.jar;C:\Users\qk user2\.katalon\packages\KSE-10.4.2\plugins\com.kms.katalon.entity_1.0.0.202511190132.jar;C:\Users\qk user2\.katalon\packages\KSE-10.4.2\plugins\jakarta.xml.ws-api_2.3.3.jar;C:\Users\qk user2\.katalon\packages\KSE-10.4.2\plugins\javax.xml.soap-api_1.4.0.jar;C:\Users\qk user2\.katalon\packages\KSE-10.4.2\plugins\com.atlassian.oai.swagger-request-validator-core_2.38.0.jar;C:\Users\qk user2\.katalon\packages\KSE-10.4.2\plugins\io.swagger.compat-spec-parser_1.0.67.jar;C:\Users\qk user2\.katalon\packages\KSE-10.4.2\plugins\io.swagger.core.v3.swagger-annotations_2.2.14.jar;C:\Users\qk user2\.katalon\packages\KSE-10.4.2\plugins\io.swagger.core.v3.swagger-core_2.2.14.jar;C:\Users\qk user2\.katalon\packages\KSE-10.4.2\plugins\io.swagger.core.v3.swagger-models_2.2.14.jar;C:\Users\qk user2\.katalon\packages\KSE-10.4.2\plugins\io.swagger.parser.v3.swagger-parser-core_2.1.16.jar;C:\Users\qk user2\.katalon\packages\KSE-10.4.2\plugins\io.swagger.parser.v3.swagger-parser-v2-converter_2.1.16.jar;C:\Users\qk user2\.katalon\packages\KSE-10.4.2\plugins\com.github.java-json-tools.btf_1.3.0.jar;C:\Users\qk user2\.katalon\packages\KSE-10.4.2\plugins\com.fasterxml.jackson.dataformat.jackson-dataformat-yaml_2.18.3.jar;C:\Users\qk user2\.katalon\packages\KSE-10.4.2\plugins\org.yaml.snakeyaml_2.3.0.jar;C:\Users\qk user2\.katalon\packages\KSE-10.4.2\plugins\com.github.java-json-tools.msg-simple_1.2.0.jar;C:\Users\qk user2\.katalon\packages\KSE-10.4.2\plugins\jackson-core-asl_1.9.13.jar;C:\Users\qk user2\.katalon\packages\KSE-10.4.2\plugins\joda-time_2.10.5.jar;C:\Users\qk user2\.katalon\packages\KSE-10.4.2\plugins\javax.mail-api_1.6.2.jar;C:\Users\qk user2\.katalon\packages\KSE-10.4.2\plugins\com.googlecode.libphonenumber_8.11.1.jar;C:\Users\qk user2\.katalon\packages\KSE-10.4.2\plugins\com.google.guava.failureaccess_1.0.3.jar;C:\Users\qk user2\.katalon\packages\KSE-10.4.2\plugins\io.swagger.parser.v3.swagger-parser_2.1.16.jar;C:\Users\qk user2\.katalon\packages\KSE-10.4.2\plugins\io.swagger.parser.v3.swagger-parser-v3_2.1.16.jar;C:\Users\qk user2\.katalon\packages\KSE-10.4.2\plugins\io.swagger.parser_1.0.67.jar;C:\Users\qk user2\.katalon\packages\KSE-10.4.2\plugins\com.narupley.not-going-to-be-commons-ssl_0.3.20.jar;C:\Users\qk user2\.katalon\packages\KSE-10.4.2\plugins\com.kms.katalon.core.windows_1.0.0.202511190132.jar;C:\Users\qk user2\.katalon\packages\KSE-10.4.2\plugins\net.lingala.zip4j_2.11.5.jar;C:\Users\qk user2\.katalon\packages\KSE-10.4.2\plugins\com.kms.katalon.core.testng_1.0.0.202511190132.jar;C:\Users\qk user2\.katalon\packages\KSE-10.4.2\plugins\org.testng_7.8.0.jar;C:\Users\qk user2\.katalon\packages\KSE-10.4.2\plugins\com.beust.jcommander_1.82.0.jar;C:\Users\qk user2\.katalon\packages\KSE-10.4.2\plugins\org.codehaus.groovy_3.0.23.v202501010125-e2412\lib\groovy-3.0.23-indy.jar;C:\Users\qk user2\.katalon\packages\KSE-10.4.2\plugins\org.codehaus.groovy_3.0.23.v202501010125-e2412\lib\ivy-2.5.2.jar --main groovy.ui.GroovyMain --encoding UTF-8 --indy E:\Death_Claim_Automation\Libs\TempTestCaseBinding1775107252625.groovy

Host: Intel(R) Xeon(R) Gold 6132 CPU @ 2.60GHz, 4 cores, 15G,  Windows Server 2022 , 64 bit Build 20348 (10.0.20348.3692)
Time: Thu Apr  2 10:51:34 2026 India Standard Time elapsed time: 39.299100 seconds (0d 0h 0m 39s)

---------------  T H R E A D  ---------------

Current thread (0x000001e6e94b8500):  JavaThread "C2 CompilerThread0" daemon [_thread_in_native, id=463100, stack(0x000000469d100000,0x000000469d200000)]


Current CompileTask:
C2:  39299 9189       4       java.lang.invoke.DelegatingMethodHandle::makeReinvokerForm (344 bytes)

Stack: [0x000000469d100000,0x000000469d200000]
Native frames: (J=compiled Java code, j=interpreted, Vv=VM code, C=native code)
V  [jvm.dll+0x682eb9]
V  [jvm.dll+0x8399c8]
V  [jvm.dll+0x83b473]
V  [jvm.dll+0x83bae3]
V  [jvm.dll+0x24715f]
V  [jvm.dll+0xace44]
V  [jvm.dll+0xad4dc]
V  [jvm.dll+0x6a840f]
V  [jvm.dll+0x6a8853]
V  [jvm.dll+0x6aa447]
V  [jvm.dll+0x36827c]
V  [jvm.dll+0x366c3e]
V  [jvm.dll+0x3666c5]
V  [jvm.dll+0x6aa32d]
V  [jvm.dll+0x6a8e0a]
V  [jvm.dll+0x219132]
V  [jvm.dll+0x21748b]
V  [jvm.dll+0x1a3150]
V  [jvm.dll+0x22799c]
V  [jvm.dll+0x225afb]
V  [jvm.dll+0x7ef128]
V  [jvm.dll+0x7e948c]
V  [jvm.dll+0x681d97]
C  [ucrtbase.dll+0x26b4c]
C  [KERNEL32.DLL+0x14cb0]
C  [ntdll.dll+0x7edcb]


---------------  P R O C E S S  ---------------

Threads class SMR info:
_java_thread_list=0x000001e6f1070b70, length=28, elements={
0x000001e6cfd67ff0, 0x000001e6e945b330, 0x000001e6e945d060, 0x000001e6e94b38c0,
0x000001e6e94b4480, 0x000001e6e94b6e50, 0x000001e6e94b7810, 0x000001e6e94b8500,
0x000001e6e952f740, 0x000001e6e9531d60, 0x000001e6e9724320, 0x000001e6ee7fa490,
0x000001e6f0bfa300, 0x000001e6f0bfc160, 0x000001e6f0bfb740, 0x000001e6f0bfad20,
0x000001e6f0bf9df0, 0x000001e6f0bfb230, 0x000001e6eec78a80, 0x000001e6eec78f90,
0x000001e6eec78570, 0x000001e6eec79ec0, 0x000001e6eec7a3d0, 0x000001e6eec78060,
0x000001e6eec7b810, 0x000001e6eec794a0, 0x000001e6eec799b0, 0x000001e6eec7a8e0
}

Java Threads: ( => current thread )
  0x000001e6cfd67ff0 JavaThread "Forwarding findElements on session 63020447b1675be3db70ebd6e28838e3 to remote" [_thread_blocked, id=460832, stack(0x000000469c400000,0x000000469c500000)]
  0x000001e6e945b330 JavaThread "Reference Handler" daemon [_thread_blocked, id=462880, stack(0x000000469cb00000,0x000000469cc00000)]
  0x000001e6e945d060 JavaThread "Finalizer" daemon [_thread_blocked, id=442540, stack(0x000000469cc00000,0x000000469cd00000)]
  0x000001e6e94b38c0 JavaThread "Signal Dispatcher" daemon [_thread_blocked, id=463508, stack(0x000000469cd00000,0x000000469ce00000)]
  0x000001e6e94b4480 JavaThread "Attach Listener" daemon [_thread_blocked, id=463172, stack(0x000000469ce00000,0x000000469cf00000)]
  0x000001e6e94b6e50 JavaThread "Service Thread" daemon [_thread_blocked, id=451996, stack(0x000000469cf00000,0x000000469d000000)]
  0x000001e6e94b7810 JavaThread "Monitor Deflation Thread" daemon [_thread_blocked, id=462484, stack(0x000000469d000000,0x000000469d100000)]
=>0x000001e6e94b8500 JavaThread "C2 CompilerThread0" daemon [_thread_in_native, id=463100, stack(0x000000469d100000,0x000000469d200000)]
  0x000001e6e952f740 JavaThread "C1 CompilerThread0" daemon [_thread_blocked, id=462088, stack(0x000000469d200000,0x000000469d300000)]
  0x000001e6e9531d60 JavaThread "Sweeper thread" daemon [_thread_blocked, id=463124, stack(0x000000469d300000,0x000000469d400000)]
  0x000001e6e9724320 JavaThread "Common-Cleaner" daemon [_thread_blocked, id=454372, stack(0x000000469d400000,0x000000469d500000)]
  0x000001e6ee7fa490 JavaThread "Notification Thread" daemon [_thread_blocked, id=457560, stack(0x000000469d800000,0x000000469d900000)]
  0x000001e6f0bfa300 JavaThread "ForkJoinPool.commonPool-worker-1" daemon [_thread_blocked, id=458204, stack(0x000000469da00000,0x000000469db00000)]
  0x000001e6f0bfc160 JavaThread "HttpClient-1-SelectorManager" daemon [_thread_in_native, id=462752, stack(0x000000469dc00000,0x000000469dd00000)]
  0x000001e6f0bfb740 JavaThread "External Process Output Forwarder - C:\Users\qk user2\.cache\selenium\chromedriver\win64\146.0.7680.165\chromedriver.exe" daemon [_thread_in_native, id=463312, stack(0x000000469dd00000,0x000000469de00000)]
  0x000001e6f0bfad20 JavaThread "Driver Service Executor" daemon [_thread_blocked, id=462060, stack(0x000000469de00000,0x000000469df00000)]
  0x000001e6f0bf9df0 JavaThread "Driver Service Executor" daemon [_thread_in_native, id=463236, stack(0x000000469df00000,0x000000469e000000)]
  0x000001e6f0bfb230 JavaThread "UrlChecker-2" daemon [_thread_blocked, id=462920, stack(0x000000469e000000,0x000000469e100000)]
  0x000001e6eec78a80 JavaThread "JdkHttpClient-0-0" daemon [_thread_blocked, id=445284, stack(0x000000469e300000,0x000000469e400000)]
  0x000001e6eec78f90 JavaThread "CompletableFutureDelayScheduler" daemon [_thread_blocked, id=458384, stack(0x000000469e400000,0x000000469e500000)]
  0x000001e6eec78570 JavaThread "JdkHttpClient-0-1" daemon [_thread_blocked, id=461660, stack(0x000000469e500000,0x000000469e600000)]
  0x000001e6eec79ec0 JavaThread "JdkHttpClient-0-2" daemon [_thread_blocked, id=463716, stack(0x000000469e600000,0x000000469e700000)]
  0x000001e6eec7a3d0 JavaThread "JdkHttpClient-0-3" daemon [_thread_blocked, id=434728, stack(0x000000469e700000,0x000000469e800000)]
  0x000001e6eec78060 JavaThread "HttpClient-2-SelectorManager" daemon [_thread_in_native, id=463660, stack(0x000000469e800000,0x000000469e900000)]
  0x000001e6eec7b810 JavaThread "JdkHttpClient-1-0" daemon [_thread_blocked, id=463096, stack(0x000000469e900000,0x000000469ea00000)]
  0x000001e6eec794a0 JavaThread "JdkHttpClient-1-1" daemon [_thread_blocked, id=454476, stack(0x000000469ea00000,0x000000469eb00000)]
  0x000001e6eec799b0 JavaThread "JdkHttpClient-1-2" daemon [_thread_blocked, id=463344, stack(0x000000469eb00000,0x000000469ec00000)]
  0x000001e6eec7a8e0 JavaThread "JdkHttpClient-1-3" daemon [_thread_blocked, id=460888, stack(0x000000469ec00000,0x000000469ed00000)]

Other Threads:
  0x000001e6e7050fd0 VMThread "VM Thread" [stack: 0x000000469ca00000,0x000000469cb00000] [id=463120]
  0x000001e6ee7fa970 WatcherThread [stack: 0x000000469d900000,0x000000469da00000] [id=462476]
  0x000001e6e6eada70 GCTaskThread "GC Thread#0" [stack: 0x000000469c500000,0x000000469c600000] [id=462132]
  0x000001e6ee0270d0 GCTaskThread "GC Thread#1" [stack: 0x000000469d500000,0x000000469d600000] [id=450812]
  0x000001e6ee027390 GCTaskThread "GC Thread#2" [stack: 0x000000469d600000,0x000000469d700000] [id=454064]
  0x000001e6ee027650 GCTaskThread "GC Thread#3" [stack: 0x000000469d700000,0x000000469d800000] [id=456548]
  0x000001e6e6ebe8d0 ConcurrentGCThread "G1 Main Marker" [stack: 0x000000469c600000,0x000000469c700000] [id=451564]
  0x000001e6e6ebf2f0 ConcurrentGCThread "G1 Conc#0" [stack: 0x000000469c700000,0x000000469c800000] [id=461600]
  0x000001e6e6f7aac0 ConcurrentGCThread "G1 Refine#0" [stack: 0x000000469c800000,0x000000469c900000] [id=462976]
  0x000001e6e6f7b4f0 ConcurrentGCThread "G1 Service" [stack: 0x000000469c900000,0x000000469ca00000] [id=443748]

Threads with active compile tasks:
C2 CompilerThread0    39391 9189       4       java.lang.invoke.DelegatingMethodHandle::makeReinvokerForm (344 bytes)

VM state: not at safepoint (normal execution)

VM Mutex/Monitor currently owned by a thread: None

Heap address: 0x0000000080000000, size: 2048 MB, Compressed Oops mode: 32-bit

CDS archive(s) not mapped
Compressed class space mapped at: 0x0000000100000000-0x0000000140000000, reserved size: 1073741824
Narrow klass base: 0x0000000000000000, Narrow klass shift: 3, Narrow klass range: 0x140000000

GC Precious Log:
 CPUs: 4 total, 4 available
 Memory: 16383M
 Large Page Support: Disabled
 NUMA Support: Disabled
 Compressed Oops: Enabled (32-bit)
 Heap Region Size: 1M
 Heap Min Capacity: 8M
 Heap Initial Capacity: 256M
 Heap Max Capacity: 2G
 Pre-touch: Disabled
 Parallel Workers: 4
 Concurrent Workers: 1
 Concurrent Refinement Workers: 4
 Periodic GC: Disabled

Heap:
 garbage-first heap   total 105472K, used 75714K [0x0000000080000000, 0x0000000100000000)
  region size 1024K, 34 young (34816K), 5 survivors (5120K)
 Metaspace       used 59795K, committed 60672K, reserved 1114112K
  class space    used 6675K, committed 7104K, reserved 1048576K

Heap Regions: E=young(eden), S=young(survivor), O=old, HS=humongous(starts), HC=humongous(continues), CS=collection set, F=free, OA=open archive, CA=closed archive, TAMS=top-at-mark-start (previous, next)
|   0|0x0000000080000000, 0x0000000080100000, 0x0000000080100000|100%|HS|  |TAMS 0x0000000080100000, 0x0000000080000000| Complete 
|   1|0x0000000080100000, 0x0000000080200000, 0x0000000080200000|100%|HS|  |TAMS 0x0000000080200000, 0x0000000080100000| Complete 
|   2|0x0000000080200000, 0x0000000080300000, 0x0000000080300000|100%| O|  |TAMS 0x0000000080300000, 0x0000000080200000| Untracked 
|   3|0x0000000080300000, 0x0000000080400000, 0x0000000080400000|100%| O|  |TAMS 0x0000000080400000, 0x0000000080300000| Untracked 
|   4|0x0000000080400000, 0x0000000080500000, 0x0000000080500000|100%| O|  |TAMS 0x0000000080500000, 0x0000000080400000| Untracked 
|   5|0x0000000080500000, 0x0000000080600000, 0x0000000080600000|100%| O|  |TAMS 0x0000000080600000, 0x0000000080500000| Untracked 
|   6|0x0000000080600000, 0x0000000080700000, 0x0000000080700000|100%| O|  |TAMS 0x0000000080700000, 0x0000000080600000| Untracked 
|   7|0x0000000080700000, 0x0000000080800000, 0x0000000080800000|100%| O|  |TAMS 0x0000000080800000, 0x0000000080700000| Untracked 
|   8|0x0000000080800000, 0x0000000080900000, 0x0000000080900000|100%| O|  |TAMS 0x0000000080900000, 0x0000000080800000| Untracked 
|   9|0x0000000080900000, 0x0000000080a00000, 0x0000000080a00000|100%| O|  |TAMS 0x0000000080a00000, 0x0000000080900000| Untracked 
|  10|0x0000000080a00000, 0x0000000080b00000, 0x0000000080b00000|100%| O|  |TAMS 0x0000000080b00000, 0x0000000080a00000| Untracked 
|  11|0x0000000080b00000, 0x0000000080c00000, 0x0000000080c00000|100%| O|  |TAMS 0x0000000080c00000, 0x0000000080b00000| Untracked 
|  12|0x0000000080c00000, 0x0000000080d00000, 0x0000000080d00000|100%| O|  |TAMS 0x0000000080d00000, 0x0000000080c00000| Untracked 
|  13|0x0000000080d00000, 0x0000000080e00000, 0x0000000080e00000|100%| O|  |TAMS 0x0000000080e00000, 0x0000000080d00000| Untracked 
|  14|0x0000000080e00000, 0x0000000080ee9600, 0x0000000080f00000| 91%| O|  |TAMS 0x0000000080ee9600, 0x0000000080e00000| Untracked 
|  15|0x0000000080f00000, 0x0000000081000000, 0x0000000081000000|100%| O|  |TAMS 0x0000000081000000, 0x0000000080f00000| Untracked 
|  16|0x0000000081000000, 0x0000000081100000, 0x0000000081100000|100%| O|  |TAMS 0x0000000081100000, 0x0000000081000000| Untracked 
|  17|0x0000000081100000, 0x0000000081200000, 0x0000000081200000|100%| O|  |TAMS 0x0000000081200000, 0x0000000081100000| Untracked 
|  18|0x0000000081200000, 0x0000000081300000, 0x0000000081300000|100%| O|  |TAMS 0x0000000081300000, 0x0000000081200000| Untracked 
|  19|0x0000000081300000, 0x0000000081400000, 0x0000000081400000|100%| O|  |TAMS 0x0000000081400000, 0x0000000081300000| Untracked 
|  20|0x0000000081400000, 0x0000000081500000, 0x0000000081500000|100%| O|  |TAMS 0x0000000081500000, 0x0000000081400000| Untracked 
|  21|0x0000000081500000, 0x0000000081600000, 0x0000000081600000|100%| O|  |TAMS 0x0000000081600000, 0x0000000081500000| Untracked 
|  22|0x0000000081600000, 0x0000000081700000, 0x0000000081700000|100%| O|  |TAMS 0x0000000081700000, 0x0000000081600000| Untracked 
|  23|0x0000000081700000, 0x0000000081800000, 0x0000000081800000|100%| O|  |TAMS 0x0000000081800000, 0x0000000081700000| Untracked 
|  24|0x0000000081800000, 0x0000000081900000, 0x0000000081900000|100%| O|  |TAMS 0x0000000081900000, 0x0000000081800000| Untracked 
|  25|0x0000000081900000, 0x0000000081a00000, 0x0000000081a00000|100%| O|  |TAMS 0x0000000081a00000, 0x0000000081900000| Untracked 
|  26|0x0000000081a00000, 0x0000000081b00000, 0x0000000081b00000|100%| O|  |TAMS 0x0000000081b00000, 0x0000000081a00000| Untracked 
|  27|0x0000000081b00000, 0x0000000081c00000, 0x0000000081c00000|100%| O|  |TAMS 0x0000000081c00000, 0x0000000081b00000| Untracked 
|  28|0x0000000081c00000, 0x0000000081d00000, 0x0000000081d00000|100%| O|  |TAMS 0x0000000081d00000, 0x0000000081c00000| Untracked 
|  29|0x0000000081d00000, 0x0000000081e00000, 0x0000000081e00000|100%| O|  |TAMS 0x0000000081e00000, 0x0000000081d00000| Untracked 
|  30|0x0000000081e00000, 0x0000000081f00000, 0x0000000081f00000|100%| O|  |TAMS 0x0000000081f00000, 0x0000000081e00000| Untracked 
|  31|0x0000000081f00000, 0x0000000082000000, 0x0000000082000000|100%| O|  |TAMS 0x0000000082000000, 0x0000000081f00000| Untracked 
|  32|0x0000000082000000, 0x0000000082100000, 0x0000000082100000|100%| O|  |TAMS 0x0000000082100000, 0x0000000082000000| Untracked 
|  33|0x0000000082100000, 0x0000000082200000, 0x0000000082200000|100%| O|  |TAMS 0x0000000082200000, 0x0000000082100000| Untracked 
|  34|0x0000000082200000, 0x0000000082300000, 0x0000000082300000|100%| O|  |TAMS 0x0000000082300000, 0x0000000082200000| Untracked 
|  35|0x0000000082300000, 0x0000000082400000, 0x0000000082400000|100%| O|  |TAMS 0x0000000082400000, 0x0000000082300000| Untracked 
|  36|0x0000000082400000, 0x0000000082500000, 0x0000000082500000|100%| O|  |TAMS 0x0000000082500000, 0x0000000082400000| Untracked 
|  37|0x0000000082500000, 0x0000000082600000, 0x0000000082600000|100%| O|  |TAMS 0x0000000082600000, 0x0000000082500000| Untracked 
|  38|0x0000000082600000, 0x0000000082700000, 0x0000000082700000|100%| O|  |TAMS 0x00000000826e2000, 0x0000000082600000| Untracked 
|  39|0x0000000082700000, 0x0000000082800000, 0x0000000082800000|100%| O|  |TAMS 0x0000000082700000, 0x0000000082700000| Untracked 
|  40|0x0000000082800000, 0x0000000082900000, 0x0000000082900000|100%| O|  |TAMS 0x0000000082800000, 0x0000000082800000| Untracked 
|  41|0x0000000082900000, 0x0000000082987400, 0x0000000082a00000| 52%| O|  |TAMS 0x0000000082900000, 0x0000000082900000| Untracked 
|  42|0x0000000082a00000, 0x0000000082a00000, 0x0000000082b00000|  0%| F|  |TAMS 0x0000000082a00000, 0x0000000082a00000| Untracked 
|  43|0x0000000082b00000, 0x0000000082b00000, 0x0000000082c00000|  0%| F|  |TAMS 0x0000000082b00000, 0x0000000082b00000| Untracked 
|  44|0x0000000082c00000, 0x0000000082c00000, 0x0000000082d00000|  0%| F|  |TAMS 0x0000000082c00000, 0x0000000082c00000| Untracked 
|  45|0x0000000082d00000, 0x0000000082d00000, 0x0000000082e00000|  0%| F|  |TAMS 0x0000000082d00000, 0x0000000082d00000| Untracked 
|  46|0x0000000082e00000, 0x0000000082e00000, 0x0000000082f00000|  0%| F|  |TAMS 0x0000000082e00000, 0x0000000082e00000| Untracked 
|  47|0x0000000082f00000, 0x0000000082f00000, 0x0000000083000000|  0%| F|  |TAMS 0x0000000082f00000, 0x0000000082f00000| Untracked 
|  48|0x0000000083000000, 0x0000000083000000, 0x0000000083100000|  0%| F|  |TAMS 0x0000000083000000, 0x0000000083000000| Untracked 
|  49|0x0000000083100000, 0x0000000083100000, 0x0000000083200000|  0%| F|  |TAMS 0x0000000083100000, 0x0000000083100000| Untracked 
|  50|0x0000000083200000, 0x0000000083200000, 0x0000000083300000|  0%| F|  |TAMS 0x0000000083200000, 0x0000000083200000| Untracked 
|  51|0x0000000083300000, 0x0000000083300000, 0x0000000083400000|  0%| F|  |TAMS 0x0000000083300000, 0x0000000083300000| Untracked 
|  52|0x0000000083400000, 0x0000000083400000, 0x0000000083500000|  0%| F|  |TAMS 0x0000000083400000, 0x0000000083400000| Untracked 
|  53|0x0000000083500000, 0x0000000083500000, 0x0000000083600000|  0%| F|  |TAMS 0x0000000083500000, 0x0000000083500000| Untracked 
|  54|0x0000000083600000, 0x0000000083600000, 0x0000000083700000|  0%| F|  |TAMS 0x0000000083600000, 0x0000000083600000| Untracked 
|  55|0x0000000083700000, 0x0000000083700000, 0x0000000083800000|  0%| F|  |TAMS 0x0000000083700000, 0x0000000083700000| Untracked 
|  56|0x0000000083800000, 0x0000000083800000, 0x0000000083900000|  0%| F|  |TAMS 0x0000000083800000, 0x0000000083800000| Untracked 
|  57|0x0000000083900000, 0x0000000083900000, 0x0000000083a00000|  0%| F|  |TAMS 0x0000000083900000, 0x0000000083900000| Untracked 
|  58|0x0000000083a00000, 0x0000000083a00000, 0x0000000083b00000|  0%| F|  |TAMS 0x0000000083a00000, 0x0000000083a00000| Untracked 
|  59|0x0000000083b00000, 0x0000000083b00000, 0x0000000083c00000|  0%| F|  |TAMS 0x0000000083b00000, 0x0000000083b00000| Untracked 
|  60|0x0000000083c00000, 0x0000000083c00000, 0x0000000083d00000|  0%| F|  |TAMS 0x0000000083c00000, 0x0000000083c00000| Untracked 
|  61|0x0000000083d00000, 0x0000000083d00000, 0x0000000083e00000|  0%| F|  |TAMS 0x0000000083d00000, 0x0000000083d00000| Untracked 
|  62|0x0000000083e00000, 0x0000000083e00000, 0x0000000083f00000|  0%| F|  |TAMS 0x0000000083e00000, 0x0000000083e00000| Untracked 
|  63|0x0000000083f00000, 0x0000000083f00000, 0x0000000084000000|  0%| F|  |TAMS 0x0000000083f00000, 0x0000000083f00000| Untracked 
|  64|0x0000000084000000, 0x0000000084000000, 0x0000000084100000|  0%| F|  |TAMS 0x0000000084000000, 0x0000000084000000| Untracked 
|  65|0x0000000084100000, 0x0000000084100000, 0x0000000084200000|  0%| F|  |TAMS 0x0000000084100000, 0x0000000084100000| Untracked 
|  66|0x0000000084200000, 0x0000000084200000, 0x0000000084300000|  0%| F|  |TAMS 0x0000000084200000, 0x0000000084200000| Untracked 
|  67|0x0000000084300000, 0x0000000084300000, 0x0000000084400000|  0%| F|  |TAMS 0x0000000084300000, 0x0000000084300000| Untracked 
|  68|0x0000000084400000, 0x0000000084400000, 0x0000000084500000|  0%| F|  |TAMS 0x0000000084400000, 0x0000000084400000| Untracked 
|  69|0x0000000084500000, 0x0000000084580000, 0x0000000084600000| 50%| S|CS|TAMS 0x0000000084500000, 0x0000000084500000| Complete 
|  70|0x0000000084600000, 0x0000000084700000, 0x0000000084700000|100%| S|CS|TAMS 0x0000000084600000, 0x0000000084600000| Complete 
|  71|0x0000000084700000, 0x0000000084800000, 0x0000000084800000|100%| S|CS|TAMS 0x0000000084700000, 0x0000000084700000| Complete 
|  72|0x0000000084800000, 0x0000000084900000, 0x0000000084900000|100%| S|CS|TAMS 0x0000000084800000, 0x0000000084800000| Complete 
|  73|0x0000000084900000, 0x0000000084a00000, 0x0000000084a00000|100%| S|CS|TAMS 0x0000000084900000, 0x0000000084900000| Complete 
|  74|0x0000000084a00000, 0x0000000084a1fa78, 0x0000000084b00000| 12%| E|  |TAMS 0x0000000084a00000, 0x0000000084a00000| Complete 
|  75|0x0000000084b00000, 0x0000000084c00000, 0x0000000084c00000|100%| E|CS|TAMS 0x0000000084b00000, 0x0000000084b00000| Complete 
|  76|0x0000000084c00000, 0x0000000084d00000, 0x0000000084d00000|100%| E|CS|TAMS 0x0000000084c00000, 0x0000000084c00000| Complete 
|  77|0x0000000084d00000, 0x0000000084e00000, 0x0000000084e00000|100%| E|CS|TAMS 0x0000000084d00000, 0x0000000084d00000| Complete 
|  78|0x0000000084e00000, 0x0000000084f00000, 0x0000000084f00000|100%| E|CS|TAMS 0x0000000084e00000, 0x0000000084e00000| Complete 
|  79|0x0000000084f00000, 0x0000000085000000, 0x0000000085000000|100%| E|CS|TAMS 0x0000000084f00000, 0x0000000084f00000| Complete 
|  80|0x0000000085000000, 0x0000000085100000, 0x0000000085100000|100%| E|CS|TAMS 0x0000000085000000, 0x0000000085000000| Complete 
|  81|0x0000000085100000, 0x0000000085200000, 0x0000000085200000|100%| E|CS|TAMS 0x0000000085100000, 0x0000000085100000| Complete 
|  82|0x0000000085200000, 0x0000000085300000, 0x0000000085300000|100%| E|CS|TAMS 0x0000000085200000, 0x0000000085200000| Complete 
|  83|0x0000000085300000, 0x0000000085400000, 0x0000000085400000|100%| E|CS|TAMS 0x0000000085300000, 0x0000000085300000| Complete 
|  84|0x0000000085400000, 0x0000000085500000, 0x0000000085500000|100%| E|CS|TAMS 0x0000000085400000, 0x0000000085400000| Complete 
|  85|0x0000000085500000, 0x0000000085600000, 0x0000000085600000|100%| E|CS|TAMS 0x0000000085500000, 0x0000000085500000| Complete 
|  86|0x0000000085600000, 0x0000000085700000, 0x0000000085700000|100%| E|CS|TAMS 0x0000000085600000, 0x0000000085600000| Complete 
|  87|0x0000000085700000, 0x0000000085800000, 0x0000000085800000|100%| E|CS|TAMS 0x0000000085700000, 0x0000000085700000| Complete 
|  88|0x0000000085800000, 0x0000000085900000, 0x0000000085900000|100%| E|CS|TAMS 0x0000000085800000, 0x0000000085800000| Complete 
|  89|0x0000000085900000, 0x0000000085a00000, 0x0000000085a00000|100%| E|CS|TAMS 0x0000000085900000, 0x0000000085900000| Complete 
|  90|0x0000000085a00000, 0x0000000085b00000, 0x0000000085b00000|100%| E|CS|TAMS 0x0000000085a00000, 0x0000000085a00000| Complete 
|  91|0x0000000085b00000, 0x0000000085c00000, 0x0000000085c00000|100%| E|CS|TAMS 0x0000000085b00000, 0x0000000085b00000| Complete 
|  92|0x0000000085c00000, 0x0000000085d00000, 0x0000000085d00000|100%| E|CS|TAMS 0x0000000085c00000, 0x0000000085c00000| Complete 
|  93|0x0000000085d00000, 0x0000000085e00000, 0x0000000085e00000|100%| E|CS|TAMS 0x0000000085d00000, 0x0000000085d00000| Complete 
|  94|0x0000000085e00000, 0x0000000085f00000, 0x0000000085f00000|100%| E|CS|TAMS 0x0000000085e00000, 0x0000000085e00000| Complete 
|  95|0x0000000085f00000, 0x0000000086000000, 0x0000000086000000|100%| E|CS|TAMS 0x0000000085f00000, 0x0000000085f00000| Complete 
| 239|0x000000008ef00000, 0x000000008f000000, 0x000000008f000000|100%| E|CS|TAMS 0x000000008ef00000, 0x000000008ef00000| Complete 
| 240|0x000000008f000000, 0x000000008f100000, 0x000000008f100000|100%| E|CS|TAMS 0x000000008f000000, 0x000000008f000000| Complete 
| 241|0x000000008f100000, 0x000000008f200000, 0x000000008f200000|100%| E|CS|TAMS 0x000000008f100000, 0x000000008f100000| Complete 
| 242|0x000000008f200000, 0x000000008f300000, 0x000000008f300000|100%| E|CS|TAMS 0x000000008f200000, 0x000000008f200000| Complete 
| 243|0x000000008f300000, 0x000000008f400000, 0x000000008f400000|100%| E|CS|TAMS 0x000000008f300000, 0x000000008f300000| Complete 
| 244|0x000000008f400000, 0x000000008f500000, 0x000000008f500000|100%| E|CS|TAMS 0x000000008f400000, 0x000000008f400000| Complete 
| 255|0x000000008ff00000, 0x0000000090000000, 0x0000000090000000|100%| E|CS|TAMS 0x000000008ff00000, 0x000000008ff00000| Complete 

Card table byte_map: [0x000001e6e2680000,0x000001e6e2a80000] _byte_map_base: 0x000001e6e2280000

Marking Bits (Prev, Next): (CMBitMap*) 0x000001e6e6eadfe0, (CMBitMap*) 0x000001e6e6eadfa0
 Prev Bits: [0x000001e6e4e80000, 0x000001e6e6e80000)
 Next Bits: [0x000001e6e2e80000, 0x000001e6e4e80000)

Polling page: 0x000001e6ced10000

Metaspace:

Usage:
  Non-class:     51.87 MB used.
      Class:      6.52 MB used.
       Both:     58.39 MB used.

Virtual space:
  Non-class space:       64.00 MB reserved,      52.31 MB ( 82%) committed,  1 nodes.
      Class space:        1.00 GB reserved,       6.94 MB ( <1%) committed,  1 nodes.
             Both:        1.06 GB reserved,      59.25 MB (  5%) committed. 

Chunk freelists:
   Non-Class:  11.25 MB
       Class:  8.98 MB
        Both:  20.23 MB

MaxMetaspaceSize: unlimited
CompressedClassSpaceSize: 1.00 GB
Initial GC threshold: 21.00 MB
Current GC threshold: 98.06 MB
CDS: off
MetaspaceReclaimPolicy: balanced
 - commit_granule_bytes: 65536.
 - commit_granule_words: 8192.
 - virtual_space_node_default_size: 8388608.
 - enlarge_chunks_in_place: 1.
 - new_chunks_are_fully_committed: 0.
 - uncommit_free_chunks: 1.
 - use_allocation_guard: 0.
 - handle_deallocations: 1.


Internal statistics:

num_allocs_failed_limit: 9.
num_arena_births: 1170.
num_arena_deaths: 0.
num_vsnodes_births: 2.
num_vsnodes_deaths: 0.
num_space_committed: 948.
num_space_uncommitted: 0.
num_chunks_returned_to_freelist: 9.
num_chunks_taken_from_freelist: 2975.
num_chunk_merges: 9.
num_chunk_splits: 1952.
num_chunks_enlarged: 1224.
num_inconsistent_stats: 0.

CodeHeap 'non-profiled nmethods': size=120000Kb used=4576Kb max_used=4687Kb free=115423Kb
 bounds [0x000001e6dad50000, 0x000001e6db200000, 0x000001e6e2280000]
CodeHeap 'profiled nmethods': size=120000Kb used=14637Kb max_used=15125Kb free=105362Kb
 bounds [0x000001e6d3280000, 0x000001e6d4150000, 0x000001e6da7b0000]
CodeHeap 'non-nmethods': size=5760Kb used=2348Kb max_used=2416Kb free=3411Kb
 bounds [0x000001e6da7b0000, 0x000001e6daa20000, 0x000001e6dad50000]
 total_blobs=8449 nmethods=7577 adapters=784
 compilation: enabled
              stopped_count=0, restarted_count=0
 full_count=0

Compilation events (20 events):
Event: 39.261 Thread 0x000001e6e952f740 9188       3       java.util.stream.Collectors$$Lambda$148/0x00000001001ee940::accept (14 bytes)
Event: 39.261 Thread 0x000001e6e952f740 nmethod 9188 0x000001e6d328f810 code [0x000001e6d328f9c0, 0x000001e6d328fc68]
Event: 39.262 Thread 0x000001e6e94b8500 9189       4       java.lang.invoke.DelegatingMethodHandle::makeReinvokerForm (344 bytes)
Event: 39.283 Thread 0x000001e6e952f740 9190       3       com.sun.org.apache.xerces.internal.impl.XMLScanner::scanPseudoAttributeName (97 bytes)
Event: 39.283 Thread 0x000001e6e952f740 nmethod 9190 0x000001e6d328f110 code [0x000001e6d328f300, 0x000001e6d328f6d8]
Event: 39.283 Thread 0x000001e6e952f740 9191       3       org.dom4j.tree.NamespaceStack::getQName (102 bytes)
Event: 39.284 Thread 0x000001e6e952f740 nmethod 9191 0x000001e6d3c1c310 code [0x000001e6d3c1c620, 0x000001e6d3c1d6e8]
Event: 39.284 Thread 0x000001e6e952f740 9192       3       org.dom4j.io.SAXContentHandler::addDeclaredNamespaces (58 bytes)
Event: 39.285 Thread 0x000001e6e952f740 nmethod 9192 0x000001e6d328dd90 code [0x000001e6d328dfc0, 0x000001e6d328ea98]
Event: 39.285 Thread 0x000001e6e952f740 9193       3       org.dom4j.io.SAXContentHandler::addAttributes (134 bytes)
Event: 39.285 Thread 0x000001e6e952f740 nmethod 9193 0x000001e6d3c1b210 code [0x000001e6d3c1b460, 0x000001e6d3c1bf48]
Event: 39.285 Thread 0x000001e6e952f740 9194       3       org.dom4j.io.ElementStack::pushElement (39 bytes)
Event: 39.285 Thread 0x000001e6e952f740 nmethod 9194 0x000001e6d3c1ab90 code [0x000001e6d3c1ad40, 0x000001e6d3c1b088]
Event: 39.285 Thread 0x000001e6e952f740 9195       1       org.dom4j.tree.AbstractText::getNodeType (2 bytes)
Event: 39.285 Thread 0x000001e6e952f740 nmethod 9195 0x000001e6db0f7b90 code [0x000001e6db0f7d20, 0x000001e6db0f7df8]
Event: 39.285 Thread 0x000001e6e952f740 9196       1       org.dom4j.tree.FlyweightText::getText (5 bytes)
Event: 39.286 Thread 0x000001e6e952f740 nmethod 9196 0x000001e6db0f7890 code [0x000001e6db0f7a20, 0x000001e6db0f7af8]
Event: 39.286 Thread 0x000001e6e952f740 9197       3       com.google.gson.stream.JsonWriter::closeScope (95 bytes)
Event: 39.286 Thread 0x000001e6e952f740 nmethod 9197 0x000001e6d3dad610 code [0x000001e6d3dad8a0, 0x000001e6d3dae2f8]
Event: 39.286 Thread 0x000001e6e952f740 9199       3       com.google.gson.internal.$Gson$Types::resolve (499 bytes)

GC Heap History (20 events):
Event: 6.944 GC heap before
{Heap before GC invocations=11 (full 0):
 garbage-first heap   total 105472K, used 80094K [0x0000000080000000, 0x0000000100000000)
  region size 1024K, 53 young (54272K), 1 survivors (1024K)
 Metaspace       used 33701K, committed 34112K, reserved 1114112K
  class space    used 3646K, committed 3840K, reserved 1048576K
}
Event: 6.950 GC heap after
{Heap after GC invocations=12 (full 0):
 garbage-first heap   total 105472K, used 28801K [0x0000000080000000, 0x0000000100000000)
  region size 1024K, 3 young (3072K), 3 survivors (3072K)
 Metaspace       used 33701K, committed 34112K, reserved 1114112K
  class space    used 3646K, committed 3840K, reserved 1048576K
}
Event: 7.552 GC heap before
{Heap before GC invocations=12 (full 0):
 garbage-first heap   total 105472K, used 68737K [0x0000000080000000, 0x0000000100000000)
  region size 1024K, 43 young (44032K), 3 survivors (3072K)
 Metaspace       used 35552K, committed 35968K, reserved 1114112K
  class space    used 3827K, committed 4032K, reserved 1048576K
}
Event: 7.560 GC heap after
{Heap after GC invocations=13 (full 0):
 garbage-first heap   total 105472K, used 31765K [0x0000000080000000, 0x0000000100000000)
  region size 1024K, 6 young (6144K), 6 survivors (6144K)
 Metaspace       used 35552K, committed 35968K, reserved 1114112K
  class space    used 3827K, committed 4032K, reserved 1048576K
}
Event: 8.691 GC heap before
{Heap before GC invocations=14 (full 0):
 garbage-first heap   total 105472K, used 82965K [0x0000000080000000, 0x0000000100000000)
  region size 1024K, 56 young (57344K), 6 survivors (6144K)
 Metaspace       used 41104K, committed 41600K, reserved 1114112K
  class space    used 4415K, committed 4608K, reserved 1048576K
}
Event: 8.702 GC heap after
{Heap after GC invocations=15 (full 0):
 garbage-first heap   total 105472K, used 34686K [0x0000000080000000, 0x0000000100000000)
  region size 1024K, 6 young (6144K), 6 survivors (6144K)
 Metaspace       used 41104K, committed 41600K, reserved 1114112K
  class space    used 4415K, committed 4608K, reserved 1048576K
}
Event: 10.208 GC heap before
{Heap before GC invocations=15 (full 0):
 garbage-first heap   total 105472K, used 82814K [0x0000000080000000, 0x0000000100000000)
  region size 1024K, 53 young (54272K), 6 survivors (6144K)
 Metaspace       used 44972K, committed 45504K, reserved 1114112K
  class space    used 4781K, committed 4992K, reserved 1048576K
}
Event: 10.222 GC heap after
{Heap after GC invocations=16 (full 0):
 garbage-first heap   total 105472K, used 37760K [0x0000000080000000, 0x0000000100000000)
  region size 1024K, 6 young (6144K), 6 survivors (6144K)
 Metaspace       used 44972K, committed 45504K, reserved 1114112K
  class space    used 4781K, committed 4992K, reserved 1048576K
}
Event: 11.376 GC heap before
{Heap before GC invocations=16 (full 0):
 garbage-first heap   total 105472K, used 83840K [0x0000000080000000, 0x0000000100000000)
  region size 1024K, 51 young (52224K), 6 survivors (6144K)
 Metaspace       used 48177K, committed 48832K, reserved 1114112K
  class space    used 5215K, committed 5504K, reserved 1048576K
}
Event: 11.386 GC heap after
{Heap after GC invocations=17 (full 0):
 garbage-first heap   total 105472K, used 39344K [0x0000000080000000, 0x0000000100000000)
  region size 1024K, 5 young (5120K), 5 survivors (5120K)
 Metaspace       used 48177K, committed 48832K, reserved 1114112K
  class space    used 5215K, committed 5504K, reserved 1048576K
}
Event: 13.598 GC heap before
{Heap before GC invocations=17 (full 0):
 garbage-first heap   total 105472K, used 84400K [0x0000000080000000, 0x0000000100000000)
  region size 1024K, 49 young (50176K), 5 survivors (5120K)
 Metaspace       used 48736K, committed 49408K, reserved 1114112K
  class space    used 5222K, committed 5568K, reserved 1048576K
}
Event: 13.605 GC heap after
{Heap after GC invocations=18 (full 0):
 garbage-first heap   total 105472K, used 39785K [0x0000000080000000, 0x0000000100000000)
  region size 1024K, 3 young (3072K), 3 survivors (3072K)
 Metaspace       used 48736K, committed 49408K, reserved 1114112K
  class space    used 5222K, committed 5568K, reserved 1048576K
}
Event: 13.944 GC heap before
{Heap before GC invocations=18 (full 0):
 garbage-first heap   total 105472K, used 84841K [0x0000000080000000, 0x0000000100000000)
  region size 1024K, 47 young (48128K), 3 survivors (3072K)
 Metaspace       used 49111K, committed 49792K, reserved 1114112K
  class space    used 5238K, committed 5568K, reserved 1048576K
}
Event: 13.950 GC heap after
{Heap after GC invocations=19 (full 0):
 garbage-first heap   total 105472K, used 40165K [0x0000000080000000, 0x0000000100000000)
  region size 1024K, 3 young (3072K), 3 survivors (3072K)
 Metaspace       used 49111K, committed 49792K, reserved 1114112K
  class space    used 5238K, committed 5568K, reserved 1048576K
}
Event: 14.997 GC heap before
{Heap before GC invocations=19 (full 0):
 garbage-first heap   total 105472K, used 86245K [0x0000000080000000, 0x0000000100000000)
  region size 1024K, 48 young (49152K), 3 survivors (3072K)
 Metaspace       used 50368K, committed 51136K, reserved 1114112K
  class space    used 5392K, committed 5760K, reserved 1048576K
}
Event: 15.006 GC heap after
{Heap after GC invocations=20 (full 0):
 garbage-first heap   total 105472K, used 42626K [0x0000000080000000, 0x0000000100000000)
  region size 1024K, 6 young (6144K), 6 survivors (6144K)
 Metaspace       used 50368K, committed 51136K, reserved 1114112K
  class space    used 5392K, committed 5760K, reserved 1048576K
}
Event: 25.566 GC heap before
{Heap before GC invocations=20 (full 0):
 garbage-first heap   total 105472K, used 85634K [0x0000000080000000, 0x0000000100000000)
  region size 1024K, 48 young (49152K), 6 survivors (6144K)
 Metaspace       used 58306K, committed 59136K, reserved 1114112K
  class space    used 6504K, committed 6912K, reserved 1048576K
}
Event: 25.578 GC heap after
{Heap after GC invocations=21 (full 0):
 garbage-first heap   total 105472K, used 45730K [0x0000000080000000, 0x0000000100000000)
  region size 1024K, 6 young (6144K), 6 survivors (6144K)
 Metaspace       used 58306K, committed 59136K, reserved 1114112K
  class space    used 6504K, committed 6912K, reserved 1048576K
}
Event: 29.097 GC heap before
{Heap before GC invocations=21 (full 0):
 garbage-first heap   total 105472K, used 74402K [0x0000000080000000, 0x0000000100000000)
  region size 1024K, 35 young (35840K), 6 survivors (6144K)
 Metaspace       used 59367K, committed 60160K, reserved 1114112K
  class space    used 6639K, committed 7040K, reserved 1048576K
}
Event: 29.106 GC heap after
{Heap after GC invocations=22 (full 0):
 garbage-first heap   total 105472K, used 47042K [0x0000000080000000, 0x0000000100000000)
  region size 1024K, 5 young (5120K), 5 survivors (5120K)
 Metaspace       used 59367K, committed 60160K, reserved 1114112K
  class space    used 6639K, committed 7040K, reserved 1048576K
}

Dll operation events (10 events):
Event: 0.023 Loaded shared library C:\Users\qk user2\.katalon\packages\KSE-10.4.2\jre\bin\java.dll
Event: 0.358 Loaded shared library C:\Users\qk user2\.katalon\packages\KSE-10.4.2\jre\bin\net.dll
Event: 0.500 Loaded shared library C:\Users\qk user2\.katalon\packages\KSE-10.4.2\jre\bin\nio.dll
Event: 0.518 Loaded shared library C:\Users\qk user2\.katalon\packages\KSE-10.4.2\jre\bin\zip.dll
Event: 2.022 Loaded shared library C:\Users\qk user2\.katalon\packages\KSE-10.4.2\jre\bin\verify.dll
Event: 2.271 Loaded shared library C:\Users\qk user2\.katalon\packages\KSE-10.4.2\jre\bin\jimage.dll
Event: 7.247 Loaded shared library C:\Users\qk user2\.katalon\packages\KSE-10.4.2\jre\bin\extnet.dll
Event: 7.633 Loaded shared library C:\Users\qk user2\.katalon\packages\KSE-10.4.2\jre\bin\sunmscapi.dll
Event: 15.661 Loaded shared library C:\Users\qk user2\.katalon\packages\KSE-10.4.2\jre\bin\management.dll
Event: 15.668 Loaded shared library C:\Users\qk user2\.katalon\packages\KSE-10.4.2\jre\bin\management_ext.dll

Deoptimization events (20 events):
Event: 30.612 Thread 0x000001e6cfd67ff0 Uncommon trap: trap_request=0xffffff45 fr.pc=0x000001e6db0d5ebc relative=0x000000000000011c
Event: 30.612 Thread 0x000001e6cfd67ff0 Uncommon trap: reason=unstable_if action=reinterpret pc=0x000001e6db0d5ebc method=java.util.ArrayList.indexOfRange(Ljava/lang/Object;II)I @ 7 c2
Event: 30.612 Thread 0x000001e6cfd67ff0 DEOPT PACKING pc=0x000001e6db0d5ebc sp=0x000000469c4f9920
Event: 30.612 Thread 0x000001e6cfd67ff0 DEOPT UNPACKING pc=0x000001e6da8069a3 sp=0x000000469c4f97e0 mode 2
Event: 31.963 Thread 0x000001e6cfd67ff0 DEOPT PACKING pc=0x000001e6d3fa7be8 sp=0x000000469c4f92a0
Event: 31.963 Thread 0x000001e6cfd67ff0 DEOPT UNPACKING pc=0x000001e6da807143 sp=0x000000469c4f87b8 mode 0
Event: 32.140 Thread 0x000001e6cfd67ff0 Uncommon trap: trap_request=0xffffffde fr.pc=0x000001e6db0790a4 relative=0x0000000000007b24
Event: 32.140 Thread 0x000001e6cfd67ff0 Uncommon trap: reason=class_check action=maybe_recompile pc=0x000001e6db0790a4 method=com.sun.beans.TypeResolver.resolve(Ljava/lang/reflect/Type;Ljava/lang/reflect/Type;)Ljava/lang/reflect/Type; @ 215 c2
Event: 32.140 Thread 0x000001e6cfd67ff0 DEOPT PACKING pc=0x000001e6db0790a4 sp=0x000000469c4f9eb0
Event: 32.140 Thread 0x000001e6cfd67ff0 DEOPT UNPACKING pc=0x000001e6da8069a3 sp=0x000000469c4f9db8 mode 2
Event: 32.300 Thread 0x000001e6cfd67ff0 DEOPT PACKING pc=0x000001e6d383b222 sp=0x000000469c4f8f70
Event: 32.300 Thread 0x000001e6cfd67ff0 DEOPT UNPACKING pc=0x000001e6da807143 sp=0x000000469c4f8430 mode 0
Event: 34.369 Thread 0x000001e6cfd67ff0 Uncommon trap: trap_request=0xffffff45 fr.pc=0x000001e6dae6ee1c relative=0x00000000000000fc
Event: 34.369 Thread 0x000001e6cfd67ff0 Uncommon trap: reason=unstable_if action=reinterpret pc=0x000001e6dae6ee1c method=java.util.ArrayList.indexOfRange(Ljava/lang/Object;II)I @ 7 c2
Event: 34.369 Thread 0x000001e6cfd67ff0 DEOPT PACKING pc=0x000001e6dae6ee1c sp=0x000000469c4f98c0
Event: 34.369 Thread 0x000001e6cfd67ff0 DEOPT UNPACKING pc=0x000001e6da8069a3 sp=0x000000469c4f9840 mode 2
Event: 39.261 Thread 0x000001e6cfd67ff0 Uncommon trap: trap_request=0xffffff54 fr.pc=0x000001e6db0f8880 relative=0x00000000000001a0
Event: 39.261 Thread 0x000001e6cfd67ff0 Uncommon trap: reason=speculate_null_assert action=make_not_entrant pc=0x000001e6db0f8880 method=java.util.Formatter$FormatSpecifier.printString(Ljava/lang/Object;Ljava/util/Locale;)V @ 84 c2
Event: 39.261 Thread 0x000001e6cfd67ff0 DEOPT PACKING pc=0x000001e6db0f8880 sp=0x000000469c4f93f0
Event: 39.261 Thread 0x000001e6cfd67ff0 DEOPT UNPACKING pc=0x000001e6da8069a3 sp=0x000000469c4f9310 mode 2

Classes loaded (20 events):
Event: 32.160 Loading class java/text/AttributedCharacterIterator
Event: 32.160 Loading class java/text/CharacterIterator
Event: 32.160 Loading class java/text/CharacterIterator done
Event: 32.160 Loading class java/text/AttributedCharacterIterator done
Event: 32.161 Loading class java/text/MessageFormatBeanInfo
Event: 32.161 Loading class java/text/MessageFormatBeanInfo done
Event: 32.161 Loading class java/text/MessageFormatBeanInfo
Event: 32.161 Loading class java/text/MessageFormatBeanInfo done
Event: 32.161 Loading class java/text/FormatBeanInfo
Event: 32.162 Loading class java/text/FormatBeanInfo done
Event: 32.162 Loading class java/text/FormatBeanInfo
Event: 32.162 Loading class java/text/FormatBeanInfo done
Event: 32.162 Loading class java/text/FormatCustomizer
Event: 32.162 Loading class java/text/FormatCustomizer done
Event: 32.163 Loading class java/text/FormatCustomizer
Event: 32.163 Loading class java/text/FormatCustomizer done
Event: 32.163 Loading class java/text/MessageFormatCustomizer
Event: 32.163 Loading class java/text/MessageFormatCustomizer done
Event: 32.163 Loading class java/text/MessageFormatCustomizer
Event: 32.163 Loading class java/text/MessageFormatCustomizer done

Classes unloaded (0 events):
No events

Classes redefined (0 events):
No events

Internal exceptions (20 events):
Event: 32.130 Thread 0x000001e6cfd67ff0 Exception <a 'java/lang/ClassNotFoundException'{0x0000000085f198c8}: com/kms/katalon/core/webui/common/WebUiCommonHelperBeanInfo> (0x0000000085f198c8) 
thrown [s\src\hotspot\share\classfile\systemDictionary.cpp, line 256]
Event: 32.132 Thread 0x000001e6cfd67ff0 Exception <a 'java/lang/ClassNotFoundException'{0x0000000085f345a0}: com/kms/katalon/core/helper/KeywordHelperBeanInfo> (0x0000000085f345a0) 
thrown [s\src\hotspot\share\classfile\systemDictionary.cpp, line 256]
Event: 32.133 Thread 0x000001e6cfd67ff0 Exception <a 'java/lang/ClassNotFoundException'{0x0000000085f4f598}: com/kms/katalon/core/helper/KeywordHelperCustomizer> (0x0000000085f4f598) 
thrown [s\src\hotspot\share\classfile\systemDictionary.cpp, line 256]
Event: 32.134 Thread 0x000001e6cfd67ff0 Exception <a 'java/lang/ClassNotFoundException'{0x0000000085f70170}: com/kms/katalon/core/webui/common/WebUiCommonHelperCustomizer> (0x0000000085f70170) 
thrown [s\src\hotspot\share\classfile\systemDictionary.cpp, line 256]
Event: 32.138 Thread 0x000001e6cfd67ff0 Exception <a 'java/lang/ClassNotFoundException'{0x0000000085fc3d08}: java/util/concurrent/TimeUnitBeanInfo> (0x0000000085fc3d08) 
thrown [s\src\hotspot\share\classfile\systemDictionary.cpp, line 256]
Event: 32.138 Thread 0x000001e6cfd67ff0 Exception <a 'java/lang/ClassNotFoundException'{0x0000000085fd2170}: java/lang/EnumBeanInfo> (0x0000000085fd2170) 
thrown [s\src\hotspot\share\classfile\systemDictionary.cpp, line 256]
Event: 32.139 Thread 0x000001e6cfd67ff0 Exception <a 'java/lang/ClassNotFoundException'{0x0000000085fe0760}: java/lang/EnumCustomizer> (0x0000000085fe0760) 
thrown [s\src\hotspot\share\classfile\systemDictionary.cpp, line 256]
Event: 32.140 Thread 0x000001e6cfd67ff0 Exception <a 'java/lang/ClassNotFoundException'{0x0000000085ff8198}: java/util/concurrent/TimeUnitCustomizer> (0x0000000085ff8198) 
thrown [s\src\hotspot\share\classfile\systemDictionary.cpp, line 256]
Event: 32.145 Thread 0x000001e6cfd67ff0 Exception <a 'java/lang/ClassNotFoundException'{0x0000000085e4f838}: com/kms/katalon/core/webui/constants/StringConstantsBeanInfo> (0x0000000085e4f838) 
thrown [s\src\hotspot\share\classfile\systemDictionary.cpp, line 256]
Event: 32.146 Thread 0x000001e6cfd67ff0 Exception <a 'java/lang/ClassNotFoundException'{0x0000000085e6ae90}: com/kms/katalon/core/constants/StringConstantsBeanInfo> (0x0000000085e6ae90) 
thrown [s\src\hotspot\share\classfile\systemDictionary.cpp, line 256]
Event: 32.150 Thread 0x000001e6cfd67ff0 Exception <a 'java/lang/ClassNotFoundException'{0x0000000085e86bc8}: com/kms/katalon/core/constants/StringConstantsCustomizer> (0x0000000085e86bc8) 
thrown [s\src\hotspot\share\classfile\systemDictionary.cpp, line 256]
Event: 32.152 Thread 0x000001e6cfd67ff0 Exception <a 'java/lang/ClassNotFoundException'{0x0000000085ea4ae8}: com/kms/katalon/core/webui/constants/StringConstantsCustomizer> (0x0000000085ea4ae8) 
thrown [s\src\hotspot\share\classfile\systemDictionary.cpp, line 256]
Event: 32.157 Thread 0x000001e6cfd67ff0 Exception <a 'java/lang/ClassNotFoundException'{0x0000000085d20910}: com/kms/katalon/core/testobject/TestObjectBeanInfo> (0x0000000085d20910) 
thrown [s\src\hotspot\share\classfile\systemDictionary.cpp, line 256]
Event: 32.158 Thread 0x000001e6cfd67ff0 Exception <a 'java/lang/ClassNotFoundException'{0x0000000085d3ba68}: com/kms/katalon/core/testobject/TestObjectCustomizer> (0x0000000085d3ba68) 
thrown [s\src\hotspot\share\classfile\systemDictionary.cpp, line 256]
Event: 32.161 Thread 0x000001e6cfd67ff0 Exception <a 'java/lang/ClassNotFoundException'{0x0000000085d85568}: java/text/MessageFormatBeanInfo> (0x0000000085d85568) 
thrown [s\src\hotspot\share\classfile\systemDictionary.cpp, line 256]
Event: 32.162 Thread 0x000001e6cfd67ff0 Exception <a 'java/lang/ClassNotFoundException'{0x0000000085d93b90}: java/text/FormatBeanInfo> (0x0000000085d93b90) 
thrown [s\src\hotspot\share\classfile\systemDictionary.cpp, line 256]
Event: 32.163 Thread 0x000001e6cfd67ff0 Exception <a 'java/lang/ClassNotFoundException'{0x0000000085da2330}: java/text/FormatCustomizer> (0x0000000085da2330) 
thrown [s\src\hotspot\share\classfile\systemDictionary.cpp, line 256]
Event: 32.163 Thread 0x000001e6cfd67ff0 Exception <a 'java/lang/ClassNotFoundException'{0x0000000085db5568}: java/text/MessageFormatCustomizer> (0x0000000085db5568) 
thrown [s\src\hotspot\share\classfile\systemDictionary.cpp, line 256]
Event: 32.166 Thread 0x000001e6cfd67ff0 Exception <a 'java/lang/ClassNotFoundException'{0x0000000085dfecd8}: com/kms/katalon/core/webui/keyword/internal/WebUIKeywordMainBeanInfo> (0x0000000085dfecd8) 
thrown [s\src\hotspot\share\classfile\systemDictionary.cpp, line 256]
Event: 32.167 Thread 0x000001e6cfd67ff0 Exception <a 'java/lang/ClassNotFoundException'{0x0000000085c1c808}: com/kms/katalon/core/webui/keyword/internal/WebUIKeywordMainCustomizer> (0x0000000085c1c808) 
thrown [s\src\hotspot\share\classfile\systemDictionary.cpp, line 256]

VM Operations (20 events):
Event: 27.786 Executing VM operation: ICBufferFull
Event: 27.786 Executing VM operation: ICBufferFull done
Event: 29.097 Executing VM operation: CollectForMetadataAllocation
Event: 29.106 Executing VM operation: CollectForMetadataAllocation done
Event: 29.160 Executing VM operation: G1PauseRemark
Event: 29.167 Executing VM operation: G1PauseRemark done
Event: 29.193 Executing VM operation: G1PauseCleanup
Event: 29.193 Executing VM operation: G1PauseCleanup done
Event: 30.194 Executing VM operation: Cleanup
Event: 30.194 Executing VM operation: Cleanup done
Event: 31.194 Executing VM operation: Cleanup
Event: 31.194 Executing VM operation: Cleanup done
Event: 32.195 Executing VM operation: Cleanup
Event: 32.195 Executing VM operation: Cleanup done
Event: 33.196 Executing VM operation: Cleanup
Event: 33.196 Executing VM operation: Cleanup done
Event: 34.196 Executing VM operation: Cleanup
Event: 34.196 Executing VM operation: Cleanup done
Event: 35.197 Executing VM operation: Cleanup
Event: 35.198 Executing VM operation: Cleanup done

Memory protections (0 events):
No events

Nmethod flushes (20 events):
Event: 27.363 Thread 0x000001e6e9531d60 flushing  nmethod 0x000001e6d3e1b190
Event: 27.363 Thread 0x000001e6e9531d60 flushing  nmethod 0x000001e6d3e1b810
Event: 27.363 Thread 0x000001e6e9531d60 flushing  nmethod 0x000001e6d3e1bd10
Event: 27.363 Thread 0x000001e6e9531d60 flushing  nmethod 0x000001e6d3e1d210
Event: 27.363 Thread 0x000001e6e9531d60 flushing  nmethod 0x000001e6d3e1d790
Event: 27.363 Thread 0x000001e6e9531d60 flushing  nmethod 0x000001e6d3e1eb10
Event: 27.363 Thread 0x000001e6e9531d60 flushing  nmethod 0x000001e6d3e23f90
Event: 27.363 Thread 0x000001e6e9531d60 flushing  nmethod 0x000001e6d3e58790
Event: 27.363 Thread 0x000001e6e9531d60 flushing  nmethod 0x000001e6d3e90410
Event: 27.363 Thread 0x000001e6e9531d60 flushing  nmethod 0x000001e6d3e91510
Event: 27.364 Thread 0x000001e6e9531d60 flushing  nmethod 0x000001e6d3ed7210
Event: 27.364 Thread 0x000001e6e9531d60 flushing  nmethod 0x000001e6d3ed8d90
Event: 27.364 Thread 0x000001e6e9531d60 flushing  nmethod 0x000001e6d3ed9a10
Event: 27.364 Thread 0x000001e6e9531d60 flushing  nmethod 0x000001e6d3f3f310
Event: 27.364 Thread 0x000001e6e9531d60 flushing  nmethod 0x000001e6d3fae090
Event: 27.364 Thread 0x000001e6e9531d60 flushing  nmethod 0x000001e6d3fae990
Event: 27.364 Thread 0x000001e6e9531d60 flushing  nmethod 0x000001e6d3fbd290
Event: 27.365 Thread 0x000001e6e9531d60 flushing  nmethod 0x000001e6d403a910
Event: 27.365 Thread 0x000001e6e9531d60 flushing  nmethod 0x000001e6d4050610
Event: 27.365 Thread 0x000001e6e9531d60 flushing  nmethod 0x000001e6d4090790

Events (20 events):
Event: 16.588 Thread 0x000001e6cfd67ff0 Thread added: 0x000001e6f0bf9df0
Event: 18.266 Thread 0x000001e6f0bf9df0 Thread exited: 0x000001e6f0bf9df0
Event: 19.104 Thread 0x000001e6cfd67ff0 Thread added: 0x000001e6f0bfa300
Event: 19.532 Thread 0x000001e6cfd67ff0 Thread added: 0x000001e6f0bfc160
Event: 19.784 Thread 0x000001e6cfd67ff0 Thread added: 0x000001e6f0bfb740
Event: 19.785 Thread 0x000001e6cfd67ff0 Thread added: 0x000001e6f0bfad20
Event: 19.786 Thread 0x000001e6cfd67ff0 Thread added: 0x000001e6f0bf9df0
Event: 19.996 Thread 0x000001e6f0bfad20 Thread added: 0x000001e6f0bfb230
Event: 21.250 Thread 0x000001e6f0bfb230 Thread added: 0x000001e6f0bfbc50
Event: 21.284 Thread 0x000001e6cfd67ff0 Thread added: 0x000001e6eec78a80
Event: 21.286 Thread 0x000001e6cfd67ff0 Thread added: 0x000001e6eec78f90
Event: 21.354 Thread 0x000001e6f0bfc160 Thread added: 0x000001e6eec78570
Event: 21.365 Thread 0x000001e6f0bfc160 Thread added: 0x000001e6eec79ec0
Event: 21.367 Thread 0x000001e6f0bfc160 Thread added: 0x000001e6eec7a3d0
Event: 24.914 Thread 0x000001e6cfd67ff0 Thread added: 0x000001e6eec78060
Event: 24.915 Thread 0x000001e6cfd67ff0 Thread added: 0x000001e6eec7b810
Event: 25.071 Thread 0x000001e6eec78060 Thread added: 0x000001e6eec794a0
Event: 25.122 Thread 0x000001e6eec78060 Thread added: 0x000001e6eec799b0
Event: 25.123 Thread 0x000001e6eec78060 Thread added: 0x000001e6eec7a8e0
Event: 31.251 Thread 0x000001e6f0bfbc50 Thread exited: 0x000001e6f0bfbc50


Dynamic libraries:
0x00007ff79a840000 - 0x00007ff79a84e000 	C:\Users\qk user2\.katalon\packages\KSE-10.4.2\jre\bin\javaw.exe
0x00007ffb992e0000 - 0x00007ffb994e4000 	C:\Windows\SYSTEM32\ntdll.dll
0x00007ffb98540000 - 0x00007ffb985fc000 	C:\Windows\System32\KERNEL32.DLL
0x00007ffb96d80000 - 0x00007ffb970f0000 	C:\Windows\System32\KERNELBASE.dll
0x00007ffb96c70000 - 0x00007ffb96d80000 	C:\Windows\System32\ucrtbase.dll
0x00007ffb80220000 - 0x00007ffb80237000 	C:\Users\qk user2\.katalon\packages\KSE-10.4.2\jre\bin\jli.dll
0x00007ffb98e60000 - 0x00007ffb99006000 	C:\Windows\System32\USER32.dll
0x00007ffb969e0000 - 0x00007ffb96a06000 	C:\Windows\System32\win32u.dll
0x00007ffb97b50000 - 0x00007ffb97b7c000 	C:\Windows\System32\GDI32.dll
0x00007ffb96a90000 - 0x00007ffb96bac000 	C:\Windows\System32\gdi32full.dll
0x00007ffb970f0000 - 0x00007ffb97190000 	C:\Windows\System32\msvcp_win.dll
0x00007ffb86df0000 - 0x00007ffb87095000 	C:\Windows\WinSxS\amd64_microsoft.windows.common-controls_6595b64144ccf1df_6.0.20348.4294_none_947bfbafeeecc1d8\COMCTL32.dll
0x00007ffb98bb0000 - 0x00007ffb98c53000 	C:\Windows\System32\msvcrt.dll
0x00007ffb7d280000 - 0x00007ffb7d29e000 	C:\Users\qk user2\.katalon\packages\KSE-10.4.2\jre\bin\VCRUNTIME140.dll
0x00007ffb97210000 - 0x00007ffb97241000 	C:\Windows\System32\IMM32.DLL
0x00007ffb873c0000 - 0x00007ffb8751d000 	C:\Windows\system32\tmumh\20019\AddOn\8.55.0.1389\TmUmEvt64.dll
0x00007ffb97250000 - 0x00007ffb97258000 	C:\Windows\System32\PSAPI.DLL
0x00007ffb99070000 - 0x00007ffb99121000 	C:\Windows\System32\ADVAPI32.dll
0x00007ffb98c80000 - 0x00007ffb98d22000 	C:\Windows\System32\sechost.dll
0x00007ffb96850000 - 0x00007ffb96877000 	C:\Windows\System32\bcrypt.dll
0x00007ffb98a90000 - 0x00007ffb98bb0000 	C:\Windows\System32\RPCRT4.dll
0x0000000068970000 - 0x0000000068a95000 	C:\Windows\system32\tmumh\20019\TmMon\2.9.0.1228\tmmon64.dll
0x00007ffb65b10000 - 0x00007ffb65e4a000 	C:\Windows\System32\TmLWE\TmUmSnsr64\1.0.0.1158\TmUmSnsr64.dll
0x00007ffb945a0000 - 0x00007ffb945ac000 	C:\Users\qk user2\.katalon\packages\KSE-10.4.2\jre\bin\vcruntime140_1.dll
0x00007ffb65680000 - 0x00007ffb6570d000 	C:\Users\qk user2\.katalon\packages\KSE-10.4.2\jre\bin\msvcp140.dll
0x00007ffb3fb90000 - 0x00007ffb407fb000 	C:\Users\qk user2\.katalon\packages\KSE-10.4.2\jre\bin\server\jvm.dll
0x00007ffb98050000 - 0x00007ffb980c1000 	C:\Windows\System32\WS2_32.dll
0x00007ffb96720000 - 0x00007ffb9676d000 	C:\Windows\SYSTEM32\POWRPROF.dll
0x00007ffb88e70000 - 0x00007ffb88e97000 	C:\Windows\SYSTEM32\WINMM.dll
0x00007ffb8abe0000 - 0x00007ffb8abea000 	C:\Windows\SYSTEM32\VERSION.dll
0x00007ffb96700000 - 0x00007ffb96713000 	C:\Windows\SYSTEM32\UMPDC.dll
0x00007ffb950e0000 - 0x00007ffb950f7000 	C:\Windows\SYSTEM32\kernel.appcore.dll
0x00007ffb94530000 - 0x00007ffb9453a000 	C:\Users\qk user2\.katalon\packages\KSE-10.4.2\jre\bin\jimage.dll
0x00007ffb8a3b0000 - 0x00007ffb8a5d0000 	C:\Windows\SYSTEM32\DBGHELP.DLL
0x00007ffb8a320000 - 0x00007ffb8a350000 	C:\Windows\SYSTEM32\dbgcore.DLL
0x00007ffb97190000 - 0x00007ffb9720f000 	C:\Windows\System32\bcryptPrimitives.dll
0x00007ffb94490000 - 0x00007ffb944b5000 	C:\Users\qk user2\.katalon\packages\KSE-10.4.2\jre\bin\java.dll
0x00007ffb94510000 - 0x00007ffb94528000 	C:\Users\qk user2\.katalon\packages\KSE-10.4.2\jre\bin\zip.dll
0x00007ffb97340000 - 0x00007ffb97a9a000 	C:\Windows\System32\SHELL32.dll
0x00007ffb90520000 - 0x00007ffb90d64000 	C:\Windows\SYSTEM32\windows.storage.dll
0x00007ffb98720000 - 0x00007ffb98a90000 	C:\Windows\System32\combase.dll
0x00007ffb99130000 - 0x00007ffb9921a000 	C:\Windows\System32\SHCORE.dll
0x000001e6cfc20000 - 0x000001e6cfc7f000 	C:\Windows\System32\shlwapi.dll
0x00007ffb96780000 - 0x00007ffb967a1000 	C:\Windows\SYSTEM32\profapi.dll
0x00007ffb8e060000 - 0x00007ffb8e079000 	C:\Users\qk user2\.katalon\packages\KSE-10.4.2\jre\bin\net.dll
0x00007ffb8ecb0000 - 0x00007ffb8edb8000 	C:\Windows\SYSTEM32\WINHTTP.dll
0x00007ffb95d50000 - 0x00007ffb95db8000 	C:\Windows\system32\mswsock.dll
0x00007ffb8e000000 - 0x00007ffb8e016000 	C:\Users\qk user2\.katalon\packages\KSE-10.4.2\jre\bin\nio.dll
0x00007ffb8e0a0000 - 0x00007ffb8e0b0000 	C:\Users\qk user2\.katalon\packages\KSE-10.4.2\jre\bin\verify.dll
0x00007ffb8d970000 - 0x00007ffb8d979000 	C:\Users\qk user2\.katalon\packages\KSE-10.4.2\jre\bin\extnet.dll
0x00007ffb8b140000 - 0x00007ffb8b14e000 	C:\Users\qk user2\.katalon\packages\KSE-10.4.2\jre\bin\sunmscapi.dll
0x00007ffb96880000 - 0x00007ffb969e0000 	C:\Windows\System32\CRYPT32.dll
0x00007ffb960d0000 - 0x00007ffb960ff000 	C:\Windows\SYSTEM32\ncrypt.dll
0x00007ffb96090000 - 0x00007ffb960c7000 	C:\Windows\SYSTEM32\NTASN1.dll
0x00007ffb95a60000 - 0x00007ffb95b3e000 	C:\Windows\SYSTEM32\DNSAPI.dll
0x00007ffb95a30000 - 0x00007ffb95a5d000 	C:\Windows\SYSTEM32\IPHLPAPI.DLL
0x00007ffb98d60000 - 0x00007ffb98d69000 	C:\Windows\System32\NSI.dll
0x00007ffb8bb30000 - 0x00007ffb8bb3a000 	C:\Windows\System32\rasadhlp.dll
0x00007ffb8fe10000 - 0x00007ffb8fe92000 	C:\Windows\System32\fwpuclnt.dll
0x00007ffb88830000 - 0x00007ffb8883a000 	C:\Users\qk user2\.katalon\packages\KSE-10.4.2\jre\bin\management.dll
0x00007ffb88820000 - 0x00007ffb8882b000 	C:\Users\qk user2\.katalon\packages\KSE-10.4.2\jre\bin\management_ext.dll
0x00007ffb95fa0000 - 0x00007ffb95fbb000 	C:\Windows\SYSTEM32\CRYPTSP.dll
0x00007ffb95810000 - 0x00007ffb95848000 	C:\Windows\system32\rsaenh.dll
0x00007ffb95e50000 - 0x00007ffb95e7e000 	C:\Windows\SYSTEM32\USERENV.dll
0x00007ffb95fc0000 - 0x00007ffb95fcc000 	C:\Windows\SYSTEM32\CRYPTBASE.dll
0x00007ffb8eee0000 - 0x00007ffb8eef9000 	C:\Windows\SYSTEM32\dhcpcsvc6.DLL
0x00007ffb8ee70000 - 0x00007ffb8ee8d000 	C:\Windows\SYSTEM32\dhcpcsvc.DLL
0x00007ffb8b130000 - 0x00007ffb8b138000 	C:\Windows\system32\wshunix.dll

dbghelp: loaded successfully - version: 4.0.5 - missing functions: none
symbol engine: initialized successfully - sym options: 0x614 - pdb path: .;C:\Users\qk user2\.katalon\packages\KSE-10.4.2\jre\bin;C:\Windows\SYSTEM32;C:\Windows\WinSxS\amd64_microsoft.windows.common-controls_6595b64144ccf1df_6.0.20348.4294_none_947bfbafeeecc1d8;C:\Windows\system32\tmumh\20019\AddOn\8.55.0.1389;C:\Windows\system32\tmumh\20019\TmMon\2.9.0.1228;C:\Windows\System32\TmLWE\TmUmSnsr64\1.0.0.1158;C:\Users\qk user2\.katalon\packages\KSE-10.4.2\jre\bin\server

VM Arguments:
jvm_args: -Dgroovy.home=C:\Users\qk user2/.groovy -Djava.system.class.loader=groovy.lang.GroovyClassLoader -Xmx2048m -Dfile.encoding=UTF-8 -Dstdout.encoding=UTF-8 -Dstderr.encoding=UTF-8 -XX:+ShowCodeDetailsInExceptionMessages 
java_command: org.codehaus.groovy.tools.GroovyStarter --classpath E:\Death_Claim_Automation\bin\keyword;E:\Death_Claim_Automation\Keywords;E:\Death_Claim_Automation\bin\listener;E:\Death_Claim_Automation\Test Listeners;E:\Death_Claim_Automation\bin\lib;E:\Death_Claim_Automation\Libs;E:\Death_Claim_Automation\bin\groovy;E:\Death_Claim_Automation\Include\scripts\groovy;C:\Users\qk user2\.katalon\packages\KSE-10.4.2\plugins\com.kms.katalon.core_1.0.0.202511190132.jar;C:\Users\qk user2\.katalon\packages\KSE-10.4.2\configuration\resources\lib\aalto-xml-1.0.0.jar;C:\Users\qk user2\.katalon\packages\KSE-10.4.2\configuration\resources\lib\aws-2.20.3-fat.jar;C:\Users\qk user2\.katalon\packages\KSE-10.4.2\configuration\resources\lib\browsermob-core-2.1.5.jar;C:\Users\qk user2\.katalon\packages\KSE-10.4.2\configuration\resources\lib\byte-buddy-1.14.3.jar;C:\Users\qk user2\.katalon\packages\KSE-10.4.2\configuration\resources\lib\byte-buddy-agent-1.14.3.jar;C:\Users\qk user2\.katalon\packages\KSE-10.4.2\configuration\resources\lib\commons-codec-1.10.jar;C:\Users\qk user2\.katalon\packages\KSE-10.4.2\configuration\resources\lib\commons-collections4-4.1.jar;C:\Users\qk user2\.katalon\packages\KSE-10.4.2\configuration\resources\lib\commons-javaflow-20060411.jar;C:\Users\qk user2\.katalon\packages\KSE-10.4.2\configuration\resources\lib\commons-logging-1.3.4.jar;C:\Users\qk user2\.katalon\packages\KSE-10.4.2\configuration\resources\lib\curvesapi-1.04.jar;C:\Users\qk user2\.katalon\packages\KSE-10.4.2\configuration\resources\lib\dnsjava-3.6.2.jar;C:\Users\qk user2\.katalon\packages\KSE-10.4.2\configuration\resources\lib\ecj-3.21.0.jar;C:\Users\qk user2\.katalon\packages\KSE-10.4.2\configuration\resources\lib\fontbox-3.0.4.jar;C:\Users\qk user2\.katalon\packages\KSE-10.4.2\configuration\resources\lib\groovy-3.0.17.jar;C:\Users\qk user2\.katalon\packages\KSE-10.4.2\configuration\resources\lib\jackson-coreutils-2.0.jar;C:\Users\qk user2\.katalon\packages\KSE-10.4.2\configuration\resour
java_class_path (initial): E:\Death_Claim_Automation\bin\keyword;E:\Death_Claim_Automation\bin\listener;E:\Death_Claim_Automation\bin\lib;E:\Death_Claim_Automation\bin\groovy;E:\Death_Claim_Automation\bin;C:\Users\qk user2\.katalon\packages\KSE-10.4.2\plugins\com.kms.katalon.core_1.0.0.202511190132.jar;C:\Users\qk user2\.katalon\packages\KSE-10.4.2\configuration\resources\lib\aalto-xml-1.0.0.jar;C:\Users\qk user2\.katalon\packages\KSE-10.4.2\configuration\resources\lib\aws-2.20.3-fat.jar;C:\Users\qk user2\.katalon\packages\KSE-10.4.2\configuration\resources\lib\browsermob-core-2.1.5.jar;C:\Users\qk user2\.katalon\packages\KSE-10.4.2\configuration\resources\lib\byte-buddy-1.14.3.jar;C:\Users\qk user2\.katalon\packages\KSE-10.4.2\configuration\resources\lib\byte-buddy-agent-1.14.3.jar;C:\Users\qk user2\.katalon\packages\KSE-10.4.2\configuration\resources\lib\commons-codec-1.10.jar;C:\Users\qk user2\.katalon\packages\KSE-10.4.2\configuration\resources\lib\commons-collections4-4.1.jar;C:\Users\qk user2\.katalon\packages\KSE-10.4.2\configuration\resources\lib\commons-javaflow-20060411.jar;C:\Users\qk user2\.katalon\packages\KSE-10.4.2\configuration\resources\lib\commons-logging-1.3.4.jar;C:\Users\qk user2\.katalon\packages\KSE-10.4.2\configuration\resources\lib\curvesapi-1.04.jar;C:\Users\qk user2\.katalon\packages\KSE-10.4.2\configuration\resources\lib\dnsjava-3.6.2.jar;C:\Users\qk user2\.katalon\packages\KSE-10.4.2\configuration\resources\lib\ecj-3.21.0.jar;C:\Users\qk user2\.katalon\packages\KSE-10.4.2\configuration\resources\lib\fontbox-3.0.4.jar;C:\Users\qk user2\.katalon\packages\KSE-10.4.2\configuration\resources\lib\groovy-3.0.17.jar;C:\Users\qk user2\.katalon\packages\KSE-10.4.2\configuration\resources\lib\jackson-coreutils-2.0.jar;C:\Users\qk user2\.katalon\packages\KSE-10.4.2\configuration\resources\lib\jackson-coreutils-equivalence-1.0.jar;C:\Users\qk user2\.katalon\packages\KSE-10.4.2\configuration\resources\lib\jasperreports-6.20.5.jar;C:\Users\qk user2\.
Launcher Type: SUN_STANDARD

[Global flags]
     intx CICompilerCount                          = 3                                         {product} {ergonomic}
     uint ConcGCThreads                            = 1                                         {product} {ergonomic}
     uint G1ConcRefinementThreads                  = 4                                         {product} {ergonomic}
   size_t G1HeapRegionSize                         = 1048576                                   {product} {ergonomic}
    uintx GCDrainStackTargetSize                   = 64                                        {product} {ergonomic}
   size_t InitialHeapSize                          = 268435456                                 {product} {ergonomic}
   size_t MarkStackSize                            = 4194304                                   {product} {ergonomic}
   size_t MaxHeapSize                              = 2147483648                                {product} {command line}
   size_t MaxNewSize                               = 1287651328                                {product} {ergonomic}
   size_t MinHeapDeltaBytes                        = 1048576                                   {product} {ergonomic}
   size_t MinHeapSize                              = 8388608                                   {product} {ergonomic}
    uintx NonNMethodCodeHeapSize                   = 5832780                                {pd product} {ergonomic}
    uintx NonProfiledCodeHeapSize                  = 122912730                              {pd product} {ergonomic}
    uintx ProfiledCodeHeapSize                     = 122912730                              {pd product} {ergonomic}
    uintx ReservedCodeCacheSize                    = 251658240                              {pd product} {ergonomic}
     bool SegmentedCodeCache                       = true                                      {product} {ergonomic}
     bool ShowCodeDetailsInExceptionMessages       = true                                   {manageable} {command line}
   size_t SoftMaxHeapSize                          = 2147483648                             {manageable} {ergonomic}
     bool UseCompressedClassPointers               = true                           {product lp64_product} {ergonomic}
     bool UseCompressedOops                        = true                           {product lp64_product} {ergonomic}
     bool UseG1GC                                  = true                                      {product} {ergonomic}
     bool UseLargePagesIndividualAllocation        = false                                  {pd product} {ergonomic}

Logging:
Log output configuration:
 #0: stdout all=warning uptime,level,tags
 #1: stderr all=off uptime,level,tags

Environment Variables:
PATH=C:/Users/qk user2/.katalon/packages/KSE-10.4.2/jre/bin/server;C:/Users/qk user2/.katalon/packages/KSE-10.4.2/jre/bin;C:\Program Files\Common Files\Oracle\Java\javapath;C:\Program Files (x86)\Common Files\Oracle\Java\java8path;C:\Program Files (x86)\Common Files\Oracle\Java\javapath;C:\Windows\system32;C:\Windows;C:\Windows\System32\Wbem;C:\Windows\System32\WindowsPowerShell\v1.0\;C:\Windows\System32\OpenSSH\;C:\Program Files\Java\jdk-17\bin;C:\Users\qk user2\AppData\Local\Microsoft\WindowsApps;;C:\Users\qk user2\.katalon\packages\KSE-10.4.2;
USERNAME=QK user2
OS=Windows_NT
PROCESSOR_IDENTIFIER=Intel64 Family 6 Model 85 Stepping 4, GenuineIntel
TMP=C:\Users\QKUSER~1\AppData\Local\Temp\2
TEMP=C:\Users\QKUSER~1\AppData\Local\Temp\2



Periodic native trim disabled


---------------  S Y S T E M  ---------------

OS:
 Windows Server 2022 , 64 bit Build 20348 (10.0.20348.3692)
OS uptime: 72 days 6:43 hours
VMWare virtualization detected

CPU: total 4 (initial active 4) (2 cores per cpu, 1 threads per core) family 6 model 85 stepping 4 microcode 0x2007006, cx8, cmov, fxsr, mmx, 3dnowpref, sse, sse2, sse3, ssse3, sse4.1, sse4.2, popcnt, lzcnt, tsc, tscinvbit, avx, avx2, aes, erms, clmul, bmi1, bmi2, adx, fma, vzeroupper, clflush, clflushopt, clwb, hv
Processor Information for all 4 processors :
  Max Mhz: 2594, Current Mhz: 2594, Mhz Limit: 2594

Memory: 4k page, system-wide physical 16383M (95M free)
TotalPageFile size 29096M (AvailPageFile size 5M)
current process WorkingSet (physical memory assigned to process): 271M, peak: 292M
current process commit charge ("private bytes"): 294M, peak: 394M

vm_info: OpenJDK 64-Bit Server VM (17.0.14+7) for windows-amd64 JRE (17.0.14+7), built on Jan 21 2025 23:40:15 by "admin" with MS VC++ 17.7 (VS2022)

END.
